[2025-07-15T01:17:37.195+0000] {local_task_job_runner.py:123} INFO - ::group::Pre task execution logs
[2025-07-15T01:17:37.345+0000] {taskinstance.py:2612} INFO - Dependencies all met for dep_context=non-requeueable deps ti=<TaskInstance: extract_raw_data_pipeline.extract_raw_data scheduled__2025-07-08T07:00:00+00:00 [queued]>
[2025-07-15T01:17:37.399+0000] {taskinstance.py:2612} INFO - Dependencies all met for dep_context=requeueable deps ti=<TaskInstance: extract_raw_data_pipeline.extract_raw_data scheduled__2025-07-08T07:00:00+00:00 [queued]>
[2025-07-15T01:17:37.402+0000] {taskinstance.py:2865} INFO - Starting attempt 1 of 1
[2025-07-15T01:17:37.481+0000] {taskinstance.py:2888} INFO - Executing <Task(PythonOperator): extract_raw_data> on 2025-07-08 07:00:00+00:00
[2025-07-15T01:17:37.574+0000] {warnings.py:112} WARNING - /home/***/.local/lib/python3.12/site-packages/***/task/task_runner/standard_task_runner.py:70: DeprecationWarning: This process (pid=4926) is multi-threaded, use of fork() may lead to deadlocks in the child.
  pid = os.fork()

[2025-07-15T01:17:37.591+0000] {standard_task_runner.py:72} INFO - Started process 4933 to run task
[2025-07-15T01:17:37.581+0000] {standard_task_runner.py:104} INFO - Running: ['***', 'tasks', 'run', 'extract_raw_data_pipeline', 'extract_raw_data', 'scheduled__2025-07-08T07:00:00+00:00', '--job-id', '25', '--raw', '--subdir', 'DAGS_FOLDER/driven_data_pipeline.py', '--cfg-path', '/tmp/tmpjqvebixe']
[2025-07-15T01:17:37.603+0000] {standard_task_runner.py:105} INFO - Job 25: Subtask extract_raw_data
[2025-07-15T01:17:38.385+0000] {task_command.py:467} INFO - Running <TaskInstance: extract_raw_data_pipeline.extract_raw_data scheduled__2025-07-08T07:00:00+00:00 [running]> on host a18e1d31f670
[2025-07-15T01:17:38.829+0000] {taskinstance.py:3131} INFO - Exporting env vars: AIRFLOW_CTX_DAG_OWNER='***' AIRFLOW_CTX_DAG_ID='extract_raw_data_pipeline' AIRFLOW_CTX_TASK_ID='extract_raw_data' AIRFLOW_CTX_EXECUTION_DATE='2025-07-08T07:00:00+00:00' AIRFLOW_CTX_TRY_NUMBER='1' AIRFLOW_CTX_DAG_RUN_ID='scheduled__2025-07-08T07:00:00+00:00'
[2025-07-15T01:17:38.842+0000] {taskinstance.py:731} INFO - ::endgroup::
[2025-07-15T01:17:39.919+0000] {python.py:240} INFO - Done. Returned value was: None
[2025-07-15T01:17:40.095+0000] {taskinstance.py:340} INFO - ::group::Post task execution logs
[2025-07-15T01:17:40.112+0000] {taskinstance.py:352} INFO - Marking task as SUCCESS. dag_id=extract_raw_data_pipeline, task_id=extract_raw_data, run_id=scheduled__2025-07-08T07:00:00+00:00, execution_date=20250708T070000, start_date=20250715T011737, end_date=20250715T011740
[2025-07-15T01:17:40.329+0000] {local_task_job_runner.py:266} INFO - Task exited with return code 0
[2025-07-15T01:17:40.440+0000] {warnings.py:112} WARNING - /home/***/.local/lib/python3.12/site-packages/***/models/baseoperator.py:1378: AirflowProviderDeprecationWarning: Call to deprecated class PostgresOperator. (Please use `***.providers.common.sql.operators.sql.SQLExecuteQueryOperator`.Also, you can provide `hook_params={'schema': <database>}`.)
  result = cls.__new__(cls)

[2025-07-15T01:17:40.724+0000] {taskinstance.py:3900} INFO - 1 downstream tasks scheduled from follow-on schedule check
[2025-07-15T01:17:40.755+0000] {local_task_job_runner.py:245} INFO - ::endgroup::
