[2025-07-02T23:29:04.914+0000] {processor.py:186} INFO - Started process (PID=152) to work on /home/airflow/.local/lib/python3.12/site-packages/airflow/example_dags/example_skip_dag.py
[2025-07-02T23:29:04.918+0000] {processor.py:914} INFO - Processing file /home/airflow/.local/lib/python3.12/site-packages/airflow/example_dags/example_skip_dag.py for tasks to queue
[2025-07-02T23:29:04.926+0000] {logging_mixin.py:190} INFO - [2025-07-02T23:29:04.926+0000] {dagbag.py:588} INFO - Filling up the DagBag from /home/airflow/.local/lib/python3.12/site-packages/airflow/example_dags/example_skip_dag.py
[2025-07-02T23:29:04.973+0000] {processor.py:925} INFO - DAG(s) 'example_skip_dag' retrieved from /home/airflow/.local/lib/python3.12/site-packages/airflow/example_dags/example_skip_dag.py
[2025-07-02T23:29:05.102+0000] {logging_mixin.py:190} INFO - [2025-07-02T23:29:05.102+0000] {dag.py:3239} INFO - Sync 1 DAGs
[2025-07-02T23:29:05.188+0000] {logging_mixin.py:190} INFO - [2025-07-02T23:29:05.188+0000] {dag.py:4180} INFO - Setting next_dagrun for example_skip_dag to 2025-07-01 00:00:00+00:00, run_after=2025-07-02 00:00:00+00:00
[2025-07-02T23:29:05.272+0000] {processor.py:208} INFO - Processing /home/airflow/.local/lib/python3.12/site-packages/airflow/example_dags/example_skip_dag.py took 0.379 seconds
[2025-07-02T23:29:35.535+0000] {processor.py:186} INFO - Started process (PID=214) to work on /home/airflow/.local/lib/python3.12/site-packages/airflow/example_dags/example_skip_dag.py
[2025-07-02T23:29:35.536+0000] {processor.py:914} INFO - Processing file /home/airflow/.local/lib/python3.12/site-packages/airflow/example_dags/example_skip_dag.py for tasks to queue
[2025-07-02T23:29:35.539+0000] {logging_mixin.py:190} INFO - [2025-07-02T23:29:35.539+0000] {dagbag.py:588} INFO - Filling up the DagBag from /home/airflow/.local/lib/python3.12/site-packages/airflow/example_dags/example_skip_dag.py
[2025-07-02T23:29:35.554+0000] {processor.py:925} INFO - DAG(s) 'example_skip_dag' retrieved from /home/airflow/.local/lib/python3.12/site-packages/airflow/example_dags/example_skip_dag.py
[2025-07-02T23:29:35.593+0000] {logging_mixin.py:190} INFO - [2025-07-02T23:29:35.593+0000] {dag.py:3239} INFO - Sync 1 DAGs
[2025-07-02T23:29:35.643+0000] {logging_mixin.py:190} INFO - [2025-07-02T23:29:35.643+0000] {dag.py:4180} INFO - Setting next_dagrun for example_skip_dag to 2025-07-01 00:00:00+00:00, run_after=2025-07-02 00:00:00+00:00
[2025-07-02T23:29:35.678+0000] {processor.py:208} INFO - Processing /home/airflow/.local/lib/python3.12/site-packages/airflow/example_dags/example_skip_dag.py took 0.153 seconds
[2025-07-02T23:30:05.935+0000] {processor.py:186} INFO - Started process (PID=276) to work on /home/airflow/.local/lib/python3.12/site-packages/airflow/example_dags/example_skip_dag.py
[2025-07-02T23:30:05.940+0000] {processor.py:914} INFO - Processing file /home/airflow/.local/lib/python3.12/site-packages/airflow/example_dags/example_skip_dag.py for tasks to queue
[2025-07-02T23:30:05.944+0000] {logging_mixin.py:190} INFO - [2025-07-02T23:30:05.944+0000] {dagbag.py:588} INFO - Filling up the DagBag from /home/airflow/.local/lib/python3.12/site-packages/airflow/example_dags/example_skip_dag.py
[2025-07-02T23:30:05.959+0000] {processor.py:925} INFO - DAG(s) 'example_skip_dag' retrieved from /home/airflow/.local/lib/python3.12/site-packages/airflow/example_dags/example_skip_dag.py
[2025-07-02T23:30:05.991+0000] {logging_mixin.py:190} INFO - [2025-07-02T23:30:05.990+0000] {dag.py:3239} INFO - Sync 1 DAGs
[2025-07-02T23:30:06.032+0000] {logging_mixin.py:190} INFO - [2025-07-02T23:30:06.032+0000] {dag.py:4180} INFO - Setting next_dagrun for example_skip_dag to 2025-07-01 00:00:00+00:00, run_after=2025-07-02 00:00:00+00:00
[2025-07-02T23:30:06.062+0000] {processor.py:208} INFO - Processing /home/airflow/.local/lib/python3.12/site-packages/airflow/example_dags/example_skip_dag.py took 0.136 seconds
[2025-07-02T23:30:36.795+0000] {processor.py:186} INFO - Started process (PID=338) to work on /home/airflow/.local/lib/python3.12/site-packages/airflow/example_dags/example_skip_dag.py
[2025-07-02T23:30:36.797+0000] {processor.py:914} INFO - Processing file /home/airflow/.local/lib/python3.12/site-packages/airflow/example_dags/example_skip_dag.py for tasks to queue
[2025-07-02T23:30:36.800+0000] {logging_mixin.py:190} INFO - [2025-07-02T23:30:36.800+0000] {dagbag.py:588} INFO - Filling up the DagBag from /home/airflow/.local/lib/python3.12/site-packages/airflow/example_dags/example_skip_dag.py
[2025-07-02T23:30:36.812+0000] {processor.py:925} INFO - DAG(s) 'example_skip_dag' retrieved from /home/airflow/.local/lib/python3.12/site-packages/airflow/example_dags/example_skip_dag.py
[2025-07-02T23:30:36.843+0000] {logging_mixin.py:190} INFO - [2025-07-02T23:30:36.842+0000] {dag.py:3239} INFO - Sync 1 DAGs
[2025-07-02T23:30:36.876+0000] {logging_mixin.py:190} INFO - [2025-07-02T23:30:36.876+0000] {dag.py:4180} INFO - Setting next_dagrun for example_skip_dag to 2025-07-01 00:00:00+00:00, run_after=2025-07-02 00:00:00+00:00
[2025-07-02T23:30:36.902+0000] {processor.py:208} INFO - Processing /home/airflow/.local/lib/python3.12/site-packages/airflow/example_dags/example_skip_dag.py took 0.114 seconds
[2025-07-02T23:31:07.589+0000] {processor.py:186} INFO - Started process (PID=400) to work on /home/airflow/.local/lib/python3.12/site-packages/airflow/example_dags/example_skip_dag.py
[2025-07-02T23:31:07.590+0000] {processor.py:914} INFO - Processing file /home/airflow/.local/lib/python3.12/site-packages/airflow/example_dags/example_skip_dag.py for tasks to queue
[2025-07-02T23:31:07.594+0000] {logging_mixin.py:190} INFO - [2025-07-02T23:31:07.593+0000] {dagbag.py:588} INFO - Filling up the DagBag from /home/airflow/.local/lib/python3.12/site-packages/airflow/example_dags/example_skip_dag.py
[2025-07-02T23:31:07.602+0000] {processor.py:925} INFO - DAG(s) 'example_skip_dag' retrieved from /home/airflow/.local/lib/python3.12/site-packages/airflow/example_dags/example_skip_dag.py
[2025-07-02T23:31:07.626+0000] {logging_mixin.py:190} INFO - [2025-07-02T23:31:07.626+0000] {dag.py:3239} INFO - Sync 1 DAGs
[2025-07-02T23:31:07.655+0000] {logging_mixin.py:190} INFO - [2025-07-02T23:31:07.655+0000] {dag.py:4180} INFO - Setting next_dagrun for example_skip_dag to 2025-07-01 00:00:00+00:00, run_after=2025-07-02 00:00:00+00:00
[2025-07-02T23:31:07.678+0000] {processor.py:208} INFO - Processing /home/airflow/.local/lib/python3.12/site-packages/airflow/example_dags/example_skip_dag.py took 0.094 seconds
[2025-07-02T23:31:37.739+0000] {processor.py:186} INFO - Started process (PID=461) to work on /home/airflow/.local/lib/python3.12/site-packages/airflow/example_dags/example_skip_dag.py
[2025-07-02T23:31:37.741+0000] {processor.py:914} INFO - Processing file /home/airflow/.local/lib/python3.12/site-packages/airflow/example_dags/example_skip_dag.py for tasks to queue
[2025-07-02T23:31:37.745+0000] {logging_mixin.py:190} INFO - [2025-07-02T23:31:37.744+0000] {dagbag.py:588} INFO - Filling up the DagBag from /home/airflow/.local/lib/python3.12/site-packages/airflow/example_dags/example_skip_dag.py
[2025-07-02T23:31:37.753+0000] {processor.py:925} INFO - DAG(s) 'example_skip_dag' retrieved from /home/airflow/.local/lib/python3.12/site-packages/airflow/example_dags/example_skip_dag.py
[2025-07-02T23:31:37.775+0000] {logging_mixin.py:190} INFO - [2025-07-02T23:31:37.774+0000] {dag.py:3239} INFO - Sync 1 DAGs
[2025-07-02T23:31:37.803+0000] {logging_mixin.py:190} INFO - [2025-07-02T23:31:37.802+0000] {dag.py:4180} INFO - Setting next_dagrun for example_skip_dag to 2025-07-01 00:00:00+00:00, run_after=2025-07-02 00:00:00+00:00
[2025-07-02T23:31:37.820+0000] {processor.py:208} INFO - Processing /home/airflow/.local/lib/python3.12/site-packages/airflow/example_dags/example_skip_dag.py took 0.088 seconds
[2025-07-02T23:32:08.239+0000] {processor.py:186} INFO - Started process (PID=523) to work on /home/airflow/.local/lib/python3.12/site-packages/airflow/example_dags/example_skip_dag.py
[2025-07-02T23:32:08.240+0000] {processor.py:914} INFO - Processing file /home/airflow/.local/lib/python3.12/site-packages/airflow/example_dags/example_skip_dag.py for tasks to queue
[2025-07-02T23:32:08.244+0000] {logging_mixin.py:190} INFO - [2025-07-02T23:32:08.243+0000] {dagbag.py:588} INFO - Filling up the DagBag from /home/airflow/.local/lib/python3.12/site-packages/airflow/example_dags/example_skip_dag.py
[2025-07-02T23:32:08.254+0000] {processor.py:925} INFO - DAG(s) 'example_skip_dag' retrieved from /home/airflow/.local/lib/python3.12/site-packages/airflow/example_dags/example_skip_dag.py
[2025-07-02T23:32:08.289+0000] {logging_mixin.py:190} INFO - [2025-07-02T23:32:08.288+0000] {dag.py:3239} INFO - Sync 1 DAGs
[2025-07-02T23:32:08.323+0000] {logging_mixin.py:190} INFO - [2025-07-02T23:32:08.323+0000] {dag.py:4180} INFO - Setting next_dagrun for example_skip_dag to 2025-07-01 00:00:00+00:00, run_after=2025-07-02 00:00:00+00:00
[2025-07-02T23:32:08.357+0000] {processor.py:208} INFO - Processing /home/airflow/.local/lib/python3.12/site-packages/airflow/example_dags/example_skip_dag.py took 0.124 seconds
[2025-07-02T23:32:39.394+0000] {processor.py:186} INFO - Started process (PID=586) to work on /home/airflow/.local/lib/python3.12/site-packages/airflow/example_dags/example_skip_dag.py
[2025-07-02T23:32:39.399+0000] {processor.py:914} INFO - Processing file /home/airflow/.local/lib/python3.12/site-packages/airflow/example_dags/example_skip_dag.py for tasks to queue
[2025-07-02T23:32:39.404+0000] {logging_mixin.py:190} INFO - [2025-07-02T23:32:39.403+0000] {dagbag.py:588} INFO - Filling up the DagBag from /home/airflow/.local/lib/python3.12/site-packages/airflow/example_dags/example_skip_dag.py
[2025-07-02T23:32:39.417+0000] {processor.py:925} INFO - DAG(s) 'example_skip_dag' retrieved from /home/airflow/.local/lib/python3.12/site-packages/airflow/example_dags/example_skip_dag.py
[2025-07-02T23:32:39.447+0000] {logging_mixin.py:190} INFO - [2025-07-02T23:32:39.447+0000] {dag.py:3239} INFO - Sync 1 DAGs
[2025-07-02T23:32:39.483+0000] {logging_mixin.py:190} INFO - [2025-07-02T23:32:39.483+0000] {dag.py:4180} INFO - Setting next_dagrun for example_skip_dag to 2025-07-01 00:00:00+00:00, run_after=2025-07-02 00:00:00+00:00
[2025-07-02T23:32:39.519+0000] {processor.py:208} INFO - Processing /home/airflow/.local/lib/python3.12/site-packages/airflow/example_dags/example_skip_dag.py took 0.133 seconds
[2025-07-02T23:33:10.071+0000] {processor.py:186} INFO - Started process (PID=648) to work on /home/airflow/.local/lib/python3.12/site-packages/airflow/example_dags/example_skip_dag.py
[2025-07-02T23:33:10.072+0000] {processor.py:914} INFO - Processing file /home/airflow/.local/lib/python3.12/site-packages/airflow/example_dags/example_skip_dag.py for tasks to queue
[2025-07-02T23:33:10.074+0000] {logging_mixin.py:190} INFO - [2025-07-02T23:33:10.074+0000] {dagbag.py:588} INFO - Filling up the DagBag from /home/airflow/.local/lib/python3.12/site-packages/airflow/example_dags/example_skip_dag.py
[2025-07-02T23:33:10.081+0000] {processor.py:925} INFO - DAG(s) 'example_skip_dag' retrieved from /home/airflow/.local/lib/python3.12/site-packages/airflow/example_dags/example_skip_dag.py
[2025-07-02T23:33:10.102+0000] {logging_mixin.py:190} INFO - [2025-07-02T23:33:10.102+0000] {dag.py:3239} INFO - Sync 1 DAGs
[2025-07-02T23:33:10.123+0000] {logging_mixin.py:190} INFO - [2025-07-02T23:33:10.123+0000] {dag.py:4180} INFO - Setting next_dagrun for example_skip_dag to 2025-07-01 00:00:00+00:00, run_after=2025-07-02 00:00:00+00:00
[2025-07-02T23:33:10.140+0000] {processor.py:208} INFO - Processing /home/airflow/.local/lib/python3.12/site-packages/airflow/example_dags/example_skip_dag.py took 0.075 seconds
[2025-07-02T23:33:40.406+0000] {processor.py:186} INFO - Started process (PID=709) to work on /home/airflow/.local/lib/python3.12/site-packages/airflow/example_dags/example_skip_dag.py
[2025-07-02T23:33:40.407+0000] {processor.py:914} INFO - Processing file /home/airflow/.local/lib/python3.12/site-packages/airflow/example_dags/example_skip_dag.py for tasks to queue
[2025-07-02T23:33:40.409+0000] {logging_mixin.py:190} INFO - [2025-07-02T23:33:40.409+0000] {dagbag.py:588} INFO - Filling up the DagBag from /home/airflow/.local/lib/python3.12/site-packages/airflow/example_dags/example_skip_dag.py
[2025-07-02T23:33:40.417+0000] {processor.py:925} INFO - DAG(s) 'example_skip_dag' retrieved from /home/airflow/.local/lib/python3.12/site-packages/airflow/example_dags/example_skip_dag.py
[2025-07-02T23:33:40.437+0000] {logging_mixin.py:190} INFO - [2025-07-02T23:33:40.437+0000] {dag.py:3239} INFO - Sync 1 DAGs
[2025-07-02T23:33:40.458+0000] {logging_mixin.py:190} INFO - [2025-07-02T23:33:40.458+0000] {dag.py:4180} INFO - Setting next_dagrun for example_skip_dag to 2025-07-01 00:00:00+00:00, run_after=2025-07-02 00:00:00+00:00
[2025-07-02T23:33:40.476+0000] {processor.py:208} INFO - Processing /home/airflow/.local/lib/python3.12/site-packages/airflow/example_dags/example_skip_dag.py took 0.075 seconds
[2025-07-02T23:34:10.621+0000] {processor.py:186} INFO - Started process (PID=771) to work on /home/airflow/.local/lib/python3.12/site-packages/airflow/example_dags/example_skip_dag.py
[2025-07-02T23:34:10.623+0000] {processor.py:914} INFO - Processing file /home/airflow/.local/lib/python3.12/site-packages/airflow/example_dags/example_skip_dag.py for tasks to queue
[2025-07-02T23:34:10.625+0000] {logging_mixin.py:190} INFO - [2025-07-02T23:34:10.625+0000] {dagbag.py:588} INFO - Filling up the DagBag from /home/airflow/.local/lib/python3.12/site-packages/airflow/example_dags/example_skip_dag.py
[2025-07-02T23:34:10.634+0000] {processor.py:925} INFO - DAG(s) 'example_skip_dag' retrieved from /home/airflow/.local/lib/python3.12/site-packages/airflow/example_dags/example_skip_dag.py
[2025-07-02T23:34:10.661+0000] {logging_mixin.py:190} INFO - [2025-07-02T23:34:10.660+0000] {dag.py:3239} INFO - Sync 1 DAGs
[2025-07-02T23:34:10.685+0000] {logging_mixin.py:190} INFO - [2025-07-02T23:34:10.685+0000] {dag.py:4180} INFO - Setting next_dagrun for example_skip_dag to 2025-07-01 00:00:00+00:00, run_after=2025-07-02 00:00:00+00:00
[2025-07-02T23:34:10.710+0000] {processor.py:208} INFO - Processing /home/airflow/.local/lib/python3.12/site-packages/airflow/example_dags/example_skip_dag.py took 0.096 seconds
[2025-07-02T23:34:41.506+0000] {processor.py:186} INFO - Started process (PID=833) to work on /home/airflow/.local/lib/python3.12/site-packages/airflow/example_dags/example_skip_dag.py
[2025-07-02T23:34:41.507+0000] {processor.py:914} INFO - Processing file /home/airflow/.local/lib/python3.12/site-packages/airflow/example_dags/example_skip_dag.py for tasks to queue
[2025-07-02T23:34:41.509+0000] {logging_mixin.py:190} INFO - [2025-07-02T23:34:41.509+0000] {dagbag.py:588} INFO - Filling up the DagBag from /home/airflow/.local/lib/python3.12/site-packages/airflow/example_dags/example_skip_dag.py
[2025-07-02T23:34:41.518+0000] {processor.py:925} INFO - DAG(s) 'example_skip_dag' retrieved from /home/airflow/.local/lib/python3.12/site-packages/airflow/example_dags/example_skip_dag.py
[2025-07-02T23:34:41.538+0000] {logging_mixin.py:190} INFO - [2025-07-02T23:34:41.538+0000] {dag.py:3239} INFO - Sync 1 DAGs
[2025-07-02T23:34:41.560+0000] {logging_mixin.py:190} INFO - [2025-07-02T23:34:41.560+0000] {dag.py:4180} INFO - Setting next_dagrun for example_skip_dag to 2025-07-01 00:00:00+00:00, run_after=2025-07-02 00:00:00+00:00
[2025-07-02T23:34:41.580+0000] {processor.py:208} INFO - Processing /home/airflow/.local/lib/python3.12/site-packages/airflow/example_dags/example_skip_dag.py took 0.079 seconds
[2025-07-02T23:35:12.102+0000] {processor.py:186} INFO - Started process (PID=895) to work on /home/airflow/.local/lib/python3.12/site-packages/airflow/example_dags/example_skip_dag.py
[2025-07-02T23:35:12.103+0000] {processor.py:914} INFO - Processing file /home/airflow/.local/lib/python3.12/site-packages/airflow/example_dags/example_skip_dag.py for tasks to queue
[2025-07-02T23:35:12.105+0000] {logging_mixin.py:190} INFO - [2025-07-02T23:35:12.105+0000] {dagbag.py:588} INFO - Filling up the DagBag from /home/airflow/.local/lib/python3.12/site-packages/airflow/example_dags/example_skip_dag.py
[2025-07-02T23:35:12.113+0000] {processor.py:925} INFO - DAG(s) 'example_skip_dag' retrieved from /home/airflow/.local/lib/python3.12/site-packages/airflow/example_dags/example_skip_dag.py
[2025-07-02T23:35:12.134+0000] {logging_mixin.py:190} INFO - [2025-07-02T23:35:12.134+0000] {dag.py:3239} INFO - Sync 1 DAGs
[2025-07-02T23:35:12.157+0000] {logging_mixin.py:190} INFO - [2025-07-02T23:35:12.157+0000] {dag.py:4180} INFO - Setting next_dagrun for example_skip_dag to 2025-07-01 00:00:00+00:00, run_after=2025-07-02 00:00:00+00:00
[2025-07-02T23:35:12.177+0000] {processor.py:208} INFO - Processing /home/airflow/.local/lib/python3.12/site-packages/airflow/example_dags/example_skip_dag.py took 0.081 seconds
[2025-07-02T23:35:42.376+0000] {processor.py:186} INFO - Started process (PID=957) to work on /home/airflow/.local/lib/python3.12/site-packages/airflow/example_dags/example_skip_dag.py
[2025-07-02T23:35:42.377+0000] {processor.py:914} INFO - Processing file /home/airflow/.local/lib/python3.12/site-packages/airflow/example_dags/example_skip_dag.py for tasks to queue
[2025-07-02T23:35:42.380+0000] {logging_mixin.py:190} INFO - [2025-07-02T23:35:42.379+0000] {dagbag.py:588} INFO - Filling up the DagBag from /home/airflow/.local/lib/python3.12/site-packages/airflow/example_dags/example_skip_dag.py
[2025-07-02T23:35:42.388+0000] {processor.py:925} INFO - DAG(s) 'example_skip_dag' retrieved from /home/airflow/.local/lib/python3.12/site-packages/airflow/example_dags/example_skip_dag.py
[2025-07-02T23:35:42.408+0000] {logging_mixin.py:190} INFO - [2025-07-02T23:35:42.407+0000] {dag.py:3239} INFO - Sync 1 DAGs
[2025-07-02T23:35:42.427+0000] {logging_mixin.py:190} INFO - [2025-07-02T23:35:42.427+0000] {dag.py:4180} INFO - Setting next_dagrun for example_skip_dag to 2025-07-01 00:00:00+00:00, run_after=2025-07-02 00:00:00+00:00
[2025-07-02T23:35:42.443+0000] {processor.py:208} INFO - Processing /home/airflow/.local/lib/python3.12/site-packages/airflow/example_dags/example_skip_dag.py took 0.073 seconds
[2025-07-02T23:36:12.962+0000] {processor.py:186} INFO - Started process (PID=1019) to work on /home/airflow/.local/lib/python3.12/site-packages/airflow/example_dags/example_skip_dag.py
[2025-07-02T23:36:12.963+0000] {processor.py:914} INFO - Processing file /home/airflow/.local/lib/python3.12/site-packages/airflow/example_dags/example_skip_dag.py for tasks to queue
[2025-07-02T23:36:12.965+0000] {logging_mixin.py:190} INFO - [2025-07-02T23:36:12.965+0000] {dagbag.py:588} INFO - Filling up the DagBag from /home/airflow/.local/lib/python3.12/site-packages/airflow/example_dags/example_skip_dag.py
[2025-07-02T23:36:12.973+0000] {processor.py:925} INFO - DAG(s) 'example_skip_dag' retrieved from /home/airflow/.local/lib/python3.12/site-packages/airflow/example_dags/example_skip_dag.py
[2025-07-02T23:36:12.993+0000] {logging_mixin.py:190} INFO - [2025-07-02T23:36:12.993+0000] {dag.py:3239} INFO - Sync 1 DAGs
[2025-07-02T23:36:13.014+0000] {logging_mixin.py:190} INFO - [2025-07-02T23:36:13.014+0000] {dag.py:4180} INFO - Setting next_dagrun for example_skip_dag to 2025-07-01 00:00:00+00:00, run_after=2025-07-02 00:00:00+00:00
[2025-07-02T23:36:13.032+0000] {processor.py:208} INFO - Processing /home/airflow/.local/lib/python3.12/site-packages/airflow/example_dags/example_skip_dag.py took 0.075 seconds
[2025-07-02T23:36:43.641+0000] {processor.py:186} INFO - Started process (PID=1081) to work on /home/airflow/.local/lib/python3.12/site-packages/airflow/example_dags/example_skip_dag.py
[2025-07-02T23:36:43.642+0000] {processor.py:914} INFO - Processing file /home/airflow/.local/lib/python3.12/site-packages/airflow/example_dags/example_skip_dag.py for tasks to queue
[2025-07-02T23:36:43.644+0000] {logging_mixin.py:190} INFO - [2025-07-02T23:36:43.644+0000] {dagbag.py:588} INFO - Filling up the DagBag from /home/airflow/.local/lib/python3.12/site-packages/airflow/example_dags/example_skip_dag.py
[2025-07-02T23:36:43.652+0000] {processor.py:925} INFO - DAG(s) 'example_skip_dag' retrieved from /home/airflow/.local/lib/python3.12/site-packages/airflow/example_dags/example_skip_dag.py
[2025-07-02T23:36:43.673+0000] {logging_mixin.py:190} INFO - [2025-07-02T23:36:43.673+0000] {dag.py:3239} INFO - Sync 1 DAGs
[2025-07-02T23:36:43.696+0000] {logging_mixin.py:190} INFO - [2025-07-02T23:36:43.696+0000] {dag.py:4180} INFO - Setting next_dagrun for example_skip_dag to 2025-07-01 00:00:00+00:00, run_after=2025-07-02 00:00:00+00:00
[2025-07-02T23:36:43.714+0000] {processor.py:208} INFO - Processing /home/airflow/.local/lib/python3.12/site-packages/airflow/example_dags/example_skip_dag.py took 0.078 seconds
[2025-07-02T23:37:14.386+0000] {processor.py:186} INFO - Started process (PID=1143) to work on /home/airflow/.local/lib/python3.12/site-packages/airflow/example_dags/example_skip_dag.py
[2025-07-02T23:37:14.388+0000] {processor.py:914} INFO - Processing file /home/airflow/.local/lib/python3.12/site-packages/airflow/example_dags/example_skip_dag.py for tasks to queue
[2025-07-02T23:37:14.392+0000] {logging_mixin.py:190} INFO - [2025-07-02T23:37:14.391+0000] {dagbag.py:588} INFO - Filling up the DagBag from /home/airflow/.local/lib/python3.12/site-packages/airflow/example_dags/example_skip_dag.py
[2025-07-02T23:37:14.401+0000] {processor.py:925} INFO - DAG(s) 'example_skip_dag' retrieved from /home/airflow/.local/lib/python3.12/site-packages/airflow/example_dags/example_skip_dag.py
[2025-07-02T23:37:14.426+0000] {logging_mixin.py:190} INFO - [2025-07-02T23:37:14.425+0000] {dag.py:3239} INFO - Sync 1 DAGs
[2025-07-02T23:37:14.464+0000] {logging_mixin.py:190} INFO - [2025-07-02T23:37:14.463+0000] {dag.py:4180} INFO - Setting next_dagrun for example_skip_dag to 2025-07-01 00:00:00+00:00, run_after=2025-07-02 00:00:00+00:00
[2025-07-02T23:37:14.484+0000] {processor.py:208} INFO - Processing /home/airflow/.local/lib/python3.12/site-packages/airflow/example_dags/example_skip_dag.py took 0.111 seconds
[2025-07-02T23:37:45.268+0000] {processor.py:186} INFO - Started process (PID=1205) to work on /home/airflow/.local/lib/python3.12/site-packages/airflow/example_dags/example_skip_dag.py
[2025-07-02T23:37:45.269+0000] {processor.py:914} INFO - Processing file /home/airflow/.local/lib/python3.12/site-packages/airflow/example_dags/example_skip_dag.py for tasks to queue
[2025-07-02T23:37:45.272+0000] {logging_mixin.py:190} INFO - [2025-07-02T23:37:45.272+0000] {dagbag.py:588} INFO - Filling up the DagBag from /home/airflow/.local/lib/python3.12/site-packages/airflow/example_dags/example_skip_dag.py
[2025-07-02T23:37:45.286+0000] {processor.py:925} INFO - DAG(s) 'example_skip_dag' retrieved from /home/airflow/.local/lib/python3.12/site-packages/airflow/example_dags/example_skip_dag.py
[2025-07-02T23:37:45.305+0000] {logging_mixin.py:190} INFO - [2025-07-02T23:37:45.305+0000] {dag.py:3239} INFO - Sync 1 DAGs
[2025-07-02T23:37:45.329+0000] {logging_mixin.py:190} INFO - [2025-07-02T23:37:45.328+0000] {dag.py:4180} INFO - Setting next_dagrun for example_skip_dag to 2025-07-01 00:00:00+00:00, run_after=2025-07-02 00:00:00+00:00
[2025-07-02T23:37:45.348+0000] {processor.py:208} INFO - Processing /home/airflow/.local/lib/python3.12/site-packages/airflow/example_dags/example_skip_dag.py took 0.085 seconds
[2025-07-02T23:38:15.902+0000] {processor.py:186} INFO - Started process (PID=1267) to work on /home/airflow/.local/lib/python3.12/site-packages/airflow/example_dags/example_skip_dag.py
[2025-07-02T23:38:15.903+0000] {processor.py:914} INFO - Processing file /home/airflow/.local/lib/python3.12/site-packages/airflow/example_dags/example_skip_dag.py for tasks to queue
[2025-07-02T23:38:15.906+0000] {logging_mixin.py:190} INFO - [2025-07-02T23:38:15.905+0000] {dagbag.py:588} INFO - Filling up the DagBag from /home/airflow/.local/lib/python3.12/site-packages/airflow/example_dags/example_skip_dag.py
[2025-07-02T23:38:15.913+0000] {processor.py:925} INFO - DAG(s) 'example_skip_dag' retrieved from /home/airflow/.local/lib/python3.12/site-packages/airflow/example_dags/example_skip_dag.py
[2025-07-02T23:38:15.933+0000] {logging_mixin.py:190} INFO - [2025-07-02T23:38:15.933+0000] {dag.py:3239} INFO - Sync 1 DAGs
[2025-07-02T23:38:15.955+0000] {logging_mixin.py:190} INFO - [2025-07-02T23:38:15.955+0000] {dag.py:4180} INFO - Setting next_dagrun for example_skip_dag to 2025-07-01 00:00:00+00:00, run_after=2025-07-02 00:00:00+00:00
[2025-07-02T23:38:15.973+0000] {processor.py:208} INFO - Processing /home/airflow/.local/lib/python3.12/site-packages/airflow/example_dags/example_skip_dag.py took 0.076 seconds
[2025-07-02T23:38:46.808+0000] {processor.py:186} INFO - Started process (PID=1329) to work on /home/airflow/.local/lib/python3.12/site-packages/airflow/example_dags/example_skip_dag.py
[2025-07-02T23:38:46.809+0000] {processor.py:914} INFO - Processing file /home/airflow/.local/lib/python3.12/site-packages/airflow/example_dags/example_skip_dag.py for tasks to queue
[2025-07-02T23:38:46.812+0000] {logging_mixin.py:190} INFO - [2025-07-02T23:38:46.811+0000] {dagbag.py:588} INFO - Filling up the DagBag from /home/airflow/.local/lib/python3.12/site-packages/airflow/example_dags/example_skip_dag.py
[2025-07-02T23:38:46.819+0000] {processor.py:925} INFO - DAG(s) 'example_skip_dag' retrieved from /home/airflow/.local/lib/python3.12/site-packages/airflow/example_dags/example_skip_dag.py
[2025-07-02T23:38:46.838+0000] {logging_mixin.py:190} INFO - [2025-07-02T23:38:46.838+0000] {dag.py:3239} INFO - Sync 1 DAGs
[2025-07-02T23:38:46.859+0000] {logging_mixin.py:190} INFO - [2025-07-02T23:38:46.859+0000] {dag.py:4180} INFO - Setting next_dagrun for example_skip_dag to 2025-07-01 00:00:00+00:00, run_after=2025-07-02 00:00:00+00:00
[2025-07-02T23:38:46.877+0000] {processor.py:208} INFO - Processing /home/airflow/.local/lib/python3.12/site-packages/airflow/example_dags/example_skip_dag.py took 0.074 seconds
[2025-07-02T23:39:17.377+0000] {processor.py:186} INFO - Started process (PID=1391) to work on /home/airflow/.local/lib/python3.12/site-packages/airflow/example_dags/example_skip_dag.py
[2025-07-02T23:39:17.378+0000] {processor.py:914} INFO - Processing file /home/airflow/.local/lib/python3.12/site-packages/airflow/example_dags/example_skip_dag.py for tasks to queue
[2025-07-02T23:39:17.381+0000] {logging_mixin.py:190} INFO - [2025-07-02T23:39:17.381+0000] {dagbag.py:588} INFO - Filling up the DagBag from /home/airflow/.local/lib/python3.12/site-packages/airflow/example_dags/example_skip_dag.py
[2025-07-02T23:39:17.389+0000] {processor.py:925} INFO - DAG(s) 'example_skip_dag' retrieved from /home/airflow/.local/lib/python3.12/site-packages/airflow/example_dags/example_skip_dag.py
[2025-07-02T23:39:17.411+0000] {logging_mixin.py:190} INFO - [2025-07-02T23:39:17.410+0000] {dag.py:3239} INFO - Sync 1 DAGs
[2025-07-02T23:39:17.433+0000] {logging_mixin.py:190} INFO - [2025-07-02T23:39:17.433+0000] {dag.py:4180} INFO - Setting next_dagrun for example_skip_dag to 2025-07-01 00:00:00+00:00, run_after=2025-07-02 00:00:00+00:00
[2025-07-02T23:39:17.451+0000] {processor.py:208} INFO - Processing /home/airflow/.local/lib/python3.12/site-packages/airflow/example_dags/example_skip_dag.py took 0.079 seconds
[2025-07-02T23:39:47.920+0000] {processor.py:186} INFO - Started process (PID=1453) to work on /home/airflow/.local/lib/python3.12/site-packages/airflow/example_dags/example_skip_dag.py
[2025-07-02T23:39:47.921+0000] {processor.py:914} INFO - Processing file /home/airflow/.local/lib/python3.12/site-packages/airflow/example_dags/example_skip_dag.py for tasks to queue
[2025-07-02T23:39:47.924+0000] {logging_mixin.py:190} INFO - [2025-07-02T23:39:47.924+0000] {dagbag.py:588} INFO - Filling up the DagBag from /home/airflow/.local/lib/python3.12/site-packages/airflow/example_dags/example_skip_dag.py
[2025-07-02T23:39:47.931+0000] {processor.py:925} INFO - DAG(s) 'example_skip_dag' retrieved from /home/airflow/.local/lib/python3.12/site-packages/airflow/example_dags/example_skip_dag.py
[2025-07-02T23:39:47.952+0000] {logging_mixin.py:190} INFO - [2025-07-02T23:39:47.952+0000] {dag.py:3239} INFO - Sync 1 DAGs
[2025-07-02T23:39:47.976+0000] {logging_mixin.py:190} INFO - [2025-07-02T23:39:47.976+0000] {dag.py:4180} INFO - Setting next_dagrun for example_skip_dag to 2025-07-01 00:00:00+00:00, run_after=2025-07-02 00:00:00+00:00
[2025-07-02T23:39:47.995+0000] {processor.py:208} INFO - Processing /home/airflow/.local/lib/python3.12/site-packages/airflow/example_dags/example_skip_dag.py took 0.080 seconds
[2025-07-02T23:40:18.818+0000] {processor.py:186} INFO - Started process (PID=1515) to work on /home/airflow/.local/lib/python3.12/site-packages/airflow/example_dags/example_skip_dag.py
[2025-07-02T23:40:18.819+0000] {processor.py:914} INFO - Processing file /home/airflow/.local/lib/python3.12/site-packages/airflow/example_dags/example_skip_dag.py for tasks to queue
[2025-07-02T23:40:18.823+0000] {logging_mixin.py:190} INFO - [2025-07-02T23:40:18.822+0000] {dagbag.py:588} INFO - Filling up the DagBag from /home/airflow/.local/lib/python3.12/site-packages/airflow/example_dags/example_skip_dag.py
[2025-07-02T23:40:18.832+0000] {processor.py:925} INFO - DAG(s) 'example_skip_dag' retrieved from /home/airflow/.local/lib/python3.12/site-packages/airflow/example_dags/example_skip_dag.py
[2025-07-02T23:40:18.856+0000] {logging_mixin.py:190} INFO - [2025-07-02T23:40:18.855+0000] {dag.py:3239} INFO - Sync 1 DAGs
[2025-07-02T23:40:18.879+0000] {logging_mixin.py:190} INFO - [2025-07-02T23:40:18.879+0000] {dag.py:4180} INFO - Setting next_dagrun for example_skip_dag to 2025-07-01 00:00:00+00:00, run_after=2025-07-02 00:00:00+00:00
[2025-07-02T23:40:18.898+0000] {processor.py:208} INFO - Processing /home/airflow/.local/lib/python3.12/site-packages/airflow/example_dags/example_skip_dag.py took 0.087 seconds
[2025-07-02T23:40:49.112+0000] {processor.py:186} INFO - Started process (PID=1577) to work on /home/airflow/.local/lib/python3.12/site-packages/airflow/example_dags/example_skip_dag.py
[2025-07-02T23:40:49.113+0000] {processor.py:914} INFO - Processing file /home/airflow/.local/lib/python3.12/site-packages/airflow/example_dags/example_skip_dag.py for tasks to queue
[2025-07-02T23:40:49.115+0000] {logging_mixin.py:190} INFO - [2025-07-02T23:40:49.115+0000] {dagbag.py:588} INFO - Filling up the DagBag from /home/airflow/.local/lib/python3.12/site-packages/airflow/example_dags/example_skip_dag.py
[2025-07-02T23:40:49.123+0000] {processor.py:925} INFO - DAG(s) 'example_skip_dag' retrieved from /home/airflow/.local/lib/python3.12/site-packages/airflow/example_dags/example_skip_dag.py
[2025-07-02T23:40:49.144+0000] {logging_mixin.py:190} INFO - [2025-07-02T23:40:49.144+0000] {dag.py:3239} INFO - Sync 1 DAGs
[2025-07-02T23:40:49.170+0000] {logging_mixin.py:190} INFO - [2025-07-02T23:40:49.170+0000] {dag.py:4180} INFO - Setting next_dagrun for example_skip_dag to 2025-07-01 00:00:00+00:00, run_after=2025-07-02 00:00:00+00:00
[2025-07-02T23:40:49.188+0000] {processor.py:208} INFO - Processing /home/airflow/.local/lib/python3.12/site-packages/airflow/example_dags/example_skip_dag.py took 0.082 seconds
[2025-07-02T23:41:19.667+0000] {processor.py:186} INFO - Started process (PID=1639) to work on /home/airflow/.local/lib/python3.12/site-packages/airflow/example_dags/example_skip_dag.py
[2025-07-02T23:41:19.668+0000] {processor.py:914} INFO - Processing file /home/airflow/.local/lib/python3.12/site-packages/airflow/example_dags/example_skip_dag.py for tasks to queue
[2025-07-02T23:41:19.671+0000] {logging_mixin.py:190} INFO - [2025-07-02T23:41:19.670+0000] {dagbag.py:588} INFO - Filling up the DagBag from /home/airflow/.local/lib/python3.12/site-packages/airflow/example_dags/example_skip_dag.py
[2025-07-02T23:41:19.680+0000] {processor.py:925} INFO - DAG(s) 'example_skip_dag' retrieved from /home/airflow/.local/lib/python3.12/site-packages/airflow/example_dags/example_skip_dag.py
[2025-07-02T23:41:19.707+0000] {logging_mixin.py:190} INFO - [2025-07-02T23:41:19.706+0000] {dag.py:3239} INFO - Sync 1 DAGs
[2025-07-02T23:41:19.736+0000] {logging_mixin.py:190} INFO - [2025-07-02T23:41:19.736+0000] {dag.py:4180} INFO - Setting next_dagrun for example_skip_dag to 2025-07-01 00:00:00+00:00, run_after=2025-07-02 00:00:00+00:00
[2025-07-02T23:41:19.754+0000] {processor.py:208} INFO - Processing /home/airflow/.local/lib/python3.12/site-packages/airflow/example_dags/example_skip_dag.py took 0.093 seconds
[2025-07-02T23:41:50.558+0000] {processor.py:186} INFO - Started process (PID=1701) to work on /home/airflow/.local/lib/python3.12/site-packages/airflow/example_dags/example_skip_dag.py
[2025-07-02T23:41:50.559+0000] {processor.py:914} INFO - Processing file /home/airflow/.local/lib/python3.12/site-packages/airflow/example_dags/example_skip_dag.py for tasks to queue
[2025-07-02T23:41:50.562+0000] {logging_mixin.py:190} INFO - [2025-07-02T23:41:50.561+0000] {dagbag.py:588} INFO - Filling up the DagBag from /home/airflow/.local/lib/python3.12/site-packages/airflow/example_dags/example_skip_dag.py
[2025-07-02T23:41:50.569+0000] {processor.py:925} INFO - DAG(s) 'example_skip_dag' retrieved from /home/airflow/.local/lib/python3.12/site-packages/airflow/example_dags/example_skip_dag.py
[2025-07-02T23:41:50.589+0000] {logging_mixin.py:190} INFO - [2025-07-02T23:41:50.589+0000] {dag.py:3239} INFO - Sync 1 DAGs
[2025-07-02T23:41:50.611+0000] {logging_mixin.py:190} INFO - [2025-07-02T23:41:50.611+0000] {dag.py:4180} INFO - Setting next_dagrun for example_skip_dag to 2025-07-01 00:00:00+00:00, run_after=2025-07-02 00:00:00+00:00
[2025-07-02T23:41:50.630+0000] {processor.py:208} INFO - Processing /home/airflow/.local/lib/python3.12/site-packages/airflow/example_dags/example_skip_dag.py took 0.077 seconds
[2025-07-02T23:42:21.356+0000] {processor.py:186} INFO - Started process (PID=1763) to work on /home/airflow/.local/lib/python3.12/site-packages/airflow/example_dags/example_skip_dag.py
[2025-07-02T23:42:21.359+0000] {processor.py:914} INFO - Processing file /home/airflow/.local/lib/python3.12/site-packages/airflow/example_dags/example_skip_dag.py for tasks to queue
[2025-07-02T23:42:21.362+0000] {logging_mixin.py:190} INFO - [2025-07-02T23:42:21.361+0000] {dagbag.py:588} INFO - Filling up the DagBag from /home/airflow/.local/lib/python3.12/site-packages/airflow/example_dags/example_skip_dag.py
[2025-07-02T23:42:21.369+0000] {processor.py:925} INFO - DAG(s) 'example_skip_dag' retrieved from /home/airflow/.local/lib/python3.12/site-packages/airflow/example_dags/example_skip_dag.py
[2025-07-02T23:42:21.390+0000] {logging_mixin.py:190} INFO - [2025-07-02T23:42:21.390+0000] {dag.py:3239} INFO - Sync 1 DAGs
[2025-07-02T23:42:21.413+0000] {logging_mixin.py:190} INFO - [2025-07-02T23:42:21.413+0000] {dag.py:4180} INFO - Setting next_dagrun for example_skip_dag to 2025-07-01 00:00:00+00:00, run_after=2025-07-02 00:00:00+00:00
[2025-07-02T23:42:21.433+0000] {processor.py:208} INFO - Processing /home/airflow/.local/lib/python3.12/site-packages/airflow/example_dags/example_skip_dag.py took 0.082 seconds
[2025-07-02T23:42:51.775+0000] {processor.py:186} INFO - Started process (PID=1825) to work on /home/airflow/.local/lib/python3.12/site-packages/airflow/example_dags/example_skip_dag.py
[2025-07-02T23:42:51.776+0000] {processor.py:914} INFO - Processing file /home/airflow/.local/lib/python3.12/site-packages/airflow/example_dags/example_skip_dag.py for tasks to queue
[2025-07-02T23:42:51.779+0000] {logging_mixin.py:190} INFO - [2025-07-02T23:42:51.779+0000] {dagbag.py:588} INFO - Filling up the DagBag from /home/airflow/.local/lib/python3.12/site-packages/airflow/example_dags/example_skip_dag.py
[2025-07-02T23:42:51.787+0000] {processor.py:925} INFO - DAG(s) 'example_skip_dag' retrieved from /home/airflow/.local/lib/python3.12/site-packages/airflow/example_dags/example_skip_dag.py
[2025-07-02T23:42:51.809+0000] {logging_mixin.py:190} INFO - [2025-07-02T23:42:51.809+0000] {dag.py:3239} INFO - Sync 1 DAGs
[2025-07-02T23:42:51.831+0000] {logging_mixin.py:190} INFO - [2025-07-02T23:42:51.831+0000] {dag.py:4180} INFO - Setting next_dagrun for example_skip_dag to 2025-07-01 00:00:00+00:00, run_after=2025-07-02 00:00:00+00:00
[2025-07-02T23:42:51.848+0000] {processor.py:208} INFO - Processing /home/airflow/.local/lib/python3.12/site-packages/airflow/example_dags/example_skip_dag.py took 0.079 seconds
[2025-07-02T23:43:22.596+0000] {processor.py:186} INFO - Started process (PID=1887) to work on /home/airflow/.local/lib/python3.12/site-packages/airflow/example_dags/example_skip_dag.py
[2025-07-02T23:43:22.597+0000] {processor.py:914} INFO - Processing file /home/airflow/.local/lib/python3.12/site-packages/airflow/example_dags/example_skip_dag.py for tasks to queue
[2025-07-02T23:43:22.600+0000] {logging_mixin.py:190} INFO - [2025-07-02T23:43:22.600+0000] {dagbag.py:588} INFO - Filling up the DagBag from /home/airflow/.local/lib/python3.12/site-packages/airflow/example_dags/example_skip_dag.py
[2025-07-02T23:43:22.611+0000] {processor.py:925} INFO - DAG(s) 'example_skip_dag' retrieved from /home/airflow/.local/lib/python3.12/site-packages/airflow/example_dags/example_skip_dag.py
[2025-07-02T23:43:22.635+0000] {logging_mixin.py:190} INFO - [2025-07-02T23:43:22.634+0000] {dag.py:3239} INFO - Sync 1 DAGs
[2025-07-02T23:43:22.659+0000] {logging_mixin.py:190} INFO - [2025-07-02T23:43:22.659+0000] {dag.py:4180} INFO - Setting next_dagrun for example_skip_dag to 2025-07-01 00:00:00+00:00, run_after=2025-07-02 00:00:00+00:00
[2025-07-02T23:43:22.681+0000] {processor.py:208} INFO - Processing /home/airflow/.local/lib/python3.12/site-packages/airflow/example_dags/example_skip_dag.py took 0.091 seconds
[2025-07-02T23:43:53.071+0000] {processor.py:186} INFO - Started process (PID=1949) to work on /home/airflow/.local/lib/python3.12/site-packages/airflow/example_dags/example_skip_dag.py
[2025-07-02T23:43:53.072+0000] {processor.py:914} INFO - Processing file /home/airflow/.local/lib/python3.12/site-packages/airflow/example_dags/example_skip_dag.py for tasks to queue
[2025-07-02T23:43:53.074+0000] {logging_mixin.py:190} INFO - [2025-07-02T23:43:53.074+0000] {dagbag.py:588} INFO - Filling up the DagBag from /home/airflow/.local/lib/python3.12/site-packages/airflow/example_dags/example_skip_dag.py
[2025-07-02T23:43:53.082+0000] {processor.py:925} INFO - DAG(s) 'example_skip_dag' retrieved from /home/airflow/.local/lib/python3.12/site-packages/airflow/example_dags/example_skip_dag.py
[2025-07-02T23:43:53.102+0000] {logging_mixin.py:190} INFO - [2025-07-02T23:43:53.102+0000] {dag.py:3239} INFO - Sync 1 DAGs
[2025-07-02T23:43:53.123+0000] {logging_mixin.py:190} INFO - [2025-07-02T23:43:53.123+0000] {dag.py:4180} INFO - Setting next_dagrun for example_skip_dag to 2025-07-01 00:00:00+00:00, run_after=2025-07-02 00:00:00+00:00
[2025-07-02T23:43:53.140+0000] {processor.py:208} INFO - Processing /home/airflow/.local/lib/python3.12/site-packages/airflow/example_dags/example_skip_dag.py took 0.075 seconds
[2025-07-02T23:44:24.231+0000] {processor.py:186} INFO - Started process (PID=2011) to work on /home/airflow/.local/lib/python3.12/site-packages/airflow/example_dags/example_skip_dag.py
[2025-07-02T23:44:24.232+0000] {processor.py:914} INFO - Processing file /home/airflow/.local/lib/python3.12/site-packages/airflow/example_dags/example_skip_dag.py for tasks to queue
[2025-07-02T23:44:24.236+0000] {logging_mixin.py:190} INFO - [2025-07-02T23:44:24.235+0000] {dagbag.py:588} INFO - Filling up the DagBag from /home/airflow/.local/lib/python3.12/site-packages/airflow/example_dags/example_skip_dag.py
[2025-07-02T23:44:24.245+0000] {processor.py:925} INFO - DAG(s) 'example_skip_dag' retrieved from /home/airflow/.local/lib/python3.12/site-packages/airflow/example_dags/example_skip_dag.py
[2025-07-02T23:44:24.270+0000] {logging_mixin.py:190} INFO - [2025-07-02T23:44:24.270+0000] {dag.py:3239} INFO - Sync 1 DAGs
[2025-07-02T23:44:24.301+0000] {logging_mixin.py:190} INFO - [2025-07-02T23:44:24.301+0000] {dag.py:4180} INFO - Setting next_dagrun for example_skip_dag to 2025-07-01 00:00:00+00:00, run_after=2025-07-02 00:00:00+00:00
[2025-07-02T23:44:24.321+0000] {processor.py:208} INFO - Processing /home/airflow/.local/lib/python3.12/site-packages/airflow/example_dags/example_skip_dag.py took 0.098 seconds
[2025-07-02T23:44:54.711+0000] {processor.py:186} INFO - Started process (PID=2073) to work on /home/airflow/.local/lib/python3.12/site-packages/airflow/example_dags/example_skip_dag.py
[2025-07-02T23:44:54.712+0000] {processor.py:914} INFO - Processing file /home/airflow/.local/lib/python3.12/site-packages/airflow/example_dags/example_skip_dag.py for tasks to queue
[2025-07-02T23:44:54.715+0000] {logging_mixin.py:190} INFO - [2025-07-02T23:44:54.715+0000] {dagbag.py:588} INFO - Filling up the DagBag from /home/airflow/.local/lib/python3.12/site-packages/airflow/example_dags/example_skip_dag.py
[2025-07-02T23:44:54.724+0000] {processor.py:925} INFO - DAG(s) 'example_skip_dag' retrieved from /home/airflow/.local/lib/python3.12/site-packages/airflow/example_dags/example_skip_dag.py
[2025-07-02T23:44:54.746+0000] {logging_mixin.py:190} INFO - [2025-07-02T23:44:54.746+0000] {dag.py:3239} INFO - Sync 1 DAGs
[2025-07-02T23:44:54.771+0000] {logging_mixin.py:190} INFO - [2025-07-02T23:44:54.770+0000] {dag.py:4180} INFO - Setting next_dagrun for example_skip_dag to 2025-07-01 00:00:00+00:00, run_after=2025-07-02 00:00:00+00:00
[2025-07-02T23:44:54.791+0000] {processor.py:208} INFO - Processing /home/airflow/.local/lib/python3.12/site-packages/airflow/example_dags/example_skip_dag.py took 0.085 seconds
[2025-07-02T23:45:25.289+0000] {processor.py:186} INFO - Started process (PID=2135) to work on /home/airflow/.local/lib/python3.12/site-packages/airflow/example_dags/example_skip_dag.py
[2025-07-02T23:45:25.291+0000] {processor.py:914} INFO - Processing file /home/airflow/.local/lib/python3.12/site-packages/airflow/example_dags/example_skip_dag.py for tasks to queue
[2025-07-02T23:45:25.293+0000] {logging_mixin.py:190} INFO - [2025-07-02T23:45:25.293+0000] {dagbag.py:588} INFO - Filling up the DagBag from /home/airflow/.local/lib/python3.12/site-packages/airflow/example_dags/example_skip_dag.py
[2025-07-02T23:45:25.301+0000] {processor.py:925} INFO - DAG(s) 'example_skip_dag' retrieved from /home/airflow/.local/lib/python3.12/site-packages/airflow/example_dags/example_skip_dag.py
[2025-07-02T23:45:25.323+0000] {logging_mixin.py:190} INFO - [2025-07-02T23:45:25.323+0000] {dag.py:3239} INFO - Sync 1 DAGs
[2025-07-02T23:45:25.345+0000] {logging_mixin.py:190} INFO - [2025-07-02T23:45:25.345+0000] {dag.py:4180} INFO - Setting next_dagrun for example_skip_dag to 2025-07-01 00:00:00+00:00, run_after=2025-07-02 00:00:00+00:00
[2025-07-02T23:45:25.365+0000] {processor.py:208} INFO - Processing /home/airflow/.local/lib/python3.12/site-packages/airflow/example_dags/example_skip_dag.py took 0.082 seconds
[2025-07-02T23:45:55.989+0000] {processor.py:186} INFO - Started process (PID=2197) to work on /home/airflow/.local/lib/python3.12/site-packages/airflow/example_dags/example_skip_dag.py
[2025-07-02T23:45:55.990+0000] {processor.py:914} INFO - Processing file /home/airflow/.local/lib/python3.12/site-packages/airflow/example_dags/example_skip_dag.py for tasks to queue
[2025-07-02T23:45:55.994+0000] {logging_mixin.py:190} INFO - [2025-07-02T23:45:55.993+0000] {dagbag.py:588} INFO - Filling up the DagBag from /home/airflow/.local/lib/python3.12/site-packages/airflow/example_dags/example_skip_dag.py
[2025-07-02T23:45:56.005+0000] {processor.py:925} INFO - DAG(s) 'example_skip_dag' retrieved from /home/airflow/.local/lib/python3.12/site-packages/airflow/example_dags/example_skip_dag.py
[2025-07-02T23:45:56.030+0000] {logging_mixin.py:190} INFO - [2025-07-02T23:45:56.029+0000] {dag.py:3239} INFO - Sync 1 DAGs
[2025-07-02T23:45:56.059+0000] {logging_mixin.py:190} INFO - [2025-07-02T23:45:56.059+0000] {dag.py:4180} INFO - Setting next_dagrun for example_skip_dag to 2025-07-01 00:00:00+00:00, run_after=2025-07-02 00:00:00+00:00
[2025-07-02T23:45:56.079+0000] {processor.py:208} INFO - Processing /home/airflow/.local/lib/python3.12/site-packages/airflow/example_dags/example_skip_dag.py took 0.099 seconds
[2025-07-02T23:46:27.204+0000] {processor.py:186} INFO - Started process (PID=2259) to work on /home/airflow/.local/lib/python3.12/site-packages/airflow/example_dags/example_skip_dag.py
[2025-07-02T23:46:27.205+0000] {processor.py:914} INFO - Processing file /home/airflow/.local/lib/python3.12/site-packages/airflow/example_dags/example_skip_dag.py for tasks to queue
[2025-07-02T23:46:27.208+0000] {logging_mixin.py:190} INFO - [2025-07-02T23:46:27.208+0000] {dagbag.py:588} INFO - Filling up the DagBag from /home/airflow/.local/lib/python3.12/site-packages/airflow/example_dags/example_skip_dag.py
[2025-07-02T23:46:27.216+0000] {processor.py:925} INFO - DAG(s) 'example_skip_dag' retrieved from /home/airflow/.local/lib/python3.12/site-packages/airflow/example_dags/example_skip_dag.py
[2025-07-02T23:46:27.238+0000] {logging_mixin.py:190} INFO - [2025-07-02T23:46:27.238+0000] {dag.py:3239} INFO - Sync 1 DAGs
[2025-07-02T23:46:27.267+0000] {logging_mixin.py:190} INFO - [2025-07-02T23:46:27.267+0000] {dag.py:4180} INFO - Setting next_dagrun for example_skip_dag to 2025-07-01 00:00:00+00:00, run_after=2025-07-02 00:00:00+00:00
[2025-07-02T23:46:27.286+0000] {processor.py:208} INFO - Processing /home/airflow/.local/lib/python3.12/site-packages/airflow/example_dags/example_skip_dag.py took 0.089 seconds
[2025-07-02T23:46:58.212+0000] {processor.py:186} INFO - Started process (PID=2321) to work on /home/airflow/.local/lib/python3.12/site-packages/airflow/example_dags/example_skip_dag.py
[2025-07-02T23:46:58.213+0000] {processor.py:914} INFO - Processing file /home/airflow/.local/lib/python3.12/site-packages/airflow/example_dags/example_skip_dag.py for tasks to queue
[2025-07-02T23:46:58.216+0000] {logging_mixin.py:190} INFO - [2025-07-02T23:46:58.216+0000] {dagbag.py:588} INFO - Filling up the DagBag from /home/airflow/.local/lib/python3.12/site-packages/airflow/example_dags/example_skip_dag.py
[2025-07-02T23:46:58.227+0000] {processor.py:925} INFO - DAG(s) 'example_skip_dag' retrieved from /home/airflow/.local/lib/python3.12/site-packages/airflow/example_dags/example_skip_dag.py
[2025-07-02T23:46:58.253+0000] {logging_mixin.py:190} INFO - [2025-07-02T23:46:58.252+0000] {dag.py:3239} INFO - Sync 1 DAGs
[2025-07-02T23:46:58.284+0000] {logging_mixin.py:190} INFO - [2025-07-02T23:46:58.284+0000] {dag.py:4180} INFO - Setting next_dagrun for example_skip_dag to 2025-07-01 00:00:00+00:00, run_after=2025-07-02 00:00:00+00:00
[2025-07-02T23:46:58.302+0000] {processor.py:208} INFO - Processing /home/airflow/.local/lib/python3.12/site-packages/airflow/example_dags/example_skip_dag.py took 0.096 seconds
[2025-07-02T23:47:28.559+0000] {processor.py:186} INFO - Started process (PID=2382) to work on /home/airflow/.local/lib/python3.12/site-packages/airflow/example_dags/example_skip_dag.py
[2025-07-02T23:47:28.560+0000] {processor.py:914} INFO - Processing file /home/airflow/.local/lib/python3.12/site-packages/airflow/example_dags/example_skip_dag.py for tasks to queue
[2025-07-02T23:47:28.564+0000] {logging_mixin.py:190} INFO - [2025-07-02T23:47:28.563+0000] {dagbag.py:588} INFO - Filling up the DagBag from /home/airflow/.local/lib/python3.12/site-packages/airflow/example_dags/example_skip_dag.py
[2025-07-02T23:47:28.573+0000] {processor.py:925} INFO - DAG(s) 'example_skip_dag' retrieved from /home/airflow/.local/lib/python3.12/site-packages/airflow/example_dags/example_skip_dag.py
[2025-07-02T23:47:28.598+0000] {logging_mixin.py:190} INFO - [2025-07-02T23:47:28.597+0000] {dag.py:3239} INFO - Sync 1 DAGs
[2025-07-02T23:47:28.623+0000] {logging_mixin.py:190} INFO - [2025-07-02T23:47:28.623+0000] {dag.py:4180} INFO - Setting next_dagrun for example_skip_dag to 2025-07-01 00:00:00+00:00, run_after=2025-07-02 00:00:00+00:00
[2025-07-02T23:47:28.641+0000] {processor.py:208} INFO - Processing /home/airflow/.local/lib/python3.12/site-packages/airflow/example_dags/example_skip_dag.py took 0.088 seconds
[2025-07-02T23:47:59.638+0000] {processor.py:186} INFO - Started process (PID=2445) to work on /home/airflow/.local/lib/python3.12/site-packages/airflow/example_dags/example_skip_dag.py
[2025-07-02T23:47:59.639+0000] {processor.py:914} INFO - Processing file /home/airflow/.local/lib/python3.12/site-packages/airflow/example_dags/example_skip_dag.py for tasks to queue
[2025-07-02T23:47:59.642+0000] {logging_mixin.py:190} INFO - [2025-07-02T23:47:59.641+0000] {dagbag.py:588} INFO - Filling up the DagBag from /home/airflow/.local/lib/python3.12/site-packages/airflow/example_dags/example_skip_dag.py
[2025-07-02T23:47:59.651+0000] {processor.py:925} INFO - DAG(s) 'example_skip_dag' retrieved from /home/airflow/.local/lib/python3.12/site-packages/airflow/example_dags/example_skip_dag.py
[2025-07-02T23:47:59.672+0000] {logging_mixin.py:190} INFO - [2025-07-02T23:47:59.672+0000] {dag.py:3239} INFO - Sync 1 DAGs
[2025-07-02T23:47:59.699+0000] {logging_mixin.py:190} INFO - [2025-07-02T23:47:59.699+0000] {dag.py:4180} INFO - Setting next_dagrun for example_skip_dag to 2025-07-01 00:00:00+00:00, run_after=2025-07-02 00:00:00+00:00
[2025-07-02T23:47:59.720+0000] {processor.py:208} INFO - Processing /home/airflow/.local/lib/python3.12/site-packages/airflow/example_dags/example_skip_dag.py took 0.092 seconds
[2025-07-02T23:48:29.865+0000] {processor.py:186} INFO - Started process (PID=2506) to work on /home/airflow/.local/lib/python3.12/site-packages/airflow/example_dags/example_skip_dag.py
[2025-07-02T23:48:29.866+0000] {processor.py:914} INFO - Processing file /home/airflow/.local/lib/python3.12/site-packages/airflow/example_dags/example_skip_dag.py for tasks to queue
[2025-07-02T23:48:29.869+0000] {logging_mixin.py:190} INFO - [2025-07-02T23:48:29.868+0000] {dagbag.py:588} INFO - Filling up the DagBag from /home/airflow/.local/lib/python3.12/site-packages/airflow/example_dags/example_skip_dag.py
[2025-07-02T23:48:29.876+0000] {processor.py:925} INFO - DAG(s) 'example_skip_dag' retrieved from /home/airflow/.local/lib/python3.12/site-packages/airflow/example_dags/example_skip_dag.py
[2025-07-02T23:48:29.898+0000] {logging_mixin.py:190} INFO - [2025-07-02T23:48:29.897+0000] {dag.py:3239} INFO - Sync 1 DAGs
[2025-07-02T23:48:29.922+0000] {logging_mixin.py:190} INFO - [2025-07-02T23:48:29.921+0000] {dag.py:4180} INFO - Setting next_dagrun for example_skip_dag to 2025-07-01 00:00:00+00:00, run_after=2025-07-02 00:00:00+00:00
[2025-07-02T23:48:29.938+0000] {processor.py:208} INFO - Processing /home/airflow/.local/lib/python3.12/site-packages/airflow/example_dags/example_skip_dag.py took 0.079 seconds
[2025-07-02T23:49:00.195+0000] {processor.py:186} INFO - Started process (PID=2568) to work on /home/airflow/.local/lib/python3.12/site-packages/airflow/example_dags/example_skip_dag.py
[2025-07-02T23:49:00.196+0000] {processor.py:914} INFO - Processing file /home/airflow/.local/lib/python3.12/site-packages/airflow/example_dags/example_skip_dag.py for tasks to queue
[2025-07-02T23:49:00.199+0000] {logging_mixin.py:190} INFO - [2025-07-02T23:49:00.198+0000] {dagbag.py:588} INFO - Filling up the DagBag from /home/airflow/.local/lib/python3.12/site-packages/airflow/example_dags/example_skip_dag.py
[2025-07-02T23:49:00.206+0000] {processor.py:925} INFO - DAG(s) 'example_skip_dag' retrieved from /home/airflow/.local/lib/python3.12/site-packages/airflow/example_dags/example_skip_dag.py
[2025-07-02T23:49:00.227+0000] {logging_mixin.py:190} INFO - [2025-07-02T23:49:00.226+0000] {dag.py:3239} INFO - Sync 1 DAGs
[2025-07-02T23:49:00.248+0000] {logging_mixin.py:190} INFO - [2025-07-02T23:49:00.248+0000] {dag.py:4180} INFO - Setting next_dagrun for example_skip_dag to 2025-07-01 00:00:00+00:00, run_after=2025-07-02 00:00:00+00:00
[2025-07-02T23:49:00.265+0000] {processor.py:208} INFO - Processing /home/airflow/.local/lib/python3.12/site-packages/airflow/example_dags/example_skip_dag.py took 0.074 seconds
[2025-07-02T23:49:30.638+0000] {processor.py:186} INFO - Started process (PID=2630) to work on /home/airflow/.local/lib/python3.12/site-packages/airflow/example_dags/example_skip_dag.py
[2025-07-02T23:49:30.639+0000] {processor.py:914} INFO - Processing file /home/airflow/.local/lib/python3.12/site-packages/airflow/example_dags/example_skip_dag.py for tasks to queue
[2025-07-02T23:49:30.643+0000] {logging_mixin.py:190} INFO - [2025-07-02T23:49:30.642+0000] {dagbag.py:588} INFO - Filling up the DagBag from /home/airflow/.local/lib/python3.12/site-packages/airflow/example_dags/example_skip_dag.py
[2025-07-02T23:49:30.656+0000] {processor.py:925} INFO - DAG(s) 'example_skip_dag' retrieved from /home/airflow/.local/lib/python3.12/site-packages/airflow/example_dags/example_skip_dag.py
[2025-07-02T23:49:30.692+0000] {logging_mixin.py:190} INFO - [2025-07-02T23:49:30.691+0000] {dag.py:3239} INFO - Sync 1 DAGs
[2025-07-02T23:49:30.749+0000] {logging_mixin.py:190} INFO - [2025-07-02T23:49:30.749+0000] {dag.py:4180} INFO - Setting next_dagrun for example_skip_dag to 2025-07-01 00:00:00+00:00, run_after=2025-07-02 00:00:00+00:00
[2025-07-02T23:49:30.777+0000] {processor.py:208} INFO - Processing /home/airflow/.local/lib/python3.12/site-packages/airflow/example_dags/example_skip_dag.py took 0.146 seconds
[2025-07-02T23:50:00.993+0000] {processor.py:186} INFO - Started process (PID=2692) to work on /home/airflow/.local/lib/python3.12/site-packages/airflow/example_dags/example_skip_dag.py
[2025-07-02T23:50:00.994+0000] {processor.py:914} INFO - Processing file /home/airflow/.local/lib/python3.12/site-packages/airflow/example_dags/example_skip_dag.py for tasks to queue
[2025-07-02T23:50:00.997+0000] {logging_mixin.py:190} INFO - [2025-07-02T23:50:00.996+0000] {dagbag.py:588} INFO - Filling up the DagBag from /home/airflow/.local/lib/python3.12/site-packages/airflow/example_dags/example_skip_dag.py
[2025-07-02T23:50:01.004+0000] {processor.py:925} INFO - DAG(s) 'example_skip_dag' retrieved from /home/airflow/.local/lib/python3.12/site-packages/airflow/example_dags/example_skip_dag.py
[2025-07-02T23:50:01.031+0000] {logging_mixin.py:190} INFO - [2025-07-02T23:50:01.031+0000] {dag.py:3239} INFO - Sync 1 DAGs
[2025-07-02T23:50:01.053+0000] {logging_mixin.py:190} INFO - [2025-07-02T23:50:01.053+0000] {dag.py:4180} INFO - Setting next_dagrun for example_skip_dag to 2025-07-01 00:00:00+00:00, run_after=2025-07-02 00:00:00+00:00
[2025-07-02T23:50:01.072+0000] {processor.py:208} INFO - Processing /home/airflow/.local/lib/python3.12/site-packages/airflow/example_dags/example_skip_dag.py took 0.083 seconds
[2025-07-02T23:50:31.613+0000] {processor.py:186} INFO - Started process (PID=2754) to work on /home/airflow/.local/lib/python3.12/site-packages/airflow/example_dags/example_skip_dag.py
[2025-07-02T23:50:31.614+0000] {processor.py:914} INFO - Processing file /home/airflow/.local/lib/python3.12/site-packages/airflow/example_dags/example_skip_dag.py for tasks to queue
[2025-07-02T23:50:31.616+0000] {logging_mixin.py:190} INFO - [2025-07-02T23:50:31.616+0000] {dagbag.py:588} INFO - Filling up the DagBag from /home/airflow/.local/lib/python3.12/site-packages/airflow/example_dags/example_skip_dag.py
[2025-07-02T23:50:31.623+0000] {processor.py:925} INFO - DAG(s) 'example_skip_dag' retrieved from /home/airflow/.local/lib/python3.12/site-packages/airflow/example_dags/example_skip_dag.py
[2025-07-02T23:50:31.646+0000] {logging_mixin.py:190} INFO - [2025-07-02T23:50:31.646+0000] {dag.py:3239} INFO - Sync 1 DAGs
[2025-07-02T23:50:31.674+0000] {logging_mixin.py:190} INFO - [2025-07-02T23:50:31.674+0000] {dag.py:4180} INFO - Setting next_dagrun for example_skip_dag to 2025-07-01 00:00:00+00:00, run_after=2025-07-02 00:00:00+00:00
[2025-07-02T23:50:31.693+0000] {processor.py:208} INFO - Processing /home/airflow/.local/lib/python3.12/site-packages/airflow/example_dags/example_skip_dag.py took 0.086 seconds
[2025-07-02T23:51:01.777+0000] {processor.py:186} INFO - Started process (PID=2816) to work on /home/airflow/.local/lib/python3.12/site-packages/airflow/example_dags/example_skip_dag.py
[2025-07-02T23:51:01.778+0000] {processor.py:914} INFO - Processing file /home/airflow/.local/lib/python3.12/site-packages/airflow/example_dags/example_skip_dag.py for tasks to queue
[2025-07-02T23:51:01.780+0000] {logging_mixin.py:190} INFO - [2025-07-02T23:51:01.780+0000] {dagbag.py:588} INFO - Filling up the DagBag from /home/airflow/.local/lib/python3.12/site-packages/airflow/example_dags/example_skip_dag.py
[2025-07-02T23:51:01.789+0000] {processor.py:925} INFO - DAG(s) 'example_skip_dag' retrieved from /home/airflow/.local/lib/python3.12/site-packages/airflow/example_dags/example_skip_dag.py
[2025-07-02T23:51:01.809+0000] {logging_mixin.py:190} INFO - [2025-07-02T23:51:01.809+0000] {dag.py:3239} INFO - Sync 1 DAGs
[2025-07-02T23:51:01.830+0000] {logging_mixin.py:190} INFO - [2025-07-02T23:51:01.830+0000] {dag.py:4180} INFO - Setting next_dagrun for example_skip_dag to 2025-07-01 00:00:00+00:00, run_after=2025-07-02 00:00:00+00:00
[2025-07-02T23:51:01.848+0000] {processor.py:208} INFO - Processing /home/airflow/.local/lib/python3.12/site-packages/airflow/example_dags/example_skip_dag.py took 0.077 seconds
[2025-07-02T23:51:32.068+0000] {processor.py:186} INFO - Started process (PID=2878) to work on /home/airflow/.local/lib/python3.12/site-packages/airflow/example_dags/example_skip_dag.py
[2025-07-02T23:51:32.069+0000] {processor.py:914} INFO - Processing file /home/airflow/.local/lib/python3.12/site-packages/airflow/example_dags/example_skip_dag.py for tasks to queue
[2025-07-02T23:51:32.071+0000] {logging_mixin.py:190} INFO - [2025-07-02T23:51:32.071+0000] {dagbag.py:588} INFO - Filling up the DagBag from /home/airflow/.local/lib/python3.12/site-packages/airflow/example_dags/example_skip_dag.py
[2025-07-02T23:51:32.078+0000] {processor.py:925} INFO - DAG(s) 'example_skip_dag' retrieved from /home/airflow/.local/lib/python3.12/site-packages/airflow/example_dags/example_skip_dag.py
[2025-07-02T23:51:32.103+0000] {logging_mixin.py:190} INFO - [2025-07-02T23:51:32.103+0000] {dag.py:3239} INFO - Sync 1 DAGs
[2025-07-02T23:51:32.126+0000] {logging_mixin.py:190} INFO - [2025-07-02T23:51:32.126+0000] {dag.py:4180} INFO - Setting next_dagrun for example_skip_dag to 2025-07-01 00:00:00+00:00, run_after=2025-07-02 00:00:00+00:00
[2025-07-02T23:51:32.156+0000] {processor.py:208} INFO - Processing /home/airflow/.local/lib/python3.12/site-packages/airflow/example_dags/example_skip_dag.py took 0.094 seconds
[2025-07-02T23:52:02.668+0000] {processor.py:186} INFO - Started process (PID=2941) to work on /home/airflow/.local/lib/python3.12/site-packages/airflow/example_dags/example_skip_dag.py
[2025-07-02T23:52:02.670+0000] {processor.py:914} INFO - Processing file /home/airflow/.local/lib/python3.12/site-packages/airflow/example_dags/example_skip_dag.py for tasks to queue
[2025-07-02T23:52:02.673+0000] {logging_mixin.py:190} INFO - [2025-07-02T23:52:02.673+0000] {dagbag.py:588} INFO - Filling up the DagBag from /home/airflow/.local/lib/python3.12/site-packages/airflow/example_dags/example_skip_dag.py
[2025-07-02T23:52:02.683+0000] {processor.py:925} INFO - DAG(s) 'example_skip_dag' retrieved from /home/airflow/.local/lib/python3.12/site-packages/airflow/example_dags/example_skip_dag.py
[2025-07-02T23:52:02.723+0000] {logging_mixin.py:190} INFO - [2025-07-02T23:52:02.723+0000] {dag.py:3239} INFO - Sync 1 DAGs
[2025-07-02T23:52:02.772+0000] {logging_mixin.py:190} INFO - [2025-07-02T23:52:02.772+0000] {dag.py:4180} INFO - Setting next_dagrun for example_skip_dag to 2025-07-01 00:00:00+00:00, run_after=2025-07-02 00:00:00+00:00
[2025-07-02T23:52:02.810+0000] {processor.py:208} INFO - Processing /home/airflow/.local/lib/python3.12/site-packages/airflow/example_dags/example_skip_dag.py took 0.151 seconds
[2025-07-02T23:52:32.895+0000] {processor.py:186} INFO - Started process (PID=3002) to work on /home/airflow/.local/lib/python3.12/site-packages/airflow/example_dags/example_skip_dag.py
[2025-07-02T23:52:32.897+0000] {processor.py:914} INFO - Processing file /home/airflow/.local/lib/python3.12/site-packages/airflow/example_dags/example_skip_dag.py for tasks to queue
[2025-07-02T23:52:32.900+0000] {logging_mixin.py:190} INFO - [2025-07-02T23:52:32.900+0000] {dagbag.py:588} INFO - Filling up the DagBag from /home/airflow/.local/lib/python3.12/site-packages/airflow/example_dags/example_skip_dag.py
[2025-07-02T23:52:32.909+0000] {processor.py:925} INFO - DAG(s) 'example_skip_dag' retrieved from /home/airflow/.local/lib/python3.12/site-packages/airflow/example_dags/example_skip_dag.py
[2025-07-02T23:52:32.930+0000] {logging_mixin.py:190} INFO - [2025-07-02T23:52:32.929+0000] {dag.py:3239} INFO - Sync 1 DAGs
[2025-07-02T23:52:32.952+0000] {logging_mixin.py:190} INFO - [2025-07-02T23:52:32.952+0000] {dag.py:4180} INFO - Setting next_dagrun for example_skip_dag to 2025-07-01 00:00:00+00:00, run_after=2025-07-02 00:00:00+00:00
[2025-07-02T23:52:32.968+0000] {processor.py:208} INFO - Processing /home/airflow/.local/lib/python3.12/site-packages/airflow/example_dags/example_skip_dag.py took 0.081 seconds
[2025-07-02T23:53:03.276+0000] {processor.py:186} INFO - Started process (PID=3065) to work on /home/airflow/.local/lib/python3.12/site-packages/airflow/example_dags/example_skip_dag.py
[2025-07-02T23:53:03.277+0000] {processor.py:914} INFO - Processing file /home/airflow/.local/lib/python3.12/site-packages/airflow/example_dags/example_skip_dag.py for tasks to queue
[2025-07-02T23:53:03.279+0000] {logging_mixin.py:190} INFO - [2025-07-02T23:53:03.279+0000] {dagbag.py:588} INFO - Filling up the DagBag from /home/airflow/.local/lib/python3.12/site-packages/airflow/example_dags/example_skip_dag.py
[2025-07-02T23:53:03.287+0000] {processor.py:925} INFO - DAG(s) 'example_skip_dag' retrieved from /home/airflow/.local/lib/python3.12/site-packages/airflow/example_dags/example_skip_dag.py
[2025-07-02T23:53:03.308+0000] {logging_mixin.py:190} INFO - [2025-07-02T23:53:03.308+0000] {dag.py:3239} INFO - Sync 1 DAGs
[2025-07-02T23:53:03.334+0000] {logging_mixin.py:190} INFO - [2025-07-02T23:53:03.333+0000] {dag.py:4180} INFO - Setting next_dagrun for example_skip_dag to 2025-07-01 00:00:00+00:00, run_after=2025-07-02 00:00:00+00:00
[2025-07-02T23:53:03.350+0000] {processor.py:208} INFO - Processing /home/airflow/.local/lib/python3.12/site-packages/airflow/example_dags/example_skip_dag.py took 0.080 seconds
[2025-07-02T23:53:34.052+0000] {processor.py:186} INFO - Started process (PID=3127) to work on /home/airflow/.local/lib/python3.12/site-packages/airflow/example_dags/example_skip_dag.py
[2025-07-02T23:53:34.053+0000] {processor.py:914} INFO - Processing file /home/airflow/.local/lib/python3.12/site-packages/airflow/example_dags/example_skip_dag.py for tasks to queue
[2025-07-02T23:53:34.056+0000] {logging_mixin.py:190} INFO - [2025-07-02T23:53:34.055+0000] {dagbag.py:588} INFO - Filling up the DagBag from /home/airflow/.local/lib/python3.12/site-packages/airflow/example_dags/example_skip_dag.py
[2025-07-02T23:53:34.063+0000] {processor.py:925} INFO - DAG(s) 'example_skip_dag' retrieved from /home/airflow/.local/lib/python3.12/site-packages/airflow/example_dags/example_skip_dag.py
[2025-07-02T23:53:34.082+0000] {logging_mixin.py:190} INFO - [2025-07-02T23:53:34.082+0000] {dag.py:3239} INFO - Sync 1 DAGs
[2025-07-02T23:53:34.105+0000] {logging_mixin.py:190} INFO - [2025-07-02T23:53:34.105+0000] {dag.py:4180} INFO - Setting next_dagrun for example_skip_dag to 2025-07-01 00:00:00+00:00, run_after=2025-07-02 00:00:00+00:00
[2025-07-02T23:53:34.124+0000] {processor.py:208} INFO - Processing /home/airflow/.local/lib/python3.12/site-packages/airflow/example_dags/example_skip_dag.py took 0.078 seconds
[2025-07-02T23:54:05.378+0000] {processor.py:186} INFO - Started process (PID=3195) to work on /home/airflow/.local/lib/python3.12/site-packages/airflow/example_dags/example_skip_dag.py
[2025-07-02T23:54:05.379+0000] {processor.py:914} INFO - Processing file /home/airflow/.local/lib/python3.12/site-packages/airflow/example_dags/example_skip_dag.py for tasks to queue
[2025-07-02T23:54:05.381+0000] {logging_mixin.py:190} INFO - [2025-07-02T23:54:05.381+0000] {dagbag.py:588} INFO - Filling up the DagBag from /home/airflow/.local/lib/python3.12/site-packages/airflow/example_dags/example_skip_dag.py
[2025-07-02T23:54:05.388+0000] {processor.py:925} INFO - DAG(s) 'example_skip_dag' retrieved from /home/airflow/.local/lib/python3.12/site-packages/airflow/example_dags/example_skip_dag.py
[2025-07-02T23:54:05.408+0000] {logging_mixin.py:190} INFO - [2025-07-02T23:54:05.407+0000] {dag.py:3239} INFO - Sync 1 DAGs
[2025-07-02T23:54:05.429+0000] {logging_mixin.py:190} INFO - [2025-07-02T23:54:05.429+0000] {dag.py:4180} INFO - Setting next_dagrun for example_skip_dag to 2025-07-01 00:00:00+00:00, run_after=2025-07-02 00:00:00+00:00
[2025-07-02T23:54:05.448+0000] {processor.py:208} INFO - Processing /home/airflow/.local/lib/python3.12/site-packages/airflow/example_dags/example_skip_dag.py took 0.075 seconds
[2025-07-02T23:54:36.698+0000] {processor.py:186} INFO - Started process (PID=3257) to work on /home/airflow/.local/lib/python3.12/site-packages/airflow/example_dags/example_skip_dag.py
[2025-07-02T23:54:36.699+0000] {processor.py:914} INFO - Processing file /home/airflow/.local/lib/python3.12/site-packages/airflow/example_dags/example_skip_dag.py for tasks to queue
[2025-07-02T23:54:36.702+0000] {logging_mixin.py:190} INFO - [2025-07-02T23:54:36.701+0000] {dagbag.py:588} INFO - Filling up the DagBag from /home/airflow/.local/lib/python3.12/site-packages/airflow/example_dags/example_skip_dag.py
[2025-07-02T23:54:36.709+0000] {processor.py:925} INFO - DAG(s) 'example_skip_dag' retrieved from /home/airflow/.local/lib/python3.12/site-packages/airflow/example_dags/example_skip_dag.py
[2025-07-02T23:54:36.729+0000] {logging_mixin.py:190} INFO - [2025-07-02T23:54:36.728+0000] {dag.py:3239} INFO - Sync 1 DAGs
[2025-07-02T23:54:36.751+0000] {logging_mixin.py:190} INFO - [2025-07-02T23:54:36.751+0000] {dag.py:4180} INFO - Setting next_dagrun for example_skip_dag to 2025-07-01 00:00:00+00:00, run_after=2025-07-02 00:00:00+00:00
[2025-07-02T23:54:36.772+0000] {processor.py:208} INFO - Processing /home/airflow/.local/lib/python3.12/site-packages/airflow/example_dags/example_skip_dag.py took 0.079 seconds
[2025-07-02T23:55:08.030+0000] {processor.py:186} INFO - Started process (PID=3319) to work on /home/airflow/.local/lib/python3.12/site-packages/airflow/example_dags/example_skip_dag.py
[2025-07-02T23:55:08.032+0000] {processor.py:914} INFO - Processing file /home/airflow/.local/lib/python3.12/site-packages/airflow/example_dags/example_skip_dag.py for tasks to queue
[2025-07-02T23:55:08.035+0000] {logging_mixin.py:190} INFO - [2025-07-02T23:55:08.034+0000] {dagbag.py:588} INFO - Filling up the DagBag from /home/airflow/.local/lib/python3.12/site-packages/airflow/example_dags/example_skip_dag.py
[2025-07-02T23:55:08.042+0000] {processor.py:925} INFO - DAG(s) 'example_skip_dag' retrieved from /home/airflow/.local/lib/python3.12/site-packages/airflow/example_dags/example_skip_dag.py
[2025-07-02T23:55:08.063+0000] {logging_mixin.py:190} INFO - [2025-07-02T23:55:08.063+0000] {dag.py:3239} INFO - Sync 1 DAGs
[2025-07-02T23:55:08.088+0000] {logging_mixin.py:190} INFO - [2025-07-02T23:55:08.088+0000] {dag.py:4180} INFO - Setting next_dagrun for example_skip_dag to 2025-07-01 00:00:00+00:00, run_after=2025-07-02 00:00:00+00:00
[2025-07-02T23:55:08.107+0000] {processor.py:208} INFO - Processing /home/airflow/.local/lib/python3.12/site-packages/airflow/example_dags/example_skip_dag.py took 0.083 seconds
[2025-07-02T23:55:38.594+0000] {processor.py:186} INFO - Started process (PID=3381) to work on /home/airflow/.local/lib/python3.12/site-packages/airflow/example_dags/example_skip_dag.py
[2025-07-02T23:55:38.595+0000] {processor.py:914} INFO - Processing file /home/airflow/.local/lib/python3.12/site-packages/airflow/example_dags/example_skip_dag.py for tasks to queue
[2025-07-02T23:55:38.598+0000] {logging_mixin.py:190} INFO - [2025-07-02T23:55:38.597+0000] {dagbag.py:588} INFO - Filling up the DagBag from /home/airflow/.local/lib/python3.12/site-packages/airflow/example_dags/example_skip_dag.py
[2025-07-02T23:55:38.606+0000] {processor.py:925} INFO - DAG(s) 'example_skip_dag' retrieved from /home/airflow/.local/lib/python3.12/site-packages/airflow/example_dags/example_skip_dag.py
[2025-07-02T23:55:38.627+0000] {logging_mixin.py:190} INFO - [2025-07-02T23:55:38.627+0000] {dag.py:3239} INFO - Sync 1 DAGs
[2025-07-02T23:55:38.650+0000] {logging_mixin.py:190} INFO - [2025-07-02T23:55:38.650+0000] {dag.py:4180} INFO - Setting next_dagrun for example_skip_dag to 2025-07-01 00:00:00+00:00, run_after=2025-07-02 00:00:00+00:00
[2025-07-02T23:55:38.668+0000] {processor.py:208} INFO - Processing /home/airflow/.local/lib/python3.12/site-packages/airflow/example_dags/example_skip_dag.py took 0.080 seconds
[2025-07-02T23:56:09.296+0000] {processor.py:186} INFO - Started process (PID=3443) to work on /home/airflow/.local/lib/python3.12/site-packages/airflow/example_dags/example_skip_dag.py
[2025-07-02T23:56:09.297+0000] {processor.py:914} INFO - Processing file /home/airflow/.local/lib/python3.12/site-packages/airflow/example_dags/example_skip_dag.py for tasks to queue
[2025-07-02T23:56:09.299+0000] {logging_mixin.py:190} INFO - [2025-07-02T23:56:09.299+0000] {dagbag.py:588} INFO - Filling up the DagBag from /home/airflow/.local/lib/python3.12/site-packages/airflow/example_dags/example_skip_dag.py
[2025-07-02T23:56:09.307+0000] {processor.py:925} INFO - DAG(s) 'example_skip_dag' retrieved from /home/airflow/.local/lib/python3.12/site-packages/airflow/example_dags/example_skip_dag.py
[2025-07-02T23:56:09.327+0000] {logging_mixin.py:190} INFO - [2025-07-02T23:56:09.326+0000] {dag.py:3239} INFO - Sync 1 DAGs
[2025-07-02T23:56:09.589+0000] {logging_mixin.py:190} INFO - [2025-07-02T23:56:09.589+0000] {dag.py:4180} INFO - Setting next_dagrun for example_skip_dag to 2025-07-01 00:00:00+00:00, run_after=2025-07-02 00:00:00+00:00
[2025-07-02T23:56:09.609+0000] {processor.py:208} INFO - Processing /home/airflow/.local/lib/python3.12/site-packages/airflow/example_dags/example_skip_dag.py took 0.320 seconds
[2025-07-02T23:56:39.657+0000] {processor.py:186} INFO - Started process (PID=3505) to work on /home/airflow/.local/lib/python3.12/site-packages/airflow/example_dags/example_skip_dag.py
[2025-07-02T23:56:39.658+0000] {processor.py:914} INFO - Processing file /home/airflow/.local/lib/python3.12/site-packages/airflow/example_dags/example_skip_dag.py for tasks to queue
[2025-07-02T23:56:39.660+0000] {logging_mixin.py:190} INFO - [2025-07-02T23:56:39.660+0000] {dagbag.py:588} INFO - Filling up the DagBag from /home/airflow/.local/lib/python3.12/site-packages/airflow/example_dags/example_skip_dag.py
[2025-07-02T23:56:39.668+0000] {processor.py:925} INFO - DAG(s) 'example_skip_dag' retrieved from /home/airflow/.local/lib/python3.12/site-packages/airflow/example_dags/example_skip_dag.py
[2025-07-02T23:56:39.688+0000] {logging_mixin.py:190} INFO - [2025-07-02T23:56:39.688+0000] {dag.py:3239} INFO - Sync 1 DAGs
[2025-07-02T23:56:39.860+0000] {logging_mixin.py:190} INFO - [2025-07-02T23:56:39.860+0000] {dag.py:4180} INFO - Setting next_dagrun for example_skip_dag to 2025-07-01 00:00:00+00:00, run_after=2025-07-02 00:00:00+00:00
[2025-07-02T23:56:39.880+0000] {processor.py:208} INFO - Processing /home/airflow/.local/lib/python3.12/site-packages/airflow/example_dags/example_skip_dag.py took 0.228 seconds
[2025-07-02T23:57:10.672+0000] {processor.py:186} INFO - Started process (PID=3567) to work on /home/airflow/.local/lib/python3.12/site-packages/airflow/example_dags/example_skip_dag.py
[2025-07-02T23:57:10.673+0000] {processor.py:914} INFO - Processing file /home/airflow/.local/lib/python3.12/site-packages/airflow/example_dags/example_skip_dag.py for tasks to queue
[2025-07-02T23:57:10.676+0000] {logging_mixin.py:190} INFO - [2025-07-02T23:57:10.675+0000] {dagbag.py:588} INFO - Filling up the DagBag from /home/airflow/.local/lib/python3.12/site-packages/airflow/example_dags/example_skip_dag.py
[2025-07-02T23:57:10.684+0000] {processor.py:925} INFO - DAG(s) 'example_skip_dag' retrieved from /home/airflow/.local/lib/python3.12/site-packages/airflow/example_dags/example_skip_dag.py
[2025-07-02T23:57:10.706+0000] {logging_mixin.py:190} INFO - [2025-07-02T23:57:10.706+0000] {dag.py:3239} INFO - Sync 1 DAGs
[2025-07-02T23:57:10.732+0000] {logging_mixin.py:190} INFO - [2025-07-02T23:57:10.731+0000] {dag.py:4180} INFO - Setting next_dagrun for example_skip_dag to 2025-07-01 00:00:00+00:00, run_after=2025-07-02 00:00:00+00:00
[2025-07-02T23:57:10.749+0000] {processor.py:208} INFO - Processing /home/airflow/.local/lib/python3.12/site-packages/airflow/example_dags/example_skip_dag.py took 0.082 seconds
[2025-07-02T23:57:41.303+0000] {processor.py:186} INFO - Started process (PID=3629) to work on /home/airflow/.local/lib/python3.12/site-packages/airflow/example_dags/example_skip_dag.py
[2025-07-02T23:57:41.304+0000] {processor.py:914} INFO - Processing file /home/airflow/.local/lib/python3.12/site-packages/airflow/example_dags/example_skip_dag.py for tasks to queue
[2025-07-02T23:57:41.306+0000] {logging_mixin.py:190} INFO - [2025-07-02T23:57:41.306+0000] {dagbag.py:588} INFO - Filling up the DagBag from /home/airflow/.local/lib/python3.12/site-packages/airflow/example_dags/example_skip_dag.py
[2025-07-02T23:57:41.314+0000] {processor.py:925} INFO - DAG(s) 'example_skip_dag' retrieved from /home/airflow/.local/lib/python3.12/site-packages/airflow/example_dags/example_skip_dag.py
[2025-07-02T23:57:41.335+0000] {logging_mixin.py:190} INFO - [2025-07-02T23:57:41.334+0000] {dag.py:3239} INFO - Sync 1 DAGs
[2025-07-02T23:57:41.363+0000] {logging_mixin.py:190} INFO - [2025-07-02T23:57:41.363+0000] {dag.py:4180} INFO - Setting next_dagrun for example_skip_dag to 2025-07-01 00:00:00+00:00, run_after=2025-07-02 00:00:00+00:00
[2025-07-02T23:57:41.381+0000] {processor.py:208} INFO - Processing /home/airflow/.local/lib/python3.12/site-packages/airflow/example_dags/example_skip_dag.py took 0.084 seconds
[2025-07-02T23:58:11.959+0000] {processor.py:186} INFO - Started process (PID=3691) to work on /home/airflow/.local/lib/python3.12/site-packages/airflow/example_dags/example_skip_dag.py
[2025-07-02T23:58:11.960+0000] {processor.py:914} INFO - Processing file /home/airflow/.local/lib/python3.12/site-packages/airflow/example_dags/example_skip_dag.py for tasks to queue
[2025-07-02T23:58:11.963+0000] {logging_mixin.py:190} INFO - [2025-07-02T23:58:11.963+0000] {dagbag.py:588} INFO - Filling up the DagBag from /home/airflow/.local/lib/python3.12/site-packages/airflow/example_dags/example_skip_dag.py
[2025-07-02T23:58:11.970+0000] {processor.py:925} INFO - DAG(s) 'example_skip_dag' retrieved from /home/airflow/.local/lib/python3.12/site-packages/airflow/example_dags/example_skip_dag.py
[2025-07-02T23:58:11.990+0000] {logging_mixin.py:190} INFO - [2025-07-02T23:58:11.990+0000] {dag.py:3239} INFO - Sync 1 DAGs
[2025-07-02T23:58:12.013+0000] {logging_mixin.py:190} INFO - [2025-07-02T23:58:12.013+0000] {dag.py:4180} INFO - Setting next_dagrun for example_skip_dag to 2025-07-01 00:00:00+00:00, run_after=2025-07-02 00:00:00+00:00
[2025-07-02T23:58:12.032+0000] {processor.py:208} INFO - Processing /home/airflow/.local/lib/python3.12/site-packages/airflow/example_dags/example_skip_dag.py took 0.081 seconds
[2025-07-02T23:58:42.328+0000] {processor.py:186} INFO - Started process (PID=3753) to work on /home/airflow/.local/lib/python3.12/site-packages/airflow/example_dags/example_skip_dag.py
[2025-07-02T23:58:42.329+0000] {processor.py:914} INFO - Processing file /home/airflow/.local/lib/python3.12/site-packages/airflow/example_dags/example_skip_dag.py for tasks to queue
[2025-07-02T23:58:42.332+0000] {logging_mixin.py:190} INFO - [2025-07-02T23:58:42.331+0000] {dagbag.py:588} INFO - Filling up the DagBag from /home/airflow/.local/lib/python3.12/site-packages/airflow/example_dags/example_skip_dag.py
[2025-07-02T23:58:42.341+0000] {processor.py:925} INFO - DAG(s) 'example_skip_dag' retrieved from /home/airflow/.local/lib/python3.12/site-packages/airflow/example_dags/example_skip_dag.py
[2025-07-02T23:58:42.365+0000] {logging_mixin.py:190} INFO - [2025-07-02T23:58:42.365+0000] {dag.py:3239} INFO - Sync 1 DAGs
[2025-07-02T23:58:42.391+0000] {logging_mixin.py:190} INFO - [2025-07-02T23:58:42.391+0000] {dag.py:4180} INFO - Setting next_dagrun for example_skip_dag to 2025-07-01 00:00:00+00:00, run_after=2025-07-02 00:00:00+00:00
[2025-07-02T23:58:42.410+0000] {processor.py:208} INFO - Processing /home/airflow/.local/lib/python3.12/site-packages/airflow/example_dags/example_skip_dag.py took 0.088 seconds
[2025-07-02T23:59:12.856+0000] {processor.py:186} INFO - Started process (PID=3815) to work on /home/airflow/.local/lib/python3.12/site-packages/airflow/example_dags/example_skip_dag.py
[2025-07-02T23:59:12.858+0000] {processor.py:914} INFO - Processing file /home/airflow/.local/lib/python3.12/site-packages/airflow/example_dags/example_skip_dag.py for tasks to queue
[2025-07-02T23:59:12.861+0000] {logging_mixin.py:190} INFO - [2025-07-02T23:59:12.860+0000] {dagbag.py:588} INFO - Filling up the DagBag from /home/airflow/.local/lib/python3.12/site-packages/airflow/example_dags/example_skip_dag.py
[2025-07-02T23:59:12.871+0000] {processor.py:925} INFO - DAG(s) 'example_skip_dag' retrieved from /home/airflow/.local/lib/python3.12/site-packages/airflow/example_dags/example_skip_dag.py
[2025-07-02T23:59:12.899+0000] {logging_mixin.py:190} INFO - [2025-07-02T23:59:12.898+0000] {dag.py:3239} INFO - Sync 1 DAGs
[2025-07-02T23:59:12.929+0000] {logging_mixin.py:190} INFO - [2025-07-02T23:59:12.929+0000] {dag.py:4180} INFO - Setting next_dagrun for example_skip_dag to 2025-07-01 00:00:00+00:00, run_after=2025-07-02 00:00:00+00:00
[2025-07-02T23:59:12.947+0000] {processor.py:208} INFO - Processing /home/airflow/.local/lib/python3.12/site-packages/airflow/example_dags/example_skip_dag.py took 0.098 seconds
[2025-07-02T23:59:43.412+0000] {processor.py:186} INFO - Started process (PID=3877) to work on /home/airflow/.local/lib/python3.12/site-packages/airflow/example_dags/example_skip_dag.py
[2025-07-02T23:59:43.414+0000] {processor.py:914} INFO - Processing file /home/airflow/.local/lib/python3.12/site-packages/airflow/example_dags/example_skip_dag.py for tasks to queue
[2025-07-02T23:59:43.417+0000] {logging_mixin.py:190} INFO - [2025-07-02T23:59:43.416+0000] {dagbag.py:588} INFO - Filling up the DagBag from /home/airflow/.local/lib/python3.12/site-packages/airflow/example_dags/example_skip_dag.py
[2025-07-02T23:59:43.424+0000] {processor.py:925} INFO - DAG(s) 'example_skip_dag' retrieved from /home/airflow/.local/lib/python3.12/site-packages/airflow/example_dags/example_skip_dag.py
[2025-07-02T23:59:43.444+0000] {logging_mixin.py:190} INFO - [2025-07-02T23:59:43.444+0000] {dag.py:3239} INFO - Sync 1 DAGs
[2025-07-02T23:59:43.467+0000] {logging_mixin.py:190} INFO - [2025-07-02T23:59:43.467+0000] {dag.py:4180} INFO - Setting next_dagrun for example_skip_dag to 2025-07-01 00:00:00+00:00, run_after=2025-07-02 00:00:00+00:00
[2025-07-02T23:59:43.484+0000] {processor.py:208} INFO - Processing /home/airflow/.local/lib/python3.12/site-packages/airflow/example_dags/example_skip_dag.py took 0.077 seconds
