[2025-07-02T23:28:52.550+0000] {processor.py:186} INFO - Started process (PID=125) to work on /home/airflow/.local/lib/python3.12/site-packages/airflow/example_dags/example_nested_branch_dag.py
[2025-07-02T23:28:52.564+0000] {processor.py:914} INFO - Processing file /home/airflow/.local/lib/python3.12/site-packages/airflow/example_dags/example_nested_branch_dag.py for tasks to queue
[2025-07-02T23:28:52.574+0000] {logging_mixin.py:190} INFO - [2025-07-02T23:28:52.574+0000] {dagbag.py:588} INFO - Filling up the DagBag from /home/airflow/.local/lib/python3.12/site-packages/airflow/example_dags/example_nested_branch_dag.py
[2025-07-02T23:28:52.651+0000] {processor.py:925} INFO - DAG(s) 'example_nested_branch_dag' retrieved from /home/airflow/.local/lib/python3.12/site-packages/airflow/example_dags/example_nested_branch_dag.py
[2025-07-02T23:28:53.068+0000] {logging_mixin.py:190} INFO - [2025-07-02T23:28:53.068+0000] {dag.py:3239} INFO - Sync 1 DAGs
[2025-07-02T23:28:53.218+0000] {logging_mixin.py:190} INFO - [2025-07-02T23:28:53.217+0000] {dag.py:4180} INFO - Setting next_dagrun for example_nested_branch_dag to 2025-07-01 00:00:00+00:00, run_after=2025-07-02 00:00:00+00:00
[2025-07-02T23:28:53.324+0000] {processor.py:208} INFO - Processing /home/airflow/.local/lib/python3.12/site-packages/airflow/example_dags/example_nested_branch_dag.py took 0.798 seconds
[2025-07-02T23:29:23.601+0000] {processor.py:186} INFO - Started process (PID=187) to work on /home/airflow/.local/lib/python3.12/site-packages/airflow/example_dags/example_nested_branch_dag.py
[2025-07-02T23:29:23.603+0000] {processor.py:914} INFO - Processing file /home/airflow/.local/lib/python3.12/site-packages/airflow/example_dags/example_nested_branch_dag.py for tasks to queue
[2025-07-02T23:29:23.609+0000] {logging_mixin.py:190} INFO - [2025-07-02T23:29:23.608+0000] {dagbag.py:588} INFO - Filling up the DagBag from /home/airflow/.local/lib/python3.12/site-packages/airflow/example_dags/example_nested_branch_dag.py
[2025-07-02T23:29:23.625+0000] {processor.py:925} INFO - DAG(s) 'example_nested_branch_dag' retrieved from /home/airflow/.local/lib/python3.12/site-packages/airflow/example_dags/example_nested_branch_dag.py
[2025-07-02T23:29:23.661+0000] {logging_mixin.py:190} INFO - [2025-07-02T23:29:23.661+0000] {dag.py:3239} INFO - Sync 1 DAGs
[2025-07-02T23:29:23.700+0000] {logging_mixin.py:190} INFO - [2025-07-02T23:29:23.700+0000] {dag.py:4180} INFO - Setting next_dagrun for example_nested_branch_dag to 2025-07-01 00:00:00+00:00, run_after=2025-07-02 00:00:00+00:00
[2025-07-02T23:29:23.731+0000] {processor.py:208} INFO - Processing /home/airflow/.local/lib/python3.12/site-packages/airflow/example_dags/example_nested_branch_dag.py took 0.140 seconds
[2025-07-02T23:29:54.076+0000] {processor.py:186} INFO - Started process (PID=249) to work on /home/airflow/.local/lib/python3.12/site-packages/airflow/example_dags/example_nested_branch_dag.py
[2025-07-02T23:29:54.085+0000] {processor.py:914} INFO - Processing file /home/airflow/.local/lib/python3.12/site-packages/airflow/example_dags/example_nested_branch_dag.py for tasks to queue
[2025-07-02T23:29:54.090+0000] {logging_mixin.py:190} INFO - [2025-07-02T23:29:54.090+0000] {dagbag.py:588} INFO - Filling up the DagBag from /home/airflow/.local/lib/python3.12/site-packages/airflow/example_dags/example_nested_branch_dag.py
[2025-07-02T23:29:54.110+0000] {processor.py:925} INFO - DAG(s) 'example_nested_branch_dag' retrieved from /home/airflow/.local/lib/python3.12/site-packages/airflow/example_dags/example_nested_branch_dag.py
[2025-07-02T23:29:54.150+0000] {logging_mixin.py:190} INFO - [2025-07-02T23:29:54.149+0000] {dag.py:3239} INFO - Sync 1 DAGs
[2025-07-02T23:29:54.192+0000] {logging_mixin.py:190} INFO - [2025-07-02T23:29:54.191+0000] {dag.py:4180} INFO - Setting next_dagrun for example_nested_branch_dag to 2025-07-01 00:00:00+00:00, run_after=2025-07-02 00:00:00+00:00
[2025-07-02T23:29:54.236+0000] {processor.py:208} INFO - Processing /home/airflow/.local/lib/python3.12/site-packages/airflow/example_dags/example_nested_branch_dag.py took 0.170 seconds
[2025-07-02T23:30:24.990+0000] {processor.py:186} INFO - Started process (PID=311) to work on /home/airflow/.local/lib/python3.12/site-packages/airflow/example_dags/example_nested_branch_dag.py
[2025-07-02T23:30:24.998+0000] {processor.py:914} INFO - Processing file /home/airflow/.local/lib/python3.12/site-packages/airflow/example_dags/example_nested_branch_dag.py for tasks to queue
[2025-07-02T23:30:25.002+0000] {logging_mixin.py:190} INFO - [2025-07-02T23:30:25.002+0000] {dagbag.py:588} INFO - Filling up the DagBag from /home/airflow/.local/lib/python3.12/site-packages/airflow/example_dags/example_nested_branch_dag.py
[2025-07-02T23:30:25.026+0000] {processor.py:925} INFO - DAG(s) 'example_nested_branch_dag' retrieved from /home/airflow/.local/lib/python3.12/site-packages/airflow/example_dags/example_nested_branch_dag.py
[2025-07-02T23:30:25.061+0000] {logging_mixin.py:190} INFO - [2025-07-02T23:30:25.061+0000] {dag.py:3239} INFO - Sync 1 DAGs
[2025-07-02T23:30:25.105+0000] {logging_mixin.py:190} INFO - [2025-07-02T23:30:25.104+0000] {dag.py:4180} INFO - Setting next_dagrun for example_nested_branch_dag to 2025-07-01 00:00:00+00:00, run_after=2025-07-02 00:00:00+00:00
[2025-07-02T23:30:25.137+0000] {processor.py:208} INFO - Processing /home/airflow/.local/lib/python3.12/site-packages/airflow/example_dags/example_nested_branch_dag.py took 0.156 seconds
[2025-07-02T23:30:56.027+0000] {processor.py:186} INFO - Started process (PID=373) to work on /home/airflow/.local/lib/python3.12/site-packages/airflow/example_dags/example_nested_branch_dag.py
[2025-07-02T23:30:56.029+0000] {processor.py:914} INFO - Processing file /home/airflow/.local/lib/python3.12/site-packages/airflow/example_dags/example_nested_branch_dag.py for tasks to queue
[2025-07-02T23:30:56.033+0000] {logging_mixin.py:190} INFO - [2025-07-02T23:30:56.032+0000] {dagbag.py:588} INFO - Filling up the DagBag from /home/airflow/.local/lib/python3.12/site-packages/airflow/example_dags/example_nested_branch_dag.py
[2025-07-02T23:30:56.044+0000] {processor.py:925} INFO - DAG(s) 'example_nested_branch_dag' retrieved from /home/airflow/.local/lib/python3.12/site-packages/airflow/example_dags/example_nested_branch_dag.py
[2025-07-02T23:30:56.072+0000] {logging_mixin.py:190} INFO - [2025-07-02T23:30:56.071+0000] {dag.py:3239} INFO - Sync 1 DAGs
[2025-07-02T23:30:56.106+0000] {logging_mixin.py:190} INFO - [2025-07-02T23:30:56.106+0000] {dag.py:4180} INFO - Setting next_dagrun for example_nested_branch_dag to 2025-07-01 00:00:00+00:00, run_after=2025-07-02 00:00:00+00:00
[2025-07-02T23:30:56.127+0000] {processor.py:208} INFO - Processing /home/airflow/.local/lib/python3.12/site-packages/airflow/example_dags/example_nested_branch_dag.py took 0.105 seconds
[2025-07-02T23:31:26.229+0000] {processor.py:186} INFO - Started process (PID=435) to work on /home/airflow/.local/lib/python3.12/site-packages/airflow/example_dags/example_nested_branch_dag.py
[2025-07-02T23:31:26.230+0000] {processor.py:914} INFO - Processing file /home/airflow/.local/lib/python3.12/site-packages/airflow/example_dags/example_nested_branch_dag.py for tasks to queue
[2025-07-02T23:31:26.233+0000] {logging_mixin.py:190} INFO - [2025-07-02T23:31:26.232+0000] {dagbag.py:588} INFO - Filling up the DagBag from /home/airflow/.local/lib/python3.12/site-packages/airflow/example_dags/example_nested_branch_dag.py
[2025-07-02T23:31:26.245+0000] {processor.py:925} INFO - DAG(s) 'example_nested_branch_dag' retrieved from /home/airflow/.local/lib/python3.12/site-packages/airflow/example_dags/example_nested_branch_dag.py
[2025-07-02T23:31:26.268+0000] {logging_mixin.py:190} INFO - [2025-07-02T23:31:26.267+0000] {dag.py:3239} INFO - Sync 1 DAGs
[2025-07-02T23:31:26.298+0000] {logging_mixin.py:190} INFO - [2025-07-02T23:31:26.297+0000] {dag.py:4180} INFO - Setting next_dagrun for example_nested_branch_dag to 2025-07-01 00:00:00+00:00, run_after=2025-07-02 00:00:00+00:00
[2025-07-02T23:31:26.324+0000] {processor.py:208} INFO - Processing /home/airflow/.local/lib/python3.12/site-packages/airflow/example_dags/example_nested_branch_dag.py took 0.100 seconds
[2025-07-02T23:31:56.520+0000] {processor.py:186} INFO - Started process (PID=497) to work on /home/airflow/.local/lib/python3.12/site-packages/airflow/example_dags/example_nested_branch_dag.py
[2025-07-02T23:31:56.521+0000] {processor.py:914} INFO - Processing file /home/airflow/.local/lib/python3.12/site-packages/airflow/example_dags/example_nested_branch_dag.py for tasks to queue
[2025-07-02T23:31:56.524+0000] {logging_mixin.py:190} INFO - [2025-07-02T23:31:56.523+0000] {dagbag.py:588} INFO - Filling up the DagBag from /home/airflow/.local/lib/python3.12/site-packages/airflow/example_dags/example_nested_branch_dag.py
[2025-07-02T23:31:56.534+0000] {processor.py:925} INFO - DAG(s) 'example_nested_branch_dag' retrieved from /home/airflow/.local/lib/python3.12/site-packages/airflow/example_dags/example_nested_branch_dag.py
[2025-07-02T23:31:56.554+0000] {logging_mixin.py:190} INFO - [2025-07-02T23:31:56.554+0000] {dag.py:3239} INFO - Sync 1 DAGs
[2025-07-02T23:31:56.576+0000] {logging_mixin.py:190} INFO - [2025-07-02T23:31:56.575+0000] {dag.py:4180} INFO - Setting next_dagrun for example_nested_branch_dag to 2025-07-01 00:00:00+00:00, run_after=2025-07-02 00:00:00+00:00
[2025-07-02T23:31:56.595+0000] {processor.py:208} INFO - Processing /home/airflow/.local/lib/python3.12/site-packages/airflow/example_dags/example_nested_branch_dag.py took 0.080 seconds
[2025-07-02T23:32:26.901+0000] {processor.py:186} INFO - Started process (PID=559) to work on /home/airflow/.local/lib/python3.12/site-packages/airflow/example_dags/example_nested_branch_dag.py
[2025-07-02T23:32:26.902+0000] {processor.py:914} INFO - Processing file /home/airflow/.local/lib/python3.12/site-packages/airflow/example_dags/example_nested_branch_dag.py for tasks to queue
[2025-07-02T23:32:26.904+0000] {logging_mixin.py:190} INFO - [2025-07-02T23:32:26.904+0000] {dagbag.py:588} INFO - Filling up the DagBag from /home/airflow/.local/lib/python3.12/site-packages/airflow/example_dags/example_nested_branch_dag.py
[2025-07-02T23:32:26.914+0000] {processor.py:925} INFO - DAG(s) 'example_nested_branch_dag' retrieved from /home/airflow/.local/lib/python3.12/site-packages/airflow/example_dags/example_nested_branch_dag.py
[2025-07-02T23:32:26.933+0000] {logging_mixin.py:190} INFO - [2025-07-02T23:32:26.933+0000] {dag.py:3239} INFO - Sync 1 DAGs
[2025-07-02T23:32:26.954+0000] {logging_mixin.py:190} INFO - [2025-07-02T23:32:26.954+0000] {dag.py:4180} INFO - Setting next_dagrun for example_nested_branch_dag to 2025-07-01 00:00:00+00:00, run_after=2025-07-02 00:00:00+00:00
[2025-07-02T23:32:26.971+0000] {processor.py:208} INFO - Processing /home/airflow/.local/lib/python3.12/site-packages/airflow/example_dags/example_nested_branch_dag.py took 0.076 seconds
[2025-07-02T23:32:57.249+0000] {processor.py:186} INFO - Started process (PID=621) to work on /home/airflow/.local/lib/python3.12/site-packages/airflow/example_dags/example_nested_branch_dag.py
[2025-07-02T23:32:57.250+0000] {processor.py:914} INFO - Processing file /home/airflow/.local/lib/python3.12/site-packages/airflow/example_dags/example_nested_branch_dag.py for tasks to queue
[2025-07-02T23:32:57.253+0000] {logging_mixin.py:190} INFO - [2025-07-02T23:32:57.253+0000] {dagbag.py:588} INFO - Filling up the DagBag from /home/airflow/.local/lib/python3.12/site-packages/airflow/example_dags/example_nested_branch_dag.py
[2025-07-02T23:32:57.263+0000] {processor.py:925} INFO - DAG(s) 'example_nested_branch_dag' retrieved from /home/airflow/.local/lib/python3.12/site-packages/airflow/example_dags/example_nested_branch_dag.py
[2025-07-02T23:32:57.286+0000] {logging_mixin.py:190} INFO - [2025-07-02T23:32:57.285+0000] {dag.py:3239} INFO - Sync 1 DAGs
[2025-07-02T23:32:57.310+0000] {logging_mixin.py:190} INFO - [2025-07-02T23:32:57.310+0000] {dag.py:4180} INFO - Setting next_dagrun for example_nested_branch_dag to 2025-07-01 00:00:00+00:00, run_after=2025-07-02 00:00:00+00:00
[2025-07-02T23:32:57.327+0000] {processor.py:208} INFO - Processing /home/airflow/.local/lib/python3.12/site-packages/airflow/example_dags/example_nested_branch_dag.py took 0.084 seconds
[2025-07-02T23:33:27.695+0000] {processor.py:186} INFO - Started process (PID=683) to work on /home/airflow/.local/lib/python3.12/site-packages/airflow/example_dags/example_nested_branch_dag.py
[2025-07-02T23:33:27.696+0000] {processor.py:914} INFO - Processing file /home/airflow/.local/lib/python3.12/site-packages/airflow/example_dags/example_nested_branch_dag.py for tasks to queue
[2025-07-02T23:33:27.699+0000] {logging_mixin.py:190} INFO - [2025-07-02T23:33:27.698+0000] {dagbag.py:588} INFO - Filling up the DagBag from /home/airflow/.local/lib/python3.12/site-packages/airflow/example_dags/example_nested_branch_dag.py
[2025-07-02T23:33:27.710+0000] {processor.py:925} INFO - DAG(s) 'example_nested_branch_dag' retrieved from /home/airflow/.local/lib/python3.12/site-packages/airflow/example_dags/example_nested_branch_dag.py
[2025-07-02T23:33:27.731+0000] {logging_mixin.py:190} INFO - [2025-07-02T23:33:27.731+0000] {dag.py:3239} INFO - Sync 1 DAGs
[2025-07-02T23:33:27.755+0000] {logging_mixin.py:190} INFO - [2025-07-02T23:33:27.755+0000] {dag.py:4180} INFO - Setting next_dagrun for example_nested_branch_dag to 2025-07-01 00:00:00+00:00, run_after=2025-07-02 00:00:00+00:00
[2025-07-02T23:33:27.772+0000] {processor.py:208} INFO - Processing /home/airflow/.local/lib/python3.12/site-packages/airflow/example_dags/example_nested_branch_dag.py took 0.082 seconds
[2025-07-02T23:33:57.977+0000] {processor.py:186} INFO - Started process (PID=745) to work on /home/airflow/.local/lib/python3.12/site-packages/airflow/example_dags/example_nested_branch_dag.py
[2025-07-02T23:33:57.978+0000] {processor.py:914} INFO - Processing file /home/airflow/.local/lib/python3.12/site-packages/airflow/example_dags/example_nested_branch_dag.py for tasks to queue
[2025-07-02T23:33:57.981+0000] {logging_mixin.py:190} INFO - [2025-07-02T23:33:57.981+0000] {dagbag.py:588} INFO - Filling up the DagBag from /home/airflow/.local/lib/python3.12/site-packages/airflow/example_dags/example_nested_branch_dag.py
[2025-07-02T23:33:57.992+0000] {processor.py:925} INFO - DAG(s) 'example_nested_branch_dag' retrieved from /home/airflow/.local/lib/python3.12/site-packages/airflow/example_dags/example_nested_branch_dag.py
[2025-07-02T23:33:58.015+0000] {logging_mixin.py:190} INFO - [2025-07-02T23:33:58.015+0000] {dag.py:3239} INFO - Sync 1 DAGs
[2025-07-02T23:33:58.045+0000] {logging_mixin.py:190} INFO - [2025-07-02T23:33:58.044+0000] {dag.py:4180} INFO - Setting next_dagrun for example_nested_branch_dag to 2025-07-01 00:00:00+00:00, run_after=2025-07-02 00:00:00+00:00
[2025-07-02T23:33:58.063+0000] {processor.py:208} INFO - Processing /home/airflow/.local/lib/python3.12/site-packages/airflow/example_dags/example_nested_branch_dag.py took 0.092 seconds
[2025-07-02T23:34:28.110+0000] {processor.py:186} INFO - Started process (PID=807) to work on /home/airflow/.local/lib/python3.12/site-packages/airflow/example_dags/example_nested_branch_dag.py
[2025-07-02T23:34:28.111+0000] {processor.py:914} INFO - Processing file /home/airflow/.local/lib/python3.12/site-packages/airflow/example_dags/example_nested_branch_dag.py for tasks to queue
[2025-07-02T23:34:28.114+0000] {logging_mixin.py:190} INFO - [2025-07-02T23:34:28.114+0000] {dagbag.py:588} INFO - Filling up the DagBag from /home/airflow/.local/lib/python3.12/site-packages/airflow/example_dags/example_nested_branch_dag.py
[2025-07-02T23:34:28.126+0000] {processor.py:925} INFO - DAG(s) 'example_nested_branch_dag' retrieved from /home/airflow/.local/lib/python3.12/site-packages/airflow/example_dags/example_nested_branch_dag.py
[2025-07-02T23:34:28.145+0000] {logging_mixin.py:190} INFO - [2025-07-02T23:34:28.145+0000] {dag.py:3239} INFO - Sync 1 DAGs
[2025-07-02T23:34:28.167+0000] {logging_mixin.py:190} INFO - [2025-07-02T23:34:28.166+0000] {dag.py:4180} INFO - Setting next_dagrun for example_nested_branch_dag to 2025-07-01 00:00:00+00:00, run_after=2025-07-02 00:00:00+00:00
[2025-07-02T23:34:28.184+0000] {processor.py:208} INFO - Processing /home/airflow/.local/lib/python3.12/site-packages/airflow/example_dags/example_nested_branch_dag.py took 0.080 seconds
[2025-07-02T23:34:59.166+0000] {processor.py:186} INFO - Started process (PID=869) to work on /home/airflow/.local/lib/python3.12/site-packages/airflow/example_dags/example_nested_branch_dag.py
[2025-07-02T23:34:59.168+0000] {processor.py:914} INFO - Processing file /home/airflow/.local/lib/python3.12/site-packages/airflow/example_dags/example_nested_branch_dag.py for tasks to queue
[2025-07-02T23:34:59.171+0000] {logging_mixin.py:190} INFO - [2025-07-02T23:34:59.171+0000] {dagbag.py:588} INFO - Filling up the DagBag from /home/airflow/.local/lib/python3.12/site-packages/airflow/example_dags/example_nested_branch_dag.py
[2025-07-02T23:34:59.184+0000] {processor.py:925} INFO - DAG(s) 'example_nested_branch_dag' retrieved from /home/airflow/.local/lib/python3.12/site-packages/airflow/example_dags/example_nested_branch_dag.py
[2025-07-02T23:34:59.210+0000] {logging_mixin.py:190} INFO - [2025-07-02T23:34:59.209+0000] {dag.py:3239} INFO - Sync 1 DAGs
[2025-07-02T23:34:59.240+0000] {logging_mixin.py:190} INFO - [2025-07-02T23:34:59.240+0000] {dag.py:4180} INFO - Setting next_dagrun for example_nested_branch_dag to 2025-07-01 00:00:00+00:00, run_after=2025-07-02 00:00:00+00:00
[2025-07-02T23:34:59.263+0000] {processor.py:208} INFO - Processing /home/airflow/.local/lib/python3.12/site-packages/airflow/example_dags/example_nested_branch_dag.py took 0.105 seconds
[2025-07-02T23:35:29.733+0000] {processor.py:186} INFO - Started process (PID=931) to work on /home/airflow/.local/lib/python3.12/site-packages/airflow/example_dags/example_nested_branch_dag.py
[2025-07-02T23:35:29.734+0000] {processor.py:914} INFO - Processing file /home/airflow/.local/lib/python3.12/site-packages/airflow/example_dags/example_nested_branch_dag.py for tasks to queue
[2025-07-02T23:35:29.736+0000] {logging_mixin.py:190} INFO - [2025-07-02T23:35:29.736+0000] {dagbag.py:588} INFO - Filling up the DagBag from /home/airflow/.local/lib/python3.12/site-packages/airflow/example_dags/example_nested_branch_dag.py
[2025-07-02T23:35:29.747+0000] {processor.py:925} INFO - DAG(s) 'example_nested_branch_dag' retrieved from /home/airflow/.local/lib/python3.12/site-packages/airflow/example_dags/example_nested_branch_dag.py
[2025-07-02T23:35:29.769+0000] {logging_mixin.py:190} INFO - [2025-07-02T23:35:29.769+0000] {dag.py:3239} INFO - Sync 1 DAGs
[2025-07-02T23:35:29.789+0000] {logging_mixin.py:190} INFO - [2025-07-02T23:35:29.789+0000] {dag.py:4180} INFO - Setting next_dagrun for example_nested_branch_dag to 2025-07-01 00:00:00+00:00, run_after=2025-07-02 00:00:00+00:00
[2025-07-02T23:35:29.806+0000] {processor.py:208} INFO - Processing /home/airflow/.local/lib/python3.12/site-packages/airflow/example_dags/example_nested_branch_dag.py took 0.079 seconds
[2025-07-02T23:36:00.644+0000] {processor.py:186} INFO - Started process (PID=993) to work on /home/airflow/.local/lib/python3.12/site-packages/airflow/example_dags/example_nested_branch_dag.py
[2025-07-02T23:36:00.645+0000] {processor.py:914} INFO - Processing file /home/airflow/.local/lib/python3.12/site-packages/airflow/example_dags/example_nested_branch_dag.py for tasks to queue
[2025-07-02T23:36:00.648+0000] {logging_mixin.py:190} INFO - [2025-07-02T23:36:00.647+0000] {dagbag.py:588} INFO - Filling up the DagBag from /home/airflow/.local/lib/python3.12/site-packages/airflow/example_dags/example_nested_branch_dag.py
[2025-07-02T23:36:00.659+0000] {processor.py:925} INFO - DAG(s) 'example_nested_branch_dag' retrieved from /home/airflow/.local/lib/python3.12/site-packages/airflow/example_dags/example_nested_branch_dag.py
[2025-07-02T23:36:00.679+0000] {logging_mixin.py:190} INFO - [2025-07-02T23:36:00.679+0000] {dag.py:3239} INFO - Sync 1 DAGs
[2025-07-02T23:36:00.702+0000] {logging_mixin.py:190} INFO - [2025-07-02T23:36:00.702+0000] {dag.py:4180} INFO - Setting next_dagrun for example_nested_branch_dag to 2025-07-01 00:00:00+00:00, run_after=2025-07-02 00:00:00+00:00
[2025-07-02T23:36:00.720+0000] {processor.py:208} INFO - Processing /home/airflow/.local/lib/python3.12/site-packages/airflow/example_dags/example_nested_branch_dag.py took 0.081 seconds
[2025-07-02T23:36:31.377+0000] {processor.py:186} INFO - Started process (PID=1055) to work on /home/airflow/.local/lib/python3.12/site-packages/airflow/example_dags/example_nested_branch_dag.py
[2025-07-02T23:36:31.379+0000] {processor.py:914} INFO - Processing file /home/airflow/.local/lib/python3.12/site-packages/airflow/example_dags/example_nested_branch_dag.py for tasks to queue
[2025-07-02T23:36:31.382+0000] {logging_mixin.py:190} INFO - [2025-07-02T23:36:31.382+0000] {dagbag.py:588} INFO - Filling up the DagBag from /home/airflow/.local/lib/python3.12/site-packages/airflow/example_dags/example_nested_branch_dag.py
[2025-07-02T23:36:31.397+0000] {processor.py:925} INFO - DAG(s) 'example_nested_branch_dag' retrieved from /home/airflow/.local/lib/python3.12/site-packages/airflow/example_dags/example_nested_branch_dag.py
[2025-07-02T23:36:31.422+0000] {logging_mixin.py:190} INFO - [2025-07-02T23:36:31.422+0000] {dag.py:3239} INFO - Sync 1 DAGs
[2025-07-02T23:36:31.455+0000] {logging_mixin.py:190} INFO - [2025-07-02T23:36:31.455+0000] {dag.py:4180} INFO - Setting next_dagrun for example_nested_branch_dag to 2025-07-01 00:00:00+00:00, run_after=2025-07-02 00:00:00+00:00
[2025-07-02T23:36:31.483+0000] {processor.py:208} INFO - Processing /home/airflow/.local/lib/python3.12/site-packages/airflow/example_dags/example_nested_branch_dag.py took 0.115 seconds
[2025-07-02T23:37:02.022+0000] {processor.py:186} INFO - Started process (PID=1123) to work on /home/airflow/.local/lib/python3.12/site-packages/airflow/example_dags/example_nested_branch_dag.py
[2025-07-02T23:37:02.025+0000] {processor.py:914} INFO - Processing file /home/airflow/.local/lib/python3.12/site-packages/airflow/example_dags/example_nested_branch_dag.py for tasks to queue
[2025-07-02T23:37:02.028+0000] {logging_mixin.py:190} INFO - [2025-07-02T23:37:02.028+0000] {dagbag.py:588} INFO - Filling up the DagBag from /home/airflow/.local/lib/python3.12/site-packages/airflow/example_dags/example_nested_branch_dag.py
[2025-07-02T23:37:02.044+0000] {processor.py:925} INFO - DAG(s) 'example_nested_branch_dag' retrieved from /home/airflow/.local/lib/python3.12/site-packages/airflow/example_dags/example_nested_branch_dag.py
[2025-07-02T23:37:02.069+0000] {logging_mixin.py:190} INFO - [2025-07-02T23:37:02.069+0000] {dag.py:3239} INFO - Sync 1 DAGs
[2025-07-02T23:37:02.105+0000] {logging_mixin.py:190} INFO - [2025-07-02T23:37:02.105+0000] {dag.py:4180} INFO - Setting next_dagrun for example_nested_branch_dag to 2025-07-01 00:00:00+00:00, run_after=2025-07-02 00:00:00+00:00
[2025-07-02T23:37:02.126+0000] {processor.py:208} INFO - Processing /home/airflow/.local/lib/python3.12/site-packages/airflow/example_dags/example_nested_branch_dag.py took 0.115 seconds
[2025-07-02T23:37:32.821+0000] {processor.py:186} INFO - Started process (PID=1185) to work on /home/airflow/.local/lib/python3.12/site-packages/airflow/example_dags/example_nested_branch_dag.py
[2025-07-02T23:37:32.822+0000] {processor.py:914} INFO - Processing file /home/airflow/.local/lib/python3.12/site-packages/airflow/example_dags/example_nested_branch_dag.py for tasks to queue
[2025-07-02T23:37:32.826+0000] {logging_mixin.py:190} INFO - [2025-07-02T23:37:32.826+0000] {dagbag.py:588} INFO - Filling up the DagBag from /home/airflow/.local/lib/python3.12/site-packages/airflow/example_dags/example_nested_branch_dag.py
[2025-07-02T23:37:32.844+0000] {processor.py:925} INFO - DAG(s) 'example_nested_branch_dag' retrieved from /home/airflow/.local/lib/python3.12/site-packages/airflow/example_dags/example_nested_branch_dag.py
[2025-07-02T23:37:32.874+0000] {logging_mixin.py:190} INFO - [2025-07-02T23:37:32.874+0000] {dag.py:3239} INFO - Sync 1 DAGs
[2025-07-02T23:37:32.905+0000] {logging_mixin.py:190} INFO - [2025-07-02T23:37:32.904+0000] {dag.py:4180} INFO - Setting next_dagrun for example_nested_branch_dag to 2025-07-01 00:00:00+00:00, run_after=2025-07-02 00:00:00+00:00
[2025-07-02T23:37:32.919+0000] {processor.py:208} INFO - Processing /home/airflow/.local/lib/python3.12/site-packages/airflow/example_dags/example_nested_branch_dag.py took 0.106 seconds
[2025-07-02T23:38:03.518+0000] {processor.py:186} INFO - Started process (PID=1247) to work on /home/airflow/.local/lib/python3.12/site-packages/airflow/example_dags/example_nested_branch_dag.py
[2025-07-02T23:38:03.519+0000] {processor.py:914} INFO - Processing file /home/airflow/.local/lib/python3.12/site-packages/airflow/example_dags/example_nested_branch_dag.py for tasks to queue
[2025-07-02T23:38:03.521+0000] {logging_mixin.py:190} INFO - [2025-07-02T23:38:03.521+0000] {dagbag.py:588} INFO - Filling up the DagBag from /home/airflow/.local/lib/python3.12/site-packages/airflow/example_dags/example_nested_branch_dag.py
[2025-07-02T23:38:03.534+0000] {processor.py:925} INFO - DAG(s) 'example_nested_branch_dag' retrieved from /home/airflow/.local/lib/python3.12/site-packages/airflow/example_dags/example_nested_branch_dag.py
[2025-07-02T23:38:03.554+0000] {logging_mixin.py:190} INFO - [2025-07-02T23:38:03.554+0000] {dag.py:3239} INFO - Sync 1 DAGs
[2025-07-02T23:38:03.579+0000] {logging_mixin.py:190} INFO - [2025-07-02T23:38:03.578+0000] {dag.py:4180} INFO - Setting next_dagrun for example_nested_branch_dag to 2025-07-01 00:00:00+00:00, run_after=2025-07-02 00:00:00+00:00
[2025-07-02T23:38:03.596+0000] {processor.py:208} INFO - Processing /home/airflow/.local/lib/python3.12/site-packages/airflow/example_dags/example_nested_branch_dag.py took 0.085 seconds
[2025-07-02T23:38:34.366+0000] {processor.py:186} INFO - Started process (PID=1309) to work on /home/airflow/.local/lib/python3.12/site-packages/airflow/example_dags/example_nested_branch_dag.py
[2025-07-02T23:38:34.367+0000] {processor.py:914} INFO - Processing file /home/airflow/.local/lib/python3.12/site-packages/airflow/example_dags/example_nested_branch_dag.py for tasks to queue
[2025-07-02T23:38:34.370+0000] {logging_mixin.py:190} INFO - [2025-07-02T23:38:34.369+0000] {dagbag.py:588} INFO - Filling up the DagBag from /home/airflow/.local/lib/python3.12/site-packages/airflow/example_dags/example_nested_branch_dag.py
[2025-07-02T23:38:34.380+0000] {processor.py:925} INFO - DAG(s) 'example_nested_branch_dag' retrieved from /home/airflow/.local/lib/python3.12/site-packages/airflow/example_dags/example_nested_branch_dag.py
[2025-07-02T23:38:34.401+0000] {logging_mixin.py:190} INFO - [2025-07-02T23:38:34.401+0000] {dag.py:3239} INFO - Sync 1 DAGs
[2025-07-02T23:38:34.424+0000] {logging_mixin.py:190} INFO - [2025-07-02T23:38:34.424+0000] {dag.py:4180} INFO - Setting next_dagrun for example_nested_branch_dag to 2025-07-01 00:00:00+00:00, run_after=2025-07-02 00:00:00+00:00
[2025-07-02T23:38:34.452+0000] {processor.py:208} INFO - Processing /home/airflow/.local/lib/python3.12/site-packages/airflow/example_dags/example_nested_branch_dag.py took 0.091 seconds
[2025-07-02T23:39:05.036+0000] {processor.py:186} INFO - Started process (PID=1371) to work on /home/airflow/.local/lib/python3.12/site-packages/airflow/example_dags/example_nested_branch_dag.py
[2025-07-02T23:39:05.037+0000] {processor.py:914} INFO - Processing file /home/airflow/.local/lib/python3.12/site-packages/airflow/example_dags/example_nested_branch_dag.py for tasks to queue
[2025-07-02T23:39:05.040+0000] {logging_mixin.py:190} INFO - [2025-07-02T23:39:05.039+0000] {dagbag.py:588} INFO - Filling up the DagBag from /home/airflow/.local/lib/python3.12/site-packages/airflow/example_dags/example_nested_branch_dag.py
[2025-07-02T23:39:05.056+0000] {processor.py:925} INFO - DAG(s) 'example_nested_branch_dag' retrieved from /home/airflow/.local/lib/python3.12/site-packages/airflow/example_dags/example_nested_branch_dag.py
[2025-07-02T23:39:05.080+0000] {logging_mixin.py:190} INFO - [2025-07-02T23:39:05.080+0000] {dag.py:3239} INFO - Sync 1 DAGs
[2025-07-02T23:39:05.110+0000] {logging_mixin.py:190} INFO - [2025-07-02T23:39:05.110+0000] {dag.py:4180} INFO - Setting next_dagrun for example_nested_branch_dag to 2025-07-01 00:00:00+00:00, run_after=2025-07-02 00:00:00+00:00
[2025-07-02T23:39:05.133+0000] {processor.py:208} INFO - Processing /home/airflow/.local/lib/python3.12/site-packages/airflow/example_dags/example_nested_branch_dag.py took 0.103 seconds
[2025-07-02T23:39:35.666+0000] {processor.py:186} INFO - Started process (PID=1433) to work on /home/airflow/.local/lib/python3.12/site-packages/airflow/example_dags/example_nested_branch_dag.py
[2025-07-02T23:39:35.667+0000] {processor.py:914} INFO - Processing file /home/airflow/.local/lib/python3.12/site-packages/airflow/example_dags/example_nested_branch_dag.py for tasks to queue
[2025-07-02T23:39:35.669+0000] {logging_mixin.py:190} INFO - [2025-07-02T23:39:35.669+0000] {dagbag.py:588} INFO - Filling up the DagBag from /home/airflow/.local/lib/python3.12/site-packages/airflow/example_dags/example_nested_branch_dag.py
[2025-07-02T23:39:35.680+0000] {processor.py:925} INFO - DAG(s) 'example_nested_branch_dag' retrieved from /home/airflow/.local/lib/python3.12/site-packages/airflow/example_dags/example_nested_branch_dag.py
[2025-07-02T23:39:35.705+0000] {logging_mixin.py:190} INFO - [2025-07-02T23:39:35.705+0000] {dag.py:3239} INFO - Sync 1 DAGs
[2025-07-02T23:39:35.733+0000] {logging_mixin.py:190} INFO - [2025-07-02T23:39:35.733+0000] {dag.py:4180} INFO - Setting next_dagrun for example_nested_branch_dag to 2025-07-01 00:00:00+00:00, run_after=2025-07-02 00:00:00+00:00
[2025-07-02T23:39:35.758+0000] {processor.py:208} INFO - Processing /home/airflow/.local/lib/python3.12/site-packages/airflow/example_dags/example_nested_branch_dag.py took 0.104 seconds
[2025-07-02T23:40:06.345+0000] {processor.py:186} INFO - Started process (PID=1495) to work on /home/airflow/.local/lib/python3.12/site-packages/airflow/example_dags/example_nested_branch_dag.py
[2025-07-02T23:40:06.346+0000] {processor.py:914} INFO - Processing file /home/airflow/.local/lib/python3.12/site-packages/airflow/example_dags/example_nested_branch_dag.py for tasks to queue
[2025-07-02T23:40:06.349+0000] {logging_mixin.py:190} INFO - [2025-07-02T23:40:06.348+0000] {dagbag.py:588} INFO - Filling up the DagBag from /home/airflow/.local/lib/python3.12/site-packages/airflow/example_dags/example_nested_branch_dag.py
[2025-07-02T23:40:06.359+0000] {processor.py:925} INFO - DAG(s) 'example_nested_branch_dag' retrieved from /home/airflow/.local/lib/python3.12/site-packages/airflow/example_dags/example_nested_branch_dag.py
[2025-07-02T23:40:06.381+0000] {logging_mixin.py:190} INFO - [2025-07-02T23:40:06.381+0000] {dag.py:3239} INFO - Sync 1 DAGs
[2025-07-02T23:40:06.403+0000] {logging_mixin.py:190} INFO - [2025-07-02T23:40:06.402+0000] {dag.py:4180} INFO - Setting next_dagrun for example_nested_branch_dag to 2025-07-01 00:00:00+00:00, run_after=2025-07-02 00:00:00+00:00
[2025-07-02T23:40:06.420+0000] {processor.py:208} INFO - Processing /home/airflow/.local/lib/python3.12/site-packages/airflow/example_dags/example_nested_branch_dag.py took 0.081 seconds
[2025-07-02T23:40:36.692+0000] {processor.py:186} INFO - Started process (PID=1557) to work on /home/airflow/.local/lib/python3.12/site-packages/airflow/example_dags/example_nested_branch_dag.py
[2025-07-02T23:40:36.694+0000] {processor.py:914} INFO - Processing file /home/airflow/.local/lib/python3.12/site-packages/airflow/example_dags/example_nested_branch_dag.py for tasks to queue
[2025-07-02T23:40:36.696+0000] {logging_mixin.py:190} INFO - [2025-07-02T23:40:36.696+0000] {dagbag.py:588} INFO - Filling up the DagBag from /home/airflow/.local/lib/python3.12/site-packages/airflow/example_dags/example_nested_branch_dag.py
[2025-07-02T23:40:36.706+0000] {processor.py:925} INFO - DAG(s) 'example_nested_branch_dag' retrieved from /home/airflow/.local/lib/python3.12/site-packages/airflow/example_dags/example_nested_branch_dag.py
[2025-07-02T23:40:36.726+0000] {logging_mixin.py:190} INFO - [2025-07-02T23:40:36.725+0000] {dag.py:3239} INFO - Sync 1 DAGs
[2025-07-02T23:40:36.749+0000] {logging_mixin.py:190} INFO - [2025-07-02T23:40:36.748+0000] {dag.py:4180} INFO - Setting next_dagrun for example_nested_branch_dag to 2025-07-01 00:00:00+00:00, run_after=2025-07-02 00:00:00+00:00
[2025-07-02T23:40:36.766+0000] {processor.py:208} INFO - Processing /home/airflow/.local/lib/python3.12/site-packages/airflow/example_dags/example_nested_branch_dag.py took 0.080 seconds
[2025-07-02T23:41:07.309+0000] {processor.py:186} INFO - Started process (PID=1619) to work on /home/airflow/.local/lib/python3.12/site-packages/airflow/example_dags/example_nested_branch_dag.py
[2025-07-02T23:41:07.310+0000] {processor.py:914} INFO - Processing file /home/airflow/.local/lib/python3.12/site-packages/airflow/example_dags/example_nested_branch_dag.py for tasks to queue
[2025-07-02T23:41:07.313+0000] {logging_mixin.py:190} INFO - [2025-07-02T23:41:07.313+0000] {dagbag.py:588} INFO - Filling up the DagBag from /home/airflow/.local/lib/python3.12/site-packages/airflow/example_dags/example_nested_branch_dag.py
[2025-07-02T23:41:07.329+0000] {processor.py:925} INFO - DAG(s) 'example_nested_branch_dag' retrieved from /home/airflow/.local/lib/python3.12/site-packages/airflow/example_dags/example_nested_branch_dag.py
[2025-07-02T23:41:07.352+0000] {logging_mixin.py:190} INFO - [2025-07-02T23:41:07.352+0000] {dag.py:3239} INFO - Sync 1 DAGs
[2025-07-02T23:41:07.375+0000] {logging_mixin.py:190} INFO - [2025-07-02T23:41:07.374+0000] {dag.py:4180} INFO - Setting next_dagrun for example_nested_branch_dag to 2025-07-01 00:00:00+00:00, run_after=2025-07-02 00:00:00+00:00
[2025-07-02T23:41:07.391+0000] {processor.py:208} INFO - Processing /home/airflow/.local/lib/python3.12/site-packages/airflow/example_dags/example_nested_branch_dag.py took 0.087 seconds
[2025-07-02T23:41:38.208+0000] {processor.py:186} INFO - Started process (PID=1681) to work on /home/airflow/.local/lib/python3.12/site-packages/airflow/example_dags/example_nested_branch_dag.py
[2025-07-02T23:41:38.210+0000] {processor.py:914} INFO - Processing file /home/airflow/.local/lib/python3.12/site-packages/airflow/example_dags/example_nested_branch_dag.py for tasks to queue
[2025-07-02T23:41:38.212+0000] {logging_mixin.py:190} INFO - [2025-07-02T23:41:38.212+0000] {dagbag.py:588} INFO - Filling up the DagBag from /home/airflow/.local/lib/python3.12/site-packages/airflow/example_dags/example_nested_branch_dag.py
[2025-07-02T23:41:38.223+0000] {processor.py:925} INFO - DAG(s) 'example_nested_branch_dag' retrieved from /home/airflow/.local/lib/python3.12/site-packages/airflow/example_dags/example_nested_branch_dag.py
[2025-07-02T23:41:38.244+0000] {logging_mixin.py:190} INFO - [2025-07-02T23:41:38.244+0000] {dag.py:3239} INFO - Sync 1 DAGs
[2025-07-02T23:41:38.269+0000] {logging_mixin.py:190} INFO - [2025-07-02T23:41:38.269+0000] {dag.py:4180} INFO - Setting next_dagrun for example_nested_branch_dag to 2025-07-01 00:00:00+00:00, run_after=2025-07-02 00:00:00+00:00
[2025-07-02T23:41:38.289+0000] {processor.py:208} INFO - Processing /home/airflow/.local/lib/python3.12/site-packages/airflow/example_dags/example_nested_branch_dag.py took 0.086 seconds
[2025-07-02T23:42:08.975+0000] {processor.py:186} INFO - Started process (PID=1743) to work on /home/airflow/.local/lib/python3.12/site-packages/airflow/example_dags/example_nested_branch_dag.py
[2025-07-02T23:42:08.976+0000] {processor.py:914} INFO - Processing file /home/airflow/.local/lib/python3.12/site-packages/airflow/example_dags/example_nested_branch_dag.py for tasks to queue
[2025-07-02T23:42:08.978+0000] {logging_mixin.py:190} INFO - [2025-07-02T23:42:08.978+0000] {dagbag.py:588} INFO - Filling up the DagBag from /home/airflow/.local/lib/python3.12/site-packages/airflow/example_dags/example_nested_branch_dag.py
[2025-07-02T23:42:08.989+0000] {processor.py:925} INFO - DAG(s) 'example_nested_branch_dag' retrieved from /home/airflow/.local/lib/python3.12/site-packages/airflow/example_dags/example_nested_branch_dag.py
[2025-07-02T23:42:09.009+0000] {logging_mixin.py:190} INFO - [2025-07-02T23:42:09.008+0000] {dag.py:3239} INFO - Sync 1 DAGs
[2025-07-02T23:42:09.030+0000] {logging_mixin.py:190} INFO - [2025-07-02T23:42:09.030+0000] {dag.py:4180} INFO - Setting next_dagrun for example_nested_branch_dag to 2025-07-01 00:00:00+00:00, run_after=2025-07-02 00:00:00+00:00
[2025-07-02T23:42:09.049+0000] {processor.py:208} INFO - Processing /home/airflow/.local/lib/python3.12/site-packages/airflow/example_dags/example_nested_branch_dag.py took 0.079 seconds
[2025-07-02T23:42:39.584+0000] {processor.py:186} INFO - Started process (PID=1805) to work on /home/airflow/.local/lib/python3.12/site-packages/airflow/example_dags/example_nested_branch_dag.py
[2025-07-02T23:42:39.585+0000] {processor.py:914} INFO - Processing file /home/airflow/.local/lib/python3.12/site-packages/airflow/example_dags/example_nested_branch_dag.py for tasks to queue
[2025-07-02T23:42:39.587+0000] {logging_mixin.py:190} INFO - [2025-07-02T23:42:39.587+0000] {dagbag.py:588} INFO - Filling up the DagBag from /home/airflow/.local/lib/python3.12/site-packages/airflow/example_dags/example_nested_branch_dag.py
[2025-07-02T23:42:39.598+0000] {processor.py:925} INFO - DAG(s) 'example_nested_branch_dag' retrieved from /home/airflow/.local/lib/python3.12/site-packages/airflow/example_dags/example_nested_branch_dag.py
[2025-07-02T23:42:39.616+0000] {logging_mixin.py:190} INFO - [2025-07-02T23:42:39.616+0000] {dag.py:3239} INFO - Sync 1 DAGs
[2025-07-02T23:42:39.637+0000] {logging_mixin.py:190} INFO - [2025-07-02T23:42:39.637+0000] {dag.py:4180} INFO - Setting next_dagrun for example_nested_branch_dag to 2025-07-01 00:00:00+00:00, run_after=2025-07-02 00:00:00+00:00
[2025-07-02T23:42:39.665+0000] {processor.py:208} INFO - Processing /home/airflow/.local/lib/python3.12/site-packages/airflow/example_dags/example_nested_branch_dag.py took 0.087 seconds
[2025-07-02T23:43:10.102+0000] {processor.py:186} INFO - Started process (PID=1867) to work on /home/airflow/.local/lib/python3.12/site-packages/airflow/example_dags/example_nested_branch_dag.py
[2025-07-02T23:43:10.103+0000] {processor.py:914} INFO - Processing file /home/airflow/.local/lib/python3.12/site-packages/airflow/example_dags/example_nested_branch_dag.py for tasks to queue
[2025-07-02T23:43:10.105+0000] {logging_mixin.py:190} INFO - [2025-07-02T23:43:10.105+0000] {dagbag.py:588} INFO - Filling up the DagBag from /home/airflow/.local/lib/python3.12/site-packages/airflow/example_dags/example_nested_branch_dag.py
[2025-07-02T23:43:10.116+0000] {processor.py:925} INFO - DAG(s) 'example_nested_branch_dag' retrieved from /home/airflow/.local/lib/python3.12/site-packages/airflow/example_dags/example_nested_branch_dag.py
[2025-07-02T23:43:10.138+0000] {logging_mixin.py:190} INFO - [2025-07-02T23:43:10.138+0000] {dag.py:3239} INFO - Sync 1 DAGs
[2025-07-02T23:43:10.161+0000] {logging_mixin.py:190} INFO - [2025-07-02T23:43:10.161+0000] {dag.py:4180} INFO - Setting next_dagrun for example_nested_branch_dag to 2025-07-01 00:00:00+00:00, run_after=2025-07-02 00:00:00+00:00
[2025-07-02T23:43:10.187+0000] {processor.py:208} INFO - Processing /home/airflow/.local/lib/python3.12/site-packages/airflow/example_dags/example_nested_branch_dag.py took 0.091 seconds
[2025-07-02T23:43:40.428+0000] {processor.py:186} INFO - Started process (PID=1929) to work on /home/airflow/.local/lib/python3.12/site-packages/airflow/example_dags/example_nested_branch_dag.py
[2025-07-02T23:43:40.429+0000] {processor.py:914} INFO - Processing file /home/airflow/.local/lib/python3.12/site-packages/airflow/example_dags/example_nested_branch_dag.py for tasks to queue
[2025-07-02T23:43:40.432+0000] {logging_mixin.py:190} INFO - [2025-07-02T23:43:40.432+0000] {dagbag.py:588} INFO - Filling up the DagBag from /home/airflow/.local/lib/python3.12/site-packages/airflow/example_dags/example_nested_branch_dag.py
[2025-07-02T23:43:40.443+0000] {processor.py:925} INFO - DAG(s) 'example_nested_branch_dag' retrieved from /home/airflow/.local/lib/python3.12/site-packages/airflow/example_dags/example_nested_branch_dag.py
[2025-07-02T23:43:40.462+0000] {logging_mixin.py:190} INFO - [2025-07-02T23:43:40.462+0000] {dag.py:3239} INFO - Sync 1 DAGs
[2025-07-02T23:43:40.484+0000] {logging_mixin.py:190} INFO - [2025-07-02T23:43:40.483+0000] {dag.py:4180} INFO - Setting next_dagrun for example_nested_branch_dag to 2025-07-01 00:00:00+00:00, run_after=2025-07-02 00:00:00+00:00
[2025-07-02T23:43:40.502+0000] {processor.py:208} INFO - Processing /home/airflow/.local/lib/python3.12/site-packages/airflow/example_dags/example_nested_branch_dag.py took 0.083 seconds
[2025-07-02T23:44:11.495+0000] {processor.py:186} INFO - Started process (PID=1991) to work on /home/airflow/.local/lib/python3.12/site-packages/airflow/example_dags/example_nested_branch_dag.py
[2025-07-02T23:44:11.496+0000] {processor.py:914} INFO - Processing file /home/airflow/.local/lib/python3.12/site-packages/airflow/example_dags/example_nested_branch_dag.py for tasks to queue
[2025-07-02T23:44:11.499+0000] {logging_mixin.py:190} INFO - [2025-07-02T23:44:11.499+0000] {dagbag.py:588} INFO - Filling up the DagBag from /home/airflow/.local/lib/python3.12/site-packages/airflow/example_dags/example_nested_branch_dag.py
[2025-07-02T23:44:11.511+0000] {processor.py:925} INFO - DAG(s) 'example_nested_branch_dag' retrieved from /home/airflow/.local/lib/python3.12/site-packages/airflow/example_dags/example_nested_branch_dag.py
[2025-07-02T23:44:11.533+0000] {logging_mixin.py:190} INFO - [2025-07-02T23:44:11.533+0000] {dag.py:3239} INFO - Sync 1 DAGs
[2025-07-02T23:44:11.558+0000] {logging_mixin.py:190} INFO - [2025-07-02T23:44:11.558+0000] {dag.py:4180} INFO - Setting next_dagrun for example_nested_branch_dag to 2025-07-01 00:00:00+00:00, run_after=2025-07-02 00:00:00+00:00
[2025-07-02T23:44:11.576+0000] {processor.py:208} INFO - Processing /home/airflow/.local/lib/python3.12/site-packages/airflow/example_dags/example_nested_branch_dag.py took 0.086 seconds
[2025-07-02T23:44:42.361+0000] {processor.py:186} INFO - Started process (PID=2053) to work on /home/airflow/.local/lib/python3.12/site-packages/airflow/example_dags/example_nested_branch_dag.py
[2025-07-02T23:44:42.362+0000] {processor.py:914} INFO - Processing file /home/airflow/.local/lib/python3.12/site-packages/airflow/example_dags/example_nested_branch_dag.py for tasks to queue
[2025-07-02T23:44:42.367+0000] {logging_mixin.py:190} INFO - [2025-07-02T23:44:42.366+0000] {dagbag.py:588} INFO - Filling up the DagBag from /home/airflow/.local/lib/python3.12/site-packages/airflow/example_dags/example_nested_branch_dag.py
[2025-07-02T23:44:42.387+0000] {processor.py:925} INFO - DAG(s) 'example_nested_branch_dag' retrieved from /home/airflow/.local/lib/python3.12/site-packages/airflow/example_dags/example_nested_branch_dag.py
[2025-07-02T23:44:42.424+0000] {logging_mixin.py:190} INFO - [2025-07-02T23:44:42.423+0000] {dag.py:3239} INFO - Sync 1 DAGs
[2025-07-02T23:44:42.461+0000] {logging_mixin.py:190} INFO - [2025-07-02T23:44:42.460+0000] {dag.py:4180} INFO - Setting next_dagrun for example_nested_branch_dag to 2025-07-01 00:00:00+00:00, run_after=2025-07-02 00:00:00+00:00
[2025-07-02T23:44:42.484+0000] {processor.py:208} INFO - Processing /home/airflow/.local/lib/python3.12/site-packages/airflow/example_dags/example_nested_branch_dag.py took 0.133 seconds
[2025-07-02T23:45:12.538+0000] {processor.py:186} INFO - Started process (PID=2115) to work on /home/airflow/.local/lib/python3.12/site-packages/airflow/example_dags/example_nested_branch_dag.py
[2025-07-02T23:45:12.539+0000] {processor.py:914} INFO - Processing file /home/airflow/.local/lib/python3.12/site-packages/airflow/example_dags/example_nested_branch_dag.py for tasks to queue
[2025-07-02T23:45:12.542+0000] {logging_mixin.py:190} INFO - [2025-07-02T23:45:12.541+0000] {dagbag.py:588} INFO - Filling up the DagBag from /home/airflow/.local/lib/python3.12/site-packages/airflow/example_dags/example_nested_branch_dag.py
[2025-07-02T23:45:12.558+0000] {processor.py:925} INFO - DAG(s) 'example_nested_branch_dag' retrieved from /home/airflow/.local/lib/python3.12/site-packages/airflow/example_dags/example_nested_branch_dag.py
[2025-07-02T23:45:12.580+0000] {logging_mixin.py:190} INFO - [2025-07-02T23:45:12.579+0000] {dag.py:3239} INFO - Sync 1 DAGs
[2025-07-02T23:45:12.602+0000] {logging_mixin.py:190} INFO - [2025-07-02T23:45:12.602+0000] {dag.py:4180} INFO - Setting next_dagrun for example_nested_branch_dag to 2025-07-01 00:00:00+00:00, run_after=2025-07-02 00:00:00+00:00
[2025-07-02T23:45:12.618+0000] {processor.py:208} INFO - Processing /home/airflow/.local/lib/python3.12/site-packages/airflow/example_dags/example_nested_branch_dag.py took 0.086 seconds
[2025-07-02T23:45:42.759+0000] {processor.py:186} INFO - Started process (PID=2177) to work on /home/airflow/.local/lib/python3.12/site-packages/airflow/example_dags/example_nested_branch_dag.py
[2025-07-02T23:45:42.760+0000] {processor.py:914} INFO - Processing file /home/airflow/.local/lib/python3.12/site-packages/airflow/example_dags/example_nested_branch_dag.py for tasks to queue
[2025-07-02T23:45:42.763+0000] {logging_mixin.py:190} INFO - [2025-07-02T23:45:42.763+0000] {dagbag.py:588} INFO - Filling up the DagBag from /home/airflow/.local/lib/python3.12/site-packages/airflow/example_dags/example_nested_branch_dag.py
[2025-07-02T23:45:42.774+0000] {processor.py:925} INFO - DAG(s) 'example_nested_branch_dag' retrieved from /home/airflow/.local/lib/python3.12/site-packages/airflow/example_dags/example_nested_branch_dag.py
[2025-07-02T23:45:42.794+0000] {logging_mixin.py:190} INFO - [2025-07-02T23:45:42.793+0000] {dag.py:3239} INFO - Sync 1 DAGs
[2025-07-02T23:45:42.817+0000] {logging_mixin.py:190} INFO - [2025-07-02T23:45:42.816+0000] {dag.py:4180} INFO - Setting next_dagrun for example_nested_branch_dag to 2025-07-01 00:00:00+00:00, run_after=2025-07-02 00:00:00+00:00
[2025-07-02T23:45:42.834+0000] {processor.py:208} INFO - Processing /home/airflow/.local/lib/python3.12/site-packages/airflow/example_dags/example_nested_branch_dag.py took 0.082 seconds
[2025-07-02T23:46:13.186+0000] {processor.py:186} INFO - Started process (PID=2239) to work on /home/airflow/.local/lib/python3.12/site-packages/airflow/example_dags/example_nested_branch_dag.py
[2025-07-02T23:46:13.190+0000] {processor.py:914} INFO - Processing file /home/airflow/.local/lib/python3.12/site-packages/airflow/example_dags/example_nested_branch_dag.py for tasks to queue
[2025-07-02T23:46:13.194+0000] {logging_mixin.py:190} INFO - [2025-07-02T23:46:13.194+0000] {dagbag.py:588} INFO - Filling up the DagBag from /home/airflow/.local/lib/python3.12/site-packages/airflow/example_dags/example_nested_branch_dag.py
[2025-07-02T23:46:13.207+0000] {processor.py:925} INFO - DAG(s) 'example_nested_branch_dag' retrieved from /home/airflow/.local/lib/python3.12/site-packages/airflow/example_dags/example_nested_branch_dag.py
[2025-07-02T23:46:13.227+0000] {logging_mixin.py:190} INFO - [2025-07-02T23:46:13.227+0000] {dag.py:3239} INFO - Sync 1 DAGs
[2025-07-02T23:46:13.254+0000] {logging_mixin.py:190} INFO - [2025-07-02T23:46:13.254+0000] {dag.py:4180} INFO - Setting next_dagrun for example_nested_branch_dag to 2025-07-01 00:00:00+00:00, run_after=2025-07-02 00:00:00+00:00
[2025-07-02T23:46:13.273+0000] {processor.py:208} INFO - Processing /home/airflow/.local/lib/python3.12/site-packages/airflow/example_dags/example_nested_branch_dag.py took 0.095 seconds
[2025-07-02T23:46:43.805+0000] {processor.py:186} INFO - Started process (PID=2301) to work on /home/airflow/.local/lib/python3.12/site-packages/airflow/example_dags/example_nested_branch_dag.py
[2025-07-02T23:46:43.807+0000] {processor.py:914} INFO - Processing file /home/airflow/.local/lib/python3.12/site-packages/airflow/example_dags/example_nested_branch_dag.py for tasks to queue
[2025-07-02T23:46:43.810+0000] {logging_mixin.py:190} INFO - [2025-07-02T23:46:43.809+0000] {dagbag.py:588} INFO - Filling up the DagBag from /home/airflow/.local/lib/python3.12/site-packages/airflow/example_dags/example_nested_branch_dag.py
[2025-07-02T23:46:43.828+0000] {processor.py:925} INFO - DAG(s) 'example_nested_branch_dag' retrieved from /home/airflow/.local/lib/python3.12/site-packages/airflow/example_dags/example_nested_branch_dag.py
[2025-07-02T23:46:43.857+0000] {logging_mixin.py:190} INFO - [2025-07-02T23:46:43.857+0000] {dag.py:3239} INFO - Sync 1 DAGs
[2025-07-02T23:46:43.892+0000] {logging_mixin.py:190} INFO - [2025-07-02T23:46:43.891+0000] {dag.py:4180} INFO - Setting next_dagrun for example_nested_branch_dag to 2025-07-01 00:00:00+00:00, run_after=2025-07-02 00:00:00+00:00
[2025-07-02T23:46:43.922+0000] {processor.py:208} INFO - Processing /home/airflow/.local/lib/python3.12/site-packages/airflow/example_dags/example_nested_branch_dag.py took 0.125 seconds
[2025-07-02T23:47:14.030+0000] {processor.py:186} INFO - Started process (PID=2363) to work on /home/airflow/.local/lib/python3.12/site-packages/airflow/example_dags/example_nested_branch_dag.py
[2025-07-02T23:47:14.031+0000] {processor.py:914} INFO - Processing file /home/airflow/.local/lib/python3.12/site-packages/airflow/example_dags/example_nested_branch_dag.py for tasks to queue
[2025-07-02T23:47:14.034+0000] {logging_mixin.py:190} INFO - [2025-07-02T23:47:14.034+0000] {dagbag.py:588} INFO - Filling up the DagBag from /home/airflow/.local/lib/python3.12/site-packages/airflow/example_dags/example_nested_branch_dag.py
[2025-07-02T23:47:14.048+0000] {processor.py:925} INFO - DAG(s) 'example_nested_branch_dag' retrieved from /home/airflow/.local/lib/python3.12/site-packages/airflow/example_dags/example_nested_branch_dag.py
[2025-07-02T23:47:14.070+0000] {logging_mixin.py:190} INFO - [2025-07-02T23:47:14.070+0000] {dag.py:3239} INFO - Sync 1 DAGs
[2025-07-02T23:47:14.098+0000] {logging_mixin.py:190} INFO - [2025-07-02T23:47:14.098+0000] {dag.py:4180} INFO - Setting next_dagrun for example_nested_branch_dag to 2025-07-01 00:00:00+00:00, run_after=2025-07-02 00:00:00+00:00
[2025-07-02T23:47:14.119+0000] {processor.py:208} INFO - Processing /home/airflow/.local/lib/python3.12/site-packages/airflow/example_dags/example_nested_branch_dag.py took 0.096 seconds
[2025-07-02T23:47:44.378+0000] {processor.py:186} INFO - Started process (PID=2425) to work on /home/airflow/.local/lib/python3.12/site-packages/airflow/example_dags/example_nested_branch_dag.py
[2025-07-02T23:47:44.379+0000] {processor.py:914} INFO - Processing file /home/airflow/.local/lib/python3.12/site-packages/airflow/example_dags/example_nested_branch_dag.py for tasks to queue
[2025-07-02T23:47:44.383+0000] {logging_mixin.py:190} INFO - [2025-07-02T23:47:44.382+0000] {dagbag.py:588} INFO - Filling up the DagBag from /home/airflow/.local/lib/python3.12/site-packages/airflow/example_dags/example_nested_branch_dag.py
[2025-07-02T23:47:44.398+0000] {processor.py:925} INFO - DAG(s) 'example_nested_branch_dag' retrieved from /home/airflow/.local/lib/python3.12/site-packages/airflow/example_dags/example_nested_branch_dag.py
[2025-07-02T23:47:44.419+0000] {logging_mixin.py:190} INFO - [2025-07-02T23:47:44.419+0000] {dag.py:3239} INFO - Sync 1 DAGs
[2025-07-02T23:47:44.443+0000] {logging_mixin.py:190} INFO - [2025-07-02T23:47:44.442+0000] {dag.py:4180} INFO - Setting next_dagrun for example_nested_branch_dag to 2025-07-01 00:00:00+00:00, run_after=2025-07-02 00:00:00+00:00
[2025-07-02T23:47:44.459+0000] {processor.py:208} INFO - Processing /home/airflow/.local/lib/python3.12/site-packages/airflow/example_dags/example_nested_branch_dag.py took 0.095 seconds
[2025-07-02T23:48:14.668+0000] {processor.py:186} INFO - Started process (PID=2487) to work on /home/airflow/.local/lib/python3.12/site-packages/airflow/example_dags/example_nested_branch_dag.py
[2025-07-02T23:48:14.670+0000] {processor.py:914} INFO - Processing file /home/airflow/.local/lib/python3.12/site-packages/airflow/example_dags/example_nested_branch_dag.py for tasks to queue
[2025-07-02T23:48:14.673+0000] {logging_mixin.py:190} INFO - [2025-07-02T23:48:14.672+0000] {dagbag.py:588} INFO - Filling up the DagBag from /home/airflow/.local/lib/python3.12/site-packages/airflow/example_dags/example_nested_branch_dag.py
[2025-07-02T23:48:14.687+0000] {processor.py:925} INFO - DAG(s) 'example_nested_branch_dag' retrieved from /home/airflow/.local/lib/python3.12/site-packages/airflow/example_dags/example_nested_branch_dag.py
[2025-07-02T23:48:14.711+0000] {logging_mixin.py:190} INFO - [2025-07-02T23:48:14.711+0000] {dag.py:3239} INFO - Sync 1 DAGs
[2025-07-02T23:48:14.746+0000] {logging_mixin.py:190} INFO - [2025-07-02T23:48:14.746+0000] {dag.py:4180} INFO - Setting next_dagrun for example_nested_branch_dag to 2025-07-01 00:00:00+00:00, run_after=2025-07-02 00:00:00+00:00
[2025-07-02T23:48:14.767+0000] {processor.py:208} INFO - Processing /home/airflow/.local/lib/python3.12/site-packages/airflow/example_dags/example_nested_branch_dag.py took 0.106 seconds
[2025-07-02T23:48:44.884+0000] {processor.py:186} INFO - Started process (PID=2549) to work on /home/airflow/.local/lib/python3.12/site-packages/airflow/example_dags/example_nested_branch_dag.py
[2025-07-02T23:48:44.886+0000] {processor.py:914} INFO - Processing file /home/airflow/.local/lib/python3.12/site-packages/airflow/example_dags/example_nested_branch_dag.py for tasks to queue
[2025-07-02T23:48:44.888+0000] {logging_mixin.py:190} INFO - [2025-07-02T23:48:44.888+0000] {dagbag.py:588} INFO - Filling up the DagBag from /home/airflow/.local/lib/python3.12/site-packages/airflow/example_dags/example_nested_branch_dag.py
[2025-07-02T23:48:44.904+0000] {processor.py:925} INFO - DAG(s) 'example_nested_branch_dag' retrieved from /home/airflow/.local/lib/python3.12/site-packages/airflow/example_dags/example_nested_branch_dag.py
[2025-07-02T23:48:44.926+0000] {logging_mixin.py:190} INFO - [2025-07-02T23:48:44.926+0000] {dag.py:3239} INFO - Sync 1 DAGs
[2025-07-02T23:48:44.964+0000] {logging_mixin.py:190} INFO - [2025-07-02T23:48:44.964+0000] {dag.py:4180} INFO - Setting next_dagrun for example_nested_branch_dag to 2025-07-01 00:00:00+00:00, run_after=2025-07-02 00:00:00+00:00
[2025-07-02T23:48:45.006+0000] {processor.py:208} INFO - Processing /home/airflow/.local/lib/python3.12/site-packages/airflow/example_dags/example_nested_branch_dag.py took 0.128 seconds
[2025-07-02T23:49:15.250+0000] {processor.py:186} INFO - Started process (PID=2611) to work on /home/airflow/.local/lib/python3.12/site-packages/airflow/example_dags/example_nested_branch_dag.py
[2025-07-02T23:49:15.251+0000] {processor.py:914} INFO - Processing file /home/airflow/.local/lib/python3.12/site-packages/airflow/example_dags/example_nested_branch_dag.py for tasks to queue
[2025-07-02T23:49:15.254+0000] {logging_mixin.py:190} INFO - [2025-07-02T23:49:15.254+0000] {dagbag.py:588} INFO - Filling up the DagBag from /home/airflow/.local/lib/python3.12/site-packages/airflow/example_dags/example_nested_branch_dag.py
[2025-07-02T23:49:15.270+0000] {processor.py:925} INFO - DAG(s) 'example_nested_branch_dag' retrieved from /home/airflow/.local/lib/python3.12/site-packages/airflow/example_dags/example_nested_branch_dag.py
[2025-07-02T23:49:15.291+0000] {logging_mixin.py:190} INFO - [2025-07-02T23:49:15.291+0000] {dag.py:3239} INFO - Sync 1 DAGs
[2025-07-02T23:49:15.324+0000] {logging_mixin.py:190} INFO - [2025-07-02T23:49:15.324+0000] {dag.py:4180} INFO - Setting next_dagrun for example_nested_branch_dag to 2025-07-01 00:00:00+00:00, run_after=2025-07-02 00:00:00+00:00
[2025-07-02T23:49:15.353+0000] {processor.py:208} INFO - Processing /home/airflow/.local/lib/python3.12/site-packages/airflow/example_dags/example_nested_branch_dag.py took 0.110 seconds
[2025-07-02T23:49:45.659+0000] {processor.py:186} INFO - Started process (PID=2673) to work on /home/airflow/.local/lib/python3.12/site-packages/airflow/example_dags/example_nested_branch_dag.py
[2025-07-02T23:49:45.660+0000] {processor.py:914} INFO - Processing file /home/airflow/.local/lib/python3.12/site-packages/airflow/example_dags/example_nested_branch_dag.py for tasks to queue
[2025-07-02T23:49:45.664+0000] {logging_mixin.py:190} INFO - [2025-07-02T23:49:45.663+0000] {dagbag.py:588} INFO - Filling up the DagBag from /home/airflow/.local/lib/python3.12/site-packages/airflow/example_dags/example_nested_branch_dag.py
[2025-07-02T23:49:45.677+0000] {processor.py:925} INFO - DAG(s) 'example_nested_branch_dag' retrieved from /home/airflow/.local/lib/python3.12/site-packages/airflow/example_dags/example_nested_branch_dag.py
[2025-07-02T23:49:45.697+0000] {logging_mixin.py:190} INFO - [2025-07-02T23:49:45.697+0000] {dag.py:3239} INFO - Sync 1 DAGs
[2025-07-02T23:49:45.721+0000] {logging_mixin.py:190} INFO - [2025-07-02T23:49:45.721+0000] {dag.py:4180} INFO - Setting next_dagrun for example_nested_branch_dag to 2025-07-01 00:00:00+00:00, run_after=2025-07-02 00:00:00+00:00
[2025-07-02T23:49:45.742+0000] {processor.py:208} INFO - Processing /home/airflow/.local/lib/python3.12/site-packages/airflow/example_dags/example_nested_branch_dag.py took 0.091 seconds
[2025-07-02T23:50:16.086+0000] {processor.py:186} INFO - Started process (PID=2735) to work on /home/airflow/.local/lib/python3.12/site-packages/airflow/example_dags/example_nested_branch_dag.py
[2025-07-02T23:50:16.087+0000] {processor.py:914} INFO - Processing file /home/airflow/.local/lib/python3.12/site-packages/airflow/example_dags/example_nested_branch_dag.py for tasks to queue
[2025-07-02T23:50:16.090+0000] {logging_mixin.py:190} INFO - [2025-07-02T23:50:16.089+0000] {dagbag.py:588} INFO - Filling up the DagBag from /home/airflow/.local/lib/python3.12/site-packages/airflow/example_dags/example_nested_branch_dag.py
[2025-07-02T23:50:16.101+0000] {processor.py:925} INFO - DAG(s) 'example_nested_branch_dag' retrieved from /home/airflow/.local/lib/python3.12/site-packages/airflow/example_dags/example_nested_branch_dag.py
[2025-07-02T23:50:16.121+0000] {logging_mixin.py:190} INFO - [2025-07-02T23:50:16.121+0000] {dag.py:3239} INFO - Sync 1 DAGs
[2025-07-02T23:50:16.144+0000] {logging_mixin.py:190} INFO - [2025-07-02T23:50:16.144+0000] {dag.py:4180} INFO - Setting next_dagrun for example_nested_branch_dag to 2025-07-01 00:00:00+00:00, run_after=2025-07-02 00:00:00+00:00
[2025-07-02T23:50:16.161+0000] {processor.py:208} INFO - Processing /home/airflow/.local/lib/python3.12/site-packages/airflow/example_dags/example_nested_branch_dag.py took 0.081 seconds
[2025-07-02T23:50:46.478+0000] {processor.py:186} INFO - Started process (PID=2797) to work on /home/airflow/.local/lib/python3.12/site-packages/airflow/example_dags/example_nested_branch_dag.py
[2025-07-02T23:50:46.479+0000] {processor.py:914} INFO - Processing file /home/airflow/.local/lib/python3.12/site-packages/airflow/example_dags/example_nested_branch_dag.py for tasks to queue
[2025-07-02T23:50:46.482+0000] {logging_mixin.py:190} INFO - [2025-07-02T23:50:46.482+0000] {dagbag.py:588} INFO - Filling up the DagBag from /home/airflow/.local/lib/python3.12/site-packages/airflow/example_dags/example_nested_branch_dag.py
[2025-07-02T23:50:46.494+0000] {processor.py:925} INFO - DAG(s) 'example_nested_branch_dag' retrieved from /home/airflow/.local/lib/python3.12/site-packages/airflow/example_dags/example_nested_branch_dag.py
[2025-07-02T23:50:46.516+0000] {logging_mixin.py:190} INFO - [2025-07-02T23:50:46.516+0000] {dag.py:3239} INFO - Sync 1 DAGs
[2025-07-02T23:50:46.541+0000] {logging_mixin.py:190} INFO - [2025-07-02T23:50:46.541+0000] {dag.py:4180} INFO - Setting next_dagrun for example_nested_branch_dag to 2025-07-01 00:00:00+00:00, run_after=2025-07-02 00:00:00+00:00
[2025-07-02T23:50:46.560+0000] {processor.py:208} INFO - Processing /home/airflow/.local/lib/python3.12/site-packages/airflow/example_dags/example_nested_branch_dag.py took 0.088 seconds
[2025-07-02T23:51:16.699+0000] {processor.py:186} INFO - Started process (PID=2859) to work on /home/airflow/.local/lib/python3.12/site-packages/airflow/example_dags/example_nested_branch_dag.py
[2025-07-02T23:51:16.700+0000] {processor.py:914} INFO - Processing file /home/airflow/.local/lib/python3.12/site-packages/airflow/example_dags/example_nested_branch_dag.py for tasks to queue
[2025-07-02T23:51:16.704+0000] {logging_mixin.py:190} INFO - [2025-07-02T23:51:16.703+0000] {dagbag.py:588} INFO - Filling up the DagBag from /home/airflow/.local/lib/python3.12/site-packages/airflow/example_dags/example_nested_branch_dag.py
[2025-07-02T23:51:16.715+0000] {processor.py:925} INFO - DAG(s) 'example_nested_branch_dag' retrieved from /home/airflow/.local/lib/python3.12/site-packages/airflow/example_dags/example_nested_branch_dag.py
[2025-07-02T23:51:16.734+0000] {logging_mixin.py:190} INFO - [2025-07-02T23:51:16.734+0000] {dag.py:3239} INFO - Sync 1 DAGs
[2025-07-02T23:51:16.756+0000] {logging_mixin.py:190} INFO - [2025-07-02T23:51:16.756+0000] {dag.py:4180} INFO - Setting next_dagrun for example_nested_branch_dag to 2025-07-01 00:00:00+00:00, run_after=2025-07-02 00:00:00+00:00
[2025-07-02T23:51:16.772+0000] {processor.py:208} INFO - Processing /home/airflow/.local/lib/python3.12/site-packages/airflow/example_dags/example_nested_branch_dag.py took 0.079 seconds
[2025-07-02T23:51:47.092+0000] {processor.py:186} INFO - Started process (PID=2922) to work on /home/airflow/.local/lib/python3.12/site-packages/airflow/example_dags/example_nested_branch_dag.py
[2025-07-02T23:51:47.093+0000] {processor.py:914} INFO - Processing file /home/airflow/.local/lib/python3.12/site-packages/airflow/example_dags/example_nested_branch_dag.py for tasks to queue
[2025-07-02T23:51:47.096+0000] {logging_mixin.py:190} INFO - [2025-07-02T23:51:47.096+0000] {dagbag.py:588} INFO - Filling up the DagBag from /home/airflow/.local/lib/python3.12/site-packages/airflow/example_dags/example_nested_branch_dag.py
[2025-07-02T23:51:47.107+0000] {processor.py:925} INFO - DAG(s) 'example_nested_branch_dag' retrieved from /home/airflow/.local/lib/python3.12/site-packages/airflow/example_dags/example_nested_branch_dag.py
[2025-07-02T23:51:47.128+0000] {logging_mixin.py:190} INFO - [2025-07-02T23:51:47.127+0000] {dag.py:3239} INFO - Sync 1 DAGs
[2025-07-02T23:51:47.152+0000] {logging_mixin.py:190} INFO - [2025-07-02T23:51:47.152+0000] {dag.py:4180} INFO - Setting next_dagrun for example_nested_branch_dag to 2025-07-01 00:00:00+00:00, run_after=2025-07-02 00:00:00+00:00
[2025-07-02T23:51:47.169+0000] {processor.py:208} INFO - Processing /home/airflow/.local/lib/python3.12/site-packages/airflow/example_dags/example_nested_branch_dag.py took 0.082 seconds
[2025-07-02T23:52:17.327+0000] {processor.py:186} INFO - Started process (PID=2984) to work on /home/airflow/.local/lib/python3.12/site-packages/airflow/example_dags/example_nested_branch_dag.py
[2025-07-02T23:52:17.329+0000] {processor.py:914} INFO - Processing file /home/airflow/.local/lib/python3.12/site-packages/airflow/example_dags/example_nested_branch_dag.py for tasks to queue
[2025-07-02T23:52:17.331+0000] {logging_mixin.py:190} INFO - [2025-07-02T23:52:17.331+0000] {dagbag.py:588} INFO - Filling up the DagBag from /home/airflow/.local/lib/python3.12/site-packages/airflow/example_dags/example_nested_branch_dag.py
[2025-07-02T23:52:17.343+0000] {processor.py:925} INFO - DAG(s) 'example_nested_branch_dag' retrieved from /home/airflow/.local/lib/python3.12/site-packages/airflow/example_dags/example_nested_branch_dag.py
[2025-07-02T23:52:17.361+0000] {logging_mixin.py:190} INFO - [2025-07-02T23:52:17.361+0000] {dag.py:3239} INFO - Sync 1 DAGs
[2025-07-02T23:52:17.384+0000] {logging_mixin.py:190} INFO - [2025-07-02T23:52:17.383+0000] {dag.py:4180} INFO - Setting next_dagrun for example_nested_branch_dag to 2025-07-01 00:00:00+00:00, run_after=2025-07-02 00:00:00+00:00
[2025-07-02T23:52:17.402+0000] {processor.py:208} INFO - Processing /home/airflow/.local/lib/python3.12/site-packages/airflow/example_dags/example_nested_branch_dag.py took 0.080 seconds
[2025-07-02T23:52:47.945+0000] {processor.py:186} INFO - Started process (PID=3046) to work on /home/airflow/.local/lib/python3.12/site-packages/airflow/example_dags/example_nested_branch_dag.py
[2025-07-02T23:52:47.946+0000] {processor.py:914} INFO - Processing file /home/airflow/.local/lib/python3.12/site-packages/airflow/example_dags/example_nested_branch_dag.py for tasks to queue
[2025-07-02T23:52:47.949+0000] {logging_mixin.py:190} INFO - [2025-07-02T23:52:47.949+0000] {dagbag.py:588} INFO - Filling up the DagBag from /home/airflow/.local/lib/python3.12/site-packages/airflow/example_dags/example_nested_branch_dag.py
[2025-07-02T23:52:47.962+0000] {processor.py:925} INFO - DAG(s) 'example_nested_branch_dag' retrieved from /home/airflow/.local/lib/python3.12/site-packages/airflow/example_dags/example_nested_branch_dag.py
[2025-07-02T23:52:47.981+0000] {logging_mixin.py:190} INFO - [2025-07-02T23:52:47.980+0000] {dag.py:3239} INFO - Sync 1 DAGs
[2025-07-02T23:52:48.003+0000] {logging_mixin.py:190} INFO - [2025-07-02T23:52:48.003+0000] {dag.py:4180} INFO - Setting next_dagrun for example_nested_branch_dag to 2025-07-01 00:00:00+00:00, run_after=2025-07-02 00:00:00+00:00
[2025-07-02T23:52:48.020+0000] {processor.py:208} INFO - Processing /home/airflow/.local/lib/python3.12/site-packages/airflow/example_dags/example_nested_branch_dag.py took 0.082 seconds
[2025-07-02T23:53:18.650+0000] {processor.py:186} INFO - Started process (PID=3108) to work on /home/airflow/.local/lib/python3.12/site-packages/airflow/example_dags/example_nested_branch_dag.py
[2025-07-02T23:53:18.652+0000] {processor.py:914} INFO - Processing file /home/airflow/.local/lib/python3.12/site-packages/airflow/example_dags/example_nested_branch_dag.py for tasks to queue
[2025-07-02T23:53:18.655+0000] {logging_mixin.py:190} INFO - [2025-07-02T23:53:18.655+0000] {dagbag.py:588} INFO - Filling up the DagBag from /home/airflow/.local/lib/python3.12/site-packages/airflow/example_dags/example_nested_branch_dag.py
[2025-07-02T23:53:18.667+0000] {processor.py:925} INFO - DAG(s) 'example_nested_branch_dag' retrieved from /home/airflow/.local/lib/python3.12/site-packages/airflow/example_dags/example_nested_branch_dag.py
[2025-07-02T23:53:18.693+0000] {logging_mixin.py:190} INFO - [2025-07-02T23:53:18.692+0000] {dag.py:3239} INFO - Sync 1 DAGs
[2025-07-02T23:53:18.722+0000] {logging_mixin.py:190} INFO - [2025-07-02T23:53:18.722+0000] {dag.py:4180} INFO - Setting next_dagrun for example_nested_branch_dag to 2025-07-01 00:00:00+00:00, run_after=2025-07-02 00:00:00+00:00
[2025-07-02T23:53:18.743+0000] {processor.py:208} INFO - Processing /home/airflow/.local/lib/python3.12/site-packages/airflow/example_dags/example_nested_branch_dag.py took 0.100 seconds
[2025-07-02T23:53:48.821+0000] {processor.py:186} INFO - Started process (PID=3170) to work on /home/airflow/.local/lib/python3.12/site-packages/airflow/example_dags/example_nested_branch_dag.py
[2025-07-02T23:53:48.822+0000] {processor.py:914} INFO - Processing file /home/airflow/.local/lib/python3.12/site-packages/airflow/example_dags/example_nested_branch_dag.py for tasks to queue
[2025-07-02T23:53:48.824+0000] {logging_mixin.py:190} INFO - [2025-07-02T23:53:48.824+0000] {dagbag.py:588} INFO - Filling up the DagBag from /home/airflow/.local/lib/python3.12/site-packages/airflow/example_dags/example_nested_branch_dag.py
[2025-07-02T23:53:48.836+0000] {processor.py:925} INFO - DAG(s) 'example_nested_branch_dag' retrieved from /home/airflow/.local/lib/python3.12/site-packages/airflow/example_dags/example_nested_branch_dag.py
[2025-07-02T23:53:48.854+0000] {logging_mixin.py:190} INFO - [2025-07-02T23:53:48.854+0000] {dag.py:3239} INFO - Sync 1 DAGs
[2025-07-02T23:53:48.877+0000] {logging_mixin.py:190} INFO - [2025-07-02T23:53:48.876+0000] {dag.py:4180} INFO - Setting next_dagrun for example_nested_branch_dag to 2025-07-01 00:00:00+00:00, run_after=2025-07-02 00:00:00+00:00
[2025-07-02T23:53:48.893+0000] {processor.py:208} INFO - Processing /home/airflow/.local/lib/python3.12/site-packages/airflow/example_dags/example_nested_branch_dag.py took 0.078 seconds
[2025-07-02T23:54:19.124+0000] {processor.py:186} INFO - Started process (PID=3232) to work on /home/airflow/.local/lib/python3.12/site-packages/airflow/example_dags/example_nested_branch_dag.py
[2025-07-02T23:54:19.125+0000] {processor.py:914} INFO - Processing file /home/airflow/.local/lib/python3.12/site-packages/airflow/example_dags/example_nested_branch_dag.py for tasks to queue
[2025-07-02T23:54:19.128+0000] {logging_mixin.py:190} INFO - [2025-07-02T23:54:19.127+0000] {dagbag.py:588} INFO - Filling up the DagBag from /home/airflow/.local/lib/python3.12/site-packages/airflow/example_dags/example_nested_branch_dag.py
[2025-07-02T23:54:19.139+0000] {processor.py:925} INFO - DAG(s) 'example_nested_branch_dag' retrieved from /home/airflow/.local/lib/python3.12/site-packages/airflow/example_dags/example_nested_branch_dag.py
[2025-07-02T23:54:19.158+0000] {logging_mixin.py:190} INFO - [2025-07-02T23:54:19.158+0000] {dag.py:3239} INFO - Sync 1 DAGs
[2025-07-02T23:54:19.180+0000] {logging_mixin.py:190} INFO - [2025-07-02T23:54:19.180+0000] {dag.py:4180} INFO - Setting next_dagrun for example_nested_branch_dag to 2025-07-01 00:00:00+00:00, run_after=2025-07-02 00:00:00+00:00
[2025-07-02T23:54:19.197+0000] {processor.py:208} INFO - Processing /home/airflow/.local/lib/python3.12/site-packages/airflow/example_dags/example_nested_branch_dag.py took 0.078 seconds
[2025-07-02T23:54:49.815+0000] {processor.py:186} INFO - Started process (PID=3294) to work on /home/airflow/.local/lib/python3.12/site-packages/airflow/example_dags/example_nested_branch_dag.py
[2025-07-02T23:54:49.816+0000] {processor.py:914} INFO - Processing file /home/airflow/.local/lib/python3.12/site-packages/airflow/example_dags/example_nested_branch_dag.py for tasks to queue
[2025-07-02T23:54:49.819+0000] {logging_mixin.py:190} INFO - [2025-07-02T23:54:49.818+0000] {dagbag.py:588} INFO - Filling up the DagBag from /home/airflow/.local/lib/python3.12/site-packages/airflow/example_dags/example_nested_branch_dag.py
[2025-07-02T23:54:49.830+0000] {processor.py:925} INFO - DAG(s) 'example_nested_branch_dag' retrieved from /home/airflow/.local/lib/python3.12/site-packages/airflow/example_dags/example_nested_branch_dag.py
[2025-07-02T23:54:49.849+0000] {logging_mixin.py:190} INFO - [2025-07-02T23:54:49.848+0000] {dag.py:3239} INFO - Sync 1 DAGs
[2025-07-02T23:54:49.874+0000] {logging_mixin.py:190} INFO - [2025-07-02T23:54:49.874+0000] {dag.py:4180} INFO - Setting next_dagrun for example_nested_branch_dag to 2025-07-01 00:00:00+00:00, run_after=2025-07-02 00:00:00+00:00
[2025-07-02T23:54:49.892+0000] {processor.py:208} INFO - Processing /home/airflow/.local/lib/python3.12/site-packages/airflow/example_dags/example_nested_branch_dag.py took 0.082 seconds
[2025-07-02T23:55:20.611+0000] {processor.py:186} INFO - Started process (PID=3356) to work on /home/airflow/.local/lib/python3.12/site-packages/airflow/example_dags/example_nested_branch_dag.py
[2025-07-02T23:55:20.612+0000] {processor.py:914} INFO - Processing file /home/airflow/.local/lib/python3.12/site-packages/airflow/example_dags/example_nested_branch_dag.py for tasks to queue
[2025-07-02T23:55:20.614+0000] {logging_mixin.py:190} INFO - [2025-07-02T23:55:20.614+0000] {dagbag.py:588} INFO - Filling up the DagBag from /home/airflow/.local/lib/python3.12/site-packages/airflow/example_dags/example_nested_branch_dag.py
[2025-07-02T23:55:20.626+0000] {processor.py:925} INFO - DAG(s) 'example_nested_branch_dag' retrieved from /home/airflow/.local/lib/python3.12/site-packages/airflow/example_dags/example_nested_branch_dag.py
[2025-07-02T23:55:20.647+0000] {logging_mixin.py:190} INFO - [2025-07-02T23:55:20.646+0000] {dag.py:3239} INFO - Sync 1 DAGs
[2025-07-02T23:55:20.830+0000] {logging_mixin.py:190} INFO - [2025-07-02T23:55:20.830+0000] {dag.py:4180} INFO - Setting next_dagrun for example_nested_branch_dag to 2025-07-01 00:00:00+00:00, run_after=2025-07-02 00:00:00+00:00
[2025-07-02T23:55:20.848+0000] {processor.py:208} INFO - Processing /home/airflow/.local/lib/python3.12/site-packages/airflow/example_dags/example_nested_branch_dag.py took 0.243 seconds
[2025-07-02T23:55:51.320+0000] {processor.py:186} INFO - Started process (PID=3418) to work on /home/airflow/.local/lib/python3.12/site-packages/airflow/example_dags/example_nested_branch_dag.py
[2025-07-02T23:55:51.321+0000] {processor.py:914} INFO - Processing file /home/airflow/.local/lib/python3.12/site-packages/airflow/example_dags/example_nested_branch_dag.py for tasks to queue
[2025-07-02T23:55:51.323+0000] {logging_mixin.py:190} INFO - [2025-07-02T23:55:51.323+0000] {dagbag.py:588} INFO - Filling up the DagBag from /home/airflow/.local/lib/python3.12/site-packages/airflow/example_dags/example_nested_branch_dag.py
[2025-07-02T23:55:51.334+0000] {processor.py:925} INFO - DAG(s) 'example_nested_branch_dag' retrieved from /home/airflow/.local/lib/python3.12/site-packages/airflow/example_dags/example_nested_branch_dag.py
[2025-07-02T23:55:51.359+0000] {logging_mixin.py:190} INFO - [2025-07-02T23:55:51.359+0000] {dag.py:3239} INFO - Sync 1 DAGs
[2025-07-02T23:55:51.385+0000] {logging_mixin.py:190} INFO - [2025-07-02T23:55:51.385+0000] {dag.py:4180} INFO - Setting next_dagrun for example_nested_branch_dag to 2025-07-01 00:00:00+00:00, run_after=2025-07-02 00:00:00+00:00
[2025-07-02T23:55:51.594+0000] {processor.py:208} INFO - Processing /home/airflow/.local/lib/python3.12/site-packages/airflow/example_dags/example_nested_branch_dag.py took 0.279 seconds
[2025-07-02T23:56:21.955+0000] {processor.py:186} INFO - Started process (PID=3480) to work on /home/airflow/.local/lib/python3.12/site-packages/airflow/example_dags/example_nested_branch_dag.py
[2025-07-02T23:56:21.955+0000] {processor.py:914} INFO - Processing file /home/airflow/.local/lib/python3.12/site-packages/airflow/example_dags/example_nested_branch_dag.py for tasks to queue
[2025-07-02T23:56:21.958+0000] {logging_mixin.py:190} INFO - [2025-07-02T23:56:21.957+0000] {dagbag.py:588} INFO - Filling up the DagBag from /home/airflow/.local/lib/python3.12/site-packages/airflow/example_dags/example_nested_branch_dag.py
[2025-07-02T23:56:21.968+0000] {processor.py:925} INFO - DAG(s) 'example_nested_branch_dag' retrieved from /home/airflow/.local/lib/python3.12/site-packages/airflow/example_dags/example_nested_branch_dag.py
[2025-07-02T23:56:21.987+0000] {logging_mixin.py:190} INFO - [2025-07-02T23:56:21.987+0000] {dag.py:3239} INFO - Sync 1 DAGs
[2025-07-02T23:56:22.008+0000] {logging_mixin.py:190} INFO - [2025-07-02T23:56:22.008+0000] {dag.py:4180} INFO - Setting next_dagrun for example_nested_branch_dag to 2025-07-01 00:00:00+00:00, run_after=2025-07-02 00:00:00+00:00
[2025-07-02T23:56:22.028+0000] {processor.py:208} INFO - Processing /home/airflow/.local/lib/python3.12/site-packages/airflow/example_dags/example_nested_branch_dag.py took 0.079 seconds
[2025-07-02T23:56:52.489+0000] {processor.py:186} INFO - Started process (PID=3542) to work on /home/airflow/.local/lib/python3.12/site-packages/airflow/example_dags/example_nested_branch_dag.py
[2025-07-02T23:56:52.490+0000] {processor.py:914} INFO - Processing file /home/airflow/.local/lib/python3.12/site-packages/airflow/example_dags/example_nested_branch_dag.py for tasks to queue
[2025-07-02T23:56:52.492+0000] {logging_mixin.py:190} INFO - [2025-07-02T23:56:52.492+0000] {dagbag.py:588} INFO - Filling up the DagBag from /home/airflow/.local/lib/python3.12/site-packages/airflow/example_dags/example_nested_branch_dag.py
[2025-07-02T23:56:52.503+0000] {processor.py:925} INFO - DAG(s) 'example_nested_branch_dag' retrieved from /home/airflow/.local/lib/python3.12/site-packages/airflow/example_dags/example_nested_branch_dag.py
[2025-07-02T23:56:52.524+0000] {logging_mixin.py:190} INFO - [2025-07-02T23:56:52.523+0000] {dag.py:3239} INFO - Sync 1 DAGs
[2025-07-02T23:56:52.545+0000] {logging_mixin.py:190} INFO - [2025-07-02T23:56:52.545+0000] {dag.py:4180} INFO - Setting next_dagrun for example_nested_branch_dag to 2025-07-01 00:00:00+00:00, run_after=2025-07-02 00:00:00+00:00
[2025-07-02T23:56:52.562+0000] {processor.py:208} INFO - Processing /home/airflow/.local/lib/python3.12/site-packages/airflow/example_dags/example_nested_branch_dag.py took 0.079 seconds
[2025-07-02T23:57:23.183+0000] {processor.py:186} INFO - Started process (PID=3604) to work on /home/airflow/.local/lib/python3.12/site-packages/airflow/example_dags/example_nested_branch_dag.py
[2025-07-02T23:57:23.183+0000] {processor.py:914} INFO - Processing file /home/airflow/.local/lib/python3.12/site-packages/airflow/example_dags/example_nested_branch_dag.py for tasks to queue
[2025-07-02T23:57:23.186+0000] {logging_mixin.py:190} INFO - [2025-07-02T23:57:23.186+0000] {dagbag.py:588} INFO - Filling up the DagBag from /home/airflow/.local/lib/python3.12/site-packages/airflow/example_dags/example_nested_branch_dag.py
[2025-07-02T23:57:23.196+0000] {processor.py:925} INFO - DAG(s) 'example_nested_branch_dag' retrieved from /home/airflow/.local/lib/python3.12/site-packages/airflow/example_dags/example_nested_branch_dag.py
[2025-07-02T23:57:23.216+0000] {logging_mixin.py:190} INFO - [2025-07-02T23:57:23.216+0000] {dag.py:3239} INFO - Sync 1 DAGs
[2025-07-02T23:57:23.239+0000] {logging_mixin.py:190} INFO - [2025-07-02T23:57:23.239+0000] {dag.py:4180} INFO - Setting next_dagrun for example_nested_branch_dag to 2025-07-01 00:00:00+00:00, run_after=2025-07-02 00:00:00+00:00
[2025-07-02T23:57:23.256+0000] {processor.py:208} INFO - Processing /home/airflow/.local/lib/python3.12/site-packages/airflow/example_dags/example_nested_branch_dag.py took 0.080 seconds
[2025-07-02T23:57:53.771+0000] {processor.py:186} INFO - Started process (PID=3666) to work on /home/airflow/.local/lib/python3.12/site-packages/airflow/example_dags/example_nested_branch_dag.py
[2025-07-02T23:57:53.772+0000] {processor.py:914} INFO - Processing file /home/airflow/.local/lib/python3.12/site-packages/airflow/example_dags/example_nested_branch_dag.py for tasks to queue
[2025-07-02T23:57:53.775+0000] {logging_mixin.py:190} INFO - [2025-07-02T23:57:53.774+0000] {dagbag.py:588} INFO - Filling up the DagBag from /home/airflow/.local/lib/python3.12/site-packages/airflow/example_dags/example_nested_branch_dag.py
[2025-07-02T23:57:53.785+0000] {processor.py:925} INFO - DAG(s) 'example_nested_branch_dag' retrieved from /home/airflow/.local/lib/python3.12/site-packages/airflow/example_dags/example_nested_branch_dag.py
[2025-07-02T23:57:53.809+0000] {logging_mixin.py:190} INFO - [2025-07-02T23:57:53.809+0000] {dag.py:3239} INFO - Sync 1 DAGs
[2025-07-02T23:57:53.834+0000] {logging_mixin.py:190} INFO - [2025-07-02T23:57:53.834+0000] {dag.py:4180} INFO - Setting next_dagrun for example_nested_branch_dag to 2025-07-01 00:00:00+00:00, run_after=2025-07-02 00:00:00+00:00
[2025-07-02T23:57:53.852+0000] {processor.py:208} INFO - Processing /home/airflow/.local/lib/python3.12/site-packages/airflow/example_dags/example_nested_branch_dag.py took 0.087 seconds
[2025-07-02T23:58:24.219+0000] {processor.py:186} INFO - Started process (PID=3728) to work on /home/airflow/.local/lib/python3.12/site-packages/airflow/example_dags/example_nested_branch_dag.py
[2025-07-02T23:58:24.220+0000] {processor.py:914} INFO - Processing file /home/airflow/.local/lib/python3.12/site-packages/airflow/example_dags/example_nested_branch_dag.py for tasks to queue
[2025-07-02T23:58:24.223+0000] {logging_mixin.py:190} INFO - [2025-07-02T23:58:24.222+0000] {dagbag.py:588} INFO - Filling up the DagBag from /home/airflow/.local/lib/python3.12/site-packages/airflow/example_dags/example_nested_branch_dag.py
[2025-07-02T23:58:24.234+0000] {processor.py:925} INFO - DAG(s) 'example_nested_branch_dag' retrieved from /home/airflow/.local/lib/python3.12/site-packages/airflow/example_dags/example_nested_branch_dag.py
[2025-07-02T23:58:24.253+0000] {logging_mixin.py:190} INFO - [2025-07-02T23:58:24.253+0000] {dag.py:3239} INFO - Sync 1 DAGs
[2025-07-02T23:58:24.275+0000] {logging_mixin.py:190} INFO - [2025-07-02T23:58:24.275+0000] {dag.py:4180} INFO - Setting next_dagrun for example_nested_branch_dag to 2025-07-01 00:00:00+00:00, run_after=2025-07-02 00:00:00+00:00
[2025-07-02T23:58:24.291+0000] {processor.py:208} INFO - Processing /home/airflow/.local/lib/python3.12/site-packages/airflow/example_dags/example_nested_branch_dag.py took 0.078 seconds
[2025-07-02T23:58:54.707+0000] {processor.py:186} INFO - Started process (PID=3790) to work on /home/airflow/.local/lib/python3.12/site-packages/airflow/example_dags/example_nested_branch_dag.py
[2025-07-02T23:58:54.708+0000] {processor.py:914} INFO - Processing file /home/airflow/.local/lib/python3.12/site-packages/airflow/example_dags/example_nested_branch_dag.py for tasks to queue
[2025-07-02T23:58:54.711+0000] {logging_mixin.py:190} INFO - [2025-07-02T23:58:54.711+0000] {dagbag.py:588} INFO - Filling up the DagBag from /home/airflow/.local/lib/python3.12/site-packages/airflow/example_dags/example_nested_branch_dag.py
[2025-07-02T23:58:54.723+0000] {processor.py:925} INFO - DAG(s) 'example_nested_branch_dag' retrieved from /home/airflow/.local/lib/python3.12/site-packages/airflow/example_dags/example_nested_branch_dag.py
[2025-07-02T23:58:54.742+0000] {logging_mixin.py:190} INFO - [2025-07-02T23:58:54.741+0000] {dag.py:3239} INFO - Sync 1 DAGs
[2025-07-02T23:58:54.763+0000] {logging_mixin.py:190} INFO - [2025-07-02T23:58:54.763+0000] {dag.py:4180} INFO - Setting next_dagrun for example_nested_branch_dag to 2025-07-01 00:00:00+00:00, run_after=2025-07-02 00:00:00+00:00
[2025-07-02T23:58:54.780+0000] {processor.py:208} INFO - Processing /home/airflow/.local/lib/python3.12/site-packages/airflow/example_dags/example_nested_branch_dag.py took 0.079 seconds
[2025-07-02T23:59:25.203+0000] {processor.py:186} INFO - Started process (PID=3852) to work on /home/airflow/.local/lib/python3.12/site-packages/airflow/example_dags/example_nested_branch_dag.py
[2025-07-02T23:59:25.204+0000] {processor.py:914} INFO - Processing file /home/airflow/.local/lib/python3.12/site-packages/airflow/example_dags/example_nested_branch_dag.py for tasks to queue
[2025-07-02T23:59:25.207+0000] {logging_mixin.py:190} INFO - [2025-07-02T23:59:25.206+0000] {dagbag.py:588} INFO - Filling up the DagBag from /home/airflow/.local/lib/python3.12/site-packages/airflow/example_dags/example_nested_branch_dag.py
[2025-07-02T23:59:25.218+0000] {processor.py:925} INFO - DAG(s) 'example_nested_branch_dag' retrieved from /home/airflow/.local/lib/python3.12/site-packages/airflow/example_dags/example_nested_branch_dag.py
[2025-07-02T23:59:25.237+0000] {logging_mixin.py:190} INFO - [2025-07-02T23:59:25.236+0000] {dag.py:3239} INFO - Sync 1 DAGs
[2025-07-02T23:59:25.259+0000] {logging_mixin.py:190} INFO - [2025-07-02T23:59:25.258+0000] {dag.py:4180} INFO - Setting next_dagrun for example_nested_branch_dag to 2025-07-01 00:00:00+00:00, run_after=2025-07-02 00:00:00+00:00
[2025-07-02T23:59:25.275+0000] {processor.py:208} INFO - Processing /home/airflow/.local/lib/python3.12/site-packages/airflow/example_dags/example_nested_branch_dag.py took 0.078 seconds
[2025-07-02T23:59:55.684+0000] {processor.py:186} INFO - Started process (PID=3914) to work on /home/airflow/.local/lib/python3.12/site-packages/airflow/example_dags/example_nested_branch_dag.py
[2025-07-02T23:59:55.685+0000] {processor.py:914} INFO - Processing file /home/airflow/.local/lib/python3.12/site-packages/airflow/example_dags/example_nested_branch_dag.py for tasks to queue
[2025-07-02T23:59:55.687+0000] {logging_mixin.py:190} INFO - [2025-07-02T23:59:55.687+0000] {dagbag.py:588} INFO - Filling up the DagBag from /home/airflow/.local/lib/python3.12/site-packages/airflow/example_dags/example_nested_branch_dag.py
[2025-07-02T23:59:55.698+0000] {processor.py:925} INFO - DAG(s) 'example_nested_branch_dag' retrieved from /home/airflow/.local/lib/python3.12/site-packages/airflow/example_dags/example_nested_branch_dag.py
[2025-07-02T23:59:55.720+0000] {logging_mixin.py:190} INFO - [2025-07-02T23:59:55.720+0000] {dag.py:3239} INFO - Sync 1 DAGs
[2025-07-02T23:59:55.777+0000] {logging_mixin.py:190} INFO - [2025-07-02T23:59:55.777+0000] {dag.py:4180} INFO - Setting next_dagrun for example_nested_branch_dag to 2025-07-01 00:00:00+00:00, run_after=2025-07-02 00:00:00+00:00
[2025-07-02T23:59:55.799+0000] {processor.py:208} INFO - Processing /home/airflow/.local/lib/python3.12/site-packages/airflow/example_dags/example_nested_branch_dag.py took 0.121 seconds
