[2025-07-02T23:28:59.323+0000] {processor.py:186} INFO - Started process (PID=136) to work on /home/airflow/.local/lib/python3.12/site-packages/airflow/example_dags/example_sensor_decorator.py
[2025-07-02T23:28:59.338+0000] {processor.py:914} INFO - Processing file /home/airflow/.local/lib/python3.12/site-packages/airflow/example_dags/example_sensor_decorator.py for tasks to queue
[2025-07-02T23:28:59.369+0000] {logging_mixin.py:190} INFO - [2025-07-02T23:28:59.368+0000] {dagbag.py:588} INFO - Filling up the DagBag from /home/airflow/.local/lib/python3.12/site-packages/airflow/example_dags/example_sensor_decorator.py
[2025-07-02T23:28:59.456+0000] {processor.py:925} INFO - DAG(s) 'example_sensor_decorator' retrieved from /home/airflow/.local/lib/python3.12/site-packages/airflow/example_dags/example_sensor_decorator.py
[2025-07-02T23:28:59.600+0000] {logging_mixin.py:190} INFO - [2025-07-02T23:28:59.600+0000] {dag.py:3239} INFO - Sync 1 DAGs
[2025-07-02T23:28:59.693+0000] {logging_mixin.py:190} INFO - [2025-07-02T23:28:59.693+0000] {dag.py:4180} INFO - Setting next_dagrun for example_sensor_decorator to None, run_after=None
[2025-07-02T23:28:59.758+0000] {processor.py:208} INFO - Processing /home/airflow/.local/lib/python3.12/site-packages/airflow/example_dags/example_sensor_decorator.py took 0.456 seconds
[2025-07-02T23:29:29.841+0000] {processor.py:186} INFO - Started process (PID=191) to work on /home/airflow/.local/lib/python3.12/site-packages/airflow/example_dags/example_sensor_decorator.py
[2025-07-02T23:29:29.843+0000] {processor.py:914} INFO - Processing file /home/airflow/.local/lib/python3.12/site-packages/airflow/example_dags/example_sensor_decorator.py for tasks to queue
[2025-07-02T23:29:29.846+0000] {logging_mixin.py:190} INFO - [2025-07-02T23:29:29.845+0000] {dagbag.py:588} INFO - Filling up the DagBag from /home/airflow/.local/lib/python3.12/site-packages/airflow/example_dags/example_sensor_decorator.py
[2025-07-02T23:29:29.864+0000] {processor.py:925} INFO - DAG(s) 'example_sensor_decorator' retrieved from /home/airflow/.local/lib/python3.12/site-packages/airflow/example_dags/example_sensor_decorator.py
[2025-07-02T23:29:29.896+0000] {logging_mixin.py:190} INFO - [2025-07-02T23:29:29.896+0000] {dag.py:3239} INFO - Sync 1 DAGs
[2025-07-02T23:29:29.921+0000] {logging_mixin.py:190} INFO - [2025-07-02T23:29:29.920+0000] {dag.py:4180} INFO - Setting next_dagrun for example_sensor_decorator to None, run_after=None
[2025-07-02T23:29:29.958+0000] {processor.py:208} INFO - Processing /home/airflow/.local/lib/python3.12/site-packages/airflow/example_dags/example_sensor_decorator.py took 0.126 seconds
[2025-07-02T23:30:00.133+0000] {processor.py:186} INFO - Started process (PID=252) to work on /home/airflow/.local/lib/python3.12/site-packages/airflow/example_dags/example_sensor_decorator.py
[2025-07-02T23:30:00.134+0000] {processor.py:914} INFO - Processing file /home/airflow/.local/lib/python3.12/site-packages/airflow/example_dags/example_sensor_decorator.py for tasks to queue
[2025-07-02T23:30:00.140+0000] {logging_mixin.py:190} INFO - [2025-07-02T23:30:00.139+0000] {dagbag.py:588} INFO - Filling up the DagBag from /home/airflow/.local/lib/python3.12/site-packages/airflow/example_dags/example_sensor_decorator.py
[2025-07-02T23:30:00.150+0000] {processor.py:925} INFO - DAG(s) 'example_sensor_decorator' retrieved from /home/airflow/.local/lib/python3.12/site-packages/airflow/example_dags/example_sensor_decorator.py
[2025-07-02T23:30:00.176+0000] {logging_mixin.py:190} INFO - [2025-07-02T23:30:00.176+0000] {dag.py:3239} INFO - Sync 1 DAGs
[2025-07-02T23:30:00.200+0000] {logging_mixin.py:190} INFO - [2025-07-02T23:30:00.199+0000] {dag.py:4180} INFO - Setting next_dagrun for example_sensor_decorator to None, run_after=None
[2025-07-02T23:30:00.223+0000] {processor.py:208} INFO - Processing /home/airflow/.local/lib/python3.12/site-packages/airflow/example_dags/example_sensor_decorator.py took 0.098 seconds
[2025-07-02T23:30:31.220+0000] {processor.py:186} INFO - Started process (PID=320) to work on /home/airflow/.local/lib/python3.12/site-packages/airflow/example_dags/example_sensor_decorator.py
[2025-07-02T23:30:31.221+0000] {processor.py:914} INFO - Processing file /home/airflow/.local/lib/python3.12/site-packages/airflow/example_dags/example_sensor_decorator.py for tasks to queue
[2025-07-02T23:30:31.225+0000] {logging_mixin.py:190} INFO - [2025-07-02T23:30:31.224+0000] {dagbag.py:588} INFO - Filling up the DagBag from /home/airflow/.local/lib/python3.12/site-packages/airflow/example_dags/example_sensor_decorator.py
[2025-07-02T23:30:31.235+0000] {processor.py:925} INFO - DAG(s) 'example_sensor_decorator' retrieved from /home/airflow/.local/lib/python3.12/site-packages/airflow/example_dags/example_sensor_decorator.py
[2025-07-02T23:30:31.260+0000] {logging_mixin.py:190} INFO - [2025-07-02T23:30:31.259+0000] {dag.py:3239} INFO - Sync 1 DAGs
[2025-07-02T23:30:31.283+0000] {logging_mixin.py:190} INFO - [2025-07-02T23:30:31.282+0000] {dag.py:4180} INFO - Setting next_dagrun for example_sensor_decorator to None, run_after=None
[2025-07-02T23:30:31.303+0000] {processor.py:208} INFO - Processing /home/airflow/.local/lib/python3.12/site-packages/airflow/example_dags/example_sensor_decorator.py took 0.090 seconds
[2025-07-02T23:31:02.209+0000] {processor.py:186} INFO - Started process (PID=382) to work on /home/airflow/.local/lib/python3.12/site-packages/airflow/example_dags/example_sensor_decorator.py
[2025-07-02T23:31:02.211+0000] {processor.py:914} INFO - Processing file /home/airflow/.local/lib/python3.12/site-packages/airflow/example_dags/example_sensor_decorator.py for tasks to queue
[2025-07-02T23:31:02.215+0000] {logging_mixin.py:190} INFO - [2025-07-02T23:31:02.214+0000] {dagbag.py:588} INFO - Filling up the DagBag from /home/airflow/.local/lib/python3.12/site-packages/airflow/example_dags/example_sensor_decorator.py
[2025-07-02T23:31:02.224+0000] {processor.py:925} INFO - DAG(s) 'example_sensor_decorator' retrieved from /home/airflow/.local/lib/python3.12/site-packages/airflow/example_dags/example_sensor_decorator.py
[2025-07-02T23:31:02.244+0000] {logging_mixin.py:190} INFO - [2025-07-02T23:31:02.244+0000] {dag.py:3239} INFO - Sync 1 DAGs
[2025-07-02T23:31:02.260+0000] {logging_mixin.py:190} INFO - [2025-07-02T23:31:02.260+0000] {dag.py:4180} INFO - Setting next_dagrun for example_sensor_decorator to None, run_after=None
[2025-07-02T23:31:02.286+0000] {processor.py:208} INFO - Processing /home/airflow/.local/lib/python3.12/site-packages/airflow/example_dags/example_sensor_decorator.py took 0.084 seconds
[2025-07-02T23:31:32.410+0000] {processor.py:186} INFO - Started process (PID=444) to work on /home/airflow/.local/lib/python3.12/site-packages/airflow/example_dags/example_sensor_decorator.py
[2025-07-02T23:31:32.416+0000] {processor.py:914} INFO - Processing file /home/airflow/.local/lib/python3.12/site-packages/airflow/example_dags/example_sensor_decorator.py for tasks to queue
[2025-07-02T23:31:32.419+0000] {logging_mixin.py:190} INFO - [2025-07-02T23:31:32.419+0000] {dagbag.py:588} INFO - Filling up the DagBag from /home/airflow/.local/lib/python3.12/site-packages/airflow/example_dags/example_sensor_decorator.py
[2025-07-02T23:31:32.427+0000] {processor.py:925} INFO - DAG(s) 'example_sensor_decorator' retrieved from /home/airflow/.local/lib/python3.12/site-packages/airflow/example_dags/example_sensor_decorator.py
[2025-07-02T23:31:32.446+0000] {logging_mixin.py:190} INFO - [2025-07-02T23:31:32.446+0000] {dag.py:3239} INFO - Sync 1 DAGs
[2025-07-02T23:31:32.462+0000] {logging_mixin.py:190} INFO - [2025-07-02T23:31:32.462+0000] {dag.py:4180} INFO - Setting next_dagrun for example_sensor_decorator to None, run_after=None
[2025-07-02T23:31:32.479+0000] {processor.py:208} INFO - Processing /home/airflow/.local/lib/python3.12/site-packages/airflow/example_dags/example_sensor_decorator.py took 0.075 seconds
[2025-07-02T23:32:02.674+0000] {processor.py:186} INFO - Started process (PID=506) to work on /home/airflow/.local/lib/python3.12/site-packages/airflow/example_dags/example_sensor_decorator.py
[2025-07-02T23:32:02.676+0000] {processor.py:914} INFO - Processing file /home/airflow/.local/lib/python3.12/site-packages/airflow/example_dags/example_sensor_decorator.py for tasks to queue
[2025-07-02T23:32:02.681+0000] {logging_mixin.py:190} INFO - [2025-07-02T23:32:02.680+0000] {dagbag.py:588} INFO - Filling up the DagBag from /home/airflow/.local/lib/python3.12/site-packages/airflow/example_dags/example_sensor_decorator.py
[2025-07-02T23:32:02.693+0000] {processor.py:925} INFO - DAG(s) 'example_sensor_decorator' retrieved from /home/airflow/.local/lib/python3.12/site-packages/airflow/example_dags/example_sensor_decorator.py
[2025-07-02T23:32:02.712+0000] {logging_mixin.py:190} INFO - [2025-07-02T23:32:02.711+0000] {dag.py:3239} INFO - Sync 1 DAGs
[2025-07-02T23:32:02.727+0000] {logging_mixin.py:190} INFO - [2025-07-02T23:32:02.727+0000] {dag.py:4180} INFO - Setting next_dagrun for example_sensor_decorator to None, run_after=None
[2025-07-02T23:32:02.746+0000] {processor.py:208} INFO - Processing /home/airflow/.local/lib/python3.12/site-packages/airflow/example_dags/example_sensor_decorator.py took 0.078 seconds
[2025-07-02T23:32:32.971+0000] {processor.py:186} INFO - Started process (PID=568) to work on /home/airflow/.local/lib/python3.12/site-packages/airflow/example_dags/example_sensor_decorator.py
[2025-07-02T23:32:32.973+0000] {processor.py:914} INFO - Processing file /home/airflow/.local/lib/python3.12/site-packages/airflow/example_dags/example_sensor_decorator.py for tasks to queue
[2025-07-02T23:32:32.978+0000] {logging_mixin.py:190} INFO - [2025-07-02T23:32:32.977+0000] {dagbag.py:588} INFO - Filling up the DagBag from /home/airflow/.local/lib/python3.12/site-packages/airflow/example_dags/example_sensor_decorator.py
[2025-07-02T23:32:32.992+0000] {processor.py:925} INFO - DAG(s) 'example_sensor_decorator' retrieved from /home/airflow/.local/lib/python3.12/site-packages/airflow/example_dags/example_sensor_decorator.py
[2025-07-02T23:32:33.013+0000] {logging_mixin.py:190} INFO - [2025-07-02T23:32:33.013+0000] {dag.py:3239} INFO - Sync 1 DAGs
[2025-07-02T23:32:33.031+0000] {logging_mixin.py:190} INFO - [2025-07-02T23:32:33.030+0000] {dag.py:4180} INFO - Setting next_dagrun for example_sensor_decorator to None, run_after=None
[2025-07-02T23:32:33.057+0000] {processor.py:208} INFO - Processing /home/airflow/.local/lib/python3.12/site-packages/airflow/example_dags/example_sensor_decorator.py took 0.095 seconds
[2025-07-02T23:33:03.400+0000] {processor.py:186} INFO - Started process (PID=630) to work on /home/airflow/.local/lib/python3.12/site-packages/airflow/example_dags/example_sensor_decorator.py
[2025-07-02T23:33:03.402+0000] {processor.py:914} INFO - Processing file /home/airflow/.local/lib/python3.12/site-packages/airflow/example_dags/example_sensor_decorator.py for tasks to queue
[2025-07-02T23:33:03.405+0000] {logging_mixin.py:190} INFO - [2025-07-02T23:33:03.405+0000] {dagbag.py:588} INFO - Filling up the DagBag from /home/airflow/.local/lib/python3.12/site-packages/airflow/example_dags/example_sensor_decorator.py
[2025-07-02T23:33:03.414+0000] {processor.py:925} INFO - DAG(s) 'example_sensor_decorator' retrieved from /home/airflow/.local/lib/python3.12/site-packages/airflow/example_dags/example_sensor_decorator.py
[2025-07-02T23:33:03.437+0000] {logging_mixin.py:190} INFO - [2025-07-02T23:33:03.437+0000] {dag.py:3239} INFO - Sync 1 DAGs
[2025-07-02T23:33:03.457+0000] {logging_mixin.py:190} INFO - [2025-07-02T23:33:03.457+0000] {dag.py:4180} INFO - Setting next_dagrun for example_sensor_decorator to None, run_after=None
[2025-07-02T23:33:03.486+0000] {processor.py:208} INFO - Processing /home/airflow/.local/lib/python3.12/site-packages/airflow/example_dags/example_sensor_decorator.py took 0.092 seconds
[2025-07-02T23:33:33.898+0000] {processor.py:186} INFO - Started process (PID=692) to work on /home/airflow/.local/lib/python3.12/site-packages/airflow/example_dags/example_sensor_decorator.py
[2025-07-02T23:33:33.899+0000] {processor.py:914} INFO - Processing file /home/airflow/.local/lib/python3.12/site-packages/airflow/example_dags/example_sensor_decorator.py for tasks to queue
[2025-07-02T23:33:33.902+0000] {logging_mixin.py:190} INFO - [2025-07-02T23:33:33.902+0000] {dagbag.py:588} INFO - Filling up the DagBag from /home/airflow/.local/lib/python3.12/site-packages/airflow/example_dags/example_sensor_decorator.py
[2025-07-02T23:33:33.912+0000] {processor.py:925} INFO - DAG(s) 'example_sensor_decorator' retrieved from /home/airflow/.local/lib/python3.12/site-packages/airflow/example_dags/example_sensor_decorator.py
[2025-07-02T23:33:33.934+0000] {logging_mixin.py:190} INFO - [2025-07-02T23:33:33.934+0000] {dag.py:3239} INFO - Sync 1 DAGs
[2025-07-02T23:33:33.951+0000] {logging_mixin.py:190} INFO - [2025-07-02T23:33:33.951+0000] {dag.py:4180} INFO - Setting next_dagrun for example_sensor_decorator to None, run_after=None
[2025-07-02T23:33:33.967+0000] {processor.py:208} INFO - Processing /home/airflow/.local/lib/python3.12/site-packages/airflow/example_dags/example_sensor_decorator.py took 0.076 seconds
[2025-07-02T23:34:04.192+0000] {processor.py:186} INFO - Started process (PID=754) to work on /home/airflow/.local/lib/python3.12/site-packages/airflow/example_dags/example_sensor_decorator.py
[2025-07-02T23:34:04.193+0000] {processor.py:914} INFO - Processing file /home/airflow/.local/lib/python3.12/site-packages/airflow/example_dags/example_sensor_decorator.py for tasks to queue
[2025-07-02T23:34:04.198+0000] {logging_mixin.py:190} INFO - [2025-07-02T23:34:04.197+0000] {dagbag.py:588} INFO - Filling up the DagBag from /home/airflow/.local/lib/python3.12/site-packages/airflow/example_dags/example_sensor_decorator.py
[2025-07-02T23:34:04.210+0000] {processor.py:925} INFO - DAG(s) 'example_sensor_decorator' retrieved from /home/airflow/.local/lib/python3.12/site-packages/airflow/example_dags/example_sensor_decorator.py
[2025-07-02T23:34:04.233+0000] {logging_mixin.py:190} INFO - [2025-07-02T23:34:04.232+0000] {dag.py:3239} INFO - Sync 1 DAGs
[2025-07-02T23:34:04.249+0000] {logging_mixin.py:190} INFO - [2025-07-02T23:34:04.248+0000] {dag.py:4180} INFO - Setting next_dagrun for example_sensor_decorator to None, run_after=None
[2025-07-02T23:34:04.269+0000] {processor.py:208} INFO - Processing /home/airflow/.local/lib/python3.12/site-packages/airflow/example_dags/example_sensor_decorator.py took 0.083 seconds
[2025-07-02T23:34:34.376+0000] {processor.py:186} INFO - Started process (PID=816) to work on /home/airflow/.local/lib/python3.12/site-packages/airflow/example_dags/example_sensor_decorator.py
[2025-07-02T23:34:34.377+0000] {processor.py:914} INFO - Processing file /home/airflow/.local/lib/python3.12/site-packages/airflow/example_dags/example_sensor_decorator.py for tasks to queue
[2025-07-02T23:34:34.380+0000] {logging_mixin.py:190} INFO - [2025-07-02T23:34:34.379+0000] {dagbag.py:588} INFO - Filling up the DagBag from /home/airflow/.local/lib/python3.12/site-packages/airflow/example_dags/example_sensor_decorator.py
[2025-07-02T23:34:34.387+0000] {processor.py:925} INFO - DAG(s) 'example_sensor_decorator' retrieved from /home/airflow/.local/lib/python3.12/site-packages/airflow/example_dags/example_sensor_decorator.py
[2025-07-02T23:34:34.406+0000] {logging_mixin.py:190} INFO - [2025-07-02T23:34:34.406+0000] {dag.py:3239} INFO - Sync 1 DAGs
[2025-07-02T23:34:34.420+0000] {logging_mixin.py:190} INFO - [2025-07-02T23:34:34.419+0000] {dag.py:4180} INFO - Setting next_dagrun for example_sensor_decorator to None, run_after=None
[2025-07-02T23:34:34.437+0000] {processor.py:208} INFO - Processing /home/airflow/.local/lib/python3.12/site-packages/airflow/example_dags/example_sensor_decorator.py took 0.066 seconds
[2025-07-02T23:35:05.365+0000] {processor.py:186} INFO - Started process (PID=878) to work on /home/airflow/.local/lib/python3.12/site-packages/airflow/example_dags/example_sensor_decorator.py
[2025-07-02T23:35:05.367+0000] {processor.py:914} INFO - Processing file /home/airflow/.local/lib/python3.12/site-packages/airflow/example_dags/example_sensor_decorator.py for tasks to queue
[2025-07-02T23:35:05.370+0000] {logging_mixin.py:190} INFO - [2025-07-02T23:35:05.369+0000] {dagbag.py:588} INFO - Filling up the DagBag from /home/airflow/.local/lib/python3.12/site-packages/airflow/example_dags/example_sensor_decorator.py
[2025-07-02T23:35:05.378+0000] {processor.py:925} INFO - DAG(s) 'example_sensor_decorator' retrieved from /home/airflow/.local/lib/python3.12/site-packages/airflow/example_dags/example_sensor_decorator.py
[2025-07-02T23:35:05.397+0000] {logging_mixin.py:190} INFO - [2025-07-02T23:35:05.397+0000] {dag.py:3239} INFO - Sync 1 DAGs
[2025-07-02T23:35:05.413+0000] {logging_mixin.py:190} INFO - [2025-07-02T23:35:05.412+0000] {dag.py:4180} INFO - Setting next_dagrun for example_sensor_decorator to None, run_after=None
[2025-07-02T23:35:05.432+0000] {processor.py:208} INFO - Processing /home/airflow/.local/lib/python3.12/site-packages/airflow/example_dags/example_sensor_decorator.py took 0.073 seconds
[2025-07-02T23:35:35.929+0000] {processor.py:186} INFO - Started process (PID=940) to work on /home/airflow/.local/lib/python3.12/site-packages/airflow/example_dags/example_sensor_decorator.py
[2025-07-02T23:35:35.930+0000] {processor.py:914} INFO - Processing file /home/airflow/.local/lib/python3.12/site-packages/airflow/example_dags/example_sensor_decorator.py for tasks to queue
[2025-07-02T23:35:35.932+0000] {logging_mixin.py:190} INFO - [2025-07-02T23:35:35.932+0000] {dagbag.py:588} INFO - Filling up the DagBag from /home/airflow/.local/lib/python3.12/site-packages/airflow/example_dags/example_sensor_decorator.py
[2025-07-02T23:35:35.939+0000] {processor.py:925} INFO - DAG(s) 'example_sensor_decorator' retrieved from /home/airflow/.local/lib/python3.12/site-packages/airflow/example_dags/example_sensor_decorator.py
[2025-07-02T23:35:35.958+0000] {logging_mixin.py:190} INFO - [2025-07-02T23:35:35.958+0000] {dag.py:3239} INFO - Sync 1 DAGs
[2025-07-02T23:35:35.971+0000] {logging_mixin.py:190} INFO - [2025-07-02T23:35:35.971+0000] {dag.py:4180} INFO - Setting next_dagrun for example_sensor_decorator to None, run_after=None
[2025-07-02T23:35:35.988+0000] {processor.py:208} INFO - Processing /home/airflow/.local/lib/python3.12/site-packages/airflow/example_dags/example_sensor_decorator.py took 0.064 seconds
[2025-07-02T23:36:06.822+0000] {processor.py:186} INFO - Started process (PID=1002) to work on /home/airflow/.local/lib/python3.12/site-packages/airflow/example_dags/example_sensor_decorator.py
[2025-07-02T23:36:06.823+0000] {processor.py:914} INFO - Processing file /home/airflow/.local/lib/python3.12/site-packages/airflow/example_dags/example_sensor_decorator.py for tasks to queue
[2025-07-02T23:36:06.826+0000] {logging_mixin.py:190} INFO - [2025-07-02T23:36:06.826+0000] {dagbag.py:588} INFO - Filling up the DagBag from /home/airflow/.local/lib/python3.12/site-packages/airflow/example_dags/example_sensor_decorator.py
[2025-07-02T23:36:06.834+0000] {processor.py:925} INFO - DAG(s) 'example_sensor_decorator' retrieved from /home/airflow/.local/lib/python3.12/site-packages/airflow/example_dags/example_sensor_decorator.py
[2025-07-02T23:36:06.854+0000] {logging_mixin.py:190} INFO - [2025-07-02T23:36:06.854+0000] {dag.py:3239} INFO - Sync 1 DAGs
[2025-07-02T23:36:06.876+0000] {logging_mixin.py:190} INFO - [2025-07-02T23:36:06.876+0000] {dag.py:4180} INFO - Setting next_dagrun for example_sensor_decorator to None, run_after=None
[2025-07-02T23:36:06.893+0000] {processor.py:208} INFO - Processing /home/airflow/.local/lib/python3.12/site-packages/airflow/example_dags/example_sensor_decorator.py took 0.076 seconds
[2025-07-02T23:36:37.452+0000] {processor.py:186} INFO - Started process (PID=1064) to work on /home/airflow/.local/lib/python3.12/site-packages/airflow/example_dags/example_sensor_decorator.py
[2025-07-02T23:36:37.453+0000] {processor.py:914} INFO - Processing file /home/airflow/.local/lib/python3.12/site-packages/airflow/example_dags/example_sensor_decorator.py for tasks to queue
[2025-07-02T23:36:37.456+0000] {logging_mixin.py:190} INFO - [2025-07-02T23:36:37.455+0000] {dagbag.py:588} INFO - Filling up the DagBag from /home/airflow/.local/lib/python3.12/site-packages/airflow/example_dags/example_sensor_decorator.py
[2025-07-02T23:36:37.464+0000] {processor.py:925} INFO - DAG(s) 'example_sensor_decorator' retrieved from /home/airflow/.local/lib/python3.12/site-packages/airflow/example_dags/example_sensor_decorator.py
[2025-07-02T23:36:37.483+0000] {logging_mixin.py:190} INFO - [2025-07-02T23:36:37.483+0000] {dag.py:3239} INFO - Sync 1 DAGs
[2025-07-02T23:36:37.498+0000] {logging_mixin.py:190} INFO - [2025-07-02T23:36:37.497+0000] {dag.py:4180} INFO - Setting next_dagrun for example_sensor_decorator to None, run_after=None
[2025-07-02T23:36:37.514+0000] {processor.py:208} INFO - Processing /home/airflow/.local/lib/python3.12/site-packages/airflow/example_dags/example_sensor_decorator.py took 0.068 seconds
[2025-07-02T23:37:08.271+0000] {processor.py:186} INFO - Started process (PID=1126) to work on /home/airflow/.local/lib/python3.12/site-packages/airflow/example_dags/example_sensor_decorator.py
[2025-07-02T23:37:08.272+0000] {processor.py:914} INFO - Processing file /home/airflow/.local/lib/python3.12/site-packages/airflow/example_dags/example_sensor_decorator.py for tasks to queue
[2025-07-02T23:37:08.275+0000] {logging_mixin.py:190} INFO - [2025-07-02T23:37:08.274+0000] {dagbag.py:588} INFO - Filling up the DagBag from /home/airflow/.local/lib/python3.12/site-packages/airflow/example_dags/example_sensor_decorator.py
[2025-07-02T23:37:08.282+0000] {processor.py:925} INFO - DAG(s) 'example_sensor_decorator' retrieved from /home/airflow/.local/lib/python3.12/site-packages/airflow/example_dags/example_sensor_decorator.py
[2025-07-02T23:37:08.302+0000] {logging_mixin.py:190} INFO - [2025-07-02T23:37:08.302+0000] {dag.py:3239} INFO - Sync 1 DAGs
[2025-07-02T23:37:08.315+0000] {logging_mixin.py:190} INFO - [2025-07-02T23:37:08.315+0000] {dag.py:4180} INFO - Setting next_dagrun for example_sensor_decorator to None, run_after=None
[2025-07-02T23:37:08.331+0000] {processor.py:208} INFO - Processing /home/airflow/.local/lib/python3.12/site-packages/airflow/example_dags/example_sensor_decorator.py took 0.066 seconds
[2025-07-02T23:37:39.003+0000] {processor.py:186} INFO - Started process (PID=1188) to work on /home/airflow/.local/lib/python3.12/site-packages/airflow/example_dags/example_sensor_decorator.py
[2025-07-02T23:37:39.003+0000] {processor.py:914} INFO - Processing file /home/airflow/.local/lib/python3.12/site-packages/airflow/example_dags/example_sensor_decorator.py for tasks to queue
[2025-07-02T23:37:39.006+0000] {logging_mixin.py:190} INFO - [2025-07-02T23:37:39.005+0000] {dagbag.py:588} INFO - Filling up the DagBag from /home/airflow/.local/lib/python3.12/site-packages/airflow/example_dags/example_sensor_decorator.py
[2025-07-02T23:37:39.013+0000] {processor.py:925} INFO - DAG(s) 'example_sensor_decorator' retrieved from /home/airflow/.local/lib/python3.12/site-packages/airflow/example_dags/example_sensor_decorator.py
[2025-07-02T23:37:39.030+0000] {logging_mixin.py:190} INFO - [2025-07-02T23:37:39.030+0000] {dag.py:3239} INFO - Sync 1 DAGs
[2025-07-02T23:37:39.043+0000] {logging_mixin.py:190} INFO - [2025-07-02T23:37:39.042+0000] {dag.py:4180} INFO - Setting next_dagrun for example_sensor_decorator to None, run_after=None
[2025-07-02T23:37:39.059+0000] {processor.py:208} INFO - Processing /home/airflow/.local/lib/python3.12/site-packages/airflow/example_dags/example_sensor_decorator.py took 0.061 seconds
[2025-07-02T23:38:09.682+0000] {processor.py:186} INFO - Started process (PID=1250) to work on /home/airflow/.local/lib/python3.12/site-packages/airflow/example_dags/example_sensor_decorator.py
[2025-07-02T23:38:09.683+0000] {processor.py:914} INFO - Processing file /home/airflow/.local/lib/python3.12/site-packages/airflow/example_dags/example_sensor_decorator.py for tasks to queue
[2025-07-02T23:38:09.688+0000] {logging_mixin.py:190} INFO - [2025-07-02T23:38:09.687+0000] {dagbag.py:588} INFO - Filling up the DagBag from /home/airflow/.local/lib/python3.12/site-packages/airflow/example_dags/example_sensor_decorator.py
[2025-07-02T23:38:09.699+0000] {processor.py:925} INFO - DAG(s) 'example_sensor_decorator' retrieved from /home/airflow/.local/lib/python3.12/site-packages/airflow/example_dags/example_sensor_decorator.py
[2025-07-02T23:38:09.723+0000] {logging_mixin.py:190} INFO - [2025-07-02T23:38:09.722+0000] {dag.py:3239} INFO - Sync 1 DAGs
[2025-07-02T23:38:09.741+0000] {logging_mixin.py:190} INFO - [2025-07-02T23:38:09.741+0000] {dag.py:4180} INFO - Setting next_dagrun for example_sensor_decorator to None, run_after=None
[2025-07-02T23:38:09.763+0000] {processor.py:208} INFO - Processing /home/airflow/.local/lib/python3.12/site-packages/airflow/example_dags/example_sensor_decorator.py took 0.089 seconds
[2025-07-02T23:38:40.545+0000] {processor.py:186} INFO - Started process (PID=1312) to work on /home/airflow/.local/lib/python3.12/site-packages/airflow/example_dags/example_sensor_decorator.py
[2025-07-02T23:38:40.545+0000] {processor.py:914} INFO - Processing file /home/airflow/.local/lib/python3.12/site-packages/airflow/example_dags/example_sensor_decorator.py for tasks to queue
[2025-07-02T23:38:40.548+0000] {logging_mixin.py:190} INFO - [2025-07-02T23:38:40.548+0000] {dagbag.py:588} INFO - Filling up the DagBag from /home/airflow/.local/lib/python3.12/site-packages/airflow/example_dags/example_sensor_decorator.py
[2025-07-02T23:38:40.555+0000] {processor.py:925} INFO - DAG(s) 'example_sensor_decorator' retrieved from /home/airflow/.local/lib/python3.12/site-packages/airflow/example_dags/example_sensor_decorator.py
[2025-07-02T23:38:40.573+0000] {logging_mixin.py:190} INFO - [2025-07-02T23:38:40.573+0000] {dag.py:3239} INFO - Sync 1 DAGs
[2025-07-02T23:38:40.588+0000] {logging_mixin.py:190} INFO - [2025-07-02T23:38:40.587+0000] {dag.py:4180} INFO - Setting next_dagrun for example_sensor_decorator to None, run_after=None
[2025-07-02T23:38:40.616+0000] {processor.py:208} INFO - Processing /home/airflow/.local/lib/python3.12/site-packages/airflow/example_dags/example_sensor_decorator.py took 0.076 seconds
[2025-07-02T23:39:11.244+0000] {processor.py:186} INFO - Started process (PID=1374) to work on /home/airflow/.local/lib/python3.12/site-packages/airflow/example_dags/example_sensor_decorator.py
[2025-07-02T23:39:11.245+0000] {processor.py:914} INFO - Processing file /home/airflow/.local/lib/python3.12/site-packages/airflow/example_dags/example_sensor_decorator.py for tasks to queue
[2025-07-02T23:39:11.247+0000] {logging_mixin.py:190} INFO - [2025-07-02T23:39:11.247+0000] {dagbag.py:588} INFO - Filling up the DagBag from /home/airflow/.local/lib/python3.12/site-packages/airflow/example_dags/example_sensor_decorator.py
[2025-07-02T23:39:11.254+0000] {processor.py:925} INFO - DAG(s) 'example_sensor_decorator' retrieved from /home/airflow/.local/lib/python3.12/site-packages/airflow/example_dags/example_sensor_decorator.py
[2025-07-02T23:39:11.272+0000] {logging_mixin.py:190} INFO - [2025-07-02T23:39:11.272+0000] {dag.py:3239} INFO - Sync 1 DAGs
[2025-07-02T23:39:11.285+0000] {logging_mixin.py:190} INFO - [2025-07-02T23:39:11.285+0000] {dag.py:4180} INFO - Setting next_dagrun for example_sensor_decorator to None, run_after=None
[2025-07-02T23:39:11.301+0000] {processor.py:208} INFO - Processing /home/airflow/.local/lib/python3.12/site-packages/airflow/example_dags/example_sensor_decorator.py took 0.062 seconds
[2025-07-02T23:39:41.724+0000] {processor.py:186} INFO - Started process (PID=1436) to work on /home/airflow/.local/lib/python3.12/site-packages/airflow/example_dags/example_sensor_decorator.py
[2025-07-02T23:39:41.724+0000] {processor.py:914} INFO - Processing file /home/airflow/.local/lib/python3.12/site-packages/airflow/example_dags/example_sensor_decorator.py for tasks to queue
[2025-07-02T23:39:41.727+0000] {logging_mixin.py:190} INFO - [2025-07-02T23:39:41.727+0000] {dagbag.py:588} INFO - Filling up the DagBag from /home/airflow/.local/lib/python3.12/site-packages/airflow/example_dags/example_sensor_decorator.py
[2025-07-02T23:39:41.735+0000] {processor.py:925} INFO - DAG(s) 'example_sensor_decorator' retrieved from /home/airflow/.local/lib/python3.12/site-packages/airflow/example_dags/example_sensor_decorator.py
[2025-07-02T23:39:41.755+0000] {logging_mixin.py:190} INFO - [2025-07-02T23:39:41.755+0000] {dag.py:3239} INFO - Sync 1 DAGs
[2025-07-02T23:39:41.769+0000] {logging_mixin.py:190} INFO - [2025-07-02T23:39:41.769+0000] {dag.py:4180} INFO - Setting next_dagrun for example_sensor_decorator to None, run_after=None
[2025-07-02T23:39:41.787+0000] {processor.py:208} INFO - Processing /home/airflow/.local/lib/python3.12/site-packages/airflow/example_dags/example_sensor_decorator.py took 0.068 seconds
[2025-07-02T23:40:12.529+0000] {processor.py:186} INFO - Started process (PID=1498) to work on /home/airflow/.local/lib/python3.12/site-packages/airflow/example_dags/example_sensor_decorator.py
[2025-07-02T23:40:12.530+0000] {processor.py:914} INFO - Processing file /home/airflow/.local/lib/python3.12/site-packages/airflow/example_dags/example_sensor_decorator.py for tasks to queue
[2025-07-02T23:40:12.532+0000] {logging_mixin.py:190} INFO - [2025-07-02T23:40:12.532+0000] {dagbag.py:588} INFO - Filling up the DagBag from /home/airflow/.local/lib/python3.12/site-packages/airflow/example_dags/example_sensor_decorator.py
[2025-07-02T23:40:12.539+0000] {processor.py:925} INFO - DAG(s) 'example_sensor_decorator' retrieved from /home/airflow/.local/lib/python3.12/site-packages/airflow/example_dags/example_sensor_decorator.py
[2025-07-02T23:40:12.557+0000] {logging_mixin.py:190} INFO - [2025-07-02T23:40:12.557+0000] {dag.py:3239} INFO - Sync 1 DAGs
[2025-07-02T23:40:12.571+0000] {logging_mixin.py:190} INFO - [2025-07-02T23:40:12.571+0000] {dag.py:4180} INFO - Setting next_dagrun for example_sensor_decorator to None, run_after=None
[2025-07-02T23:40:12.588+0000] {processor.py:208} INFO - Processing /home/airflow/.local/lib/python3.12/site-packages/airflow/example_dags/example_sensor_decorator.py took 0.064 seconds
[2025-07-02T23:40:42.841+0000] {processor.py:186} INFO - Started process (PID=1560) to work on /home/airflow/.local/lib/python3.12/site-packages/airflow/example_dags/example_sensor_decorator.py
[2025-07-02T23:40:42.842+0000] {processor.py:914} INFO - Processing file /home/airflow/.local/lib/python3.12/site-packages/airflow/example_dags/example_sensor_decorator.py for tasks to queue
[2025-07-02T23:40:42.844+0000] {logging_mixin.py:190} INFO - [2025-07-02T23:40:42.844+0000] {dagbag.py:588} INFO - Filling up the DagBag from /home/airflow/.local/lib/python3.12/site-packages/airflow/example_dags/example_sensor_decorator.py
[2025-07-02T23:40:42.851+0000] {processor.py:925} INFO - DAG(s) 'example_sensor_decorator' retrieved from /home/airflow/.local/lib/python3.12/site-packages/airflow/example_dags/example_sensor_decorator.py
[2025-07-02T23:40:42.870+0000] {logging_mixin.py:190} INFO - [2025-07-02T23:40:42.870+0000] {dag.py:3239} INFO - Sync 1 DAGs
[2025-07-02T23:40:42.883+0000] {logging_mixin.py:190} INFO - [2025-07-02T23:40:42.883+0000] {dag.py:4180} INFO - Setting next_dagrun for example_sensor_decorator to None, run_after=None
[2025-07-02T23:40:42.901+0000] {processor.py:208} INFO - Processing /home/airflow/.local/lib/python3.12/site-packages/airflow/example_dags/example_sensor_decorator.py took 0.065 seconds
[2025-07-02T23:41:13.469+0000] {processor.py:186} INFO - Started process (PID=1622) to work on /home/airflow/.local/lib/python3.12/site-packages/airflow/example_dags/example_sensor_decorator.py
[2025-07-02T23:41:13.470+0000] {processor.py:914} INFO - Processing file /home/airflow/.local/lib/python3.12/site-packages/airflow/example_dags/example_sensor_decorator.py for tasks to queue
[2025-07-02T23:41:13.474+0000] {logging_mixin.py:190} INFO - [2025-07-02T23:41:13.474+0000] {dagbag.py:588} INFO - Filling up the DagBag from /home/airflow/.local/lib/python3.12/site-packages/airflow/example_dags/example_sensor_decorator.py
[2025-07-02T23:41:13.481+0000] {processor.py:925} INFO - DAG(s) 'example_sensor_decorator' retrieved from /home/airflow/.local/lib/python3.12/site-packages/airflow/example_dags/example_sensor_decorator.py
[2025-07-02T23:41:13.499+0000] {logging_mixin.py:190} INFO - [2025-07-02T23:41:13.499+0000] {dag.py:3239} INFO - Sync 1 DAGs
[2025-07-02T23:41:13.512+0000] {logging_mixin.py:190} INFO - [2025-07-02T23:41:13.512+0000] {dag.py:4180} INFO - Setting next_dagrun for example_sensor_decorator to None, run_after=None
[2025-07-02T23:41:13.528+0000] {processor.py:208} INFO - Processing /home/airflow/.local/lib/python3.12/site-packages/airflow/example_dags/example_sensor_decorator.py took 0.066 seconds
[2025-07-02T23:41:44.400+0000] {processor.py:186} INFO - Started process (PID=1684) to work on /home/airflow/.local/lib/python3.12/site-packages/airflow/example_dags/example_sensor_decorator.py
[2025-07-02T23:41:44.401+0000] {processor.py:914} INFO - Processing file /home/airflow/.local/lib/python3.12/site-packages/airflow/example_dags/example_sensor_decorator.py for tasks to queue
[2025-07-02T23:41:44.404+0000] {logging_mixin.py:190} INFO - [2025-07-02T23:41:44.403+0000] {dagbag.py:588} INFO - Filling up the DagBag from /home/airflow/.local/lib/python3.12/site-packages/airflow/example_dags/example_sensor_decorator.py
[2025-07-02T23:41:44.413+0000] {processor.py:925} INFO - DAG(s) 'example_sensor_decorator' retrieved from /home/airflow/.local/lib/python3.12/site-packages/airflow/example_dags/example_sensor_decorator.py
[2025-07-02T23:41:44.433+0000] {logging_mixin.py:190} INFO - [2025-07-02T23:41:44.433+0000] {dag.py:3239} INFO - Sync 1 DAGs
[2025-07-02T23:41:44.447+0000] {logging_mixin.py:190} INFO - [2025-07-02T23:41:44.446+0000] {dag.py:4180} INFO - Setting next_dagrun for example_sensor_decorator to None, run_after=None
[2025-07-02T23:41:44.463+0000] {processor.py:208} INFO - Processing /home/airflow/.local/lib/python3.12/site-packages/airflow/example_dags/example_sensor_decorator.py took 0.068 seconds
[2025-07-02T23:42:15.036+0000] {processor.py:186} INFO - Started process (PID=1746) to work on /home/airflow/.local/lib/python3.12/site-packages/airflow/example_dags/example_sensor_decorator.py
[2025-07-02T23:42:15.037+0000] {processor.py:914} INFO - Processing file /home/airflow/.local/lib/python3.12/site-packages/airflow/example_dags/example_sensor_decorator.py for tasks to queue
[2025-07-02T23:42:15.039+0000] {logging_mixin.py:190} INFO - [2025-07-02T23:42:15.039+0000] {dagbag.py:588} INFO - Filling up the DagBag from /home/airflow/.local/lib/python3.12/site-packages/airflow/example_dags/example_sensor_decorator.py
[2025-07-02T23:42:15.046+0000] {processor.py:925} INFO - DAG(s) 'example_sensor_decorator' retrieved from /home/airflow/.local/lib/python3.12/site-packages/airflow/example_dags/example_sensor_decorator.py
[2025-07-02T23:42:15.069+0000] {logging_mixin.py:190} INFO - [2025-07-02T23:42:15.069+0000] {dag.py:3239} INFO - Sync 1 DAGs
[2025-07-02T23:42:15.083+0000] {logging_mixin.py:190} INFO - [2025-07-02T23:42:15.083+0000] {dag.py:4180} INFO - Setting next_dagrun for example_sensor_decorator to None, run_after=None
[2025-07-02T23:42:15.102+0000] {processor.py:208} INFO - Processing /home/airflow/.local/lib/python3.12/site-packages/airflow/example_dags/example_sensor_decorator.py took 0.071 seconds
[2025-07-02T23:42:45.750+0000] {processor.py:186} INFO - Started process (PID=1808) to work on /home/airflow/.local/lib/python3.12/site-packages/airflow/example_dags/example_sensor_decorator.py
[2025-07-02T23:42:45.751+0000] {processor.py:914} INFO - Processing file /home/airflow/.local/lib/python3.12/site-packages/airflow/example_dags/example_sensor_decorator.py for tasks to queue
[2025-07-02T23:42:45.753+0000] {logging_mixin.py:190} INFO - [2025-07-02T23:42:45.753+0000] {dagbag.py:588} INFO - Filling up the DagBag from /home/airflow/.local/lib/python3.12/site-packages/airflow/example_dags/example_sensor_decorator.py
[2025-07-02T23:42:45.761+0000] {processor.py:925} INFO - DAG(s) 'example_sensor_decorator' retrieved from /home/airflow/.local/lib/python3.12/site-packages/airflow/example_dags/example_sensor_decorator.py
[2025-07-02T23:42:45.780+0000] {logging_mixin.py:190} INFO - [2025-07-02T23:42:45.779+0000] {dag.py:3239} INFO - Sync 1 DAGs
[2025-07-02T23:42:45.793+0000] {logging_mixin.py:190} INFO - [2025-07-02T23:42:45.792+0000] {dag.py:4180} INFO - Setting next_dagrun for example_sensor_decorator to None, run_after=None
[2025-07-02T23:42:45.819+0000] {processor.py:208} INFO - Processing /home/airflow/.local/lib/python3.12/site-packages/airflow/example_dags/example_sensor_decorator.py took 0.074 seconds
[2025-07-02T23:43:16.259+0000] {processor.py:186} INFO - Started process (PID=1870) to work on /home/airflow/.local/lib/python3.12/site-packages/airflow/example_dags/example_sensor_decorator.py
[2025-07-02T23:43:16.260+0000] {processor.py:914} INFO - Processing file /home/airflow/.local/lib/python3.12/site-packages/airflow/example_dags/example_sensor_decorator.py for tasks to queue
[2025-07-02T23:43:16.263+0000] {logging_mixin.py:190} INFO - [2025-07-02T23:43:16.262+0000] {dagbag.py:588} INFO - Filling up the DagBag from /home/airflow/.local/lib/python3.12/site-packages/airflow/example_dags/example_sensor_decorator.py
[2025-07-02T23:43:16.270+0000] {processor.py:925} INFO - DAG(s) 'example_sensor_decorator' retrieved from /home/airflow/.local/lib/python3.12/site-packages/airflow/example_dags/example_sensor_decorator.py
[2025-07-02T23:43:16.288+0000] {logging_mixin.py:190} INFO - [2025-07-02T23:43:16.287+0000] {dag.py:3239} INFO - Sync 1 DAGs
[2025-07-02T23:43:16.303+0000] {logging_mixin.py:190} INFO - [2025-07-02T23:43:16.302+0000] {dag.py:4180} INFO - Setting next_dagrun for example_sensor_decorator to None, run_after=None
[2025-07-02T23:43:16.319+0000] {processor.py:208} INFO - Processing /home/airflow/.local/lib/python3.12/site-packages/airflow/example_dags/example_sensor_decorator.py took 0.067 seconds
[2025-07-02T23:43:46.581+0000] {processor.py:186} INFO - Started process (PID=1932) to work on /home/airflow/.local/lib/python3.12/site-packages/airflow/example_dags/example_sensor_decorator.py
[2025-07-02T23:43:46.582+0000] {processor.py:914} INFO - Processing file /home/airflow/.local/lib/python3.12/site-packages/airflow/example_dags/example_sensor_decorator.py for tasks to queue
[2025-07-02T23:43:46.584+0000] {logging_mixin.py:190} INFO - [2025-07-02T23:43:46.584+0000] {dagbag.py:588} INFO - Filling up the DagBag from /home/airflow/.local/lib/python3.12/site-packages/airflow/example_dags/example_sensor_decorator.py
[2025-07-02T23:43:46.591+0000] {processor.py:925} INFO - DAG(s) 'example_sensor_decorator' retrieved from /home/airflow/.local/lib/python3.12/site-packages/airflow/example_dags/example_sensor_decorator.py
[2025-07-02T23:43:46.609+0000] {logging_mixin.py:190} INFO - [2025-07-02T23:43:46.609+0000] {dag.py:3239} INFO - Sync 1 DAGs
[2025-07-02T23:43:46.623+0000] {logging_mixin.py:190} INFO - [2025-07-02T23:43:46.623+0000] {dag.py:4180} INFO - Setting next_dagrun for example_sensor_decorator to None, run_after=None
[2025-07-02T23:43:46.643+0000] {processor.py:208} INFO - Processing /home/airflow/.local/lib/python3.12/site-packages/airflow/example_dags/example_sensor_decorator.py took 0.067 seconds
[2025-07-02T23:44:16.750+0000] {processor.py:186} INFO - Started process (PID=1994) to work on /home/airflow/.local/lib/python3.12/site-packages/airflow/example_dags/example_sensor_decorator.py
[2025-07-02T23:44:16.751+0000] {processor.py:914} INFO - Processing file /home/airflow/.local/lib/python3.12/site-packages/airflow/example_dags/example_sensor_decorator.py for tasks to queue
[2025-07-02T23:44:16.754+0000] {logging_mixin.py:190} INFO - [2025-07-02T23:44:16.754+0000] {dagbag.py:588} INFO - Filling up the DagBag from /home/airflow/.local/lib/python3.12/site-packages/airflow/example_dags/example_sensor_decorator.py
[2025-07-02T23:44:16.764+0000] {processor.py:925} INFO - DAG(s) 'example_sensor_decorator' retrieved from /home/airflow/.local/lib/python3.12/site-packages/airflow/example_dags/example_sensor_decorator.py
[2025-07-02T23:44:16.783+0000] {logging_mixin.py:190} INFO - [2025-07-02T23:44:16.783+0000] {dag.py:3239} INFO - Sync 1 DAGs
[2025-07-02T23:44:16.797+0000] {logging_mixin.py:190} INFO - [2025-07-02T23:44:16.797+0000] {dag.py:4180} INFO - Setting next_dagrun for example_sensor_decorator to None, run_after=None
[2025-07-02T23:44:16.815+0000] {processor.py:208} INFO - Processing /home/airflow/.local/lib/python3.12/site-packages/airflow/example_dags/example_sensor_decorator.py took 0.071 seconds
[2025-07-02T23:44:47.407+0000] {processor.py:186} INFO - Started process (PID=2056) to work on /home/airflow/.local/lib/python3.12/site-packages/airflow/example_dags/example_sensor_decorator.py
[2025-07-02T23:44:47.408+0000] {processor.py:914} INFO - Processing file /home/airflow/.local/lib/python3.12/site-packages/airflow/example_dags/example_sensor_decorator.py for tasks to queue
[2025-07-02T23:44:47.411+0000] {logging_mixin.py:190} INFO - [2025-07-02T23:44:47.411+0000] {dagbag.py:588} INFO - Filling up the DagBag from /home/airflow/.local/lib/python3.12/site-packages/airflow/example_dags/example_sensor_decorator.py
[2025-07-02T23:44:47.418+0000] {processor.py:925} INFO - DAG(s) 'example_sensor_decorator' retrieved from /home/airflow/.local/lib/python3.12/site-packages/airflow/example_dags/example_sensor_decorator.py
[2025-07-02T23:44:47.444+0000] {logging_mixin.py:190} INFO - [2025-07-02T23:44:47.444+0000] {dag.py:3239} INFO - Sync 1 DAGs
[2025-07-02T23:44:47.462+0000] {logging_mixin.py:190} INFO - [2025-07-02T23:44:47.462+0000] {dag.py:4180} INFO - Setting next_dagrun for example_sensor_decorator to None, run_after=None
[2025-07-02T23:44:47.481+0000] {processor.py:208} INFO - Processing /home/airflow/.local/lib/python3.12/site-packages/airflow/example_dags/example_sensor_decorator.py took 0.079 seconds
[2025-07-02T23:45:17.705+0000] {processor.py:186} INFO - Started process (PID=2118) to work on /home/airflow/.local/lib/python3.12/site-packages/airflow/example_dags/example_sensor_decorator.py
[2025-07-02T23:45:17.706+0000] {processor.py:914} INFO - Processing file /home/airflow/.local/lib/python3.12/site-packages/airflow/example_dags/example_sensor_decorator.py for tasks to queue
[2025-07-02T23:45:17.709+0000] {logging_mixin.py:190} INFO - [2025-07-02T23:45:17.709+0000] {dagbag.py:588} INFO - Filling up the DagBag from /home/airflow/.local/lib/python3.12/site-packages/airflow/example_dags/example_sensor_decorator.py
[2025-07-02T23:45:17.717+0000] {processor.py:925} INFO - DAG(s) 'example_sensor_decorator' retrieved from /home/airflow/.local/lib/python3.12/site-packages/airflow/example_dags/example_sensor_decorator.py
[2025-07-02T23:45:17.738+0000] {logging_mixin.py:190} INFO - [2025-07-02T23:45:17.738+0000] {dag.py:3239} INFO - Sync 1 DAGs
[2025-07-02T23:45:17.754+0000] {logging_mixin.py:190} INFO - [2025-07-02T23:45:17.754+0000] {dag.py:4180} INFO - Setting next_dagrun for example_sensor_decorator to None, run_after=None
[2025-07-02T23:45:17.782+0000] {processor.py:208} INFO - Processing /home/airflow/.local/lib/python3.12/site-packages/airflow/example_dags/example_sensor_decorator.py took 0.085 seconds
[2025-07-02T23:45:47.935+0000] {processor.py:186} INFO - Started process (PID=2180) to work on /home/airflow/.local/lib/python3.12/site-packages/airflow/example_dags/example_sensor_decorator.py
[2025-07-02T23:45:47.936+0000] {processor.py:914} INFO - Processing file /home/airflow/.local/lib/python3.12/site-packages/airflow/example_dags/example_sensor_decorator.py for tasks to queue
[2025-07-02T23:45:47.940+0000] {logging_mixin.py:190} INFO - [2025-07-02T23:45:47.939+0000] {dagbag.py:588} INFO - Filling up the DagBag from /home/airflow/.local/lib/python3.12/site-packages/airflow/example_dags/example_sensor_decorator.py
[2025-07-02T23:45:47.953+0000] {processor.py:925} INFO - DAG(s) 'example_sensor_decorator' retrieved from /home/airflow/.local/lib/python3.12/site-packages/airflow/example_dags/example_sensor_decorator.py
[2025-07-02T23:45:47.975+0000] {logging_mixin.py:190} INFO - [2025-07-02T23:45:47.975+0000] {dag.py:3239} INFO - Sync 1 DAGs
[2025-07-02T23:45:47.991+0000] {logging_mixin.py:190} INFO - [2025-07-02T23:45:47.991+0000] {dag.py:4180} INFO - Setting next_dagrun for example_sensor_decorator to None, run_after=None
[2025-07-02T23:45:48.010+0000] {processor.py:208} INFO - Processing /home/airflow/.local/lib/python3.12/site-packages/airflow/example_dags/example_sensor_decorator.py took 0.083 seconds
[2025-07-02T23:46:18.394+0000] {processor.py:186} INFO - Started process (PID=2242) to work on /home/airflow/.local/lib/python3.12/site-packages/airflow/example_dags/example_sensor_decorator.py
[2025-07-02T23:46:18.395+0000] {processor.py:914} INFO - Processing file /home/airflow/.local/lib/python3.12/site-packages/airflow/example_dags/example_sensor_decorator.py for tasks to queue
[2025-07-02T23:46:18.398+0000] {logging_mixin.py:190} INFO - [2025-07-02T23:46:18.397+0000] {dagbag.py:588} INFO - Filling up the DagBag from /home/airflow/.local/lib/python3.12/site-packages/airflow/example_dags/example_sensor_decorator.py
[2025-07-02T23:46:18.405+0000] {processor.py:925} INFO - DAG(s) 'example_sensor_decorator' retrieved from /home/airflow/.local/lib/python3.12/site-packages/airflow/example_dags/example_sensor_decorator.py
[2025-07-02T23:46:18.427+0000] {logging_mixin.py:190} INFO - [2025-07-02T23:46:18.427+0000] {dag.py:3239} INFO - Sync 1 DAGs
[2025-07-02T23:46:18.441+0000] {logging_mixin.py:190} INFO - [2025-07-02T23:46:18.440+0000] {dag.py:4180} INFO - Setting next_dagrun for example_sensor_decorator to None, run_after=None
[2025-07-02T23:46:18.458+0000] {processor.py:208} INFO - Processing /home/airflow/.local/lib/python3.12/site-packages/airflow/example_dags/example_sensor_decorator.py took 0.070 seconds
[2025-07-02T23:46:49.036+0000] {processor.py:186} INFO - Started process (PID=2304) to work on /home/airflow/.local/lib/python3.12/site-packages/airflow/example_dags/example_sensor_decorator.py
[2025-07-02T23:46:49.038+0000] {processor.py:914} INFO - Processing file /home/airflow/.local/lib/python3.12/site-packages/airflow/example_dags/example_sensor_decorator.py for tasks to queue
[2025-07-02T23:46:49.042+0000] {logging_mixin.py:190} INFO - [2025-07-02T23:46:49.042+0000] {dagbag.py:588} INFO - Filling up the DagBag from /home/airflow/.local/lib/python3.12/site-packages/airflow/example_dags/example_sensor_decorator.py
[2025-07-02T23:46:49.053+0000] {processor.py:925} INFO - DAG(s) 'example_sensor_decorator' retrieved from /home/airflow/.local/lib/python3.12/site-packages/airflow/example_dags/example_sensor_decorator.py
[2025-07-02T23:46:49.077+0000] {logging_mixin.py:190} INFO - [2025-07-02T23:46:49.077+0000] {dag.py:3239} INFO - Sync 1 DAGs
[2025-07-02T23:46:49.096+0000] {logging_mixin.py:190} INFO - [2025-07-02T23:46:49.096+0000] {dag.py:4180} INFO - Setting next_dagrun for example_sensor_decorator to None, run_after=None
[2025-07-02T23:46:49.123+0000] {processor.py:208} INFO - Processing /home/airflow/.local/lib/python3.12/site-packages/airflow/example_dags/example_sensor_decorator.py took 0.094 seconds
[2025-07-02T23:47:19.206+0000] {processor.py:186} INFO - Started process (PID=2366) to work on /home/airflow/.local/lib/python3.12/site-packages/airflow/example_dags/example_sensor_decorator.py
[2025-07-02T23:47:19.207+0000] {processor.py:914} INFO - Processing file /home/airflow/.local/lib/python3.12/site-packages/airflow/example_dags/example_sensor_decorator.py for tasks to queue
[2025-07-02T23:47:19.210+0000] {logging_mixin.py:190} INFO - [2025-07-02T23:47:19.210+0000] {dagbag.py:588} INFO - Filling up the DagBag from /home/airflow/.local/lib/python3.12/site-packages/airflow/example_dags/example_sensor_decorator.py
[2025-07-02T23:47:19.218+0000] {processor.py:925} INFO - DAG(s) 'example_sensor_decorator' retrieved from /home/airflow/.local/lib/python3.12/site-packages/airflow/example_dags/example_sensor_decorator.py
[2025-07-02T23:47:19.237+0000] {logging_mixin.py:190} INFO - [2025-07-02T23:47:19.237+0000] {dag.py:3239} INFO - Sync 1 DAGs
[2025-07-02T23:47:19.251+0000] {logging_mixin.py:190} INFO - [2025-07-02T23:47:19.251+0000] {dag.py:4180} INFO - Setting next_dagrun for example_sensor_decorator to None, run_after=None
[2025-07-02T23:47:19.273+0000] {processor.py:208} INFO - Processing /home/airflow/.local/lib/python3.12/site-packages/airflow/example_dags/example_sensor_decorator.py took 0.073 seconds
[2025-07-02T23:47:49.557+0000] {processor.py:186} INFO - Started process (PID=2428) to work on /home/airflow/.local/lib/python3.12/site-packages/airflow/example_dags/example_sensor_decorator.py
[2025-07-02T23:47:49.558+0000] {processor.py:914} INFO - Processing file /home/airflow/.local/lib/python3.12/site-packages/airflow/example_dags/example_sensor_decorator.py for tasks to queue
[2025-07-02T23:47:49.561+0000] {logging_mixin.py:190} INFO - [2025-07-02T23:47:49.560+0000] {dagbag.py:588} INFO - Filling up the DagBag from /home/airflow/.local/lib/python3.12/site-packages/airflow/example_dags/example_sensor_decorator.py
[2025-07-02T23:47:49.568+0000] {processor.py:925} INFO - DAG(s) 'example_sensor_decorator' retrieved from /home/airflow/.local/lib/python3.12/site-packages/airflow/example_dags/example_sensor_decorator.py
[2025-07-02T23:47:49.598+0000] {logging_mixin.py:190} INFO - [2025-07-02T23:47:49.598+0000] {dag.py:3239} INFO - Sync 1 DAGs
[2025-07-02T23:47:49.621+0000] {logging_mixin.py:190} INFO - [2025-07-02T23:47:49.620+0000] {dag.py:4180} INFO - Setting next_dagrun for example_sensor_decorator to None, run_after=None
[2025-07-02T23:47:49.649+0000] {processor.py:208} INFO - Processing /home/airflow/.local/lib/python3.12/site-packages/airflow/example_dags/example_sensor_decorator.py took 0.098 seconds
[2025-07-02T23:48:19.909+0000] {processor.py:186} INFO - Started process (PID=2490) to work on /home/airflow/.local/lib/python3.12/site-packages/airflow/example_dags/example_sensor_decorator.py
[2025-07-02T23:48:19.910+0000] {processor.py:914} INFO - Processing file /home/airflow/.local/lib/python3.12/site-packages/airflow/example_dags/example_sensor_decorator.py for tasks to queue
[2025-07-02T23:48:19.912+0000] {logging_mixin.py:190} INFO - [2025-07-02T23:48:19.912+0000] {dagbag.py:588} INFO - Filling up the DagBag from /home/airflow/.local/lib/python3.12/site-packages/airflow/example_dags/example_sensor_decorator.py
[2025-07-02T23:48:19.919+0000] {processor.py:925} INFO - DAG(s) 'example_sensor_decorator' retrieved from /home/airflow/.local/lib/python3.12/site-packages/airflow/example_dags/example_sensor_decorator.py
[2025-07-02T23:48:19.938+0000] {logging_mixin.py:190} INFO - [2025-07-02T23:48:19.938+0000] {dag.py:3239} INFO - Sync 1 DAGs
[2025-07-02T23:48:19.952+0000] {logging_mixin.py:190} INFO - [2025-07-02T23:48:19.952+0000] {dag.py:4180} INFO - Setting next_dagrun for example_sensor_decorator to None, run_after=None
[2025-07-02T23:48:19.970+0000] {processor.py:208} INFO - Processing /home/airflow/.local/lib/python3.12/site-packages/airflow/example_dags/example_sensor_decorator.py took 0.067 seconds
[2025-07-02T23:48:50.115+0000] {processor.py:186} INFO - Started process (PID=2552) to work on /home/airflow/.local/lib/python3.12/site-packages/airflow/example_dags/example_sensor_decorator.py
[2025-07-02T23:48:50.116+0000] {processor.py:914} INFO - Processing file /home/airflow/.local/lib/python3.12/site-packages/airflow/example_dags/example_sensor_decorator.py for tasks to queue
[2025-07-02T23:48:50.119+0000] {logging_mixin.py:190} INFO - [2025-07-02T23:48:50.118+0000] {dagbag.py:588} INFO - Filling up the DagBag from /home/airflow/.local/lib/python3.12/site-packages/airflow/example_dags/example_sensor_decorator.py
[2025-07-02T23:48:50.126+0000] {processor.py:925} INFO - DAG(s) 'example_sensor_decorator' retrieved from /home/airflow/.local/lib/python3.12/site-packages/airflow/example_dags/example_sensor_decorator.py
[2025-07-02T23:48:50.144+0000] {logging_mixin.py:190} INFO - [2025-07-02T23:48:50.144+0000] {dag.py:3239} INFO - Sync 1 DAGs
[2025-07-02T23:48:50.157+0000] {logging_mixin.py:190} INFO - [2025-07-02T23:48:50.157+0000] {dag.py:4180} INFO - Setting next_dagrun for example_sensor_decorator to None, run_after=None
[2025-07-02T23:48:50.173+0000] {processor.py:208} INFO - Processing /home/airflow/.local/lib/python3.12/site-packages/airflow/example_dags/example_sensor_decorator.py took 0.064 seconds
[2025-07-02T23:49:20.458+0000] {processor.py:186} INFO - Started process (PID=2614) to work on /home/airflow/.local/lib/python3.12/site-packages/airflow/example_dags/example_sensor_decorator.py
[2025-07-02T23:49:20.459+0000] {processor.py:914} INFO - Processing file /home/airflow/.local/lib/python3.12/site-packages/airflow/example_dags/example_sensor_decorator.py for tasks to queue
[2025-07-02T23:49:20.463+0000] {logging_mixin.py:190} INFO - [2025-07-02T23:49:20.462+0000] {dagbag.py:588} INFO - Filling up the DagBag from /home/airflow/.local/lib/python3.12/site-packages/airflow/example_dags/example_sensor_decorator.py
[2025-07-02T23:49:20.471+0000] {processor.py:925} INFO - DAG(s) 'example_sensor_decorator' retrieved from /home/airflow/.local/lib/python3.12/site-packages/airflow/example_dags/example_sensor_decorator.py
[2025-07-02T23:49:20.492+0000] {logging_mixin.py:190} INFO - [2025-07-02T23:49:20.492+0000] {dag.py:3239} INFO - Sync 1 DAGs
[2025-07-02T23:49:20.512+0000] {logging_mixin.py:190} INFO - [2025-07-02T23:49:20.512+0000] {dag.py:4180} INFO - Setting next_dagrun for example_sensor_decorator to None, run_after=None
[2025-07-02T23:49:20.535+0000] {processor.py:208} INFO - Processing /home/airflow/.local/lib/python3.12/site-packages/airflow/example_dags/example_sensor_decorator.py took 0.083 seconds
[2025-07-02T23:49:50.868+0000] {processor.py:186} INFO - Started process (PID=2676) to work on /home/airflow/.local/lib/python3.12/site-packages/airflow/example_dags/example_sensor_decorator.py
[2025-07-02T23:49:50.869+0000] {processor.py:914} INFO - Processing file /home/airflow/.local/lib/python3.12/site-packages/airflow/example_dags/example_sensor_decorator.py for tasks to queue
[2025-07-02T23:49:50.871+0000] {logging_mixin.py:190} INFO - [2025-07-02T23:49:50.871+0000] {dagbag.py:588} INFO - Filling up the DagBag from /home/airflow/.local/lib/python3.12/site-packages/airflow/example_dags/example_sensor_decorator.py
[2025-07-02T23:49:50.878+0000] {processor.py:925} INFO - DAG(s) 'example_sensor_decorator' retrieved from /home/airflow/.local/lib/python3.12/site-packages/airflow/example_dags/example_sensor_decorator.py
[2025-07-02T23:49:50.897+0000] {logging_mixin.py:190} INFO - [2025-07-02T23:49:50.897+0000] {dag.py:3239} INFO - Sync 1 DAGs
[2025-07-02T23:49:50.910+0000] {logging_mixin.py:190} INFO - [2025-07-02T23:49:50.910+0000] {dag.py:4180} INFO - Setting next_dagrun for example_sensor_decorator to None, run_after=None
[2025-07-02T23:49:50.926+0000] {processor.py:208} INFO - Processing /home/airflow/.local/lib/python3.12/site-packages/airflow/example_dags/example_sensor_decorator.py took 0.063 seconds
[2025-07-02T23:50:21.309+0000] {processor.py:186} INFO - Started process (PID=2738) to work on /home/airflow/.local/lib/python3.12/site-packages/airflow/example_dags/example_sensor_decorator.py
[2025-07-02T23:50:21.310+0000] {processor.py:914} INFO - Processing file /home/airflow/.local/lib/python3.12/site-packages/airflow/example_dags/example_sensor_decorator.py for tasks to queue
[2025-07-02T23:50:21.313+0000] {logging_mixin.py:190} INFO - [2025-07-02T23:50:21.312+0000] {dagbag.py:588} INFO - Filling up the DagBag from /home/airflow/.local/lib/python3.12/site-packages/airflow/example_dags/example_sensor_decorator.py
[2025-07-02T23:50:21.320+0000] {processor.py:925} INFO - DAG(s) 'example_sensor_decorator' retrieved from /home/airflow/.local/lib/python3.12/site-packages/airflow/example_dags/example_sensor_decorator.py
[2025-07-02T23:50:21.337+0000] {logging_mixin.py:190} INFO - [2025-07-02T23:50:21.337+0000] {dag.py:3239} INFO - Sync 1 DAGs
[2025-07-02T23:50:21.350+0000] {logging_mixin.py:190} INFO - [2025-07-02T23:50:21.350+0000] {dag.py:4180} INFO - Setting next_dagrun for example_sensor_decorator to None, run_after=None
[2025-07-02T23:50:21.366+0000] {processor.py:208} INFO - Processing /home/airflow/.local/lib/python3.12/site-packages/airflow/example_dags/example_sensor_decorator.py took 0.063 seconds
[2025-07-02T23:50:51.688+0000] {processor.py:186} INFO - Started process (PID=2800) to work on /home/airflow/.local/lib/python3.12/site-packages/airflow/example_dags/example_sensor_decorator.py
[2025-07-02T23:50:51.688+0000] {processor.py:914} INFO - Processing file /home/airflow/.local/lib/python3.12/site-packages/airflow/example_dags/example_sensor_decorator.py for tasks to queue
[2025-07-02T23:50:51.691+0000] {logging_mixin.py:190} INFO - [2025-07-02T23:50:51.691+0000] {dagbag.py:588} INFO - Filling up the DagBag from /home/airflow/.local/lib/python3.12/site-packages/airflow/example_dags/example_sensor_decorator.py
[2025-07-02T23:50:51.700+0000] {processor.py:925} INFO - DAG(s) 'example_sensor_decorator' retrieved from /home/airflow/.local/lib/python3.12/site-packages/airflow/example_dags/example_sensor_decorator.py
[2025-07-02T23:50:51.720+0000] {logging_mixin.py:190} INFO - [2025-07-02T23:50:51.720+0000] {dag.py:3239} INFO - Sync 1 DAGs
[2025-07-02T23:50:51.733+0000] {logging_mixin.py:190} INFO - [2025-07-02T23:50:51.733+0000] {dag.py:4180} INFO - Setting next_dagrun for example_sensor_decorator to None, run_after=None
[2025-07-02T23:50:51.760+0000] {processor.py:208} INFO - Processing /home/airflow/.local/lib/python3.12/site-packages/airflow/example_dags/example_sensor_decorator.py took 0.078 seconds
[2025-07-02T23:51:21.862+0000] {processor.py:186} INFO - Started process (PID=2862) to work on /home/airflow/.local/lib/python3.12/site-packages/airflow/example_dags/example_sensor_decorator.py
[2025-07-02T23:51:21.863+0000] {processor.py:914} INFO - Processing file /home/airflow/.local/lib/python3.12/site-packages/airflow/example_dags/example_sensor_decorator.py for tasks to queue
[2025-07-02T23:51:21.866+0000] {logging_mixin.py:190} INFO - [2025-07-02T23:51:21.865+0000] {dagbag.py:588} INFO - Filling up the DagBag from /home/airflow/.local/lib/python3.12/site-packages/airflow/example_dags/example_sensor_decorator.py
[2025-07-02T23:51:21.873+0000] {processor.py:925} INFO - DAG(s) 'example_sensor_decorator' retrieved from /home/airflow/.local/lib/python3.12/site-packages/airflow/example_dags/example_sensor_decorator.py
[2025-07-02T23:51:21.892+0000] {logging_mixin.py:190} INFO - [2025-07-02T23:51:21.892+0000] {dag.py:3239} INFO - Sync 1 DAGs
[2025-07-02T23:51:21.906+0000] {logging_mixin.py:190} INFO - [2025-07-02T23:51:21.906+0000] {dag.py:4180} INFO - Setting next_dagrun for example_sensor_decorator to None, run_after=None
[2025-07-02T23:51:21.933+0000] {processor.py:208} INFO - Processing /home/airflow/.local/lib/python3.12/site-packages/airflow/example_dags/example_sensor_decorator.py took 0.075 seconds
[2025-07-02T23:51:52.298+0000] {processor.py:186} INFO - Started process (PID=2925) to work on /home/airflow/.local/lib/python3.12/site-packages/airflow/example_dags/example_sensor_decorator.py
[2025-07-02T23:51:52.299+0000] {processor.py:914} INFO - Processing file /home/airflow/.local/lib/python3.12/site-packages/airflow/example_dags/example_sensor_decorator.py for tasks to queue
[2025-07-02T23:51:52.302+0000] {logging_mixin.py:190} INFO - [2025-07-02T23:51:52.302+0000] {dagbag.py:588} INFO - Filling up the DagBag from /home/airflow/.local/lib/python3.12/site-packages/airflow/example_dags/example_sensor_decorator.py
[2025-07-02T23:51:52.314+0000] {processor.py:925} INFO - DAG(s) 'example_sensor_decorator' retrieved from /home/airflow/.local/lib/python3.12/site-packages/airflow/example_dags/example_sensor_decorator.py
[2025-07-02T23:51:52.336+0000] {logging_mixin.py:190} INFO - [2025-07-02T23:51:52.335+0000] {dag.py:3239} INFO - Sync 1 DAGs
[2025-07-02T23:51:52.351+0000] {logging_mixin.py:190} INFO - [2025-07-02T23:51:52.351+0000] {dag.py:4180} INFO - Setting next_dagrun for example_sensor_decorator to None, run_after=None
[2025-07-02T23:51:52.379+0000] {processor.py:208} INFO - Processing /home/airflow/.local/lib/python3.12/site-packages/airflow/example_dags/example_sensor_decorator.py took 0.088 seconds
[2025-07-02T23:52:22.506+0000] {processor.py:186} INFO - Started process (PID=2987) to work on /home/airflow/.local/lib/python3.12/site-packages/airflow/example_dags/example_sensor_decorator.py
[2025-07-02T23:52:22.508+0000] {processor.py:914} INFO - Processing file /home/airflow/.local/lib/python3.12/site-packages/airflow/example_dags/example_sensor_decorator.py for tasks to queue
[2025-07-02T23:52:22.511+0000] {logging_mixin.py:190} INFO - [2025-07-02T23:52:22.511+0000] {dagbag.py:588} INFO - Filling up the DagBag from /home/airflow/.local/lib/python3.12/site-packages/airflow/example_dags/example_sensor_decorator.py
[2025-07-02T23:52:22.522+0000] {processor.py:925} INFO - DAG(s) 'example_sensor_decorator' retrieved from /home/airflow/.local/lib/python3.12/site-packages/airflow/example_dags/example_sensor_decorator.py
[2025-07-02T23:52:22.541+0000] {logging_mixin.py:190} INFO - [2025-07-02T23:52:22.541+0000] {dag.py:3239} INFO - Sync 1 DAGs
[2025-07-02T23:52:22.558+0000] {logging_mixin.py:190} INFO - [2025-07-02T23:52:22.558+0000] {dag.py:4180} INFO - Setting next_dagrun for example_sensor_decorator to None, run_after=None
[2025-07-02T23:52:22.579+0000] {processor.py:208} INFO - Processing /home/airflow/.local/lib/python3.12/site-packages/airflow/example_dags/example_sensor_decorator.py took 0.079 seconds
[2025-07-02T23:52:53.136+0000] {processor.py:186} INFO - Started process (PID=3049) to work on /home/airflow/.local/lib/python3.12/site-packages/airflow/example_dags/example_sensor_decorator.py
[2025-07-02T23:52:53.137+0000] {processor.py:914} INFO - Processing file /home/airflow/.local/lib/python3.12/site-packages/airflow/example_dags/example_sensor_decorator.py for tasks to queue
[2025-07-02T23:52:53.139+0000] {logging_mixin.py:190} INFO - [2025-07-02T23:52:53.139+0000] {dagbag.py:588} INFO - Filling up the DagBag from /home/airflow/.local/lib/python3.12/site-packages/airflow/example_dags/example_sensor_decorator.py
[2025-07-02T23:52:53.148+0000] {processor.py:925} INFO - DAG(s) 'example_sensor_decorator' retrieved from /home/airflow/.local/lib/python3.12/site-packages/airflow/example_dags/example_sensor_decorator.py
[2025-07-02T23:52:53.165+0000] {logging_mixin.py:190} INFO - [2025-07-02T23:52:53.165+0000] {dag.py:3239} INFO - Sync 1 DAGs
[2025-07-02T23:52:53.178+0000] {logging_mixin.py:190} INFO - [2025-07-02T23:52:53.178+0000] {dag.py:4180} INFO - Setting next_dagrun for example_sensor_decorator to None, run_after=None
[2025-07-02T23:52:53.195+0000] {processor.py:208} INFO - Processing /home/airflow/.local/lib/python3.12/site-packages/airflow/example_dags/example_sensor_decorator.py took 0.063 seconds
[2025-07-02T23:53:23.847+0000] {processor.py:186} INFO - Started process (PID=3111) to work on /home/airflow/.local/lib/python3.12/site-packages/airflow/example_dags/example_sensor_decorator.py
[2025-07-02T23:53:23.848+0000] {processor.py:914} INFO - Processing file /home/airflow/.local/lib/python3.12/site-packages/airflow/example_dags/example_sensor_decorator.py for tasks to queue
[2025-07-02T23:53:23.850+0000] {logging_mixin.py:190} INFO - [2025-07-02T23:53:23.850+0000] {dagbag.py:588} INFO - Filling up the DagBag from /home/airflow/.local/lib/python3.12/site-packages/airflow/example_dags/example_sensor_decorator.py
[2025-07-02T23:53:23.857+0000] {processor.py:925} INFO - DAG(s) 'example_sensor_decorator' retrieved from /home/airflow/.local/lib/python3.12/site-packages/airflow/example_dags/example_sensor_decorator.py
[2025-07-02T23:53:23.875+0000] {logging_mixin.py:190} INFO - [2025-07-02T23:53:23.875+0000] {dag.py:3239} INFO - Sync 1 DAGs
[2025-07-02T23:53:23.888+0000] {logging_mixin.py:190} INFO - [2025-07-02T23:53:23.888+0000] {dag.py:4180} INFO - Setting next_dagrun for example_sensor_decorator to None, run_after=None
[2025-07-02T23:53:23.904+0000] {processor.py:208} INFO - Processing /home/airflow/.local/lib/python3.12/site-packages/airflow/example_dags/example_sensor_decorator.py took 0.063 seconds
[2025-07-02T23:53:54.038+0000] {processor.py:186} INFO - Started process (PID=3173) to work on /home/airflow/.local/lib/python3.12/site-packages/airflow/example_dags/example_sensor_decorator.py
[2025-07-02T23:53:54.039+0000] {processor.py:914} INFO - Processing file /home/airflow/.local/lib/python3.12/site-packages/airflow/example_dags/example_sensor_decorator.py for tasks to queue
[2025-07-02T23:53:54.042+0000] {logging_mixin.py:190} INFO - [2025-07-02T23:53:54.042+0000] {dagbag.py:588} INFO - Filling up the DagBag from /home/airflow/.local/lib/python3.12/site-packages/airflow/example_dags/example_sensor_decorator.py
[2025-07-02T23:53:54.052+0000] {processor.py:925} INFO - DAG(s) 'example_sensor_decorator' retrieved from /home/airflow/.local/lib/python3.12/site-packages/airflow/example_dags/example_sensor_decorator.py
[2025-07-02T23:53:54.075+0000] {logging_mixin.py:190} INFO - [2025-07-02T23:53:54.075+0000] {dag.py:3239} INFO - Sync 1 DAGs
[2025-07-02T23:53:54.093+0000] {logging_mixin.py:190} INFO - [2025-07-02T23:53:54.093+0000] {dag.py:4180} INFO - Setting next_dagrun for example_sensor_decorator to None, run_after=None
[2025-07-02T23:53:54.116+0000] {processor.py:208} INFO - Processing /home/airflow/.local/lib/python3.12/site-packages/airflow/example_dags/example_sensor_decorator.py took 0.083 seconds
[2025-07-02T23:54:24.297+0000] {processor.py:186} INFO - Started process (PID=3235) to work on /home/airflow/.local/lib/python3.12/site-packages/airflow/example_dags/example_sensor_decorator.py
[2025-07-02T23:54:24.298+0000] {processor.py:914} INFO - Processing file /home/airflow/.local/lib/python3.12/site-packages/airflow/example_dags/example_sensor_decorator.py for tasks to queue
[2025-07-02T23:54:24.301+0000] {logging_mixin.py:190} INFO - [2025-07-02T23:54:24.301+0000] {dagbag.py:588} INFO - Filling up the DagBag from /home/airflow/.local/lib/python3.12/site-packages/airflow/example_dags/example_sensor_decorator.py
[2025-07-02T23:54:24.310+0000] {processor.py:925} INFO - DAG(s) 'example_sensor_decorator' retrieved from /home/airflow/.local/lib/python3.12/site-packages/airflow/example_dags/example_sensor_decorator.py
[2025-07-02T23:54:24.333+0000] {logging_mixin.py:190} INFO - [2025-07-02T23:54:24.333+0000] {dag.py:3239} INFO - Sync 1 DAGs
[2025-07-02T23:54:24.348+0000] {logging_mixin.py:190} INFO - [2025-07-02T23:54:24.348+0000] {dag.py:4180} INFO - Setting next_dagrun for example_sensor_decorator to None, run_after=None
[2025-07-02T23:54:24.368+0000] {processor.py:208} INFO - Processing /home/airflow/.local/lib/python3.12/site-packages/airflow/example_dags/example_sensor_decorator.py took 0.077 seconds
[2025-07-02T23:54:54.998+0000] {processor.py:186} INFO - Started process (PID=3297) to work on /home/airflow/.local/lib/python3.12/site-packages/airflow/example_dags/example_sensor_decorator.py
[2025-07-02T23:54:54.999+0000] {processor.py:914} INFO - Processing file /home/airflow/.local/lib/python3.12/site-packages/airflow/example_dags/example_sensor_decorator.py for tasks to queue
[2025-07-02T23:54:55.001+0000] {logging_mixin.py:190} INFO - [2025-07-02T23:54:55.001+0000] {dagbag.py:588} INFO - Filling up the DagBag from /home/airflow/.local/lib/python3.12/site-packages/airflow/example_dags/example_sensor_decorator.py
[2025-07-02T23:54:55.009+0000] {processor.py:925} INFO - DAG(s) 'example_sensor_decorator' retrieved from /home/airflow/.local/lib/python3.12/site-packages/airflow/example_dags/example_sensor_decorator.py
[2025-07-02T23:54:55.032+0000] {logging_mixin.py:190} INFO - [2025-07-02T23:54:55.032+0000] {dag.py:3239} INFO - Sync 1 DAGs
[2025-07-02T23:54:55.045+0000] {logging_mixin.py:190} INFO - [2025-07-02T23:54:55.045+0000] {dag.py:4180} INFO - Setting next_dagrun for example_sensor_decorator to None, run_after=None
[2025-07-02T23:54:55.062+0000] {processor.py:208} INFO - Processing /home/airflow/.local/lib/python3.12/site-packages/airflow/example_dags/example_sensor_decorator.py took 0.069 seconds
[2025-07-02T23:55:25.222+0000] {processor.py:186} INFO - Started process (PID=3359) to work on /home/airflow/.local/lib/python3.12/site-packages/airflow/example_dags/example_sensor_decorator.py
[2025-07-02T23:55:25.223+0000] {processor.py:914} INFO - Processing file /home/airflow/.local/lib/python3.12/site-packages/airflow/example_dags/example_sensor_decorator.py for tasks to queue
[2025-07-02T23:55:25.226+0000] {logging_mixin.py:190} INFO - [2025-07-02T23:55:25.225+0000] {dagbag.py:588} INFO - Filling up the DagBag from /home/airflow/.local/lib/python3.12/site-packages/airflow/example_dags/example_sensor_decorator.py
[2025-07-02T23:55:25.235+0000] {processor.py:925} INFO - DAG(s) 'example_sensor_decorator' retrieved from /home/airflow/.local/lib/python3.12/site-packages/airflow/example_dags/example_sensor_decorator.py
[2025-07-02T23:55:25.264+0000] {logging_mixin.py:190} INFO - [2025-07-02T23:55:25.264+0000] {dag.py:3239} INFO - Sync 1 DAGs
[2025-07-02T23:55:25.439+0000] {logging_mixin.py:190} INFO - [2025-07-02T23:55:25.438+0000] {dag.py:4180} INFO - Setting next_dagrun for example_sensor_decorator to None, run_after=None
[2025-07-02T23:55:25.458+0000] {processor.py:208} INFO - Processing /home/airflow/.local/lib/python3.12/site-packages/airflow/example_dags/example_sensor_decorator.py took 0.242 seconds
[2025-07-02T23:55:55.689+0000] {processor.py:186} INFO - Started process (PID=3421) to work on /home/airflow/.local/lib/python3.12/site-packages/airflow/example_dags/example_sensor_decorator.py
[2025-07-02T23:55:55.690+0000] {processor.py:914} INFO - Processing file /home/airflow/.local/lib/python3.12/site-packages/airflow/example_dags/example_sensor_decorator.py for tasks to queue
[2025-07-02T23:55:55.692+0000] {logging_mixin.py:190} INFO - [2025-07-02T23:55:55.692+0000] {dagbag.py:588} INFO - Filling up the DagBag from /home/airflow/.local/lib/python3.12/site-packages/airflow/example_dags/example_sensor_decorator.py
[2025-07-02T23:55:55.700+0000] {processor.py:925} INFO - DAG(s) 'example_sensor_decorator' retrieved from /home/airflow/.local/lib/python3.12/site-packages/airflow/example_dags/example_sensor_decorator.py
[2025-07-02T23:55:55.719+0000] {logging_mixin.py:190} INFO - [2025-07-02T23:55:55.719+0000] {dag.py:3239} INFO - Sync 1 DAGs
[2025-07-02T23:55:55.733+0000] {logging_mixin.py:190} INFO - [2025-07-02T23:55:55.733+0000] {dag.py:4180} INFO - Setting next_dagrun for example_sensor_decorator to None, run_after=None
[2025-07-02T23:55:55.751+0000] {processor.py:208} INFO - Processing /home/airflow/.local/lib/python3.12/site-packages/airflow/example_dags/example_sensor_decorator.py took 0.067 seconds
[2025-07-02T23:56:25.999+0000] {processor.py:186} INFO - Started process (PID=3483) to work on /home/airflow/.local/lib/python3.12/site-packages/airflow/example_dags/example_sensor_decorator.py
[2025-07-02T23:56:25.999+0000] {processor.py:914} INFO - Processing file /home/airflow/.local/lib/python3.12/site-packages/airflow/example_dags/example_sensor_decorator.py for tasks to queue
[2025-07-02T23:56:26.002+0000] {logging_mixin.py:190} INFO - [2025-07-02T23:56:26.001+0000] {dagbag.py:588} INFO - Filling up the DagBag from /home/airflow/.local/lib/python3.12/site-packages/airflow/example_dags/example_sensor_decorator.py
[2025-07-02T23:56:26.009+0000] {processor.py:925} INFO - DAG(s) 'example_sensor_decorator' retrieved from /home/airflow/.local/lib/python3.12/site-packages/airflow/example_dags/example_sensor_decorator.py
[2025-07-02T23:56:26.035+0000] {logging_mixin.py:190} INFO - [2025-07-02T23:56:26.034+0000] {dag.py:3239} INFO - Sync 1 DAGs
[2025-07-02T23:56:26.049+0000] {logging_mixin.py:190} INFO - [2025-07-02T23:56:26.049+0000] {dag.py:4180} INFO - Setting next_dagrun for example_sensor_decorator to None, run_after=None
[2025-07-02T23:56:26.066+0000] {processor.py:208} INFO - Processing /home/airflow/.local/lib/python3.12/site-packages/airflow/example_dags/example_sensor_decorator.py took 0.073 seconds
[2025-07-02T23:56:56.683+0000] {processor.py:186} INFO - Started process (PID=3545) to work on /home/airflow/.local/lib/python3.12/site-packages/airflow/example_dags/example_sensor_decorator.py
[2025-07-02T23:56:56.684+0000] {processor.py:914} INFO - Processing file /home/airflow/.local/lib/python3.12/site-packages/airflow/example_dags/example_sensor_decorator.py for tasks to queue
[2025-07-02T23:56:56.687+0000] {logging_mixin.py:190} INFO - [2025-07-02T23:56:56.686+0000] {dagbag.py:588} INFO - Filling up the DagBag from /home/airflow/.local/lib/python3.12/site-packages/airflow/example_dags/example_sensor_decorator.py
[2025-07-02T23:56:56.696+0000] {processor.py:925} INFO - DAG(s) 'example_sensor_decorator' retrieved from /home/airflow/.local/lib/python3.12/site-packages/airflow/example_dags/example_sensor_decorator.py
[2025-07-02T23:56:56.714+0000] {logging_mixin.py:190} INFO - [2025-07-02T23:56:56.714+0000] {dag.py:3239} INFO - Sync 1 DAGs
[2025-07-02T23:56:56.727+0000] {logging_mixin.py:190} INFO - [2025-07-02T23:56:56.727+0000] {dag.py:4180} INFO - Setting next_dagrun for example_sensor_decorator to None, run_after=None
[2025-07-02T23:56:56.743+0000] {processor.py:208} INFO - Processing /home/airflow/.local/lib/python3.12/site-packages/airflow/example_dags/example_sensor_decorator.py took 0.066 seconds
[2025-07-02T23:57:27.393+0000] {processor.py:186} INFO - Started process (PID=3607) to work on /home/airflow/.local/lib/python3.12/site-packages/airflow/example_dags/example_sensor_decorator.py
[2025-07-02T23:57:27.394+0000] {processor.py:914} INFO - Processing file /home/airflow/.local/lib/python3.12/site-packages/airflow/example_dags/example_sensor_decorator.py for tasks to queue
[2025-07-02T23:57:27.396+0000] {logging_mixin.py:190} INFO - [2025-07-02T23:57:27.396+0000] {dagbag.py:588} INFO - Filling up the DagBag from /home/airflow/.local/lib/python3.12/site-packages/airflow/example_dags/example_sensor_decorator.py
[2025-07-02T23:57:27.404+0000] {processor.py:925} INFO - DAG(s) 'example_sensor_decorator' retrieved from /home/airflow/.local/lib/python3.12/site-packages/airflow/example_dags/example_sensor_decorator.py
[2025-07-02T23:57:27.423+0000] {logging_mixin.py:190} INFO - [2025-07-02T23:57:27.423+0000] {dag.py:3239} INFO - Sync 1 DAGs
[2025-07-02T23:57:27.436+0000] {logging_mixin.py:190} INFO - [2025-07-02T23:57:27.436+0000] {dag.py:4180} INFO - Setting next_dagrun for example_sensor_decorator to None, run_after=None
[2025-07-02T23:57:27.462+0000] {processor.py:208} INFO - Processing /home/airflow/.local/lib/python3.12/site-packages/airflow/example_dags/example_sensor_decorator.py took 0.074 seconds
[2025-07-02T23:57:57.973+0000] {processor.py:186} INFO - Started process (PID=3669) to work on /home/airflow/.local/lib/python3.12/site-packages/airflow/example_dags/example_sensor_decorator.py
[2025-07-02T23:57:57.974+0000] {processor.py:914} INFO - Processing file /home/airflow/.local/lib/python3.12/site-packages/airflow/example_dags/example_sensor_decorator.py for tasks to queue
[2025-07-02T23:57:57.976+0000] {logging_mixin.py:190} INFO - [2025-07-02T23:57:57.976+0000] {dagbag.py:588} INFO - Filling up the DagBag from /home/airflow/.local/lib/python3.12/site-packages/airflow/example_dags/example_sensor_decorator.py
[2025-07-02T23:57:57.983+0000] {processor.py:925} INFO - DAG(s) 'example_sensor_decorator' retrieved from /home/airflow/.local/lib/python3.12/site-packages/airflow/example_dags/example_sensor_decorator.py
[2025-07-02T23:57:58.002+0000] {logging_mixin.py:190} INFO - [2025-07-02T23:57:58.001+0000] {dag.py:3239} INFO - Sync 1 DAGs
[2025-07-02T23:57:58.015+0000] {logging_mixin.py:190} INFO - [2025-07-02T23:57:58.015+0000] {dag.py:4180} INFO - Setting next_dagrun for example_sensor_decorator to None, run_after=None
[2025-07-02T23:57:58.042+0000] {processor.py:208} INFO - Processing /home/airflow/.local/lib/python3.12/site-packages/airflow/example_dags/example_sensor_decorator.py took 0.074 seconds
[2025-07-02T23:58:28.368+0000] {processor.py:186} INFO - Started process (PID=3731) to work on /home/airflow/.local/lib/python3.12/site-packages/airflow/example_dags/example_sensor_decorator.py
[2025-07-02T23:58:28.369+0000] {processor.py:914} INFO - Processing file /home/airflow/.local/lib/python3.12/site-packages/airflow/example_dags/example_sensor_decorator.py for tasks to queue
[2025-07-02T23:58:28.373+0000] {logging_mixin.py:190} INFO - [2025-07-02T23:58:28.372+0000] {dagbag.py:588} INFO - Filling up the DagBag from /home/airflow/.local/lib/python3.12/site-packages/airflow/example_dags/example_sensor_decorator.py
[2025-07-02T23:58:28.381+0000] {processor.py:925} INFO - DAG(s) 'example_sensor_decorator' retrieved from /home/airflow/.local/lib/python3.12/site-packages/airflow/example_dags/example_sensor_decorator.py
[2025-07-02T23:58:28.399+0000] {logging_mixin.py:190} INFO - [2025-07-02T23:58:28.399+0000] {dag.py:3239} INFO - Sync 1 DAGs
[2025-07-02T23:58:28.412+0000] {logging_mixin.py:190} INFO - [2025-07-02T23:58:28.411+0000] {dag.py:4180} INFO - Setting next_dagrun for example_sensor_decorator to None, run_after=None
[2025-07-02T23:58:28.429+0000] {processor.py:208} INFO - Processing /home/airflow/.local/lib/python3.12/site-packages/airflow/example_dags/example_sensor_decorator.py took 0.067 seconds
[2025-07-02T23:58:58.874+0000] {processor.py:186} INFO - Started process (PID=3793) to work on /home/airflow/.local/lib/python3.12/site-packages/airflow/example_dags/example_sensor_decorator.py
[2025-07-02T23:58:58.876+0000] {processor.py:914} INFO - Processing file /home/airflow/.local/lib/python3.12/site-packages/airflow/example_dags/example_sensor_decorator.py for tasks to queue
[2025-07-02T23:58:58.880+0000] {logging_mixin.py:190} INFO - [2025-07-02T23:58:58.880+0000] {dagbag.py:588} INFO - Filling up the DagBag from /home/airflow/.local/lib/python3.12/site-packages/airflow/example_dags/example_sensor_decorator.py
[2025-07-02T23:58:58.890+0000] {processor.py:925} INFO - DAG(s) 'example_sensor_decorator' retrieved from /home/airflow/.local/lib/python3.12/site-packages/airflow/example_dags/example_sensor_decorator.py
[2025-07-02T23:58:58.916+0000] {logging_mixin.py:190} INFO - [2025-07-02T23:58:58.916+0000] {dag.py:3239} INFO - Sync 1 DAGs
[2025-07-02T23:58:58.932+0000] {logging_mixin.py:190} INFO - [2025-07-02T23:58:58.932+0000] {dag.py:4180} INFO - Setting next_dagrun for example_sensor_decorator to None, run_after=None
[2025-07-02T23:58:58.954+0000] {processor.py:208} INFO - Processing /home/airflow/.local/lib/python3.12/site-packages/airflow/example_dags/example_sensor_decorator.py took 0.088 seconds
[2025-07-02T23:59:29.405+0000] {processor.py:186} INFO - Started process (PID=3855) to work on /home/airflow/.local/lib/python3.12/site-packages/airflow/example_dags/example_sensor_decorator.py
[2025-07-02T23:59:29.406+0000] {processor.py:914} INFO - Processing file /home/airflow/.local/lib/python3.12/site-packages/airflow/example_dags/example_sensor_decorator.py for tasks to queue
[2025-07-02T23:59:29.408+0000] {logging_mixin.py:190} INFO - [2025-07-02T23:59:29.408+0000] {dagbag.py:588} INFO - Filling up the DagBag from /home/airflow/.local/lib/python3.12/site-packages/airflow/example_dags/example_sensor_decorator.py
[2025-07-02T23:59:29.415+0000] {processor.py:925} INFO - DAG(s) 'example_sensor_decorator' retrieved from /home/airflow/.local/lib/python3.12/site-packages/airflow/example_dags/example_sensor_decorator.py
[2025-07-02T23:59:29.434+0000] {logging_mixin.py:190} INFO - [2025-07-02T23:59:29.433+0000] {dag.py:3239} INFO - Sync 1 DAGs
[2025-07-02T23:59:29.448+0000] {logging_mixin.py:190} INFO - [2025-07-02T23:59:29.447+0000] {dag.py:4180} INFO - Setting next_dagrun for example_sensor_decorator to None, run_after=None
[2025-07-02T23:59:29.474+0000] {processor.py:208} INFO - Processing /home/airflow/.local/lib/python3.12/site-packages/airflow/example_dags/example_sensor_decorator.py took 0.075 seconds
[2025-07-02T23:59:59.927+0000] {processor.py:186} INFO - Started process (PID=3917) to work on /home/airflow/.local/lib/python3.12/site-packages/airflow/example_dags/example_sensor_decorator.py
[2025-07-02T23:59:59.928+0000] {processor.py:914} INFO - Processing file /home/airflow/.local/lib/python3.12/site-packages/airflow/example_dags/example_sensor_decorator.py for tasks to queue
[2025-07-02T23:59:59.931+0000] {logging_mixin.py:190} INFO - [2025-07-02T23:59:59.930+0000] {dagbag.py:588} INFO - Filling up the DagBag from /home/airflow/.local/lib/python3.12/site-packages/airflow/example_dags/example_sensor_decorator.py
[2025-07-02T23:59:59.938+0000] {processor.py:925} INFO - DAG(s) 'example_sensor_decorator' retrieved from /home/airflow/.local/lib/python3.12/site-packages/airflow/example_dags/example_sensor_decorator.py
[2025-07-02T23:59:59.956+0000] {logging_mixin.py:190} INFO - [2025-07-02T23:59:59.956+0000] {dag.py:3239} INFO - Sync 1 DAGs
[2025-07-02T23:59:59.969+0000] {logging_mixin.py:190} INFO - [2025-07-02T23:59:59.969+0000] {dag.py:4180} INFO - Setting next_dagrun for example_sensor_decorator to None, run_after=None
[2025-07-02T23:59:59.995+0000] {processor.py:208} INFO - Processing /home/airflow/.local/lib/python3.12/site-packages/airflow/example_dags/example_sensor_decorator.py took 0.074 seconds
