[2025-07-02T23:29:09.216+0000] {processor.py:186} INFO - Started process (PID=166) to work on /home/airflow/.local/lib/python3.12/site-packages/airflow/example_dags/example_branch_labels.py
[2025-07-02T23:29:09.226+0000] {processor.py:914} INFO - Processing file /home/airflow/.local/lib/python3.12/site-packages/airflow/example_dags/example_branch_labels.py for tasks to queue
[2025-07-02T23:29:09.235+0000] {logging_mixin.py:190} INFO - [2025-07-02T23:29:09.234+0000] {dagbag.py:588} INFO - Filling up the DagBag from /home/airflow/.local/lib/python3.12/site-packages/airflow/example_dags/example_branch_labels.py
[2025-07-02T23:29:09.294+0000] {processor.py:925} INFO - DAG(s) 'example_branch_labels' retrieved from /home/airflow/.local/lib/python3.12/site-packages/airflow/example_dags/example_branch_labels.py
[2025-07-02T23:29:09.346+0000] {logging_mixin.py:190} INFO - [2025-07-02T23:29:09.346+0000] {dag.py:3239} INFO - Sync 1 DAGs
[2025-07-02T23:29:09.405+0000] {logging_mixin.py:190} INFO - [2025-07-02T23:29:09.404+0000] {dag.py:4180} INFO - Setting next_dagrun for example_branch_labels to 2025-07-01 00:00:00+00:00, run_after=2025-07-02 00:00:00+00:00
[2025-07-02T23:29:09.450+0000] {processor.py:208} INFO - Processing /home/airflow/.local/lib/python3.12/site-packages/airflow/example_dags/example_branch_labels.py took 0.249 seconds
[2025-07-02T23:29:40.561+0000] {processor.py:186} INFO - Started process (PID=228) to work on /home/airflow/.local/lib/python3.12/site-packages/airflow/example_dags/example_branch_labels.py
[2025-07-02T23:29:40.563+0000] {processor.py:914} INFO - Processing file /home/airflow/.local/lib/python3.12/site-packages/airflow/example_dags/example_branch_labels.py for tasks to queue
[2025-07-02T23:29:40.567+0000] {logging_mixin.py:190} INFO - [2025-07-02T23:29:40.566+0000] {dagbag.py:588} INFO - Filling up the DagBag from /home/airflow/.local/lib/python3.12/site-packages/airflow/example_dags/example_branch_labels.py
[2025-07-02T23:29:40.585+0000] {processor.py:925} INFO - DAG(s) 'example_branch_labels' retrieved from /home/airflow/.local/lib/python3.12/site-packages/airflow/example_dags/example_branch_labels.py
[2025-07-02T23:29:40.612+0000] {logging_mixin.py:190} INFO - [2025-07-02T23:29:40.612+0000] {dag.py:3239} INFO - Sync 1 DAGs
[2025-07-02T23:29:40.656+0000] {logging_mixin.py:190} INFO - [2025-07-02T23:29:40.656+0000] {dag.py:4180} INFO - Setting next_dagrun for example_branch_labels to 2025-07-01 00:00:00+00:00, run_after=2025-07-02 00:00:00+00:00
[2025-07-02T23:29:40.688+0000] {processor.py:208} INFO - Processing /home/airflow/.local/lib/python3.12/site-packages/airflow/example_dags/example_branch_labels.py took 0.145 seconds
[2025-07-02T23:30:11.259+0000] {processor.py:186} INFO - Started process (PID=290) to work on /home/airflow/.local/lib/python3.12/site-packages/airflow/example_dags/example_branch_labels.py
[2025-07-02T23:30:11.261+0000] {processor.py:914} INFO - Processing file /home/airflow/.local/lib/python3.12/site-packages/airflow/example_dags/example_branch_labels.py for tasks to queue
[2025-07-02T23:30:11.265+0000] {logging_mixin.py:190} INFO - [2025-07-02T23:30:11.264+0000] {dagbag.py:588} INFO - Filling up the DagBag from /home/airflow/.local/lib/python3.12/site-packages/airflow/example_dags/example_branch_labels.py
[2025-07-02T23:30:11.278+0000] {processor.py:925} INFO - DAG(s) 'example_branch_labels' retrieved from /home/airflow/.local/lib/python3.12/site-packages/airflow/example_dags/example_branch_labels.py
[2025-07-02T23:30:11.305+0000] {logging_mixin.py:190} INFO - [2025-07-02T23:30:11.305+0000] {dag.py:3239} INFO - Sync 1 DAGs
[2025-07-02T23:30:11.343+0000] {logging_mixin.py:190} INFO - [2025-07-02T23:30:11.343+0000] {dag.py:4180} INFO - Setting next_dagrun for example_branch_labels to 2025-07-01 00:00:00+00:00, run_after=2025-07-02 00:00:00+00:00
[2025-07-02T23:30:11.378+0000] {processor.py:208} INFO - Processing /home/airflow/.local/lib/python3.12/site-packages/airflow/example_dags/example_branch_labels.py took 0.127 seconds
[2025-07-02T23:30:41.898+0000] {processor.py:186} INFO - Started process (PID=352) to work on /home/airflow/.local/lib/python3.12/site-packages/airflow/example_dags/example_branch_labels.py
[2025-07-02T23:30:41.899+0000] {processor.py:914} INFO - Processing file /home/airflow/.local/lib/python3.12/site-packages/airflow/example_dags/example_branch_labels.py for tasks to queue
[2025-07-02T23:30:41.902+0000] {logging_mixin.py:190} INFO - [2025-07-02T23:30:41.902+0000] {dagbag.py:588} INFO - Filling up the DagBag from /home/airflow/.local/lib/python3.12/site-packages/airflow/example_dags/example_branch_labels.py
[2025-07-02T23:30:41.915+0000] {processor.py:925} INFO - DAG(s) 'example_branch_labels' retrieved from /home/airflow/.local/lib/python3.12/site-packages/airflow/example_dags/example_branch_labels.py
[2025-07-02T23:30:41.940+0000] {logging_mixin.py:190} INFO - [2025-07-02T23:30:41.940+0000] {dag.py:3239} INFO - Sync 1 DAGs
[2025-07-02T23:30:41.968+0000] {logging_mixin.py:190} INFO - [2025-07-02T23:30:41.968+0000] {dag.py:4180} INFO - Setting next_dagrun for example_branch_labels to 2025-07-01 00:00:00+00:00, run_after=2025-07-02 00:00:00+00:00
[2025-07-02T23:30:41.987+0000] {processor.py:208} INFO - Processing /home/airflow/.local/lib/python3.12/site-packages/airflow/example_dags/example_branch_labels.py took 0.098 seconds
[2025-07-02T23:31:12.681+0000] {processor.py:186} INFO - Started process (PID=414) to work on /home/airflow/.local/lib/python3.12/site-packages/airflow/example_dags/example_branch_labels.py
[2025-07-02T23:31:12.683+0000] {processor.py:914} INFO - Processing file /home/airflow/.local/lib/python3.12/site-packages/airflow/example_dags/example_branch_labels.py for tasks to queue
[2025-07-02T23:31:12.691+0000] {logging_mixin.py:190} INFO - [2025-07-02T23:31:12.690+0000] {dagbag.py:588} INFO - Filling up the DagBag from /home/airflow/.local/lib/python3.12/site-packages/airflow/example_dags/example_branch_labels.py
[2025-07-02T23:31:12.712+0000] {processor.py:925} INFO - DAG(s) 'example_branch_labels' retrieved from /home/airflow/.local/lib/python3.12/site-packages/airflow/example_dags/example_branch_labels.py
[2025-07-02T23:31:12.738+0000] {logging_mixin.py:190} INFO - [2025-07-02T23:31:12.737+0000] {dag.py:3239} INFO - Sync 1 DAGs
[2025-07-02T23:31:12.775+0000] {logging_mixin.py:190} INFO - [2025-07-02T23:31:12.775+0000] {dag.py:4180} INFO - Setting next_dagrun for example_branch_labels to 2025-07-01 00:00:00+00:00, run_after=2025-07-02 00:00:00+00:00
[2025-07-02T23:31:12.827+0000] {processor.py:208} INFO - Processing /home/airflow/.local/lib/python3.12/site-packages/airflow/example_dags/example_branch_labels.py took 0.156 seconds
[2025-07-02T23:31:42.928+0000] {processor.py:186} INFO - Started process (PID=476) to work on /home/airflow/.local/lib/python3.12/site-packages/airflow/example_dags/example_branch_labels.py
[2025-07-02T23:31:42.929+0000] {processor.py:914} INFO - Processing file /home/airflow/.local/lib/python3.12/site-packages/airflow/example_dags/example_branch_labels.py for tasks to queue
[2025-07-02T23:31:42.933+0000] {logging_mixin.py:190} INFO - [2025-07-02T23:31:42.933+0000] {dagbag.py:588} INFO - Filling up the DagBag from /home/airflow/.local/lib/python3.12/site-packages/airflow/example_dags/example_branch_labels.py
[2025-07-02T23:31:42.944+0000] {processor.py:925} INFO - DAG(s) 'example_branch_labels' retrieved from /home/airflow/.local/lib/python3.12/site-packages/airflow/example_dags/example_branch_labels.py
[2025-07-02T23:31:42.967+0000] {logging_mixin.py:190} INFO - [2025-07-02T23:31:42.967+0000] {dag.py:3239} INFO - Sync 1 DAGs
[2025-07-02T23:31:42.992+0000] {logging_mixin.py:190} INFO - [2025-07-02T23:31:42.992+0000] {dag.py:4180} INFO - Setting next_dagrun for example_branch_labels to 2025-07-01 00:00:00+00:00, run_after=2025-07-02 00:00:00+00:00
[2025-07-02T23:31:43.009+0000] {processor.py:208} INFO - Processing /home/airflow/.local/lib/python3.12/site-packages/airflow/example_dags/example_branch_labels.py took 0.087 seconds
[2025-07-02T23:32:13.413+0000] {processor.py:186} INFO - Started process (PID=538) to work on /home/airflow/.local/lib/python3.12/site-packages/airflow/example_dags/example_branch_labels.py
[2025-07-02T23:32:13.414+0000] {processor.py:914} INFO - Processing file /home/airflow/.local/lib/python3.12/site-packages/airflow/example_dags/example_branch_labels.py for tasks to queue
[2025-07-02T23:32:13.417+0000] {logging_mixin.py:190} INFO - [2025-07-02T23:32:13.416+0000] {dagbag.py:588} INFO - Filling up the DagBag from /home/airflow/.local/lib/python3.12/site-packages/airflow/example_dags/example_branch_labels.py
[2025-07-02T23:32:13.427+0000] {processor.py:925} INFO - DAG(s) 'example_branch_labels' retrieved from /home/airflow/.local/lib/python3.12/site-packages/airflow/example_dags/example_branch_labels.py
[2025-07-02T23:32:13.451+0000] {logging_mixin.py:190} INFO - [2025-07-02T23:32:13.451+0000] {dag.py:3239} INFO - Sync 1 DAGs
[2025-07-02T23:32:13.486+0000] {logging_mixin.py:190} INFO - [2025-07-02T23:32:13.486+0000] {dag.py:4180} INFO - Setting next_dagrun for example_branch_labels to 2025-07-01 00:00:00+00:00, run_after=2025-07-02 00:00:00+00:00
[2025-07-02T23:32:13.516+0000] {processor.py:208} INFO - Processing /home/airflow/.local/lib/python3.12/site-packages/airflow/example_dags/example_branch_labels.py took 0.110 seconds
[2025-07-02T23:32:43.778+0000] {processor.py:186} INFO - Started process (PID=600) to work on /home/airflow/.local/lib/python3.12/site-packages/airflow/example_dags/example_branch_labels.py
[2025-07-02T23:32:43.779+0000] {processor.py:914} INFO - Processing file /home/airflow/.local/lib/python3.12/site-packages/airflow/example_dags/example_branch_labels.py for tasks to queue
[2025-07-02T23:32:43.782+0000] {logging_mixin.py:190} INFO - [2025-07-02T23:32:43.782+0000] {dagbag.py:588} INFO - Filling up the DagBag from /home/airflow/.local/lib/python3.12/site-packages/airflow/example_dags/example_branch_labels.py
[2025-07-02T23:32:43.792+0000] {processor.py:925} INFO - DAG(s) 'example_branch_labels' retrieved from /home/airflow/.local/lib/python3.12/site-packages/airflow/example_dags/example_branch_labels.py
[2025-07-02T23:32:43.813+0000] {logging_mixin.py:190} INFO - [2025-07-02T23:32:43.812+0000] {dag.py:3239} INFO - Sync 1 DAGs
[2025-07-02T23:32:43.844+0000] {logging_mixin.py:190} INFO - [2025-07-02T23:32:43.844+0000] {dag.py:4180} INFO - Setting next_dagrun for example_branch_labels to 2025-07-01 00:00:00+00:00, run_after=2025-07-02 00:00:00+00:00
[2025-07-02T23:32:43.862+0000] {processor.py:208} INFO - Processing /home/airflow/.local/lib/python3.12/site-packages/airflow/example_dags/example_branch_labels.py took 0.090 seconds
[2025-07-02T23:33:14.198+0000] {processor.py:186} INFO - Started process (PID=662) to work on /home/airflow/.local/lib/python3.12/site-packages/airflow/example_dags/example_branch_labels.py
[2025-07-02T23:33:14.200+0000] {processor.py:914} INFO - Processing file /home/airflow/.local/lib/python3.12/site-packages/airflow/example_dags/example_branch_labels.py for tasks to queue
[2025-07-02T23:33:14.206+0000] {logging_mixin.py:190} INFO - [2025-07-02T23:33:14.206+0000] {dagbag.py:588} INFO - Filling up the DagBag from /home/airflow/.local/lib/python3.12/site-packages/airflow/example_dags/example_branch_labels.py
[2025-07-02T23:33:14.223+0000] {processor.py:925} INFO - DAG(s) 'example_branch_labels' retrieved from /home/airflow/.local/lib/python3.12/site-packages/airflow/example_dags/example_branch_labels.py
[2025-07-02T23:33:14.287+0000] {logging_mixin.py:190} INFO - [2025-07-02T23:33:14.286+0000] {dag.py:3239} INFO - Sync 1 DAGs
[2025-07-02T23:33:14.343+0000] {logging_mixin.py:190} INFO - [2025-07-02T23:33:14.342+0000] {dag.py:4180} INFO - Setting next_dagrun for example_branch_labels to 2025-07-01 00:00:00+00:00, run_after=2025-07-02 00:00:00+00:00
[2025-07-02T23:33:14.380+0000] {processor.py:208} INFO - Processing /home/airflow/.local/lib/python3.12/site-packages/airflow/example_dags/example_branch_labels.py took 0.192 seconds
[2025-07-02T23:33:44.498+0000] {processor.py:186} INFO - Started process (PID=724) to work on /home/airflow/.local/lib/python3.12/site-packages/airflow/example_dags/example_branch_labels.py
[2025-07-02T23:33:44.499+0000] {processor.py:914} INFO - Processing file /home/airflow/.local/lib/python3.12/site-packages/airflow/example_dags/example_branch_labels.py for tasks to queue
[2025-07-02T23:33:44.502+0000] {logging_mixin.py:190} INFO - [2025-07-02T23:33:44.502+0000] {dagbag.py:588} INFO - Filling up the DagBag from /home/airflow/.local/lib/python3.12/site-packages/airflow/example_dags/example_branch_labels.py
[2025-07-02T23:33:44.512+0000] {processor.py:925} INFO - DAG(s) 'example_branch_labels' retrieved from /home/airflow/.local/lib/python3.12/site-packages/airflow/example_dags/example_branch_labels.py
[2025-07-02T23:33:44.532+0000] {logging_mixin.py:190} INFO - [2025-07-02T23:33:44.532+0000] {dag.py:3239} INFO - Sync 1 DAGs
[2025-07-02T23:33:44.556+0000] {logging_mixin.py:190} INFO - [2025-07-02T23:33:44.556+0000] {dag.py:4180} INFO - Setting next_dagrun for example_branch_labels to 2025-07-01 00:00:00+00:00, run_after=2025-07-02 00:00:00+00:00
[2025-07-02T23:33:44.574+0000] {processor.py:208} INFO - Processing /home/airflow/.local/lib/python3.12/site-packages/airflow/example_dags/example_branch_labels.py took 0.081 seconds
[2025-07-02T23:34:14.646+0000] {processor.py:186} INFO - Started process (PID=786) to work on /home/airflow/.local/lib/python3.12/site-packages/airflow/example_dags/example_branch_labels.py
[2025-07-02T23:34:14.647+0000] {processor.py:914} INFO - Processing file /home/airflow/.local/lib/python3.12/site-packages/airflow/example_dags/example_branch_labels.py for tasks to queue
[2025-07-02T23:34:14.650+0000] {logging_mixin.py:190} INFO - [2025-07-02T23:34:14.650+0000] {dagbag.py:588} INFO - Filling up the DagBag from /home/airflow/.local/lib/python3.12/site-packages/airflow/example_dags/example_branch_labels.py
[2025-07-02T23:34:14.659+0000] {processor.py:925} INFO - DAG(s) 'example_branch_labels' retrieved from /home/airflow/.local/lib/python3.12/site-packages/airflow/example_dags/example_branch_labels.py
[2025-07-02T23:34:14.679+0000] {logging_mixin.py:190} INFO - [2025-07-02T23:34:14.679+0000] {dag.py:3239} INFO - Sync 1 DAGs
[2025-07-02T23:34:14.702+0000] {logging_mixin.py:190} INFO - [2025-07-02T23:34:14.702+0000] {dag.py:4180} INFO - Setting next_dagrun for example_branch_labels to 2025-07-01 00:00:00+00:00, run_after=2025-07-02 00:00:00+00:00
[2025-07-02T23:34:14.717+0000] {processor.py:208} INFO - Processing /home/airflow/.local/lib/python3.12/site-packages/airflow/example_dags/example_branch_labels.py took 0.076 seconds
[2025-07-02T23:34:45.260+0000] {processor.py:186} INFO - Started process (PID=848) to work on /home/airflow/.local/lib/python3.12/site-packages/airflow/example_dags/example_branch_labels.py
[2025-07-02T23:34:45.261+0000] {processor.py:914} INFO - Processing file /home/airflow/.local/lib/python3.12/site-packages/airflow/example_dags/example_branch_labels.py for tasks to queue
[2025-07-02T23:34:45.267+0000] {logging_mixin.py:190} INFO - [2025-07-02T23:34:45.266+0000] {dagbag.py:588} INFO - Filling up the DagBag from /home/airflow/.local/lib/python3.12/site-packages/airflow/example_dags/example_branch_labels.py
[2025-07-02T23:34:45.276+0000] {processor.py:925} INFO - DAG(s) 'example_branch_labels' retrieved from /home/airflow/.local/lib/python3.12/site-packages/airflow/example_dags/example_branch_labels.py
[2025-07-02T23:34:45.297+0000] {logging_mixin.py:190} INFO - [2025-07-02T23:34:45.296+0000] {dag.py:3239} INFO - Sync 1 DAGs
[2025-07-02T23:34:45.325+0000] {logging_mixin.py:190} INFO - [2025-07-02T23:34:45.325+0000] {dag.py:4180} INFO - Setting next_dagrun for example_branch_labels to 2025-07-01 00:00:00+00:00, run_after=2025-07-02 00:00:00+00:00
[2025-07-02T23:34:45.348+0000] {processor.py:208} INFO - Processing /home/airflow/.local/lib/python3.12/site-packages/airflow/example_dags/example_branch_labels.py took 0.095 seconds
[2025-07-02T23:35:15.458+0000] {processor.py:186} INFO - Started process (PID=910) to work on /home/airflow/.local/lib/python3.12/site-packages/airflow/example_dags/example_branch_labels.py
[2025-07-02T23:35:15.459+0000] {processor.py:914} INFO - Processing file /home/airflow/.local/lib/python3.12/site-packages/airflow/example_dags/example_branch_labels.py for tasks to queue
[2025-07-02T23:35:15.463+0000] {logging_mixin.py:190} INFO - [2025-07-02T23:35:15.462+0000] {dagbag.py:588} INFO - Filling up the DagBag from /home/airflow/.local/lib/python3.12/site-packages/airflow/example_dags/example_branch_labels.py
[2025-07-02T23:35:15.475+0000] {processor.py:925} INFO - DAG(s) 'example_branch_labels' retrieved from /home/airflow/.local/lib/python3.12/site-packages/airflow/example_dags/example_branch_labels.py
[2025-07-02T23:35:15.495+0000] {logging_mixin.py:190} INFO - [2025-07-02T23:35:15.495+0000] {dag.py:3239} INFO - Sync 1 DAGs
[2025-07-02T23:35:15.519+0000] {logging_mixin.py:190} INFO - [2025-07-02T23:35:15.518+0000] {dag.py:4180} INFO - Setting next_dagrun for example_branch_labels to 2025-07-01 00:00:00+00:00, run_after=2025-07-02 00:00:00+00:00
[2025-07-02T23:35:15.535+0000] {processor.py:208} INFO - Processing /home/airflow/.local/lib/python3.12/site-packages/airflow/example_dags/example_branch_labels.py took 0.085 seconds
[2025-07-02T23:35:46.315+0000] {processor.py:186} INFO - Started process (PID=972) to work on /home/airflow/.local/lib/python3.12/site-packages/airflow/example_dags/example_branch_labels.py
[2025-07-02T23:35:46.316+0000] {processor.py:914} INFO - Processing file /home/airflow/.local/lib/python3.12/site-packages/airflow/example_dags/example_branch_labels.py for tasks to queue
[2025-07-02T23:35:46.319+0000] {logging_mixin.py:190} INFO - [2025-07-02T23:35:46.319+0000] {dagbag.py:588} INFO - Filling up the DagBag from /home/airflow/.local/lib/python3.12/site-packages/airflow/example_dags/example_branch_labels.py
[2025-07-02T23:35:46.328+0000] {processor.py:925} INFO - DAG(s) 'example_branch_labels' retrieved from /home/airflow/.local/lib/python3.12/site-packages/airflow/example_dags/example_branch_labels.py
[2025-07-02T23:35:46.347+0000] {logging_mixin.py:190} INFO - [2025-07-02T23:35:46.346+0000] {dag.py:3239} INFO - Sync 1 DAGs
[2025-07-02T23:35:46.369+0000] {logging_mixin.py:190} INFO - [2025-07-02T23:35:46.368+0000] {dag.py:4180} INFO - Setting next_dagrun for example_branch_labels to 2025-07-01 00:00:00+00:00, run_after=2025-07-02 00:00:00+00:00
[2025-07-02T23:35:46.386+0000] {processor.py:208} INFO - Processing /home/airflow/.local/lib/python3.12/site-packages/airflow/example_dags/example_branch_labels.py took 0.076 seconds
[2025-07-02T23:36:17.040+0000] {processor.py:186} INFO - Started process (PID=1034) to work on /home/airflow/.local/lib/python3.12/site-packages/airflow/example_dags/example_branch_labels.py
[2025-07-02T23:36:17.041+0000] {processor.py:914} INFO - Processing file /home/airflow/.local/lib/python3.12/site-packages/airflow/example_dags/example_branch_labels.py for tasks to queue
[2025-07-02T23:36:17.044+0000] {logging_mixin.py:190} INFO - [2025-07-02T23:36:17.044+0000] {dagbag.py:588} INFO - Filling up the DagBag from /home/airflow/.local/lib/python3.12/site-packages/airflow/example_dags/example_branch_labels.py
[2025-07-02T23:36:17.053+0000] {processor.py:925} INFO - DAG(s) 'example_branch_labels' retrieved from /home/airflow/.local/lib/python3.12/site-packages/airflow/example_dags/example_branch_labels.py
[2025-07-02T23:36:17.073+0000] {logging_mixin.py:190} INFO - [2025-07-02T23:36:17.072+0000] {dag.py:3239} INFO - Sync 1 DAGs
[2025-07-02T23:36:17.096+0000] {logging_mixin.py:190} INFO - [2025-07-02T23:36:17.095+0000] {dag.py:4180} INFO - Setting next_dagrun for example_branch_labels to 2025-07-01 00:00:00+00:00, run_after=2025-07-02 00:00:00+00:00
[2025-07-02T23:36:17.112+0000] {processor.py:208} INFO - Processing /home/airflow/.local/lib/python3.12/site-packages/airflow/example_dags/example_branch_labels.py took 0.077 seconds
[2025-07-02T23:36:47.752+0000] {processor.py:186} INFO - Started process (PID=1096) to work on /home/airflow/.local/lib/python3.12/site-packages/airflow/example_dags/example_branch_labels.py
[2025-07-02T23:36:47.753+0000] {processor.py:914} INFO - Processing file /home/airflow/.local/lib/python3.12/site-packages/airflow/example_dags/example_branch_labels.py for tasks to queue
[2025-07-02T23:36:47.755+0000] {logging_mixin.py:190} INFO - [2025-07-02T23:36:47.755+0000] {dagbag.py:588} INFO - Filling up the DagBag from /home/airflow/.local/lib/python3.12/site-packages/airflow/example_dags/example_branch_labels.py
[2025-07-02T23:36:47.766+0000] {processor.py:925} INFO - DAG(s) 'example_branch_labels' retrieved from /home/airflow/.local/lib/python3.12/site-packages/airflow/example_dags/example_branch_labels.py
[2025-07-02T23:36:47.785+0000] {logging_mixin.py:190} INFO - [2025-07-02T23:36:47.785+0000] {dag.py:3239} INFO - Sync 1 DAGs
[2025-07-02T23:36:47.809+0000] {logging_mixin.py:190} INFO - [2025-07-02T23:36:47.809+0000] {dag.py:4180} INFO - Setting next_dagrun for example_branch_labels to 2025-07-01 00:00:00+00:00, run_after=2025-07-02 00:00:00+00:00
[2025-07-02T23:36:47.827+0000] {processor.py:208} INFO - Processing /home/airflow/.local/lib/python3.12/site-packages/airflow/example_dags/example_branch_labels.py took 0.081 seconds
[2025-07-02T23:37:18.513+0000] {processor.py:186} INFO - Started process (PID=1158) to work on /home/airflow/.local/lib/python3.12/site-packages/airflow/example_dags/example_branch_labels.py
[2025-07-02T23:37:18.514+0000] {processor.py:914} INFO - Processing file /home/airflow/.local/lib/python3.12/site-packages/airflow/example_dags/example_branch_labels.py for tasks to queue
[2025-07-02T23:37:18.517+0000] {logging_mixin.py:190} INFO - [2025-07-02T23:37:18.517+0000] {dagbag.py:588} INFO - Filling up the DagBag from /home/airflow/.local/lib/python3.12/site-packages/airflow/example_dags/example_branch_labels.py
[2025-07-02T23:37:18.526+0000] {processor.py:925} INFO - DAG(s) 'example_branch_labels' retrieved from /home/airflow/.local/lib/python3.12/site-packages/airflow/example_dags/example_branch_labels.py
[2025-07-02T23:37:18.547+0000] {logging_mixin.py:190} INFO - [2025-07-02T23:37:18.547+0000] {dag.py:3239} INFO - Sync 1 DAGs
[2025-07-02T23:37:18.572+0000] {logging_mixin.py:190} INFO - [2025-07-02T23:37:18.572+0000] {dag.py:4180} INFO - Setting next_dagrun for example_branch_labels to 2025-07-01 00:00:00+00:00, run_after=2025-07-02 00:00:00+00:00
[2025-07-02T23:37:18.590+0000] {processor.py:208} INFO - Processing /home/airflow/.local/lib/python3.12/site-packages/airflow/example_dags/example_branch_labels.py took 0.083 seconds
[2025-07-02T23:37:49.269+0000] {processor.py:186} INFO - Started process (PID=1220) to work on /home/airflow/.local/lib/python3.12/site-packages/airflow/example_dags/example_branch_labels.py
[2025-07-02T23:37:49.270+0000] {processor.py:914} INFO - Processing file /home/airflow/.local/lib/python3.12/site-packages/airflow/example_dags/example_branch_labels.py for tasks to queue
[2025-07-02T23:37:49.273+0000] {logging_mixin.py:190} INFO - [2025-07-02T23:37:49.273+0000] {dagbag.py:588} INFO - Filling up the DagBag from /home/airflow/.local/lib/python3.12/site-packages/airflow/example_dags/example_branch_labels.py
[2025-07-02T23:37:49.282+0000] {processor.py:925} INFO - DAG(s) 'example_branch_labels' retrieved from /home/airflow/.local/lib/python3.12/site-packages/airflow/example_dags/example_branch_labels.py
[2025-07-02T23:37:49.301+0000] {logging_mixin.py:190} INFO - [2025-07-02T23:37:49.300+0000] {dag.py:3239} INFO - Sync 1 DAGs
[2025-07-02T23:37:49.322+0000] {logging_mixin.py:190} INFO - [2025-07-02T23:37:49.322+0000] {dag.py:4180} INFO - Setting next_dagrun for example_branch_labels to 2025-07-01 00:00:00+00:00, run_after=2025-07-02 00:00:00+00:00
[2025-07-02T23:37:49.340+0000] {processor.py:208} INFO - Processing /home/airflow/.local/lib/python3.12/site-packages/airflow/example_dags/example_branch_labels.py took 0.076 seconds
[2025-07-02T23:38:20.069+0000] {processor.py:186} INFO - Started process (PID=1282) to work on /home/airflow/.local/lib/python3.12/site-packages/airflow/example_dags/example_branch_labels.py
[2025-07-02T23:38:20.070+0000] {processor.py:914} INFO - Processing file /home/airflow/.local/lib/python3.12/site-packages/airflow/example_dags/example_branch_labels.py for tasks to queue
[2025-07-02T23:38:20.073+0000] {logging_mixin.py:190} INFO - [2025-07-02T23:38:20.072+0000] {dagbag.py:588} INFO - Filling up the DagBag from /home/airflow/.local/lib/python3.12/site-packages/airflow/example_dags/example_branch_labels.py
[2025-07-02T23:38:20.082+0000] {processor.py:925} INFO - DAG(s) 'example_branch_labels' retrieved from /home/airflow/.local/lib/python3.12/site-packages/airflow/example_dags/example_branch_labels.py
[2025-07-02T23:38:20.100+0000] {logging_mixin.py:190} INFO - [2025-07-02T23:38:20.100+0000] {dag.py:3239} INFO - Sync 1 DAGs
[2025-07-02T23:38:20.129+0000] {logging_mixin.py:190} INFO - [2025-07-02T23:38:20.129+0000] {dag.py:4180} INFO - Setting next_dagrun for example_branch_labels to 2025-07-01 00:00:00+00:00, run_after=2025-07-02 00:00:00+00:00
[2025-07-02T23:38:20.150+0000] {processor.py:208} INFO - Processing /home/airflow/.local/lib/python3.12/site-packages/airflow/example_dags/example_branch_labels.py took 0.088 seconds
[2025-07-02T23:38:50.777+0000] {processor.py:186} INFO - Started process (PID=1344) to work on /home/airflow/.local/lib/python3.12/site-packages/airflow/example_dags/example_branch_labels.py
[2025-07-02T23:38:50.778+0000] {processor.py:914} INFO - Processing file /home/airflow/.local/lib/python3.12/site-packages/airflow/example_dags/example_branch_labels.py for tasks to queue
[2025-07-02T23:38:50.780+0000] {logging_mixin.py:190} INFO - [2025-07-02T23:38:50.780+0000] {dagbag.py:588} INFO - Filling up the DagBag from /home/airflow/.local/lib/python3.12/site-packages/airflow/example_dags/example_branch_labels.py
[2025-07-02T23:38:50.789+0000] {processor.py:925} INFO - DAG(s) 'example_branch_labels' retrieved from /home/airflow/.local/lib/python3.12/site-packages/airflow/example_dags/example_branch_labels.py
[2025-07-02T23:38:50.808+0000] {logging_mixin.py:190} INFO - [2025-07-02T23:38:50.808+0000] {dag.py:3239} INFO - Sync 1 DAGs
[2025-07-02T23:38:50.831+0000] {logging_mixin.py:190} INFO - [2025-07-02T23:38:50.831+0000] {dag.py:4180} INFO - Setting next_dagrun for example_branch_labels to 2025-07-01 00:00:00+00:00, run_after=2025-07-02 00:00:00+00:00
[2025-07-02T23:38:50.848+0000] {processor.py:208} INFO - Processing /home/airflow/.local/lib/python3.12/site-packages/airflow/example_dags/example_branch_labels.py took 0.076 seconds
[2025-07-02T23:39:21.366+0000] {processor.py:186} INFO - Started process (PID=1406) to work on /home/airflow/.local/lib/python3.12/site-packages/airflow/example_dags/example_branch_labels.py
[2025-07-02T23:39:21.367+0000] {processor.py:914} INFO - Processing file /home/airflow/.local/lib/python3.12/site-packages/airflow/example_dags/example_branch_labels.py for tasks to queue
[2025-07-02T23:39:21.369+0000] {logging_mixin.py:190} INFO - [2025-07-02T23:39:21.369+0000] {dagbag.py:588} INFO - Filling up the DagBag from /home/airflow/.local/lib/python3.12/site-packages/airflow/example_dags/example_branch_labels.py
[2025-07-02T23:39:21.378+0000] {processor.py:925} INFO - DAG(s) 'example_branch_labels' retrieved from /home/airflow/.local/lib/python3.12/site-packages/airflow/example_dags/example_branch_labels.py
[2025-07-02T23:39:21.400+0000] {logging_mixin.py:190} INFO - [2025-07-02T23:39:21.400+0000] {dag.py:3239} INFO - Sync 1 DAGs
[2025-07-02T23:39:21.425+0000] {logging_mixin.py:190} INFO - [2025-07-02T23:39:21.424+0000] {dag.py:4180} INFO - Setting next_dagrun for example_branch_labels to 2025-07-01 00:00:00+00:00, run_after=2025-07-02 00:00:00+00:00
[2025-07-02T23:39:21.449+0000] {processor.py:208} INFO - Processing /home/airflow/.local/lib/python3.12/site-packages/airflow/example_dags/example_branch_labels.py took 0.089 seconds
[2025-07-02T23:39:52.020+0000] {processor.py:186} INFO - Started process (PID=1468) to work on /home/airflow/.local/lib/python3.12/site-packages/airflow/example_dags/example_branch_labels.py
[2025-07-02T23:39:52.021+0000] {processor.py:914} INFO - Processing file /home/airflow/.local/lib/python3.12/site-packages/airflow/example_dags/example_branch_labels.py for tasks to queue
[2025-07-02T23:39:52.025+0000] {logging_mixin.py:190} INFO - [2025-07-02T23:39:52.024+0000] {dagbag.py:588} INFO - Filling up the DagBag from /home/airflow/.local/lib/python3.12/site-packages/airflow/example_dags/example_branch_labels.py
[2025-07-02T23:39:52.036+0000] {processor.py:925} INFO - DAG(s) 'example_branch_labels' retrieved from /home/airflow/.local/lib/python3.12/site-packages/airflow/example_dags/example_branch_labels.py
[2025-07-02T23:39:52.058+0000] {logging_mixin.py:190} INFO - [2025-07-02T23:39:52.058+0000] {dag.py:3239} INFO - Sync 1 DAGs
[2025-07-02T23:39:52.093+0000] {logging_mixin.py:190} INFO - [2025-07-02T23:39:52.093+0000] {dag.py:4180} INFO - Setting next_dagrun for example_branch_labels to 2025-07-01 00:00:00+00:00, run_after=2025-07-02 00:00:00+00:00
[2025-07-02T23:39:52.118+0000] {processor.py:208} INFO - Processing /home/airflow/.local/lib/python3.12/site-packages/airflow/example_dags/example_branch_labels.py took 0.104 seconds
[2025-07-02T23:40:22.267+0000] {processor.py:186} INFO - Started process (PID=1530) to work on /home/airflow/.local/lib/python3.12/site-packages/airflow/example_dags/example_branch_labels.py
[2025-07-02T23:40:22.268+0000] {processor.py:914} INFO - Processing file /home/airflow/.local/lib/python3.12/site-packages/airflow/example_dags/example_branch_labels.py for tasks to queue
[2025-07-02T23:40:22.271+0000] {logging_mixin.py:190} INFO - [2025-07-02T23:40:22.271+0000] {dagbag.py:588} INFO - Filling up the DagBag from /home/airflow/.local/lib/python3.12/site-packages/airflow/example_dags/example_branch_labels.py
[2025-07-02T23:40:22.280+0000] {processor.py:925} INFO - DAG(s) 'example_branch_labels' retrieved from /home/airflow/.local/lib/python3.12/site-packages/airflow/example_dags/example_branch_labels.py
[2025-07-02T23:40:22.300+0000] {logging_mixin.py:190} INFO - [2025-07-02T23:40:22.299+0000] {dag.py:3239} INFO - Sync 1 DAGs
[2025-07-02T23:40:22.323+0000] {logging_mixin.py:190} INFO - [2025-07-02T23:40:22.323+0000] {dag.py:4180} INFO - Setting next_dagrun for example_branch_labels to 2025-07-01 00:00:00+00:00, run_after=2025-07-02 00:00:00+00:00
[2025-07-02T23:40:22.340+0000] {processor.py:208} INFO - Processing /home/airflow/.local/lib/python3.12/site-packages/airflow/example_dags/example_branch_labels.py took 0.080 seconds
[2025-07-02T23:40:53.069+0000] {processor.py:186} INFO - Started process (PID=1592) to work on /home/airflow/.local/lib/python3.12/site-packages/airflow/example_dags/example_branch_labels.py
[2025-07-02T23:40:53.070+0000] {processor.py:914} INFO - Processing file /home/airflow/.local/lib/python3.12/site-packages/airflow/example_dags/example_branch_labels.py for tasks to queue
[2025-07-02T23:40:53.073+0000] {logging_mixin.py:190} INFO - [2025-07-02T23:40:53.072+0000] {dagbag.py:588} INFO - Filling up the DagBag from /home/airflow/.local/lib/python3.12/site-packages/airflow/example_dags/example_branch_labels.py
[2025-07-02T23:40:53.082+0000] {processor.py:925} INFO - DAG(s) 'example_branch_labels' retrieved from /home/airflow/.local/lib/python3.12/site-packages/airflow/example_dags/example_branch_labels.py
[2025-07-02T23:40:53.105+0000] {logging_mixin.py:190} INFO - [2025-07-02T23:40:53.105+0000] {dag.py:3239} INFO - Sync 1 DAGs
[2025-07-02T23:40:53.132+0000] {logging_mixin.py:190} INFO - [2025-07-02T23:40:53.131+0000] {dag.py:4180} INFO - Setting next_dagrun for example_branch_labels to 2025-07-01 00:00:00+00:00, run_after=2025-07-02 00:00:00+00:00
[2025-07-02T23:40:53.152+0000] {processor.py:208} INFO - Processing /home/airflow/.local/lib/python3.12/site-packages/airflow/example_dags/example_branch_labels.py took 0.090 seconds
[2025-07-02T23:41:23.885+0000] {processor.py:186} INFO - Started process (PID=1654) to work on /home/airflow/.local/lib/python3.12/site-packages/airflow/example_dags/example_branch_labels.py
[2025-07-02T23:41:23.886+0000] {processor.py:914} INFO - Processing file /home/airflow/.local/lib/python3.12/site-packages/airflow/example_dags/example_branch_labels.py for tasks to queue
[2025-07-02T23:41:23.889+0000] {logging_mixin.py:190} INFO - [2025-07-02T23:41:23.888+0000] {dagbag.py:588} INFO - Filling up the DagBag from /home/airflow/.local/lib/python3.12/site-packages/airflow/example_dags/example_branch_labels.py
[2025-07-02T23:41:23.900+0000] {processor.py:925} INFO - DAG(s) 'example_branch_labels' retrieved from /home/airflow/.local/lib/python3.12/site-packages/airflow/example_dags/example_branch_labels.py
[2025-07-02T23:41:23.919+0000] {logging_mixin.py:190} INFO - [2025-07-02T23:41:23.919+0000] {dag.py:3239} INFO - Sync 1 DAGs
[2025-07-02T23:41:23.942+0000] {logging_mixin.py:190} INFO - [2025-07-02T23:41:23.942+0000] {dag.py:4180} INFO - Setting next_dagrun for example_branch_labels to 2025-07-01 00:00:00+00:00, run_after=2025-07-02 00:00:00+00:00
[2025-07-02T23:41:23.959+0000] {processor.py:208} INFO - Processing /home/airflow/.local/lib/python3.12/site-packages/airflow/example_dags/example_branch_labels.py took 0.080 seconds
[2025-07-02T23:41:54.584+0000] {processor.py:186} INFO - Started process (PID=1716) to work on /home/airflow/.local/lib/python3.12/site-packages/airflow/example_dags/example_branch_labels.py
[2025-07-02T23:41:54.585+0000] {processor.py:914} INFO - Processing file /home/airflow/.local/lib/python3.12/site-packages/airflow/example_dags/example_branch_labels.py for tasks to queue
[2025-07-02T23:41:54.588+0000] {logging_mixin.py:190} INFO - [2025-07-02T23:41:54.588+0000] {dagbag.py:588} INFO - Filling up the DagBag from /home/airflow/.local/lib/python3.12/site-packages/airflow/example_dags/example_branch_labels.py
[2025-07-02T23:41:54.598+0000] {processor.py:925} INFO - DAG(s) 'example_branch_labels' retrieved from /home/airflow/.local/lib/python3.12/site-packages/airflow/example_dags/example_branch_labels.py
[2025-07-02T23:41:54.636+0000] {logging_mixin.py:190} INFO - [2025-07-02T23:41:54.635+0000] {dag.py:3239} INFO - Sync 1 DAGs
[2025-07-02T23:41:54.664+0000] {logging_mixin.py:190} INFO - [2025-07-02T23:41:54.663+0000] {dag.py:4180} INFO - Setting next_dagrun for example_branch_labels to 2025-07-01 00:00:00+00:00, run_after=2025-07-02 00:00:00+00:00
[2025-07-02T23:41:54.691+0000] {processor.py:208} INFO - Processing /home/airflow/.local/lib/python3.12/site-packages/airflow/example_dags/example_branch_labels.py took 0.113 seconds
[2025-07-02T23:42:25.435+0000] {processor.py:186} INFO - Started process (PID=1778) to work on /home/airflow/.local/lib/python3.12/site-packages/airflow/example_dags/example_branch_labels.py
[2025-07-02T23:42:25.436+0000] {processor.py:914} INFO - Processing file /home/airflow/.local/lib/python3.12/site-packages/airflow/example_dags/example_branch_labels.py for tasks to queue
[2025-07-02T23:42:25.439+0000] {logging_mixin.py:190} INFO - [2025-07-02T23:42:25.438+0000] {dagbag.py:588} INFO - Filling up the DagBag from /home/airflow/.local/lib/python3.12/site-packages/airflow/example_dags/example_branch_labels.py
[2025-07-02T23:42:25.448+0000] {processor.py:925} INFO - DAG(s) 'example_branch_labels' retrieved from /home/airflow/.local/lib/python3.12/site-packages/airflow/example_dags/example_branch_labels.py
[2025-07-02T23:42:25.468+0000] {logging_mixin.py:190} INFO - [2025-07-02T23:42:25.467+0000] {dag.py:3239} INFO - Sync 1 DAGs
[2025-07-02T23:42:25.490+0000] {logging_mixin.py:190} INFO - [2025-07-02T23:42:25.490+0000] {dag.py:4180} INFO - Setting next_dagrun for example_branch_labels to 2025-07-01 00:00:00+00:00, run_after=2025-07-02 00:00:00+00:00
[2025-07-02T23:42:25.507+0000] {processor.py:208} INFO - Processing /home/airflow/.local/lib/python3.12/site-packages/airflow/example_dags/example_branch_labels.py took 0.077 seconds
[2025-07-02T23:42:55.884+0000] {processor.py:186} INFO - Started process (PID=1840) to work on /home/airflow/.local/lib/python3.12/site-packages/airflow/example_dags/example_branch_labels.py
[2025-07-02T23:42:55.885+0000] {processor.py:914} INFO - Processing file /home/airflow/.local/lib/python3.12/site-packages/airflow/example_dags/example_branch_labels.py for tasks to queue
[2025-07-02T23:42:55.888+0000] {logging_mixin.py:190} INFO - [2025-07-02T23:42:55.887+0000] {dagbag.py:588} INFO - Filling up the DagBag from /home/airflow/.local/lib/python3.12/site-packages/airflow/example_dags/example_branch_labels.py
[2025-07-02T23:42:55.896+0000] {processor.py:925} INFO - DAG(s) 'example_branch_labels' retrieved from /home/airflow/.local/lib/python3.12/site-packages/airflow/example_dags/example_branch_labels.py
[2025-07-02T23:42:55.916+0000] {logging_mixin.py:190} INFO - [2025-07-02T23:42:55.915+0000] {dag.py:3239} INFO - Sync 1 DAGs
[2025-07-02T23:42:55.937+0000] {logging_mixin.py:190} INFO - [2025-07-02T23:42:55.937+0000] {dag.py:4180} INFO - Setting next_dagrun for example_branch_labels to 2025-07-01 00:00:00+00:00, run_after=2025-07-02 00:00:00+00:00
[2025-07-02T23:42:55.955+0000] {processor.py:208} INFO - Processing /home/airflow/.local/lib/python3.12/site-packages/airflow/example_dags/example_branch_labels.py took 0.076 seconds
[2025-07-02T23:43:26.039+0000] {processor.py:186} INFO - Started process (PID=1902) to work on /home/airflow/.local/lib/python3.12/site-packages/airflow/example_dags/example_branch_labels.py
[2025-07-02T23:43:26.041+0000] {processor.py:914} INFO - Processing file /home/airflow/.local/lib/python3.12/site-packages/airflow/example_dags/example_branch_labels.py for tasks to queue
[2025-07-02T23:43:26.044+0000] {logging_mixin.py:190} INFO - [2025-07-02T23:43:26.044+0000] {dagbag.py:588} INFO - Filling up the DagBag from /home/airflow/.local/lib/python3.12/site-packages/airflow/example_dags/example_branch_labels.py
[2025-07-02T23:43:26.056+0000] {processor.py:925} INFO - DAG(s) 'example_branch_labels' retrieved from /home/airflow/.local/lib/python3.12/site-packages/airflow/example_dags/example_branch_labels.py
[2025-07-02T23:43:26.080+0000] {logging_mixin.py:190} INFO - [2025-07-02T23:43:26.080+0000] {dag.py:3239} INFO - Sync 1 DAGs
[2025-07-02T23:43:26.112+0000] {logging_mixin.py:190} INFO - [2025-07-02T23:43:26.111+0000] {dag.py:4180} INFO - Setting next_dagrun for example_branch_labels to 2025-07-01 00:00:00+00:00, run_after=2025-07-02 00:00:00+00:00
[2025-07-02T23:43:26.135+0000] {processor.py:208} INFO - Processing /home/airflow/.local/lib/python3.12/site-packages/airflow/example_dags/example_branch_labels.py took 0.104 seconds
[2025-07-02T23:43:58.151+0000] {processor.py:186} INFO - Started process (PID=1964) to work on /home/airflow/.local/lib/python3.12/site-packages/airflow/example_dags/example_branch_labels.py
[2025-07-02T23:43:58.152+0000] {processor.py:914} INFO - Processing file /home/airflow/.local/lib/python3.12/site-packages/airflow/example_dags/example_branch_labels.py for tasks to queue
[2025-07-02T23:43:58.155+0000] {logging_mixin.py:190} INFO - [2025-07-02T23:43:58.154+0000] {dagbag.py:588} INFO - Filling up the DagBag from /home/airflow/.local/lib/python3.12/site-packages/airflow/example_dags/example_branch_labels.py
[2025-07-02T23:43:58.164+0000] {processor.py:925} INFO - DAG(s) 'example_branch_labels' retrieved from /home/airflow/.local/lib/python3.12/site-packages/airflow/example_dags/example_branch_labels.py
[2025-07-02T23:43:58.183+0000] {logging_mixin.py:190} INFO - [2025-07-02T23:43:58.183+0000] {dag.py:3239} INFO - Sync 1 DAGs
[2025-07-02T23:43:58.207+0000] {logging_mixin.py:190} INFO - [2025-07-02T23:43:58.206+0000] {dag.py:4180} INFO - Setting next_dagrun for example_branch_labels to 2025-07-01 00:00:00+00:00, run_after=2025-07-02 00:00:00+00:00
[2025-07-02T23:43:58.227+0000] {processor.py:208} INFO - Processing /home/airflow/.local/lib/python3.12/site-packages/airflow/example_dags/example_branch_labels.py took 0.082 seconds
[2025-07-02T23:44:28.743+0000] {processor.py:186} INFO - Started process (PID=2026) to work on /home/airflow/.local/lib/python3.12/site-packages/airflow/example_dags/example_branch_labels.py
[2025-07-02T23:44:28.744+0000] {processor.py:914} INFO - Processing file /home/airflow/.local/lib/python3.12/site-packages/airflow/example_dags/example_branch_labels.py for tasks to queue
[2025-07-02T23:44:28.747+0000] {logging_mixin.py:190} INFO - [2025-07-02T23:44:28.747+0000] {dagbag.py:588} INFO - Filling up the DagBag from /home/airflow/.local/lib/python3.12/site-packages/airflow/example_dags/example_branch_labels.py
[2025-07-02T23:44:28.757+0000] {processor.py:925} INFO - DAG(s) 'example_branch_labels' retrieved from /home/airflow/.local/lib/python3.12/site-packages/airflow/example_dags/example_branch_labels.py
[2025-07-02T23:44:28.783+0000] {logging_mixin.py:190} INFO - [2025-07-02T23:44:28.783+0000] {dag.py:3239} INFO - Sync 1 DAGs
[2025-07-02T23:44:28.810+0000] {logging_mixin.py:190} INFO - [2025-07-02T23:44:28.809+0000] {dag.py:4180} INFO - Setting next_dagrun for example_branch_labels to 2025-07-01 00:00:00+00:00, run_after=2025-07-02 00:00:00+00:00
[2025-07-02T23:44:28.832+0000] {processor.py:208} INFO - Processing /home/airflow/.local/lib/python3.12/site-packages/airflow/example_dags/example_branch_labels.py took 0.095 seconds
[2025-07-02T23:44:58.980+0000] {processor.py:186} INFO - Started process (PID=2088) to work on /home/airflow/.local/lib/python3.12/site-packages/airflow/example_dags/example_branch_labels.py
[2025-07-02T23:44:58.982+0000] {processor.py:914} INFO - Processing file /home/airflow/.local/lib/python3.12/site-packages/airflow/example_dags/example_branch_labels.py for tasks to queue
[2025-07-02T23:44:58.984+0000] {logging_mixin.py:190} INFO - [2025-07-02T23:44:58.984+0000] {dagbag.py:588} INFO - Filling up the DagBag from /home/airflow/.local/lib/python3.12/site-packages/airflow/example_dags/example_branch_labels.py
[2025-07-02T23:44:58.997+0000] {processor.py:925} INFO - DAG(s) 'example_branch_labels' retrieved from /home/airflow/.local/lib/python3.12/site-packages/airflow/example_dags/example_branch_labels.py
[2025-07-02T23:44:59.021+0000] {logging_mixin.py:190} INFO - [2025-07-02T23:44:59.020+0000] {dag.py:3239} INFO - Sync 1 DAGs
[2025-07-02T23:44:59.045+0000] {logging_mixin.py:190} INFO - [2025-07-02T23:44:59.045+0000] {dag.py:4180} INFO - Setting next_dagrun for example_branch_labels to 2025-07-01 00:00:00+00:00, run_after=2025-07-02 00:00:00+00:00
[2025-07-02T23:44:59.062+0000] {processor.py:208} INFO - Processing /home/airflow/.local/lib/python3.12/site-packages/airflow/example_dags/example_branch_labels.py took 0.090 seconds
[2025-07-02T23:45:29.426+0000] {processor.py:186} INFO - Started process (PID=2150) to work on /home/airflow/.local/lib/python3.12/site-packages/airflow/example_dags/example_branch_labels.py
[2025-07-02T23:45:29.427+0000] {processor.py:914} INFO - Processing file /home/airflow/.local/lib/python3.12/site-packages/airflow/example_dags/example_branch_labels.py for tasks to queue
[2025-07-02T23:45:29.430+0000] {logging_mixin.py:190} INFO - [2025-07-02T23:45:29.429+0000] {dagbag.py:588} INFO - Filling up the DagBag from /home/airflow/.local/lib/python3.12/site-packages/airflow/example_dags/example_branch_labels.py
[2025-07-02T23:45:29.447+0000] {processor.py:925} INFO - DAG(s) 'example_branch_labels' retrieved from /home/airflow/.local/lib/python3.12/site-packages/airflow/example_dags/example_branch_labels.py
[2025-07-02T23:45:29.472+0000] {logging_mixin.py:190} INFO - [2025-07-02T23:45:29.472+0000] {dag.py:3239} INFO - Sync 1 DAGs
[2025-07-02T23:45:29.503+0000] {logging_mixin.py:190} INFO - [2025-07-02T23:45:29.502+0000] {dag.py:4180} INFO - Setting next_dagrun for example_branch_labels to 2025-07-01 00:00:00+00:00, run_after=2025-07-02 00:00:00+00:00
[2025-07-02T23:45:29.526+0000] {processor.py:208} INFO - Processing /home/airflow/.local/lib/python3.12/site-packages/airflow/example_dags/example_branch_labels.py took 0.108 seconds
[2025-07-02T23:46:00.635+0000] {processor.py:186} INFO - Started process (PID=2212) to work on /home/airflow/.local/lib/python3.12/site-packages/airflow/example_dags/example_branch_labels.py
[2025-07-02T23:46:00.636+0000] {processor.py:914} INFO - Processing file /home/airflow/.local/lib/python3.12/site-packages/airflow/example_dags/example_branch_labels.py for tasks to queue
[2025-07-02T23:46:00.640+0000] {logging_mixin.py:190} INFO - [2025-07-02T23:46:00.639+0000] {dagbag.py:588} INFO - Filling up the DagBag from /home/airflow/.local/lib/python3.12/site-packages/airflow/example_dags/example_branch_labels.py
[2025-07-02T23:46:00.650+0000] {processor.py:925} INFO - DAG(s) 'example_branch_labels' retrieved from /home/airflow/.local/lib/python3.12/site-packages/airflow/example_dags/example_branch_labels.py
[2025-07-02T23:46:00.678+0000] {logging_mixin.py:190} INFO - [2025-07-02T23:46:00.678+0000] {dag.py:3239} INFO - Sync 1 DAGs
[2025-07-02T23:46:00.715+0000] {logging_mixin.py:190} INFO - [2025-07-02T23:46:00.715+0000] {dag.py:4180} INFO - Setting next_dagrun for example_branch_labels to 2025-07-01 00:00:00+00:00, run_after=2025-07-02 00:00:00+00:00
[2025-07-02T23:46:00.738+0000] {processor.py:208} INFO - Processing /home/airflow/.local/lib/python3.12/site-packages/airflow/example_dags/example_branch_labels.py took 0.111 seconds
[2025-07-02T23:46:31.846+0000] {processor.py:186} INFO - Started process (PID=2274) to work on /home/airflow/.local/lib/python3.12/site-packages/airflow/example_dags/example_branch_labels.py
[2025-07-02T23:46:31.847+0000] {processor.py:914} INFO - Processing file /home/airflow/.local/lib/python3.12/site-packages/airflow/example_dags/example_branch_labels.py for tasks to queue
[2025-07-02T23:46:31.850+0000] {logging_mixin.py:190} INFO - [2025-07-02T23:46:31.849+0000] {dagbag.py:588} INFO - Filling up the DagBag from /home/airflow/.local/lib/python3.12/site-packages/airflow/example_dags/example_branch_labels.py
[2025-07-02T23:46:31.864+0000] {processor.py:925} INFO - DAG(s) 'example_branch_labels' retrieved from /home/airflow/.local/lib/python3.12/site-packages/airflow/example_dags/example_branch_labels.py
[2025-07-02T23:46:31.888+0000] {logging_mixin.py:190} INFO - [2025-07-02T23:46:31.887+0000] {dag.py:3239} INFO - Sync 1 DAGs
[2025-07-02T23:46:31.915+0000] {logging_mixin.py:190} INFO - [2025-07-02T23:46:31.915+0000] {dag.py:4180} INFO - Setting next_dagrun for example_branch_labels to 2025-07-01 00:00:00+00:00, run_after=2025-07-02 00:00:00+00:00
[2025-07-02T23:46:31.936+0000] {processor.py:208} INFO - Processing /home/airflow/.local/lib/python3.12/site-packages/airflow/example_dags/example_branch_labels.py took 0.098 seconds
[2025-07-02T23:47:02.579+0000] {processor.py:186} INFO - Started process (PID=2336) to work on /home/airflow/.local/lib/python3.12/site-packages/airflow/example_dags/example_branch_labels.py
[2025-07-02T23:47:02.580+0000] {processor.py:914} INFO - Processing file /home/airflow/.local/lib/python3.12/site-packages/airflow/example_dags/example_branch_labels.py for tasks to queue
[2025-07-02T23:47:02.584+0000] {logging_mixin.py:190} INFO - [2025-07-02T23:47:02.583+0000] {dagbag.py:588} INFO - Filling up the DagBag from /home/airflow/.local/lib/python3.12/site-packages/airflow/example_dags/example_branch_labels.py
[2025-07-02T23:47:02.598+0000] {processor.py:925} INFO - DAG(s) 'example_branch_labels' retrieved from /home/airflow/.local/lib/python3.12/site-packages/airflow/example_dags/example_branch_labels.py
[2025-07-02T23:47:02.620+0000] {logging_mixin.py:190} INFO - [2025-07-02T23:47:02.619+0000] {dag.py:3239} INFO - Sync 1 DAGs
[2025-07-02T23:47:02.645+0000] {logging_mixin.py:190} INFO - [2025-07-02T23:47:02.645+0000] {dag.py:4180} INFO - Setting next_dagrun for example_branch_labels to 2025-07-01 00:00:00+00:00, run_after=2025-07-02 00:00:00+00:00
[2025-07-02T23:47:02.661+0000] {processor.py:208} INFO - Processing /home/airflow/.local/lib/python3.12/site-packages/airflow/example_dags/example_branch_labels.py took 0.090 seconds
[2025-07-02T23:47:32.988+0000] {processor.py:186} INFO - Started process (PID=2398) to work on /home/airflow/.local/lib/python3.12/site-packages/airflow/example_dags/example_branch_labels.py
[2025-07-02T23:47:32.989+0000] {processor.py:914} INFO - Processing file /home/airflow/.local/lib/python3.12/site-packages/airflow/example_dags/example_branch_labels.py for tasks to queue
[2025-07-02T23:47:32.992+0000] {logging_mixin.py:190} INFO - [2025-07-02T23:47:32.992+0000] {dagbag.py:588} INFO - Filling up the DagBag from /home/airflow/.local/lib/python3.12/site-packages/airflow/example_dags/example_branch_labels.py
[2025-07-02T23:47:33.003+0000] {processor.py:925} INFO - DAG(s) 'example_branch_labels' retrieved from /home/airflow/.local/lib/python3.12/site-packages/airflow/example_dags/example_branch_labels.py
[2025-07-02T23:47:33.029+0000] {logging_mixin.py:190} INFO - [2025-07-02T23:47:33.028+0000] {dag.py:3239} INFO - Sync 1 DAGs
[2025-07-02T23:47:33.057+0000] {logging_mixin.py:190} INFO - [2025-07-02T23:47:33.057+0000] {dag.py:4180} INFO - Setting next_dagrun for example_branch_labels to 2025-07-01 00:00:00+00:00, run_after=2025-07-02 00:00:00+00:00
[2025-07-02T23:47:33.079+0000] {processor.py:208} INFO - Processing /home/airflow/.local/lib/python3.12/site-packages/airflow/example_dags/example_branch_labels.py took 0.097 seconds
[2025-07-02T23:48:03.439+0000] {processor.py:186} INFO - Started process (PID=2466) to work on /home/airflow/.local/lib/python3.12/site-packages/airflow/example_dags/example_branch_labels.py
[2025-07-02T23:48:03.441+0000] {processor.py:914} INFO - Processing file /home/airflow/.local/lib/python3.12/site-packages/airflow/example_dags/example_branch_labels.py for tasks to queue
[2025-07-02T23:48:03.444+0000] {logging_mixin.py:190} INFO - [2025-07-02T23:48:03.444+0000] {dagbag.py:588} INFO - Filling up the DagBag from /home/airflow/.local/lib/python3.12/site-packages/airflow/example_dags/example_branch_labels.py
[2025-07-02T23:48:03.454+0000] {processor.py:925} INFO - DAG(s) 'example_branch_labels' retrieved from /home/airflow/.local/lib/python3.12/site-packages/airflow/example_dags/example_branch_labels.py
[2025-07-02T23:48:03.473+0000] {logging_mixin.py:190} INFO - [2025-07-02T23:48:03.473+0000] {dag.py:3239} INFO - Sync 1 DAGs
[2025-07-02T23:48:03.495+0000] {logging_mixin.py:190} INFO - [2025-07-02T23:48:03.495+0000] {dag.py:4180} INFO - Setting next_dagrun for example_branch_labels to 2025-07-01 00:00:00+00:00, run_after=2025-07-02 00:00:00+00:00
[2025-07-02T23:48:03.511+0000] {processor.py:208} INFO - Processing /home/airflow/.local/lib/python3.12/site-packages/airflow/example_dags/example_branch_labels.py took 0.080 seconds
[2025-07-02T23:48:34.088+0000] {processor.py:186} INFO - Started process (PID=2528) to work on /home/airflow/.local/lib/python3.12/site-packages/airflow/example_dags/example_branch_labels.py
[2025-07-02T23:48:34.090+0000] {processor.py:914} INFO - Processing file /home/airflow/.local/lib/python3.12/site-packages/airflow/example_dags/example_branch_labels.py for tasks to queue
[2025-07-02T23:48:34.092+0000] {logging_mixin.py:190} INFO - [2025-07-02T23:48:34.092+0000] {dagbag.py:588} INFO - Filling up the DagBag from /home/airflow/.local/lib/python3.12/site-packages/airflow/example_dags/example_branch_labels.py
[2025-07-02T23:48:34.103+0000] {processor.py:925} INFO - DAG(s) 'example_branch_labels' retrieved from /home/airflow/.local/lib/python3.12/site-packages/airflow/example_dags/example_branch_labels.py
[2025-07-02T23:48:34.127+0000] {logging_mixin.py:190} INFO - [2025-07-02T23:48:34.127+0000] {dag.py:3239} INFO - Sync 1 DAGs
[2025-07-02T23:48:34.155+0000] {logging_mixin.py:190} INFO - [2025-07-02T23:48:34.155+0000] {dag.py:4180} INFO - Setting next_dagrun for example_branch_labels to 2025-07-01 00:00:00+00:00, run_after=2025-07-02 00:00:00+00:00
[2025-07-02T23:48:34.173+0000] {processor.py:208} INFO - Processing /home/airflow/.local/lib/python3.12/site-packages/airflow/example_dags/example_branch_labels.py took 0.091 seconds
[2025-07-02T23:49:04.506+0000] {processor.py:186} INFO - Started process (PID=2590) to work on /home/airflow/.local/lib/python3.12/site-packages/airflow/example_dags/example_branch_labels.py
[2025-07-02T23:49:04.507+0000] {processor.py:914} INFO - Processing file /home/airflow/.local/lib/python3.12/site-packages/airflow/example_dags/example_branch_labels.py for tasks to queue
[2025-07-02T23:49:04.510+0000] {logging_mixin.py:190} INFO - [2025-07-02T23:49:04.509+0000] {dagbag.py:588} INFO - Filling up the DagBag from /home/airflow/.local/lib/python3.12/site-packages/airflow/example_dags/example_branch_labels.py
[2025-07-02T23:49:04.520+0000] {processor.py:925} INFO - DAG(s) 'example_branch_labels' retrieved from /home/airflow/.local/lib/python3.12/site-packages/airflow/example_dags/example_branch_labels.py
[2025-07-02T23:49:04.538+0000] {logging_mixin.py:190} INFO - [2025-07-02T23:49:04.538+0000] {dag.py:3239} INFO - Sync 1 DAGs
[2025-07-02T23:49:04.562+0000] {logging_mixin.py:190} INFO - [2025-07-02T23:49:04.562+0000] {dag.py:4180} INFO - Setting next_dagrun for example_branch_labels to 2025-07-01 00:00:00+00:00, run_after=2025-07-02 00:00:00+00:00
[2025-07-02T23:49:04.579+0000] {processor.py:208} INFO - Processing /home/airflow/.local/lib/python3.12/site-packages/airflow/example_dags/example_branch_labels.py took 0.078 seconds
[2025-07-02T23:49:35.226+0000] {processor.py:186} INFO - Started process (PID=2652) to work on /home/airflow/.local/lib/python3.12/site-packages/airflow/example_dags/example_branch_labels.py
[2025-07-02T23:49:35.237+0000] {processor.py:914} INFO - Processing file /home/airflow/.local/lib/python3.12/site-packages/airflow/example_dags/example_branch_labels.py for tasks to queue
[2025-07-02T23:49:35.241+0000] {logging_mixin.py:190} INFO - [2025-07-02T23:49:35.240+0000] {dagbag.py:588} INFO - Filling up the DagBag from /home/airflow/.local/lib/python3.12/site-packages/airflow/example_dags/example_branch_labels.py
[2025-07-02T23:49:35.255+0000] {processor.py:925} INFO - DAG(s) 'example_branch_labels' retrieved from /home/airflow/.local/lib/python3.12/site-packages/airflow/example_dags/example_branch_labels.py
[2025-07-02T23:49:35.287+0000] {logging_mixin.py:190} INFO - [2025-07-02T23:49:35.287+0000] {dag.py:3239} INFO - Sync 1 DAGs
[2025-07-02T23:49:35.317+0000] {logging_mixin.py:190} INFO - [2025-07-02T23:49:35.317+0000] {dag.py:4180} INFO - Setting next_dagrun for example_branch_labels to 2025-07-01 00:00:00+00:00, run_after=2025-07-02 00:00:00+00:00
[2025-07-02T23:49:35.341+0000] {processor.py:208} INFO - Processing /home/airflow/.local/lib/python3.12/site-packages/airflow/example_dags/example_branch_labels.py took 0.130 seconds
[2025-07-02T23:50:05.597+0000] {processor.py:186} INFO - Started process (PID=2714) to work on /home/airflow/.local/lib/python3.12/site-packages/airflow/example_dags/example_branch_labels.py
[2025-07-02T23:50:05.598+0000] {processor.py:914} INFO - Processing file /home/airflow/.local/lib/python3.12/site-packages/airflow/example_dags/example_branch_labels.py for tasks to queue
[2025-07-02T23:50:05.602+0000] {logging_mixin.py:190} INFO - [2025-07-02T23:50:05.601+0000] {dagbag.py:588} INFO - Filling up the DagBag from /home/airflow/.local/lib/python3.12/site-packages/airflow/example_dags/example_branch_labels.py
[2025-07-02T23:50:05.612+0000] {processor.py:925} INFO - DAG(s) 'example_branch_labels' retrieved from /home/airflow/.local/lib/python3.12/site-packages/airflow/example_dags/example_branch_labels.py
[2025-07-02T23:50:05.632+0000] {logging_mixin.py:190} INFO - [2025-07-02T23:50:05.632+0000] {dag.py:3239} INFO - Sync 1 DAGs
[2025-07-02T23:50:05.656+0000] {logging_mixin.py:190} INFO - [2025-07-02T23:50:05.655+0000] {dag.py:4180} INFO - Setting next_dagrun for example_branch_labels to 2025-07-01 00:00:00+00:00, run_after=2025-07-02 00:00:00+00:00
[2025-07-02T23:50:05.674+0000] {processor.py:208} INFO - Processing /home/airflow/.local/lib/python3.12/site-packages/airflow/example_dags/example_branch_labels.py took 0.083 seconds
[2025-07-02T23:50:36.946+0000] {processor.py:186} INFO - Started process (PID=2776) to work on /home/airflow/.local/lib/python3.12/site-packages/airflow/example_dags/example_branch_labels.py
[2025-07-02T23:50:36.947+0000] {processor.py:914} INFO - Processing file /home/airflow/.local/lib/python3.12/site-packages/airflow/example_dags/example_branch_labels.py for tasks to queue
[2025-07-02T23:50:36.950+0000] {logging_mixin.py:190} INFO - [2025-07-02T23:50:36.950+0000] {dagbag.py:588} INFO - Filling up the DagBag from /home/airflow/.local/lib/python3.12/site-packages/airflow/example_dags/example_branch_labels.py
[2025-07-02T23:50:36.962+0000] {processor.py:925} INFO - DAG(s) 'example_branch_labels' retrieved from /home/airflow/.local/lib/python3.12/site-packages/airflow/example_dags/example_branch_labels.py
[2025-07-02T23:50:36.982+0000] {logging_mixin.py:190} INFO - [2025-07-02T23:50:36.982+0000] {dag.py:3239} INFO - Sync 1 DAGs
[2025-07-02T23:50:37.006+0000] {logging_mixin.py:190} INFO - [2025-07-02T23:50:37.006+0000] {dag.py:4180} INFO - Setting next_dagrun for example_branch_labels to 2025-07-01 00:00:00+00:00, run_after=2025-07-02 00:00:00+00:00
[2025-07-02T23:50:37.023+0000] {processor.py:208} INFO - Processing /home/airflow/.local/lib/python3.12/site-packages/airflow/example_dags/example_branch_labels.py took 0.083 seconds
[2025-07-02T23:51:07.589+0000] {processor.py:186} INFO - Started process (PID=2838) to work on /home/airflow/.local/lib/python3.12/site-packages/airflow/example_dags/example_branch_labels.py
[2025-07-02T23:51:07.590+0000] {processor.py:914} INFO - Processing file /home/airflow/.local/lib/python3.12/site-packages/airflow/example_dags/example_branch_labels.py for tasks to queue
[2025-07-02T23:51:07.593+0000] {logging_mixin.py:190} INFO - [2025-07-02T23:51:07.593+0000] {dagbag.py:588} INFO - Filling up the DagBag from /home/airflow/.local/lib/python3.12/site-packages/airflow/example_dags/example_branch_labels.py
[2025-07-02T23:51:07.602+0000] {processor.py:925} INFO - DAG(s) 'example_branch_labels' retrieved from /home/airflow/.local/lib/python3.12/site-packages/airflow/example_dags/example_branch_labels.py
[2025-07-02T23:51:07.623+0000] {logging_mixin.py:190} INFO - [2025-07-02T23:51:07.622+0000] {dag.py:3239} INFO - Sync 1 DAGs
[2025-07-02T23:51:07.647+0000] {logging_mixin.py:190} INFO - [2025-07-02T23:51:07.647+0000] {dag.py:4180} INFO - Setting next_dagrun for example_branch_labels to 2025-07-01 00:00:00+00:00, run_after=2025-07-02 00:00:00+00:00
[2025-07-02T23:51:07.665+0000] {processor.py:208} INFO - Processing /home/airflow/.local/lib/python3.12/site-packages/airflow/example_dags/example_branch_labels.py took 0.081 seconds
[2025-07-02T23:51:38.487+0000] {processor.py:186} INFO - Started process (PID=2901) to work on /home/airflow/.local/lib/python3.12/site-packages/airflow/example_dags/example_branch_labels.py
[2025-07-02T23:51:38.488+0000] {processor.py:914} INFO - Processing file /home/airflow/.local/lib/python3.12/site-packages/airflow/example_dags/example_branch_labels.py for tasks to queue
[2025-07-02T23:51:38.491+0000] {logging_mixin.py:190} INFO - [2025-07-02T23:51:38.490+0000] {dagbag.py:588} INFO - Filling up the DagBag from /home/airflow/.local/lib/python3.12/site-packages/airflow/example_dags/example_branch_labels.py
[2025-07-02T23:51:38.499+0000] {processor.py:925} INFO - DAG(s) 'example_branch_labels' retrieved from /home/airflow/.local/lib/python3.12/site-packages/airflow/example_dags/example_branch_labels.py
[2025-07-02T23:51:38.519+0000] {logging_mixin.py:190} INFO - [2025-07-02T23:51:38.519+0000] {dag.py:3239} INFO - Sync 1 DAGs
[2025-07-02T23:51:38.541+0000] {logging_mixin.py:190} INFO - [2025-07-02T23:51:38.541+0000] {dag.py:4180} INFO - Setting next_dagrun for example_branch_labels to 2025-07-01 00:00:00+00:00, run_after=2025-07-02 00:00:00+00:00
[2025-07-02T23:51:38.556+0000] {processor.py:208} INFO - Processing /home/airflow/.local/lib/python3.12/site-packages/airflow/example_dags/example_branch_labels.py took 0.074 seconds
[2025-07-02T23:52:09.128+0000] {processor.py:186} INFO - Started process (PID=2963) to work on /home/airflow/.local/lib/python3.12/site-packages/airflow/example_dags/example_branch_labels.py
[2025-07-02T23:52:09.129+0000] {processor.py:914} INFO - Processing file /home/airflow/.local/lib/python3.12/site-packages/airflow/example_dags/example_branch_labels.py for tasks to queue
[2025-07-02T23:52:09.132+0000] {logging_mixin.py:190} INFO - [2025-07-02T23:52:09.132+0000] {dagbag.py:588} INFO - Filling up the DagBag from /home/airflow/.local/lib/python3.12/site-packages/airflow/example_dags/example_branch_labels.py
[2025-07-02T23:52:09.141+0000] {processor.py:925} INFO - DAG(s) 'example_branch_labels' retrieved from /home/airflow/.local/lib/python3.12/site-packages/airflow/example_dags/example_branch_labels.py
[2025-07-02T23:52:09.164+0000] {logging_mixin.py:190} INFO - [2025-07-02T23:52:09.163+0000] {dag.py:3239} INFO - Sync 1 DAGs
[2025-07-02T23:52:09.191+0000] {logging_mixin.py:190} INFO - [2025-07-02T23:52:09.191+0000] {dag.py:4180} INFO - Setting next_dagrun for example_branch_labels to 2025-07-01 00:00:00+00:00, run_after=2025-07-02 00:00:00+00:00
[2025-07-02T23:52:09.208+0000] {processor.py:208} INFO - Processing /home/airflow/.local/lib/python3.12/site-packages/airflow/example_dags/example_branch_labels.py took 0.086 seconds
[2025-07-02T23:52:39.637+0000] {processor.py:186} INFO - Started process (PID=3025) to work on /home/airflow/.local/lib/python3.12/site-packages/airflow/example_dags/example_branch_labels.py
[2025-07-02T23:52:39.638+0000] {processor.py:914} INFO - Processing file /home/airflow/.local/lib/python3.12/site-packages/airflow/example_dags/example_branch_labels.py for tasks to queue
[2025-07-02T23:52:39.642+0000] {logging_mixin.py:190} INFO - [2025-07-02T23:52:39.641+0000] {dagbag.py:588} INFO - Filling up the DagBag from /home/airflow/.local/lib/python3.12/site-packages/airflow/example_dags/example_branch_labels.py
[2025-07-02T23:52:39.653+0000] {processor.py:925} INFO - DAG(s) 'example_branch_labels' retrieved from /home/airflow/.local/lib/python3.12/site-packages/airflow/example_dags/example_branch_labels.py
[2025-07-02T23:52:39.677+0000] {logging_mixin.py:190} INFO - [2025-07-02T23:52:39.677+0000] {dag.py:3239} INFO - Sync 1 DAGs
[2025-07-02T23:52:39.707+0000] {logging_mixin.py:190} INFO - [2025-07-02T23:52:39.706+0000] {dag.py:4180} INFO - Setting next_dagrun for example_branch_labels to 2025-07-01 00:00:00+00:00, run_after=2025-07-02 00:00:00+00:00
[2025-07-02T23:52:39.728+0000] {processor.py:208} INFO - Processing /home/airflow/.local/lib/python3.12/site-packages/airflow/example_dags/example_branch_labels.py took 0.096 seconds
[2025-07-02T23:53:10.528+0000] {processor.py:186} INFO - Started process (PID=3087) to work on /home/airflow/.local/lib/python3.12/site-packages/airflow/example_dags/example_branch_labels.py
[2025-07-02T23:53:10.529+0000] {processor.py:914} INFO - Processing file /home/airflow/.local/lib/python3.12/site-packages/airflow/example_dags/example_branch_labels.py for tasks to queue
[2025-07-02T23:53:10.532+0000] {logging_mixin.py:190} INFO - [2025-07-02T23:53:10.532+0000] {dagbag.py:588} INFO - Filling up the DagBag from /home/airflow/.local/lib/python3.12/site-packages/airflow/example_dags/example_branch_labels.py
[2025-07-02T23:53:10.541+0000] {processor.py:925} INFO - DAG(s) 'example_branch_labels' retrieved from /home/airflow/.local/lib/python3.12/site-packages/airflow/example_dags/example_branch_labels.py
[2025-07-02T23:53:10.561+0000] {logging_mixin.py:190} INFO - [2025-07-02T23:53:10.560+0000] {dag.py:3239} INFO - Sync 1 DAGs
[2025-07-02T23:53:10.583+0000] {logging_mixin.py:190} INFO - [2025-07-02T23:53:10.583+0000] {dag.py:4180} INFO - Setting next_dagrun for example_branch_labels to 2025-07-01 00:00:00+00:00, run_after=2025-07-02 00:00:00+00:00
[2025-07-02T23:53:10.600+0000] {processor.py:208} INFO - Processing /home/airflow/.local/lib/python3.12/site-packages/airflow/example_dags/example_branch_labels.py took 0.077 seconds
[2025-07-02T23:53:41.279+0000] {processor.py:186} INFO - Started process (PID=3149) to work on /home/airflow/.local/lib/python3.12/site-packages/airflow/example_dags/example_branch_labels.py
[2025-07-02T23:53:41.280+0000] {processor.py:914} INFO - Processing file /home/airflow/.local/lib/python3.12/site-packages/airflow/example_dags/example_branch_labels.py for tasks to queue
[2025-07-02T23:53:41.284+0000] {logging_mixin.py:190} INFO - [2025-07-02T23:53:41.284+0000] {dagbag.py:588} INFO - Filling up the DagBag from /home/airflow/.local/lib/python3.12/site-packages/airflow/example_dags/example_branch_labels.py
[2025-07-02T23:53:41.294+0000] {processor.py:925} INFO - DAG(s) 'example_branch_labels' retrieved from /home/airflow/.local/lib/python3.12/site-packages/airflow/example_dags/example_branch_labels.py
[2025-07-02T23:53:41.314+0000] {logging_mixin.py:190} INFO - [2025-07-02T23:53:41.314+0000] {dag.py:3239} INFO - Sync 1 DAGs
[2025-07-02T23:53:41.339+0000] {logging_mixin.py:190} INFO - [2025-07-02T23:53:41.339+0000] {dag.py:4180} INFO - Setting next_dagrun for example_branch_labels to 2025-07-01 00:00:00+00:00, run_after=2025-07-02 00:00:00+00:00
[2025-07-02T23:53:41.357+0000] {processor.py:208} INFO - Processing /home/airflow/.local/lib/python3.12/site-packages/airflow/example_dags/example_branch_labels.py took 0.085 seconds
[2025-07-02T23:54:11.969+0000] {processor.py:186} INFO - Started process (PID=3211) to work on /home/airflow/.local/lib/python3.12/site-packages/airflow/example_dags/example_branch_labels.py
[2025-07-02T23:54:11.970+0000] {processor.py:914} INFO - Processing file /home/airflow/.local/lib/python3.12/site-packages/airflow/example_dags/example_branch_labels.py for tasks to queue
[2025-07-02T23:54:11.972+0000] {logging_mixin.py:190} INFO - [2025-07-02T23:54:11.972+0000] {dagbag.py:588} INFO - Filling up the DagBag from /home/airflow/.local/lib/python3.12/site-packages/airflow/example_dags/example_branch_labels.py
[2025-07-02T23:54:11.982+0000] {processor.py:925} INFO - DAG(s) 'example_branch_labels' retrieved from /home/airflow/.local/lib/python3.12/site-packages/airflow/example_dags/example_branch_labels.py
[2025-07-02T23:54:12.002+0000] {logging_mixin.py:190} INFO - [2025-07-02T23:54:12.001+0000] {dag.py:3239} INFO - Sync 1 DAGs
[2025-07-02T23:54:12.025+0000] {logging_mixin.py:190} INFO - [2025-07-02T23:54:12.025+0000] {dag.py:4180} INFO - Setting next_dagrun for example_branch_labels to 2025-07-01 00:00:00+00:00, run_after=2025-07-02 00:00:00+00:00
[2025-07-02T23:54:12.040+0000] {processor.py:208} INFO - Processing /home/airflow/.local/lib/python3.12/site-packages/airflow/example_dags/example_branch_labels.py took 0.077 seconds
[2025-07-02T23:54:43.094+0000] {processor.py:186} INFO - Started process (PID=3273) to work on /home/airflow/.local/lib/python3.12/site-packages/airflow/example_dags/example_branch_labels.py
[2025-07-02T23:54:43.095+0000] {processor.py:914} INFO - Processing file /home/airflow/.local/lib/python3.12/site-packages/airflow/example_dags/example_branch_labels.py for tasks to queue
[2025-07-02T23:54:43.098+0000] {logging_mixin.py:190} INFO - [2025-07-02T23:54:43.098+0000] {dagbag.py:588} INFO - Filling up the DagBag from /home/airflow/.local/lib/python3.12/site-packages/airflow/example_dags/example_branch_labels.py
[2025-07-02T23:54:43.109+0000] {processor.py:925} INFO - DAG(s) 'example_branch_labels' retrieved from /home/airflow/.local/lib/python3.12/site-packages/airflow/example_dags/example_branch_labels.py
[2025-07-02T23:54:43.134+0000] {logging_mixin.py:190} INFO - [2025-07-02T23:54:43.133+0000] {dag.py:3239} INFO - Sync 1 DAGs
[2025-07-02T23:54:43.163+0000] {logging_mixin.py:190} INFO - [2025-07-02T23:54:43.163+0000] {dag.py:4180} INFO - Setting next_dagrun for example_branch_labels to 2025-07-01 00:00:00+00:00, run_after=2025-07-02 00:00:00+00:00
[2025-07-02T23:54:43.338+0000] {processor.py:208} INFO - Processing /home/airflow/.local/lib/python3.12/site-packages/airflow/example_dags/example_branch_labels.py took 0.249 seconds
[2025-07-02T23:55:13.517+0000] {processor.py:186} INFO - Started process (PID=3335) to work on /home/airflow/.local/lib/python3.12/site-packages/airflow/example_dags/example_branch_labels.py
[2025-07-02T23:55:13.518+0000] {processor.py:914} INFO - Processing file /home/airflow/.local/lib/python3.12/site-packages/airflow/example_dags/example_branch_labels.py for tasks to queue
[2025-07-02T23:55:13.520+0000] {logging_mixin.py:190} INFO - [2025-07-02T23:55:13.519+0000] {dagbag.py:588} INFO - Filling up the DagBag from /home/airflow/.local/lib/python3.12/site-packages/airflow/example_dags/example_branch_labels.py
[2025-07-02T23:55:13.529+0000] {processor.py:925} INFO - DAG(s) 'example_branch_labels' retrieved from /home/airflow/.local/lib/python3.12/site-packages/airflow/example_dags/example_branch_labels.py
[2025-07-02T23:55:13.548+0000] {logging_mixin.py:190} INFO - [2025-07-02T23:55:13.548+0000] {dag.py:3239} INFO - Sync 1 DAGs
[2025-07-02T23:55:13.571+0000] {logging_mixin.py:190} INFO - [2025-07-02T23:55:13.571+0000] {dag.py:4180} INFO - Setting next_dagrun for example_branch_labels to 2025-07-01 00:00:00+00:00, run_after=2025-07-02 00:00:00+00:00
[2025-07-02T23:55:13.589+0000] {processor.py:208} INFO - Processing /home/airflow/.local/lib/python3.12/site-packages/airflow/example_dags/example_branch_labels.py took 0.078 seconds
[2025-07-02T23:55:44.113+0000] {processor.py:186} INFO - Started process (PID=3397) to work on /home/airflow/.local/lib/python3.12/site-packages/airflow/example_dags/example_branch_labels.py
[2025-07-02T23:55:44.114+0000] {processor.py:914} INFO - Processing file /home/airflow/.local/lib/python3.12/site-packages/airflow/example_dags/example_branch_labels.py for tasks to queue
[2025-07-02T23:55:44.116+0000] {logging_mixin.py:190} INFO - [2025-07-02T23:55:44.116+0000] {dagbag.py:588} INFO - Filling up the DagBag from /home/airflow/.local/lib/python3.12/site-packages/airflow/example_dags/example_branch_labels.py
[2025-07-02T23:55:44.125+0000] {processor.py:925} INFO - DAG(s) 'example_branch_labels' retrieved from /home/airflow/.local/lib/python3.12/site-packages/airflow/example_dags/example_branch_labels.py
[2025-07-02T23:55:44.143+0000] {logging_mixin.py:190} INFO - [2025-07-02T23:55:44.143+0000] {dag.py:3239} INFO - Sync 1 DAGs
[2025-07-02T23:55:44.167+0000] {logging_mixin.py:190} INFO - [2025-07-02T23:55:44.166+0000] {dag.py:4180} INFO - Setting next_dagrun for example_branch_labels to 2025-07-01 00:00:00+00:00, run_after=2025-07-02 00:00:00+00:00
[2025-07-02T23:55:44.184+0000] {processor.py:208} INFO - Processing /home/airflow/.local/lib/python3.12/site-packages/airflow/example_dags/example_branch_labels.py took 0.077 seconds
[2025-07-02T23:56:14.875+0000] {processor.py:186} INFO - Started process (PID=3459) to work on /home/airflow/.local/lib/python3.12/site-packages/airflow/example_dags/example_branch_labels.py
[2025-07-02T23:56:14.877+0000] {processor.py:914} INFO - Processing file /home/airflow/.local/lib/python3.12/site-packages/airflow/example_dags/example_branch_labels.py for tasks to queue
[2025-07-02T23:56:14.880+0000] {logging_mixin.py:190} INFO - [2025-07-02T23:56:14.880+0000] {dagbag.py:588} INFO - Filling up the DagBag from /home/airflow/.local/lib/python3.12/site-packages/airflow/example_dags/example_branch_labels.py
[2025-07-02T23:56:14.896+0000] {processor.py:925} INFO - DAG(s) 'example_branch_labels' retrieved from /home/airflow/.local/lib/python3.12/site-packages/airflow/example_dags/example_branch_labels.py
[2025-07-02T23:56:14.922+0000] {logging_mixin.py:190} INFO - [2025-07-02T23:56:14.922+0000] {dag.py:3239} INFO - Sync 1 DAGs
[2025-07-02T23:56:14.949+0000] {logging_mixin.py:190} INFO - [2025-07-02T23:56:14.948+0000] {dag.py:4180} INFO - Setting next_dagrun for example_branch_labels to 2025-07-01 00:00:00+00:00, run_after=2025-07-02 00:00:00+00:00
[2025-07-02T23:56:14.964+0000] {processor.py:208} INFO - Processing /home/airflow/.local/lib/python3.12/site-packages/airflow/example_dags/example_branch_labels.py took 0.097 seconds
[2025-07-02T23:56:46.493+0000] {processor.py:186} INFO - Started process (PID=3521) to work on /home/airflow/.local/lib/python3.12/site-packages/airflow/example_dags/example_branch_labels.py
[2025-07-02T23:56:46.494+0000] {processor.py:914} INFO - Processing file /home/airflow/.local/lib/python3.12/site-packages/airflow/example_dags/example_branch_labels.py for tasks to queue
[2025-07-02T23:56:46.497+0000] {logging_mixin.py:190} INFO - [2025-07-02T23:56:46.497+0000] {dagbag.py:588} INFO - Filling up the DagBag from /home/airflow/.local/lib/python3.12/site-packages/airflow/example_dags/example_branch_labels.py
[2025-07-02T23:56:46.507+0000] {processor.py:925} INFO - DAG(s) 'example_branch_labels' retrieved from /home/airflow/.local/lib/python3.12/site-packages/airflow/example_dags/example_branch_labels.py
[2025-07-02T23:56:46.528+0000] {logging_mixin.py:190} INFO - [2025-07-02T23:56:46.528+0000] {dag.py:3239} INFO - Sync 1 DAGs
[2025-07-02T23:56:46.732+0000] {logging_mixin.py:190} INFO - [2025-07-02T23:56:46.731+0000] {dag.py:4180} INFO - Setting next_dagrun for example_branch_labels to 2025-07-01 00:00:00+00:00, run_after=2025-07-02 00:00:00+00:00
[2025-07-02T23:56:46.753+0000] {processor.py:208} INFO - Processing /home/airflow/.local/lib/python3.12/site-packages/airflow/example_dags/example_branch_labels.py took 0.266 seconds
[2025-07-02T23:57:17.051+0000] {processor.py:186} INFO - Started process (PID=3583) to work on /home/airflow/.local/lib/python3.12/site-packages/airflow/example_dags/example_branch_labels.py
[2025-07-02T23:57:17.053+0000] {processor.py:914} INFO - Processing file /home/airflow/.local/lib/python3.12/site-packages/airflow/example_dags/example_branch_labels.py for tasks to queue
[2025-07-02T23:57:17.056+0000] {logging_mixin.py:190} INFO - [2025-07-02T23:57:17.055+0000] {dagbag.py:588} INFO - Filling up the DagBag from /home/airflow/.local/lib/python3.12/site-packages/airflow/example_dags/example_branch_labels.py
[2025-07-02T23:57:17.066+0000] {processor.py:925} INFO - DAG(s) 'example_branch_labels' retrieved from /home/airflow/.local/lib/python3.12/site-packages/airflow/example_dags/example_branch_labels.py
[2025-07-02T23:57:17.086+0000] {logging_mixin.py:190} INFO - [2025-07-02T23:57:17.086+0000] {dag.py:3239} INFO - Sync 1 DAGs
[2025-07-02T23:57:17.110+0000] {logging_mixin.py:190} INFO - [2025-07-02T23:57:17.109+0000] {dag.py:4180} INFO - Setting next_dagrun for example_branch_labels to 2025-07-01 00:00:00+00:00, run_after=2025-07-02 00:00:00+00:00
[2025-07-02T23:57:17.128+0000] {processor.py:208} INFO - Processing /home/airflow/.local/lib/python3.12/site-packages/airflow/example_dags/example_branch_labels.py took 0.083 seconds
[2025-07-02T23:57:47.518+0000] {processor.py:186} INFO - Started process (PID=3645) to work on /home/airflow/.local/lib/python3.12/site-packages/airflow/example_dags/example_branch_labels.py
[2025-07-02T23:57:47.519+0000] {processor.py:914} INFO - Processing file /home/airflow/.local/lib/python3.12/site-packages/airflow/example_dags/example_branch_labels.py for tasks to queue
[2025-07-02T23:57:47.522+0000] {logging_mixin.py:190} INFO - [2025-07-02T23:57:47.521+0000] {dagbag.py:588} INFO - Filling up the DagBag from /home/airflow/.local/lib/python3.12/site-packages/airflow/example_dags/example_branch_labels.py
[2025-07-02T23:57:47.531+0000] {processor.py:925} INFO - DAG(s) 'example_branch_labels' retrieved from /home/airflow/.local/lib/python3.12/site-packages/airflow/example_dags/example_branch_labels.py
[2025-07-02T23:57:47.550+0000] {logging_mixin.py:190} INFO - [2025-07-02T23:57:47.550+0000] {dag.py:3239} INFO - Sync 1 DAGs
[2025-07-02T23:57:47.572+0000] {logging_mixin.py:190} INFO - [2025-07-02T23:57:47.572+0000] {dag.py:4180} INFO - Setting next_dagrun for example_branch_labels to 2025-07-01 00:00:00+00:00, run_after=2025-07-02 00:00:00+00:00
[2025-07-02T23:57:47.590+0000] {processor.py:208} INFO - Processing /home/airflow/.local/lib/python3.12/site-packages/airflow/example_dags/example_branch_labels.py took 0.077 seconds
[2025-07-02T23:58:18.076+0000] {processor.py:186} INFO - Started process (PID=3707) to work on /home/airflow/.local/lib/python3.12/site-packages/airflow/example_dags/example_branch_labels.py
[2025-07-02T23:58:18.077+0000] {processor.py:914} INFO - Processing file /home/airflow/.local/lib/python3.12/site-packages/airflow/example_dags/example_branch_labels.py for tasks to queue
[2025-07-02T23:58:18.080+0000] {logging_mixin.py:190} INFO - [2025-07-02T23:58:18.079+0000] {dagbag.py:588} INFO - Filling up the DagBag from /home/airflow/.local/lib/python3.12/site-packages/airflow/example_dags/example_branch_labels.py
[2025-07-02T23:58:18.089+0000] {processor.py:925} INFO - DAG(s) 'example_branch_labels' retrieved from /home/airflow/.local/lib/python3.12/site-packages/airflow/example_dags/example_branch_labels.py
[2025-07-02T23:58:18.110+0000] {logging_mixin.py:190} INFO - [2025-07-02T23:58:18.109+0000] {dag.py:3239} INFO - Sync 1 DAGs
[2025-07-02T23:58:18.132+0000] {logging_mixin.py:190} INFO - [2025-07-02T23:58:18.132+0000] {dag.py:4180} INFO - Setting next_dagrun for example_branch_labels to 2025-07-01 00:00:00+00:00, run_after=2025-07-02 00:00:00+00:00
[2025-07-02T23:58:18.149+0000] {processor.py:208} INFO - Processing /home/airflow/.local/lib/python3.12/site-packages/airflow/example_dags/example_branch_labels.py took 0.078 seconds
[2025-07-02T23:58:48.525+0000] {processor.py:186} INFO - Started process (PID=3769) to work on /home/airflow/.local/lib/python3.12/site-packages/airflow/example_dags/example_branch_labels.py
[2025-07-02T23:58:48.526+0000] {processor.py:914} INFO - Processing file /home/airflow/.local/lib/python3.12/site-packages/airflow/example_dags/example_branch_labels.py for tasks to queue
[2025-07-02T23:58:48.529+0000] {logging_mixin.py:190} INFO - [2025-07-02T23:58:48.528+0000] {dagbag.py:588} INFO - Filling up the DagBag from /home/airflow/.local/lib/python3.12/site-packages/airflow/example_dags/example_branch_labels.py
[2025-07-02T23:58:48.538+0000] {processor.py:925} INFO - DAG(s) 'example_branch_labels' retrieved from /home/airflow/.local/lib/python3.12/site-packages/airflow/example_dags/example_branch_labels.py
[2025-07-02T23:58:48.563+0000] {logging_mixin.py:190} INFO - [2025-07-02T23:58:48.563+0000] {dag.py:3239} INFO - Sync 1 DAGs
[2025-07-02T23:58:48.590+0000] {logging_mixin.py:190} INFO - [2025-07-02T23:58:48.590+0000] {dag.py:4180} INFO - Setting next_dagrun for example_branch_labels to 2025-07-01 00:00:00+00:00, run_after=2025-07-02 00:00:00+00:00
[2025-07-02T23:58:48.607+0000] {processor.py:208} INFO - Processing /home/airflow/.local/lib/python3.12/site-packages/airflow/example_dags/example_branch_labels.py took 0.087 seconds
[2025-07-02T23:59:19.068+0000] {processor.py:186} INFO - Started process (PID=3831) to work on /home/airflow/.local/lib/python3.12/site-packages/airflow/example_dags/example_branch_labels.py
[2025-07-02T23:59:19.069+0000] {processor.py:914} INFO - Processing file /home/airflow/.local/lib/python3.12/site-packages/airflow/example_dags/example_branch_labels.py for tasks to queue
[2025-07-02T23:59:19.071+0000] {logging_mixin.py:190} INFO - [2025-07-02T23:59:19.071+0000] {dagbag.py:588} INFO - Filling up the DagBag from /home/airflow/.local/lib/python3.12/site-packages/airflow/example_dags/example_branch_labels.py
[2025-07-02T23:59:19.081+0000] {processor.py:925} INFO - DAG(s) 'example_branch_labels' retrieved from /home/airflow/.local/lib/python3.12/site-packages/airflow/example_dags/example_branch_labels.py
[2025-07-02T23:59:19.101+0000] {logging_mixin.py:190} INFO - [2025-07-02T23:59:19.101+0000] {dag.py:3239} INFO - Sync 1 DAGs
[2025-07-02T23:59:19.125+0000] {logging_mixin.py:190} INFO - [2025-07-02T23:59:19.124+0000] {dag.py:4180} INFO - Setting next_dagrun for example_branch_labels to 2025-07-01 00:00:00+00:00, run_after=2025-07-02 00:00:00+00:00
[2025-07-02T23:59:19.141+0000] {processor.py:208} INFO - Processing /home/airflow/.local/lib/python3.12/site-packages/airflow/example_dags/example_branch_labels.py took 0.079 seconds
[2025-07-02T23:59:49.523+0000] {processor.py:186} INFO - Started process (PID=3893) to work on /home/airflow/.local/lib/python3.12/site-packages/airflow/example_dags/example_branch_labels.py
[2025-07-02T23:59:49.524+0000] {processor.py:914} INFO - Processing file /home/airflow/.local/lib/python3.12/site-packages/airflow/example_dags/example_branch_labels.py for tasks to queue
[2025-07-02T23:59:49.526+0000] {logging_mixin.py:190} INFO - [2025-07-02T23:59:49.526+0000] {dagbag.py:588} INFO - Filling up the DagBag from /home/airflow/.local/lib/python3.12/site-packages/airflow/example_dags/example_branch_labels.py
[2025-07-02T23:59:49.535+0000] {processor.py:925} INFO - DAG(s) 'example_branch_labels' retrieved from /home/airflow/.local/lib/python3.12/site-packages/airflow/example_dags/example_branch_labels.py
[2025-07-02T23:59:49.555+0000] {logging_mixin.py:190} INFO - [2025-07-02T23:59:49.555+0000] {dag.py:3239} INFO - Sync 1 DAGs
[2025-07-02T23:59:49.580+0000] {logging_mixin.py:190} INFO - [2025-07-02T23:59:49.580+0000] {dag.py:4180} INFO - Setting next_dagrun for example_branch_labels to 2025-07-01 00:00:00+00:00, run_after=2025-07-02 00:00:00+00:00
[2025-07-02T23:59:49.597+0000] {processor.py:208} INFO - Processing /home/airflow/.local/lib/python3.12/site-packages/airflow/example_dags/example_branch_labels.py took 0.080 seconds
