[2025-07-02T23:29:01.590+0000] {processor.py:186} INFO - Started process (PID=143) to work on /home/airflow/.local/lib/python3.12/site-packages/airflow/example_dags/example_sla_dag.py
[2025-07-02T23:29:01.609+0000] {processor.py:914} INFO - Processing file /home/airflow/.local/lib/python3.12/site-packages/airflow/example_dags/example_sla_dag.py for tasks to queue
[2025-07-02T23:29:01.639+0000] {logging_mixin.py:190} INFO - [2025-07-02T23:29:01.638+0000] {dagbag.py:588} INFO - Filling up the DagBag from /home/airflow/.local/lib/python3.12/site-packages/airflow/example_dags/example_sla_dag.py
[2025-07-02T23:29:01.689+0000] {processor.py:925} INFO - DAG(s) 'example_sla_dag' retrieved from /home/airflow/.local/lib/python3.12/site-packages/airflow/example_dags/example_sla_dag.py
[2025-07-02T23:29:01.781+0000] {logging_mixin.py:190} INFO - [2025-07-02T23:29:01.781+0000] {dag.py:3239} INFO - Sync 1 DAGs
[2025-07-02T23:29:01.884+0000] {logging_mixin.py:190} INFO - [2025-07-02T23:29:01.874+0000] {dag.py:4180} INFO - Setting next_dagrun for example_sla_dag to 2025-07-02 23:26:00+00:00, run_after=2025-07-02 23:28:00+00:00
[2025-07-02T23:29:02.060+0000] {processor.py:208} INFO - Processing /home/airflow/.local/lib/python3.12/site-packages/airflow/example_dags/example_sla_dag.py took 0.492 seconds
[2025-07-02T23:29:32.290+0000] {processor.py:186} INFO - Started process (PID=205) to work on /home/airflow/.local/lib/python3.12/site-packages/airflow/example_dags/example_sla_dag.py
[2025-07-02T23:29:32.291+0000] {processor.py:914} INFO - Processing file /home/airflow/.local/lib/python3.12/site-packages/airflow/example_dags/example_sla_dag.py for tasks to queue
[2025-07-02T23:29:32.296+0000] {logging_mixin.py:190} INFO - [2025-07-02T23:29:32.295+0000] {dagbag.py:588} INFO - Filling up the DagBag from /home/airflow/.local/lib/python3.12/site-packages/airflow/example_dags/example_sla_dag.py
[2025-07-02T23:29:32.312+0000] {processor.py:925} INFO - DAG(s) 'example_sla_dag' retrieved from /home/airflow/.local/lib/python3.12/site-packages/airflow/example_dags/example_sla_dag.py
[2025-07-02T23:29:32.345+0000] {logging_mixin.py:190} INFO - [2025-07-02T23:29:32.344+0000] {dag.py:3239} INFO - Sync 1 DAGs
[2025-07-02T23:29:32.401+0000] {logging_mixin.py:190} INFO - [2025-07-02T23:29:32.401+0000] {dag.py:4180} INFO - Setting next_dagrun for example_sla_dag to 2025-07-02 23:26:00+00:00, run_after=2025-07-02 23:28:00+00:00
[2025-07-02T23:29:32.435+0000] {processor.py:208} INFO - Processing /home/airflow/.local/lib/python3.12/site-packages/airflow/example_dags/example_sla_dag.py took 0.155 seconds
[2025-07-02T23:30:02.795+0000] {processor.py:186} INFO - Started process (PID=267) to work on /home/airflow/.local/lib/python3.12/site-packages/airflow/example_dags/example_sla_dag.py
[2025-07-02T23:30:02.796+0000] {processor.py:914} INFO - Processing file /home/airflow/.local/lib/python3.12/site-packages/airflow/example_dags/example_sla_dag.py for tasks to queue
[2025-07-02T23:30:02.802+0000] {logging_mixin.py:190} INFO - [2025-07-02T23:30:02.801+0000] {dagbag.py:588} INFO - Filling up the DagBag from /home/airflow/.local/lib/python3.12/site-packages/airflow/example_dags/example_sla_dag.py
[2025-07-02T23:30:02.820+0000] {processor.py:925} INFO - DAG(s) 'example_sla_dag' retrieved from /home/airflow/.local/lib/python3.12/site-packages/airflow/example_dags/example_sla_dag.py
[2025-07-02T23:30:02.850+0000] {logging_mixin.py:190} INFO - [2025-07-02T23:30:02.849+0000] {dag.py:3239} INFO - Sync 1 DAGs
[2025-07-02T23:30:02.893+0000] {logging_mixin.py:190} INFO - [2025-07-02T23:30:02.893+0000] {dag.py:4180} INFO - Setting next_dagrun for example_sla_dag to 2025-07-02 23:28:00+00:00, run_after=2025-07-02 23:30:00+00:00
[2025-07-02T23:30:02.923+0000] {processor.py:208} INFO - Processing /home/airflow/.local/lib/python3.12/site-packages/airflow/example_dags/example_sla_dag.py took 0.139 seconds
[2025-07-02T23:30:33.061+0000] {processor.py:186} INFO - Started process (PID=329) to work on /home/airflow/.local/lib/python3.12/site-packages/airflow/example_dags/example_sla_dag.py
[2025-07-02T23:30:33.062+0000] {processor.py:914} INFO - Processing file /home/airflow/.local/lib/python3.12/site-packages/airflow/example_dags/example_sla_dag.py for tasks to queue
[2025-07-02T23:30:33.065+0000] {logging_mixin.py:190} INFO - [2025-07-02T23:30:33.065+0000] {dagbag.py:588} INFO - Filling up the DagBag from /home/airflow/.local/lib/python3.12/site-packages/airflow/example_dags/example_sla_dag.py
[2025-07-02T23:30:33.075+0000] {processor.py:925} INFO - DAG(s) 'example_sla_dag' retrieved from /home/airflow/.local/lib/python3.12/site-packages/airflow/example_dags/example_sla_dag.py
[2025-07-02T23:30:33.097+0000] {logging_mixin.py:190} INFO - [2025-07-02T23:30:33.096+0000] {dag.py:3239} INFO - Sync 1 DAGs
[2025-07-02T23:30:33.121+0000] {logging_mixin.py:190} INFO - [2025-07-02T23:30:33.121+0000] {dag.py:4180} INFO - Setting next_dagrun for example_sla_dag to 2025-07-02 23:28:00+00:00, run_after=2025-07-02 23:30:00+00:00
[2025-07-02T23:30:33.139+0000] {processor.py:208} INFO - Processing /home/airflow/.local/lib/python3.12/site-packages/airflow/example_dags/example_sla_dag.py took 0.085 seconds
[2025-07-02T23:31:04.072+0000] {processor.py:186} INFO - Started process (PID=391) to work on /home/airflow/.local/lib/python3.12/site-packages/airflow/example_dags/example_sla_dag.py
[2025-07-02T23:31:04.073+0000] {processor.py:914} INFO - Processing file /home/airflow/.local/lib/python3.12/site-packages/airflow/example_dags/example_sla_dag.py for tasks to queue
[2025-07-02T23:31:04.076+0000] {logging_mixin.py:190} INFO - [2025-07-02T23:31:04.076+0000] {dagbag.py:588} INFO - Filling up the DagBag from /home/airflow/.local/lib/python3.12/site-packages/airflow/example_dags/example_sla_dag.py
[2025-07-02T23:31:04.086+0000] {processor.py:925} INFO - DAG(s) 'example_sla_dag' retrieved from /home/airflow/.local/lib/python3.12/site-packages/airflow/example_dags/example_sla_dag.py
[2025-07-02T23:31:04.108+0000] {logging_mixin.py:190} INFO - [2025-07-02T23:31:04.108+0000] {dag.py:3239} INFO - Sync 1 DAGs
[2025-07-02T23:31:04.170+0000] {logging_mixin.py:190} INFO - [2025-07-02T23:31:04.170+0000] {dag.py:4180} INFO - Setting next_dagrun for example_sla_dag to 2025-07-02 23:28:00+00:00, run_after=2025-07-02 23:30:00+00:00
[2025-07-02T23:31:04.194+0000] {processor.py:208} INFO - Processing /home/airflow/.local/lib/python3.12/site-packages/airflow/example_dags/example_sla_dag.py took 0.128 seconds
[2025-07-02T23:31:35.173+0000] {processor.py:186} INFO - Started process (PID=453) to work on /home/airflow/.local/lib/python3.12/site-packages/airflow/example_dags/example_sla_dag.py
[2025-07-02T23:31:35.174+0000] {processor.py:914} INFO - Processing file /home/airflow/.local/lib/python3.12/site-packages/airflow/example_dags/example_sla_dag.py for tasks to queue
[2025-07-02T23:31:35.176+0000] {logging_mixin.py:190} INFO - [2025-07-02T23:31:35.175+0000] {dagbag.py:588} INFO - Filling up the DagBag from /home/airflow/.local/lib/python3.12/site-packages/airflow/example_dags/example_sla_dag.py
[2025-07-02T23:31:35.186+0000] {processor.py:925} INFO - DAG(s) 'example_sla_dag' retrieved from /home/airflow/.local/lib/python3.12/site-packages/airflow/example_dags/example_sla_dag.py
[2025-07-02T23:31:35.208+0000] {logging_mixin.py:190} INFO - [2025-07-02T23:31:35.208+0000] {dag.py:3239} INFO - Sync 1 DAGs
[2025-07-02T23:31:35.234+0000] {logging_mixin.py:190} INFO - [2025-07-02T23:31:35.234+0000] {dag.py:4180} INFO - Setting next_dagrun for example_sla_dag to 2025-07-02 23:28:00+00:00, run_after=2025-07-02 23:30:00+00:00
[2025-07-02T23:31:35.250+0000] {processor.py:208} INFO - Processing /home/airflow/.local/lib/python3.12/site-packages/airflow/example_dags/example_sla_dag.py took 0.084 seconds
[2025-07-02T23:32:06.489+0000] {processor.py:186} INFO - Started process (PID=515) to work on /home/airflow/.local/lib/python3.12/site-packages/airflow/example_dags/example_sla_dag.py
[2025-07-02T23:32:06.491+0000] {processor.py:914} INFO - Processing file /home/airflow/.local/lib/python3.12/site-packages/airflow/example_dags/example_sla_dag.py for tasks to queue
[2025-07-02T23:32:06.496+0000] {logging_mixin.py:190} INFO - [2025-07-02T23:32:06.495+0000] {dagbag.py:588} INFO - Filling up the DagBag from /home/airflow/.local/lib/python3.12/site-packages/airflow/example_dags/example_sla_dag.py
[2025-07-02T23:32:06.513+0000] {processor.py:925} INFO - DAG(s) 'example_sla_dag' retrieved from /home/airflow/.local/lib/python3.12/site-packages/airflow/example_dags/example_sla_dag.py
[2025-07-02T23:32:06.541+0000] {logging_mixin.py:190} INFO - [2025-07-02T23:32:06.541+0000] {dag.py:3239} INFO - Sync 1 DAGs
[2025-07-02T23:32:06.595+0000] {logging_mixin.py:190} INFO - [2025-07-02T23:32:06.595+0000] {dag.py:4180} INFO - Setting next_dagrun for example_sla_dag to 2025-07-02 23:30:00+00:00, run_after=2025-07-02 23:32:00+00:00
[2025-07-02T23:32:06.630+0000] {processor.py:208} INFO - Processing /home/airflow/.local/lib/python3.12/site-packages/airflow/example_dags/example_sla_dag.py took 0.153 seconds
[2025-07-02T23:32:38.321+0000] {processor.py:186} INFO - Started process (PID=577) to work on /home/airflow/.local/lib/python3.12/site-packages/airflow/example_dags/example_sla_dag.py
[2025-07-02T23:32:38.322+0000] {processor.py:914} INFO - Processing file /home/airflow/.local/lib/python3.12/site-packages/airflow/example_dags/example_sla_dag.py for tasks to queue
[2025-07-02T23:32:38.327+0000] {logging_mixin.py:190} INFO - [2025-07-02T23:32:38.326+0000] {dagbag.py:588} INFO - Filling up the DagBag from /home/airflow/.local/lib/python3.12/site-packages/airflow/example_dags/example_sla_dag.py
[2025-07-02T23:32:38.344+0000] {processor.py:925} INFO - DAG(s) 'example_sla_dag' retrieved from /home/airflow/.local/lib/python3.12/site-packages/airflow/example_dags/example_sla_dag.py
[2025-07-02T23:32:38.378+0000] {logging_mixin.py:190} INFO - [2025-07-02T23:32:38.378+0000] {dag.py:3239} INFO - Sync 1 DAGs
[2025-07-02T23:32:38.421+0000] {logging_mixin.py:190} INFO - [2025-07-02T23:32:38.420+0000] {dag.py:4180} INFO - Setting next_dagrun for example_sla_dag to 2025-07-02 23:30:00+00:00, run_after=2025-07-02 23:32:00+00:00
[2025-07-02T23:32:38.451+0000] {processor.py:208} INFO - Processing /home/airflow/.local/lib/python3.12/site-packages/airflow/example_dags/example_sla_dag.py took 0.141 seconds
[2025-07-02T23:33:09.419+0000] {processor.py:186} INFO - Started process (PID=639) to work on /home/airflow/.local/lib/python3.12/site-packages/airflow/example_dags/example_sla_dag.py
[2025-07-02T23:33:09.421+0000] {processor.py:914} INFO - Processing file /home/airflow/.local/lib/python3.12/site-packages/airflow/example_dags/example_sla_dag.py for tasks to queue
[2025-07-02T23:33:09.423+0000] {logging_mixin.py:190} INFO - [2025-07-02T23:33:09.423+0000] {dagbag.py:588} INFO - Filling up the DagBag from /home/airflow/.local/lib/python3.12/site-packages/airflow/example_dags/example_sla_dag.py
[2025-07-02T23:33:09.435+0000] {processor.py:925} INFO - DAG(s) 'example_sla_dag' retrieved from /home/airflow/.local/lib/python3.12/site-packages/airflow/example_dags/example_sla_dag.py
[2025-07-02T23:33:09.453+0000] {logging_mixin.py:190} INFO - [2025-07-02T23:33:09.453+0000] {dag.py:3239} INFO - Sync 1 DAGs
[2025-07-02T23:33:09.477+0000] {logging_mixin.py:190} INFO - [2025-07-02T23:33:09.477+0000] {dag.py:4180} INFO - Setting next_dagrun for example_sla_dag to 2025-07-02 23:30:00+00:00, run_after=2025-07-02 23:32:00+00:00
[2025-07-02T23:33:09.496+0000] {processor.py:208} INFO - Processing /home/airflow/.local/lib/python3.12/site-packages/airflow/example_dags/example_sla_dag.py took 0.083 seconds
[2025-07-02T23:33:39.748+0000] {processor.py:186} INFO - Started process (PID=701) to work on /home/airflow/.local/lib/python3.12/site-packages/airflow/example_dags/example_sla_dag.py
[2025-07-02T23:33:39.749+0000] {processor.py:914} INFO - Processing file /home/airflow/.local/lib/python3.12/site-packages/airflow/example_dags/example_sla_dag.py for tasks to queue
[2025-07-02T23:33:39.751+0000] {logging_mixin.py:190} INFO - [2025-07-02T23:33:39.751+0000] {dagbag.py:588} INFO - Filling up the DagBag from /home/airflow/.local/lib/python3.12/site-packages/airflow/example_dags/example_sla_dag.py
[2025-07-02T23:33:39.760+0000] {processor.py:925} INFO - DAG(s) 'example_sla_dag' retrieved from /home/airflow/.local/lib/python3.12/site-packages/airflow/example_dags/example_sla_dag.py
[2025-07-02T23:33:39.781+0000] {logging_mixin.py:190} INFO - [2025-07-02T23:33:39.781+0000] {dag.py:3239} INFO - Sync 1 DAGs
[2025-07-02T23:33:39.806+0000] {logging_mixin.py:190} INFO - [2025-07-02T23:33:39.806+0000] {dag.py:4180} INFO - Setting next_dagrun for example_sla_dag to 2025-07-02 23:30:00+00:00, run_after=2025-07-02 23:32:00+00:00
[2025-07-02T23:33:39.822+0000] {processor.py:208} INFO - Processing /home/airflow/.local/lib/python3.12/site-packages/airflow/example_dags/example_sla_dag.py took 0.081 seconds
[2025-07-02T23:34:10.076+0000] {processor.py:186} INFO - Started process (PID=763) to work on /home/airflow/.local/lib/python3.12/site-packages/airflow/example_dags/example_sla_dag.py
[2025-07-02T23:34:10.077+0000] {processor.py:914} INFO - Processing file /home/airflow/.local/lib/python3.12/site-packages/airflow/example_dags/example_sla_dag.py for tasks to queue
[2025-07-02T23:34:10.080+0000] {logging_mixin.py:190} INFO - [2025-07-02T23:34:10.080+0000] {dagbag.py:588} INFO - Filling up the DagBag from /home/airflow/.local/lib/python3.12/site-packages/airflow/example_dags/example_sla_dag.py
[2025-07-02T23:34:10.091+0000] {processor.py:925} INFO - DAG(s) 'example_sla_dag' retrieved from /home/airflow/.local/lib/python3.12/site-packages/airflow/example_dags/example_sla_dag.py
[2025-07-02T23:34:10.113+0000] {logging_mixin.py:190} INFO - [2025-07-02T23:34:10.112+0000] {dag.py:3239} INFO - Sync 1 DAGs
[2025-07-02T23:34:10.146+0000] {logging_mixin.py:190} INFO - [2025-07-02T23:34:10.146+0000] {dag.py:4180} INFO - Setting next_dagrun for example_sla_dag to 2025-07-02 23:32:00+00:00, run_after=2025-07-02 23:34:00+00:00
[2025-07-02T23:34:10.169+0000] {processor.py:208} INFO - Processing /home/airflow/.local/lib/python3.12/site-packages/airflow/example_dags/example_sla_dag.py took 0.099 seconds
[2025-07-02T23:34:40.902+0000] {processor.py:186} INFO - Started process (PID=825) to work on /home/airflow/.local/lib/python3.12/site-packages/airflow/example_dags/example_sla_dag.py
[2025-07-02T23:34:40.903+0000] {processor.py:914} INFO - Processing file /home/airflow/.local/lib/python3.12/site-packages/airflow/example_dags/example_sla_dag.py for tasks to queue
[2025-07-02T23:34:40.905+0000] {logging_mixin.py:190} INFO - [2025-07-02T23:34:40.905+0000] {dagbag.py:588} INFO - Filling up the DagBag from /home/airflow/.local/lib/python3.12/site-packages/airflow/example_dags/example_sla_dag.py
[2025-07-02T23:34:40.920+0000] {processor.py:925} INFO - DAG(s) 'example_sla_dag' retrieved from /home/airflow/.local/lib/python3.12/site-packages/airflow/example_dags/example_sla_dag.py
[2025-07-02T23:34:40.938+0000] {logging_mixin.py:190} INFO - [2025-07-02T23:34:40.938+0000] {dag.py:3239} INFO - Sync 1 DAGs
[2025-07-02T23:34:40.962+0000] {logging_mixin.py:190} INFO - [2025-07-02T23:34:40.962+0000] {dag.py:4180} INFO - Setting next_dagrun for example_sla_dag to 2025-07-02 23:32:00+00:00, run_after=2025-07-02 23:34:00+00:00
[2025-07-02T23:34:40.978+0000] {processor.py:208} INFO - Processing /home/airflow/.local/lib/python3.12/site-packages/airflow/example_dags/example_sla_dag.py took 0.082 seconds
[2025-07-02T23:35:11.160+0000] {processor.py:186} INFO - Started process (PID=886) to work on /home/airflow/.local/lib/python3.12/site-packages/airflow/example_dags/example_sla_dag.py
[2025-07-02T23:35:11.162+0000] {processor.py:914} INFO - Processing file /home/airflow/.local/lib/python3.12/site-packages/airflow/example_dags/example_sla_dag.py for tasks to queue
[2025-07-02T23:35:11.165+0000] {logging_mixin.py:190} INFO - [2025-07-02T23:35:11.164+0000] {dagbag.py:588} INFO - Filling up the DagBag from /home/airflow/.local/lib/python3.12/site-packages/airflow/example_dags/example_sla_dag.py
[2025-07-02T23:35:11.176+0000] {processor.py:925} INFO - DAG(s) 'example_sla_dag' retrieved from /home/airflow/.local/lib/python3.12/site-packages/airflow/example_dags/example_sla_dag.py
[2025-07-02T23:35:11.195+0000] {logging_mixin.py:190} INFO - [2025-07-02T23:35:11.195+0000] {dag.py:3239} INFO - Sync 1 DAGs
[2025-07-02T23:35:11.221+0000] {logging_mixin.py:190} INFO - [2025-07-02T23:35:11.221+0000] {dag.py:4180} INFO - Setting next_dagrun for example_sla_dag to 2025-07-02 23:32:00+00:00, run_after=2025-07-02 23:34:00+00:00
[2025-07-02T23:35:11.241+0000] {processor.py:208} INFO - Processing /home/airflow/.local/lib/python3.12/site-packages/airflow/example_dags/example_sla_dag.py took 0.087 seconds
[2025-07-02T23:35:41.515+0000] {processor.py:186} INFO - Started process (PID=948) to work on /home/airflow/.local/lib/python3.12/site-packages/airflow/example_dags/example_sla_dag.py
[2025-07-02T23:35:41.516+0000] {processor.py:914} INFO - Processing file /home/airflow/.local/lib/python3.12/site-packages/airflow/example_dags/example_sla_dag.py for tasks to queue
[2025-07-02T23:35:41.519+0000] {logging_mixin.py:190} INFO - [2025-07-02T23:35:41.519+0000] {dagbag.py:588} INFO - Filling up the DagBag from /home/airflow/.local/lib/python3.12/site-packages/airflow/example_dags/example_sla_dag.py
[2025-07-02T23:35:41.530+0000] {processor.py:925} INFO - DAG(s) 'example_sla_dag' retrieved from /home/airflow/.local/lib/python3.12/site-packages/airflow/example_dags/example_sla_dag.py
[2025-07-02T23:35:41.553+0000] {logging_mixin.py:190} INFO - [2025-07-02T23:35:41.552+0000] {dag.py:3239} INFO - Sync 1 DAGs
[2025-07-02T23:35:41.580+0000] {logging_mixin.py:190} INFO - [2025-07-02T23:35:41.580+0000] {dag.py:4180} INFO - Setting next_dagrun for example_sla_dag to 2025-07-02 23:32:00+00:00, run_after=2025-07-02 23:34:00+00:00
[2025-07-02T23:35:41.596+0000] {processor.py:208} INFO - Processing /home/airflow/.local/lib/python3.12/site-packages/airflow/example_dags/example_sla_dag.py took 0.086 seconds
[2025-07-02T23:36:12.371+0000] {processor.py:186} INFO - Started process (PID=1011) to work on /home/airflow/.local/lib/python3.12/site-packages/airflow/example_dags/example_sla_dag.py
[2025-07-02T23:36:12.372+0000] {processor.py:914} INFO - Processing file /home/airflow/.local/lib/python3.12/site-packages/airflow/example_dags/example_sla_dag.py for tasks to queue
[2025-07-02T23:36:12.375+0000] {logging_mixin.py:190} INFO - [2025-07-02T23:36:12.375+0000] {dagbag.py:588} INFO - Filling up the DagBag from /home/airflow/.local/lib/python3.12/site-packages/airflow/example_dags/example_sla_dag.py
[2025-07-02T23:36:12.384+0000] {processor.py:925} INFO - DAG(s) 'example_sla_dag' retrieved from /home/airflow/.local/lib/python3.12/site-packages/airflow/example_dags/example_sla_dag.py
[2025-07-02T23:36:12.403+0000] {logging_mixin.py:190} INFO - [2025-07-02T23:36:12.403+0000] {dag.py:3239} INFO - Sync 1 DAGs
[2025-07-02T23:36:12.428+0000] {logging_mixin.py:190} INFO - [2025-07-02T23:36:12.427+0000] {dag.py:4180} INFO - Setting next_dagrun for example_sla_dag to 2025-07-02 23:34:00+00:00, run_after=2025-07-02 23:36:00+00:00
[2025-07-02T23:36:12.446+0000] {processor.py:208} INFO - Processing /home/airflow/.local/lib/python3.12/site-packages/airflow/example_dags/example_sla_dag.py took 0.082 seconds
[2025-07-02T23:36:43.049+0000] {processor.py:186} INFO - Started process (PID=1073) to work on /home/airflow/.local/lib/python3.12/site-packages/airflow/example_dags/example_sla_dag.py
[2025-07-02T23:36:43.050+0000] {processor.py:914} INFO - Processing file /home/airflow/.local/lib/python3.12/site-packages/airflow/example_dags/example_sla_dag.py for tasks to queue
[2025-07-02T23:36:43.052+0000] {logging_mixin.py:190} INFO - [2025-07-02T23:36:43.052+0000] {dagbag.py:588} INFO - Filling up the DagBag from /home/airflow/.local/lib/python3.12/site-packages/airflow/example_dags/example_sla_dag.py
[2025-07-02T23:36:43.063+0000] {processor.py:925} INFO - DAG(s) 'example_sla_dag' retrieved from /home/airflow/.local/lib/python3.12/site-packages/airflow/example_dags/example_sla_dag.py
[2025-07-02T23:36:43.083+0000] {logging_mixin.py:190} INFO - [2025-07-02T23:36:43.083+0000] {dag.py:3239} INFO - Sync 1 DAGs
[2025-07-02T23:36:43.110+0000] {logging_mixin.py:190} INFO - [2025-07-02T23:36:43.109+0000] {dag.py:4180} INFO - Setting next_dagrun for example_sla_dag to 2025-07-02 23:34:00+00:00, run_after=2025-07-02 23:36:00+00:00
[2025-07-02T23:36:43.127+0000] {processor.py:208} INFO - Processing /home/airflow/.local/lib/python3.12/site-packages/airflow/example_dags/example_sla_dag.py took 0.083 seconds
[2025-07-02T23:37:13.784+0000] {processor.py:186} INFO - Started process (PID=1135) to work on /home/airflow/.local/lib/python3.12/site-packages/airflow/example_dags/example_sla_dag.py
[2025-07-02T23:37:13.785+0000] {processor.py:914} INFO - Processing file /home/airflow/.local/lib/python3.12/site-packages/airflow/example_dags/example_sla_dag.py for tasks to queue
[2025-07-02T23:37:13.787+0000] {logging_mixin.py:190} INFO - [2025-07-02T23:37:13.787+0000] {dagbag.py:588} INFO - Filling up the DagBag from /home/airflow/.local/lib/python3.12/site-packages/airflow/example_dags/example_sla_dag.py
[2025-07-02T23:37:13.797+0000] {processor.py:925} INFO - DAG(s) 'example_sla_dag' retrieved from /home/airflow/.local/lib/python3.12/site-packages/airflow/example_dags/example_sla_dag.py
[2025-07-02T23:37:13.819+0000] {logging_mixin.py:190} INFO - [2025-07-02T23:37:13.819+0000] {dag.py:3239} INFO - Sync 1 DAGs
[2025-07-02T23:37:13.844+0000] {logging_mixin.py:190} INFO - [2025-07-02T23:37:13.843+0000] {dag.py:4180} INFO - Setting next_dagrun for example_sla_dag to 2025-07-02 23:34:00+00:00, run_after=2025-07-02 23:36:00+00:00
[2025-07-02T23:37:13.874+0000] {processor.py:208} INFO - Processing /home/airflow/.local/lib/python3.12/site-packages/airflow/example_dags/example_sla_dag.py took 0.096 seconds
[2025-07-02T23:37:44.581+0000] {processor.py:186} INFO - Started process (PID=1197) to work on /home/airflow/.local/lib/python3.12/site-packages/airflow/example_dags/example_sla_dag.py
[2025-07-02T23:37:44.582+0000] {processor.py:914} INFO - Processing file /home/airflow/.local/lib/python3.12/site-packages/airflow/example_dags/example_sla_dag.py for tasks to queue
[2025-07-02T23:37:44.584+0000] {logging_mixin.py:190} INFO - [2025-07-02T23:37:44.584+0000] {dagbag.py:588} INFO - Filling up the DagBag from /home/airflow/.local/lib/python3.12/site-packages/airflow/example_dags/example_sla_dag.py
[2025-07-02T23:37:44.599+0000] {processor.py:925} INFO - DAG(s) 'example_sla_dag' retrieved from /home/airflow/.local/lib/python3.12/site-packages/airflow/example_dags/example_sla_dag.py
[2025-07-02T23:37:44.618+0000] {logging_mixin.py:190} INFO - [2025-07-02T23:37:44.618+0000] {dag.py:3239} INFO - Sync 1 DAGs
[2025-07-02T23:37:44.642+0000] {logging_mixin.py:190} INFO - [2025-07-02T23:37:44.642+0000] {dag.py:4180} INFO - Setting next_dagrun for example_sla_dag to 2025-07-02 23:34:00+00:00, run_after=2025-07-02 23:36:00+00:00
[2025-07-02T23:37:44.659+0000] {processor.py:208} INFO - Processing /home/airflow/.local/lib/python3.12/site-packages/airflow/example_dags/example_sla_dag.py took 0.084 seconds
[2025-07-02T23:38:15.228+0000] {processor.py:186} INFO - Started process (PID=1259) to work on /home/airflow/.local/lib/python3.12/site-packages/airflow/example_dags/example_sla_dag.py
[2025-07-02T23:38:15.230+0000] {processor.py:914} INFO - Processing file /home/airflow/.local/lib/python3.12/site-packages/airflow/example_dags/example_sla_dag.py for tasks to queue
[2025-07-02T23:38:15.232+0000] {logging_mixin.py:190} INFO - [2025-07-02T23:38:15.232+0000] {dagbag.py:588} INFO - Filling up the DagBag from /home/airflow/.local/lib/python3.12/site-packages/airflow/example_dags/example_sla_dag.py
[2025-07-02T23:38:15.242+0000] {processor.py:925} INFO - DAG(s) 'example_sla_dag' retrieved from /home/airflow/.local/lib/python3.12/site-packages/airflow/example_dags/example_sla_dag.py
[2025-07-02T23:38:15.264+0000] {logging_mixin.py:190} INFO - [2025-07-02T23:38:15.264+0000] {dag.py:3239} INFO - Sync 1 DAGs
[2025-07-02T23:38:15.291+0000] {logging_mixin.py:190} INFO - [2025-07-02T23:38:15.291+0000] {dag.py:4180} INFO - Setting next_dagrun for example_sla_dag to 2025-07-02 23:36:00+00:00, run_after=2025-07-02 23:38:00+00:00
[2025-07-02T23:38:15.313+0000] {processor.py:208} INFO - Processing /home/airflow/.local/lib/python3.12/site-packages/airflow/example_dags/example_sla_dag.py took 0.090 seconds
[2025-07-02T23:38:46.217+0000] {processor.py:186} INFO - Started process (PID=1321) to work on /home/airflow/.local/lib/python3.12/site-packages/airflow/example_dags/example_sla_dag.py
[2025-07-02T23:38:46.218+0000] {processor.py:914} INFO - Processing file /home/airflow/.local/lib/python3.12/site-packages/airflow/example_dags/example_sla_dag.py for tasks to queue
[2025-07-02T23:38:46.220+0000] {logging_mixin.py:190} INFO - [2025-07-02T23:38:46.220+0000] {dagbag.py:588} INFO - Filling up the DagBag from /home/airflow/.local/lib/python3.12/site-packages/airflow/example_dags/example_sla_dag.py
[2025-07-02T23:38:46.229+0000] {processor.py:925} INFO - DAG(s) 'example_sla_dag' retrieved from /home/airflow/.local/lib/python3.12/site-packages/airflow/example_dags/example_sla_dag.py
[2025-07-02T23:38:46.257+0000] {logging_mixin.py:190} INFO - [2025-07-02T23:38:46.257+0000] {dag.py:3239} INFO - Sync 1 DAGs
[2025-07-02T23:38:46.281+0000] {logging_mixin.py:190} INFO - [2025-07-02T23:38:46.281+0000] {dag.py:4180} INFO - Setting next_dagrun for example_sla_dag to 2025-07-02 23:36:00+00:00, run_after=2025-07-02 23:38:00+00:00
[2025-07-02T23:38:46.298+0000] {processor.py:208} INFO - Processing /home/airflow/.local/lib/python3.12/site-packages/airflow/example_dags/example_sla_dag.py took 0.086 seconds
[2025-07-02T23:39:16.865+0000] {processor.py:186} INFO - Started process (PID=1383) to work on /home/airflow/.local/lib/python3.12/site-packages/airflow/example_dags/example_sla_dag.py
[2025-07-02T23:39:16.866+0000] {processor.py:914} INFO - Processing file /home/airflow/.local/lib/python3.12/site-packages/airflow/example_dags/example_sla_dag.py for tasks to queue
[2025-07-02T23:39:16.868+0000] {logging_mixin.py:190} INFO - [2025-07-02T23:39:16.868+0000] {dagbag.py:588} INFO - Filling up the DagBag from /home/airflow/.local/lib/python3.12/site-packages/airflow/example_dags/example_sla_dag.py
[2025-07-02T23:39:16.878+0000] {processor.py:925} INFO - DAG(s) 'example_sla_dag' retrieved from /home/airflow/.local/lib/python3.12/site-packages/airflow/example_dags/example_sla_dag.py
[2025-07-02T23:39:16.898+0000] {logging_mixin.py:190} INFO - [2025-07-02T23:39:16.898+0000] {dag.py:3239} INFO - Sync 1 DAGs
[2025-07-02T23:39:16.922+0000] {logging_mixin.py:190} INFO - [2025-07-02T23:39:16.922+0000] {dag.py:4180} INFO - Setting next_dagrun for example_sla_dag to 2025-07-02 23:36:00+00:00, run_after=2025-07-02 23:38:00+00:00
[2025-07-02T23:39:16.941+0000] {processor.py:208} INFO - Processing /home/airflow/.local/lib/python3.12/site-packages/airflow/example_dags/example_sla_dag.py took 0.081 seconds
[2025-07-02T23:39:47.236+0000] {processor.py:186} INFO - Started process (PID=1445) to work on /home/airflow/.local/lib/python3.12/site-packages/airflow/example_dags/example_sla_dag.py
[2025-07-02T23:39:47.237+0000] {processor.py:914} INFO - Processing file /home/airflow/.local/lib/python3.12/site-packages/airflow/example_dags/example_sla_dag.py for tasks to queue
[2025-07-02T23:39:47.243+0000] {logging_mixin.py:190} INFO - [2025-07-02T23:39:47.242+0000] {dagbag.py:588} INFO - Filling up the DagBag from /home/airflow/.local/lib/python3.12/site-packages/airflow/example_dags/example_sla_dag.py
[2025-07-02T23:39:47.255+0000] {processor.py:925} INFO - DAG(s) 'example_sla_dag' retrieved from /home/airflow/.local/lib/python3.12/site-packages/airflow/example_dags/example_sla_dag.py
[2025-07-02T23:39:47.284+0000] {logging_mixin.py:190} INFO - [2025-07-02T23:39:47.284+0000] {dag.py:3239} INFO - Sync 1 DAGs
[2025-07-02T23:39:47.317+0000] {logging_mixin.py:190} INFO - [2025-07-02T23:39:47.317+0000] {dag.py:4180} INFO - Setting next_dagrun for example_sla_dag to 2025-07-02 23:36:00+00:00, run_after=2025-07-02 23:38:00+00:00
[2025-07-02T23:39:47.336+0000] {processor.py:208} INFO - Processing /home/airflow/.local/lib/python3.12/site-packages/airflow/example_dags/example_sla_dag.py took 0.107 seconds
[2025-07-02T23:40:18.170+0000] {processor.py:186} INFO - Started process (PID=1507) to work on /home/airflow/.local/lib/python3.12/site-packages/airflow/example_dags/example_sla_dag.py
[2025-07-02T23:40:18.171+0000] {processor.py:914} INFO - Processing file /home/airflow/.local/lib/python3.12/site-packages/airflow/example_dags/example_sla_dag.py for tasks to queue
[2025-07-02T23:40:18.173+0000] {logging_mixin.py:190} INFO - [2025-07-02T23:40:18.173+0000] {dagbag.py:588} INFO - Filling up the DagBag from /home/airflow/.local/lib/python3.12/site-packages/airflow/example_dags/example_sla_dag.py
[2025-07-02T23:40:18.183+0000] {processor.py:925} INFO - DAG(s) 'example_sla_dag' retrieved from /home/airflow/.local/lib/python3.12/site-packages/airflow/example_dags/example_sla_dag.py
[2025-07-02T23:40:18.202+0000] {logging_mixin.py:190} INFO - [2025-07-02T23:40:18.201+0000] {dag.py:3239} INFO - Sync 1 DAGs
[2025-07-02T23:40:18.227+0000] {logging_mixin.py:190} INFO - [2025-07-02T23:40:18.227+0000] {dag.py:4180} INFO - Setting next_dagrun for example_sla_dag to 2025-07-02 23:38:00+00:00, run_after=2025-07-02 23:40:00+00:00
[2025-07-02T23:40:18.245+0000] {processor.py:208} INFO - Processing /home/airflow/.local/lib/python3.12/site-packages/airflow/example_dags/example_sla_dag.py took 0.081 seconds
[2025-07-02T23:40:48.366+0000] {processor.py:186} INFO - Started process (PID=1568) to work on /home/airflow/.local/lib/python3.12/site-packages/airflow/example_dags/example_sla_dag.py
[2025-07-02T23:40:48.368+0000] {processor.py:914} INFO - Processing file /home/airflow/.local/lib/python3.12/site-packages/airflow/example_dags/example_sla_dag.py for tasks to queue
[2025-07-02T23:40:48.371+0000] {logging_mixin.py:190} INFO - [2025-07-02T23:40:48.370+0000] {dagbag.py:588} INFO - Filling up the DagBag from /home/airflow/.local/lib/python3.12/site-packages/airflow/example_dags/example_sla_dag.py
[2025-07-02T23:40:48.384+0000] {processor.py:925} INFO - DAG(s) 'example_sla_dag' retrieved from /home/airflow/.local/lib/python3.12/site-packages/airflow/example_dags/example_sla_dag.py
[2025-07-02T23:40:48.407+0000] {logging_mixin.py:190} INFO - [2025-07-02T23:40:48.407+0000] {dag.py:3239} INFO - Sync 1 DAGs
[2025-07-02T23:40:48.437+0000] {logging_mixin.py:190} INFO - [2025-07-02T23:40:48.437+0000] {dag.py:4180} INFO - Setting next_dagrun for example_sla_dag to 2025-07-02 23:38:00+00:00, run_after=2025-07-02 23:40:00+00:00
[2025-07-02T23:40:48.456+0000] {processor.py:208} INFO - Processing /home/airflow/.local/lib/python3.12/site-packages/airflow/example_dags/example_sla_dag.py took 0.097 seconds
[2025-07-02T23:41:19.065+0000] {processor.py:186} INFO - Started process (PID=1631) to work on /home/airflow/.local/lib/python3.12/site-packages/airflow/example_dags/example_sla_dag.py
[2025-07-02T23:41:19.066+0000] {processor.py:914} INFO - Processing file /home/airflow/.local/lib/python3.12/site-packages/airflow/example_dags/example_sla_dag.py for tasks to queue
[2025-07-02T23:41:19.068+0000] {logging_mixin.py:190} INFO - [2025-07-02T23:41:19.068+0000] {dagbag.py:588} INFO - Filling up the DagBag from /home/airflow/.local/lib/python3.12/site-packages/airflow/example_dags/example_sla_dag.py
[2025-07-02T23:41:19.080+0000] {processor.py:925} INFO - DAG(s) 'example_sla_dag' retrieved from /home/airflow/.local/lib/python3.12/site-packages/airflow/example_dags/example_sla_dag.py
[2025-07-02T23:41:19.101+0000] {logging_mixin.py:190} INFO - [2025-07-02T23:41:19.101+0000] {dag.py:3239} INFO - Sync 1 DAGs
[2025-07-02T23:41:19.127+0000] {logging_mixin.py:190} INFO - [2025-07-02T23:41:19.127+0000] {dag.py:4180} INFO - Setting next_dagrun for example_sla_dag to 2025-07-02 23:38:00+00:00, run_after=2025-07-02 23:40:00+00:00
[2025-07-02T23:41:19.153+0000] {processor.py:208} INFO - Processing /home/airflow/.local/lib/python3.12/site-packages/airflow/example_dags/example_sla_dag.py took 0.094 seconds
[2025-07-02T23:41:49.958+0000] {processor.py:186} INFO - Started process (PID=1693) to work on /home/airflow/.local/lib/python3.12/site-packages/airflow/example_dags/example_sla_dag.py
[2025-07-02T23:41:49.960+0000] {processor.py:914} INFO - Processing file /home/airflow/.local/lib/python3.12/site-packages/airflow/example_dags/example_sla_dag.py for tasks to queue
[2025-07-02T23:41:49.963+0000] {logging_mixin.py:190} INFO - [2025-07-02T23:41:49.962+0000] {dagbag.py:588} INFO - Filling up the DagBag from /home/airflow/.local/lib/python3.12/site-packages/airflow/example_dags/example_sla_dag.py
[2025-07-02T23:41:49.974+0000] {processor.py:925} INFO - DAG(s) 'example_sla_dag' retrieved from /home/airflow/.local/lib/python3.12/site-packages/airflow/example_dags/example_sla_dag.py
[2025-07-02T23:41:49.995+0000] {logging_mixin.py:190} INFO - [2025-07-02T23:41:49.995+0000] {dag.py:3239} INFO - Sync 1 DAGs
[2025-07-02T23:41:50.020+0000] {logging_mixin.py:190} INFO - [2025-07-02T23:41:50.020+0000] {dag.py:4180} INFO - Setting next_dagrun for example_sla_dag to 2025-07-02 23:38:00+00:00, run_after=2025-07-02 23:40:00+00:00
[2025-07-02T23:41:50.037+0000] {processor.py:208} INFO - Processing /home/airflow/.local/lib/python3.12/site-packages/airflow/example_dags/example_sla_dag.py took 0.086 seconds
[2025-07-02T23:42:20.556+0000] {processor.py:186} INFO - Started process (PID=1755) to work on /home/airflow/.local/lib/python3.12/site-packages/airflow/example_dags/example_sla_dag.py
[2025-07-02T23:42:20.557+0000] {processor.py:914} INFO - Processing file /home/airflow/.local/lib/python3.12/site-packages/airflow/example_dags/example_sla_dag.py for tasks to queue
[2025-07-02T23:42:20.559+0000] {logging_mixin.py:190} INFO - [2025-07-02T23:42:20.559+0000] {dagbag.py:588} INFO - Filling up the DagBag from /home/airflow/.local/lib/python3.12/site-packages/airflow/example_dags/example_sla_dag.py
[2025-07-02T23:42:20.569+0000] {processor.py:925} INFO - DAG(s) 'example_sla_dag' retrieved from /home/airflow/.local/lib/python3.12/site-packages/airflow/example_dags/example_sla_dag.py
[2025-07-02T23:42:20.587+0000] {logging_mixin.py:190} INFO - [2025-07-02T23:42:20.587+0000] {dag.py:3239} INFO - Sync 1 DAGs
[2025-07-02T23:42:20.615+0000] {logging_mixin.py:190} INFO - [2025-07-02T23:42:20.615+0000] {dag.py:4180} INFO - Setting next_dagrun for example_sla_dag to 2025-07-02 23:40:00+00:00, run_after=2025-07-02 23:42:00+00:00
[2025-07-02T23:42:20.635+0000] {processor.py:208} INFO - Processing /home/airflow/.local/lib/python3.12/site-packages/airflow/example_dags/example_sla_dag.py took 0.084 seconds
[2025-07-02T23:42:51.212+0000] {processor.py:186} INFO - Started process (PID=1817) to work on /home/airflow/.local/lib/python3.12/site-packages/airflow/example_dags/example_sla_dag.py
[2025-07-02T23:42:51.214+0000] {processor.py:914} INFO - Processing file /home/airflow/.local/lib/python3.12/site-packages/airflow/example_dags/example_sla_dag.py for tasks to queue
[2025-07-02T23:42:51.216+0000] {logging_mixin.py:190} INFO - [2025-07-02T23:42:51.216+0000] {dagbag.py:588} INFO - Filling up the DagBag from /home/airflow/.local/lib/python3.12/site-packages/airflow/example_dags/example_sla_dag.py
[2025-07-02T23:42:51.231+0000] {processor.py:925} INFO - DAG(s) 'example_sla_dag' retrieved from /home/airflow/.local/lib/python3.12/site-packages/airflow/example_dags/example_sla_dag.py
[2025-07-02T23:42:51.250+0000] {logging_mixin.py:190} INFO - [2025-07-02T23:42:51.250+0000] {dag.py:3239} INFO - Sync 1 DAGs
[2025-07-02T23:42:51.279+0000] {logging_mixin.py:190} INFO - [2025-07-02T23:42:51.279+0000] {dag.py:4180} INFO - Setting next_dagrun for example_sla_dag to 2025-07-02 23:40:00+00:00, run_after=2025-07-02 23:42:00+00:00
[2025-07-02T23:42:51.299+0000] {processor.py:208} INFO - Processing /home/airflow/.local/lib/python3.12/site-packages/airflow/example_dags/example_sla_dag.py took 0.093 seconds
[2025-07-02T23:43:21.812+0000] {processor.py:186} INFO - Started process (PID=1879) to work on /home/airflow/.local/lib/python3.12/site-packages/airflow/example_dags/example_sla_dag.py
[2025-07-02T23:43:21.813+0000] {processor.py:914} INFO - Processing file /home/airflow/.local/lib/python3.12/site-packages/airflow/example_dags/example_sla_dag.py for tasks to queue
[2025-07-02T23:43:21.816+0000] {logging_mixin.py:190} INFO - [2025-07-02T23:43:21.816+0000] {dagbag.py:588} INFO - Filling up the DagBag from /home/airflow/.local/lib/python3.12/site-packages/airflow/example_dags/example_sla_dag.py
[2025-07-02T23:43:21.825+0000] {processor.py:925} INFO - DAG(s) 'example_sla_dag' retrieved from /home/airflow/.local/lib/python3.12/site-packages/airflow/example_dags/example_sla_dag.py
[2025-07-02T23:43:21.845+0000] {logging_mixin.py:190} INFO - [2025-07-02T23:43:21.845+0000] {dag.py:3239} INFO - Sync 1 DAGs
[2025-07-02T23:43:21.877+0000] {logging_mixin.py:190} INFO - [2025-07-02T23:43:21.877+0000] {dag.py:4180} INFO - Setting next_dagrun for example_sla_dag to 2025-07-02 23:40:00+00:00, run_after=2025-07-02 23:42:00+00:00
[2025-07-02T23:43:21.898+0000] {processor.py:208} INFO - Processing /home/airflow/.local/lib/python3.12/site-packages/airflow/example_dags/example_sla_dag.py took 0.091 seconds
[2025-07-02T23:43:52.134+0000] {processor.py:186} INFO - Started process (PID=1940) to work on /home/airflow/.local/lib/python3.12/site-packages/airflow/example_dags/example_sla_dag.py
[2025-07-02T23:43:52.136+0000] {processor.py:914} INFO - Processing file /home/airflow/.local/lib/python3.12/site-packages/airflow/example_dags/example_sla_dag.py for tasks to queue
[2025-07-02T23:43:52.139+0000] {logging_mixin.py:190} INFO - [2025-07-02T23:43:52.138+0000] {dagbag.py:588} INFO - Filling up the DagBag from /home/airflow/.local/lib/python3.12/site-packages/airflow/example_dags/example_sla_dag.py
[2025-07-02T23:43:52.152+0000] {processor.py:925} INFO - DAG(s) 'example_sla_dag' retrieved from /home/airflow/.local/lib/python3.12/site-packages/airflow/example_dags/example_sla_dag.py
[2025-07-02T23:43:52.179+0000] {logging_mixin.py:190} INFO - [2025-07-02T23:43:52.179+0000] {dag.py:3239} INFO - Sync 1 DAGs
[2025-07-02T23:43:52.211+0000] {logging_mixin.py:190} INFO - [2025-07-02T23:43:52.211+0000] {dag.py:4180} INFO - Setting next_dagrun for example_sla_dag to 2025-07-02 23:40:00+00:00, run_after=2025-07-02 23:42:00+00:00
[2025-07-02T23:43:52.233+0000] {processor.py:208} INFO - Processing /home/airflow/.local/lib/python3.12/site-packages/airflow/example_dags/example_sla_dag.py took 0.106 seconds
[2025-07-02T23:44:22.351+0000] {processor.py:186} INFO - Started process (PID=2002) to work on /home/airflow/.local/lib/python3.12/site-packages/airflow/example_dags/example_sla_dag.py
[2025-07-02T23:44:22.353+0000] {processor.py:914} INFO - Processing file /home/airflow/.local/lib/python3.12/site-packages/airflow/example_dags/example_sla_dag.py for tasks to queue
[2025-07-02T23:44:22.356+0000] {logging_mixin.py:190} INFO - [2025-07-02T23:44:22.356+0000] {dagbag.py:588} INFO - Filling up the DagBag from /home/airflow/.local/lib/python3.12/site-packages/airflow/example_dags/example_sla_dag.py
[2025-07-02T23:44:22.375+0000] {processor.py:925} INFO - DAG(s) 'example_sla_dag' retrieved from /home/airflow/.local/lib/python3.12/site-packages/airflow/example_dags/example_sla_dag.py
[2025-07-02T23:44:22.406+0000] {logging_mixin.py:190} INFO - [2025-07-02T23:44:22.406+0000] {dag.py:3239} INFO - Sync 1 DAGs
[2025-07-02T23:44:22.443+0000] {logging_mixin.py:190} INFO - [2025-07-02T23:44:22.442+0000] {dag.py:4180} INFO - Setting next_dagrun for example_sla_dag to 2025-07-02 23:42:00+00:00, run_after=2025-07-02 23:44:00+00:00
[2025-07-02T23:44:22.461+0000] {processor.py:208} INFO - Processing /home/airflow/.local/lib/python3.12/site-packages/airflow/example_dags/example_sla_dag.py took 0.119 seconds
[2025-07-02T23:44:53.026+0000] {processor.py:186} INFO - Started process (PID=2064) to work on /home/airflow/.local/lib/python3.12/site-packages/airflow/example_dags/example_sla_dag.py
[2025-07-02T23:44:53.027+0000] {processor.py:914} INFO - Processing file /home/airflow/.local/lib/python3.12/site-packages/airflow/example_dags/example_sla_dag.py for tasks to queue
[2025-07-02T23:44:53.030+0000] {logging_mixin.py:190} INFO - [2025-07-02T23:44:53.030+0000] {dagbag.py:588} INFO - Filling up the DagBag from /home/airflow/.local/lib/python3.12/site-packages/airflow/example_dags/example_sla_dag.py
[2025-07-02T23:44:53.041+0000] {processor.py:925} INFO - DAG(s) 'example_sla_dag' retrieved from /home/airflow/.local/lib/python3.12/site-packages/airflow/example_dags/example_sla_dag.py
[2025-07-02T23:44:53.062+0000] {logging_mixin.py:190} INFO - [2025-07-02T23:44:53.062+0000] {dag.py:3239} INFO - Sync 1 DAGs
[2025-07-02T23:44:53.089+0000] {logging_mixin.py:190} INFO - [2025-07-02T23:44:53.088+0000] {dag.py:4180} INFO - Setting next_dagrun for example_sla_dag to 2025-07-02 23:42:00+00:00, run_after=2025-07-02 23:44:00+00:00
[2025-07-02T23:44:53.107+0000] {processor.py:208} INFO - Processing /home/airflow/.local/lib/python3.12/site-packages/airflow/example_dags/example_sla_dag.py took 0.088 seconds
[2025-07-02T23:45:23.371+0000] {processor.py:186} INFO - Started process (PID=2126) to work on /home/airflow/.local/lib/python3.12/site-packages/airflow/example_dags/example_sla_dag.py
[2025-07-02T23:45:23.372+0000] {processor.py:914} INFO - Processing file /home/airflow/.local/lib/python3.12/site-packages/airflow/example_dags/example_sla_dag.py for tasks to queue
[2025-07-02T23:45:23.374+0000] {logging_mixin.py:190} INFO - [2025-07-02T23:45:23.374+0000] {dagbag.py:588} INFO - Filling up the DagBag from /home/airflow/.local/lib/python3.12/site-packages/airflow/example_dags/example_sla_dag.py
[2025-07-02T23:45:23.384+0000] {processor.py:925} INFO - DAG(s) 'example_sla_dag' retrieved from /home/airflow/.local/lib/python3.12/site-packages/airflow/example_dags/example_sla_dag.py
[2025-07-02T23:45:23.406+0000] {logging_mixin.py:190} INFO - [2025-07-02T23:45:23.406+0000] {dag.py:3239} INFO - Sync 1 DAGs
[2025-07-02T23:45:23.439+0000] {logging_mixin.py:190} INFO - [2025-07-02T23:45:23.438+0000] {dag.py:4180} INFO - Setting next_dagrun for example_sla_dag to 2025-07-02 23:42:00+00:00, run_after=2025-07-02 23:44:00+00:00
[2025-07-02T23:45:23.460+0000] {processor.py:208} INFO - Processing /home/airflow/.local/lib/python3.12/site-packages/airflow/example_dags/example_sla_dag.py took 0.095 seconds
[2025-07-02T23:45:54.175+0000] {processor.py:186} INFO - Started process (PID=2188) to work on /home/airflow/.local/lib/python3.12/site-packages/airflow/example_dags/example_sla_dag.py
[2025-07-02T23:45:54.176+0000] {processor.py:914} INFO - Processing file /home/airflow/.local/lib/python3.12/site-packages/airflow/example_dags/example_sla_dag.py for tasks to queue
[2025-07-02T23:45:54.179+0000] {logging_mixin.py:190} INFO - [2025-07-02T23:45:54.179+0000] {dagbag.py:588} INFO - Filling up the DagBag from /home/airflow/.local/lib/python3.12/site-packages/airflow/example_dags/example_sla_dag.py
[2025-07-02T23:45:54.194+0000] {processor.py:925} INFO - DAG(s) 'example_sla_dag' retrieved from /home/airflow/.local/lib/python3.12/site-packages/airflow/example_dags/example_sla_dag.py
[2025-07-02T23:45:54.220+0000] {logging_mixin.py:190} INFO - [2025-07-02T23:45:54.220+0000] {dag.py:3239} INFO - Sync 1 DAGs
[2025-07-02T23:45:54.256+0000] {logging_mixin.py:190} INFO - [2025-07-02T23:45:54.255+0000] {dag.py:4180} INFO - Setting next_dagrun for example_sla_dag to 2025-07-02 23:42:00+00:00, run_after=2025-07-02 23:44:00+00:00
[2025-07-02T23:45:54.279+0000] {processor.py:208} INFO - Processing /home/airflow/.local/lib/python3.12/site-packages/airflow/example_dags/example_sla_dag.py took 0.110 seconds
[2025-07-02T23:46:24.397+0000] {processor.py:186} INFO - Started process (PID=2250) to work on /home/airflow/.local/lib/python3.12/site-packages/airflow/example_dags/example_sla_dag.py
[2025-07-02T23:46:24.398+0000] {processor.py:914} INFO - Processing file /home/airflow/.local/lib/python3.12/site-packages/airflow/example_dags/example_sla_dag.py for tasks to queue
[2025-07-02T23:46:24.401+0000] {logging_mixin.py:190} INFO - [2025-07-02T23:46:24.400+0000] {dagbag.py:588} INFO - Filling up the DagBag from /home/airflow/.local/lib/python3.12/site-packages/airflow/example_dags/example_sla_dag.py
[2025-07-02T23:46:24.410+0000] {processor.py:925} INFO - DAG(s) 'example_sla_dag' retrieved from /home/airflow/.local/lib/python3.12/site-packages/airflow/example_dags/example_sla_dag.py
[2025-07-02T23:46:24.429+0000] {logging_mixin.py:190} INFO - [2025-07-02T23:46:24.429+0000] {dag.py:3239} INFO - Sync 1 DAGs
[2025-07-02T23:46:24.452+0000] {logging_mixin.py:190} INFO - [2025-07-02T23:46:24.452+0000] {dag.py:4180} INFO - Setting next_dagrun for example_sla_dag to 2025-07-02 23:44:00+00:00, run_after=2025-07-02 23:46:00+00:00
[2025-07-02T23:46:24.469+0000] {processor.py:208} INFO - Processing /home/airflow/.local/lib/python3.12/site-packages/airflow/example_dags/example_sla_dag.py took 0.077 seconds
[2025-07-02T23:46:54.710+0000] {processor.py:186} INFO - Started process (PID=2312) to work on /home/airflow/.local/lib/python3.12/site-packages/airflow/example_dags/example_sla_dag.py
[2025-07-02T23:46:54.711+0000] {processor.py:914} INFO - Processing file /home/airflow/.local/lib/python3.12/site-packages/airflow/example_dags/example_sla_dag.py for tasks to queue
[2025-07-02T23:46:54.715+0000] {logging_mixin.py:190} INFO - [2025-07-02T23:46:54.714+0000] {dagbag.py:588} INFO - Filling up the DagBag from /home/airflow/.local/lib/python3.12/site-packages/airflow/example_dags/example_sla_dag.py
[2025-07-02T23:46:54.729+0000] {processor.py:925} INFO - DAG(s) 'example_sla_dag' retrieved from /home/airflow/.local/lib/python3.12/site-packages/airflow/example_dags/example_sla_dag.py
[2025-07-02T23:46:54.762+0000] {logging_mixin.py:190} INFO - [2025-07-02T23:46:54.762+0000] {dag.py:3239} INFO - Sync 1 DAGs
[2025-07-02T23:46:54.792+0000] {logging_mixin.py:190} INFO - [2025-07-02T23:46:54.792+0000] {dag.py:4180} INFO - Setting next_dagrun for example_sla_dag to 2025-07-02 23:44:00+00:00, run_after=2025-07-02 23:46:00+00:00
[2025-07-02T23:46:54.815+0000] {processor.py:208} INFO - Processing /home/airflow/.local/lib/python3.12/site-packages/airflow/example_dags/example_sla_dag.py took 0.114 seconds
[2025-07-02T23:47:25.167+0000] {processor.py:186} INFO - Started process (PID=2374) to work on /home/airflow/.local/lib/python3.12/site-packages/airflow/example_dags/example_sla_dag.py
[2025-07-02T23:47:25.168+0000] {processor.py:914} INFO - Processing file /home/airflow/.local/lib/python3.12/site-packages/airflow/example_dags/example_sla_dag.py for tasks to queue
[2025-07-02T23:47:25.171+0000] {logging_mixin.py:190} INFO - [2025-07-02T23:47:25.170+0000] {dagbag.py:588} INFO - Filling up the DagBag from /home/airflow/.local/lib/python3.12/site-packages/airflow/example_dags/example_sla_dag.py
[2025-07-02T23:47:25.180+0000] {processor.py:925} INFO - DAG(s) 'example_sla_dag' retrieved from /home/airflow/.local/lib/python3.12/site-packages/airflow/example_dags/example_sla_dag.py
[2025-07-02T23:47:25.200+0000] {logging_mixin.py:190} INFO - [2025-07-02T23:47:25.200+0000] {dag.py:3239} INFO - Sync 1 DAGs
[2025-07-02T23:47:25.224+0000] {logging_mixin.py:190} INFO - [2025-07-02T23:47:25.224+0000] {dag.py:4180} INFO - Setting next_dagrun for example_sla_dag to 2025-07-02 23:44:00+00:00, run_after=2025-07-02 23:46:00+00:00
[2025-07-02T23:47:25.251+0000] {processor.py:208} INFO - Processing /home/airflow/.local/lib/python3.12/site-packages/airflow/example_dags/example_sla_dag.py took 0.089 seconds
[2025-07-02T23:47:56.168+0000] {processor.py:186} INFO - Started process (PID=2436) to work on /home/airflow/.local/lib/python3.12/site-packages/airflow/example_dags/example_sla_dag.py
[2025-07-02T23:47:56.169+0000] {processor.py:914} INFO - Processing file /home/airflow/.local/lib/python3.12/site-packages/airflow/example_dags/example_sla_dag.py for tasks to queue
[2025-07-02T23:47:56.172+0000] {logging_mixin.py:190} INFO - [2025-07-02T23:47:56.171+0000] {dagbag.py:588} INFO - Filling up the DagBag from /home/airflow/.local/lib/python3.12/site-packages/airflow/example_dags/example_sla_dag.py
[2025-07-02T23:47:56.182+0000] {processor.py:925} INFO - DAG(s) 'example_sla_dag' retrieved from /home/airflow/.local/lib/python3.12/site-packages/airflow/example_dags/example_sla_dag.py
[2025-07-02T23:47:56.202+0000] {logging_mixin.py:190} INFO - [2025-07-02T23:47:56.202+0000] {dag.py:3239} INFO - Sync 1 DAGs
[2025-07-02T23:47:56.228+0000] {logging_mixin.py:190} INFO - [2025-07-02T23:47:56.228+0000] {dag.py:4180} INFO - Setting next_dagrun for example_sla_dag to 2025-07-02 23:44:00+00:00, run_after=2025-07-02 23:46:00+00:00
[2025-07-02T23:47:56.245+0000] {processor.py:208} INFO - Processing /home/airflow/.local/lib/python3.12/site-packages/airflow/example_dags/example_sla_dag.py took 0.083 seconds
[2025-07-02T23:48:26.467+0000] {processor.py:186} INFO - Started process (PID=2498) to work on /home/airflow/.local/lib/python3.12/site-packages/airflow/example_dags/example_sla_dag.py
[2025-07-02T23:48:26.468+0000] {processor.py:914} INFO - Processing file /home/airflow/.local/lib/python3.12/site-packages/airflow/example_dags/example_sla_dag.py for tasks to queue
[2025-07-02T23:48:26.471+0000] {logging_mixin.py:190} INFO - [2025-07-02T23:48:26.471+0000] {dagbag.py:588} INFO - Filling up the DagBag from /home/airflow/.local/lib/python3.12/site-packages/airflow/example_dags/example_sla_dag.py
[2025-07-02T23:48:26.485+0000] {processor.py:925} INFO - DAG(s) 'example_sla_dag' retrieved from /home/airflow/.local/lib/python3.12/site-packages/airflow/example_dags/example_sla_dag.py
[2025-07-02T23:48:26.505+0000] {logging_mixin.py:190} INFO - [2025-07-02T23:48:26.505+0000] {dag.py:3239} INFO - Sync 1 DAGs
[2025-07-02T23:48:26.533+0000] {logging_mixin.py:190} INFO - [2025-07-02T23:48:26.533+0000] {dag.py:4180} INFO - Setting next_dagrun for example_sla_dag to 2025-07-02 23:46:00+00:00, run_after=2025-07-02 23:48:00+00:00
[2025-07-02T23:48:26.550+0000] {processor.py:208} INFO - Processing /home/airflow/.local/lib/python3.12/site-packages/airflow/example_dags/example_sla_dag.py took 0.092 seconds
[2025-07-02T23:48:56.924+0000] {processor.py:186} INFO - Started process (PID=2560) to work on /home/airflow/.local/lib/python3.12/site-packages/airflow/example_dags/example_sla_dag.py
[2025-07-02T23:48:56.925+0000] {processor.py:914} INFO - Processing file /home/airflow/.local/lib/python3.12/site-packages/airflow/example_dags/example_sla_dag.py for tasks to queue
[2025-07-02T23:48:56.930+0000] {logging_mixin.py:190} INFO - [2025-07-02T23:48:56.929+0000] {dagbag.py:588} INFO - Filling up the DagBag from /home/airflow/.local/lib/python3.12/site-packages/airflow/example_dags/example_sla_dag.py
[2025-07-02T23:48:56.943+0000] {processor.py:925} INFO - DAG(s) 'example_sla_dag' retrieved from /home/airflow/.local/lib/python3.12/site-packages/airflow/example_dags/example_sla_dag.py
[2025-07-02T23:48:56.968+0000] {logging_mixin.py:190} INFO - [2025-07-02T23:48:56.968+0000] {dag.py:3239} INFO - Sync 1 DAGs
[2025-07-02T23:48:57.002+0000] {logging_mixin.py:190} INFO - [2025-07-02T23:48:57.002+0000] {dag.py:4180} INFO - Setting next_dagrun for example_sla_dag to 2025-07-02 23:46:00+00:00, run_after=2025-07-02 23:48:00+00:00
[2025-07-02T23:48:57.020+0000] {processor.py:208} INFO - Processing /home/airflow/.local/lib/python3.12/site-packages/airflow/example_dags/example_sla_dag.py took 0.104 seconds
[2025-07-02T23:49:27.257+0000] {processor.py:186} INFO - Started process (PID=2622) to work on /home/airflow/.local/lib/python3.12/site-packages/airflow/example_dags/example_sla_dag.py
[2025-07-02T23:49:27.258+0000] {processor.py:914} INFO - Processing file /home/airflow/.local/lib/python3.12/site-packages/airflow/example_dags/example_sla_dag.py for tasks to queue
[2025-07-02T23:49:27.260+0000] {logging_mixin.py:190} INFO - [2025-07-02T23:49:27.260+0000] {dagbag.py:588} INFO - Filling up the DagBag from /home/airflow/.local/lib/python3.12/site-packages/airflow/example_dags/example_sla_dag.py
[2025-07-02T23:49:27.270+0000] {processor.py:925} INFO - DAG(s) 'example_sla_dag' retrieved from /home/airflow/.local/lib/python3.12/site-packages/airflow/example_dags/example_sla_dag.py
[2025-07-02T23:49:27.289+0000] {logging_mixin.py:190} INFO - [2025-07-02T23:49:27.288+0000] {dag.py:3239} INFO - Sync 1 DAGs
[2025-07-02T23:49:27.312+0000] {logging_mixin.py:190} INFO - [2025-07-02T23:49:27.312+0000] {dag.py:4180} INFO - Setting next_dagrun for example_sla_dag to 2025-07-02 23:46:00+00:00, run_after=2025-07-02 23:48:00+00:00
[2025-07-02T23:49:27.328+0000] {processor.py:208} INFO - Processing /home/airflow/.local/lib/python3.12/site-packages/airflow/example_dags/example_sla_dag.py took 0.077 seconds
[2025-07-02T23:49:57.752+0000] {processor.py:186} INFO - Started process (PID=2684) to work on /home/airflow/.local/lib/python3.12/site-packages/airflow/example_dags/example_sla_dag.py
[2025-07-02T23:49:57.753+0000] {processor.py:914} INFO - Processing file /home/airflow/.local/lib/python3.12/site-packages/airflow/example_dags/example_sla_dag.py for tasks to queue
[2025-07-02T23:49:57.756+0000] {logging_mixin.py:190} INFO - [2025-07-02T23:49:57.755+0000] {dagbag.py:588} INFO - Filling up the DagBag from /home/airflow/.local/lib/python3.12/site-packages/airflow/example_dags/example_sla_dag.py
[2025-07-02T23:49:57.766+0000] {processor.py:925} INFO - DAG(s) 'example_sla_dag' retrieved from /home/airflow/.local/lib/python3.12/site-packages/airflow/example_dags/example_sla_dag.py
[2025-07-02T23:49:57.785+0000] {logging_mixin.py:190} INFO - [2025-07-02T23:49:57.784+0000] {dag.py:3239} INFO - Sync 1 DAGs
[2025-07-02T23:49:57.809+0000] {logging_mixin.py:190} INFO - [2025-07-02T23:49:57.809+0000] {dag.py:4180} INFO - Setting next_dagrun for example_sla_dag to 2025-07-02 23:46:00+00:00, run_after=2025-07-02 23:48:00+00:00
[2025-07-02T23:49:57.826+0000] {processor.py:208} INFO - Processing /home/airflow/.local/lib/python3.12/site-packages/airflow/example_dags/example_sla_dag.py took 0.080 seconds
[2025-07-02T23:50:28.213+0000] {processor.py:186} INFO - Started process (PID=2746) to work on /home/airflow/.local/lib/python3.12/site-packages/airflow/example_dags/example_sla_dag.py
[2025-07-02T23:50:28.215+0000] {processor.py:914} INFO - Processing file /home/airflow/.local/lib/python3.12/site-packages/airflow/example_dags/example_sla_dag.py for tasks to queue
[2025-07-02T23:50:28.217+0000] {logging_mixin.py:190} INFO - [2025-07-02T23:50:28.217+0000] {dagbag.py:588} INFO - Filling up the DagBag from /home/airflow/.local/lib/python3.12/site-packages/airflow/example_dags/example_sla_dag.py
[2025-07-02T23:50:28.227+0000] {processor.py:925} INFO - DAG(s) 'example_sla_dag' retrieved from /home/airflow/.local/lib/python3.12/site-packages/airflow/example_dags/example_sla_dag.py
[2025-07-02T23:50:28.245+0000] {logging_mixin.py:190} INFO - [2025-07-02T23:50:28.245+0000] {dag.py:3239} INFO - Sync 1 DAGs
[2025-07-02T23:50:28.270+0000] {logging_mixin.py:190} INFO - [2025-07-02T23:50:28.269+0000] {dag.py:4180} INFO - Setting next_dagrun for example_sla_dag to 2025-07-02 23:48:00+00:00, run_after=2025-07-02 23:50:00+00:00
[2025-07-02T23:50:28.288+0000] {processor.py:208} INFO - Processing /home/airflow/.local/lib/python3.12/site-packages/airflow/example_dags/example_sla_dag.py took 0.080 seconds
[2025-07-02T23:50:59.102+0000] {processor.py:186} INFO - Started process (PID=2808) to work on /home/airflow/.local/lib/python3.12/site-packages/airflow/example_dags/example_sla_dag.py
[2025-07-02T23:50:59.103+0000] {processor.py:914} INFO - Processing file /home/airflow/.local/lib/python3.12/site-packages/airflow/example_dags/example_sla_dag.py for tasks to queue
[2025-07-02T23:50:59.107+0000] {logging_mixin.py:190} INFO - [2025-07-02T23:50:59.107+0000] {dagbag.py:588} INFO - Filling up the DagBag from /home/airflow/.local/lib/python3.12/site-packages/airflow/example_dags/example_sla_dag.py
[2025-07-02T23:50:59.120+0000] {processor.py:925} INFO - DAG(s) 'example_sla_dag' retrieved from /home/airflow/.local/lib/python3.12/site-packages/airflow/example_dags/example_sla_dag.py
[2025-07-02T23:50:59.141+0000] {logging_mixin.py:190} INFO - [2025-07-02T23:50:59.140+0000] {dag.py:3239} INFO - Sync 1 DAGs
[2025-07-02T23:50:59.166+0000] {logging_mixin.py:190} INFO - [2025-07-02T23:50:59.166+0000] {dag.py:4180} INFO - Setting next_dagrun for example_sla_dag to 2025-07-02 23:48:00+00:00, run_after=2025-07-02 23:50:00+00:00
[2025-07-02T23:50:59.183+0000] {processor.py:208} INFO - Processing /home/airflow/.local/lib/python3.12/site-packages/airflow/example_dags/example_sla_dag.py took 0.088 seconds
[2025-07-02T23:51:29.316+0000] {processor.py:186} INFO - Started process (PID=2869) to work on /home/airflow/.local/lib/python3.12/site-packages/airflow/example_dags/example_sla_dag.py
[2025-07-02T23:51:29.317+0000] {processor.py:914} INFO - Processing file /home/airflow/.local/lib/python3.12/site-packages/airflow/example_dags/example_sla_dag.py for tasks to queue
[2025-07-02T23:51:29.319+0000] {logging_mixin.py:190} INFO - [2025-07-02T23:51:29.319+0000] {dagbag.py:588} INFO - Filling up the DagBag from /home/airflow/.local/lib/python3.12/site-packages/airflow/example_dags/example_sla_dag.py
[2025-07-02T23:51:29.329+0000] {processor.py:925} INFO - DAG(s) 'example_sla_dag' retrieved from /home/airflow/.local/lib/python3.12/site-packages/airflow/example_dags/example_sla_dag.py
[2025-07-02T23:51:29.349+0000] {logging_mixin.py:190} INFO - [2025-07-02T23:51:29.349+0000] {dag.py:3239} INFO - Sync 1 DAGs
[2025-07-02T23:51:29.373+0000] {logging_mixin.py:190} INFO - [2025-07-02T23:51:29.373+0000] {dag.py:4180} INFO - Setting next_dagrun for example_sla_dag to 2025-07-02 23:48:00+00:00, run_after=2025-07-02 23:50:00+00:00
[2025-07-02T23:51:29.389+0000] {processor.py:208} INFO - Processing /home/airflow/.local/lib/python3.12/site-packages/airflow/example_dags/example_sla_dag.py took 0.078 seconds
[2025-07-02T23:51:59.751+0000] {processor.py:186} INFO - Started process (PID=2932) to work on /home/airflow/.local/lib/python3.12/site-packages/airflow/example_dags/example_sla_dag.py
[2025-07-02T23:51:59.753+0000] {processor.py:914} INFO - Processing file /home/airflow/.local/lib/python3.12/site-packages/airflow/example_dags/example_sla_dag.py for tasks to queue
[2025-07-02T23:51:59.755+0000] {logging_mixin.py:190} INFO - [2025-07-02T23:51:59.755+0000] {dagbag.py:588} INFO - Filling up the DagBag from /home/airflow/.local/lib/python3.12/site-packages/airflow/example_dags/example_sla_dag.py
[2025-07-02T23:51:59.768+0000] {processor.py:925} INFO - DAG(s) 'example_sla_dag' retrieved from /home/airflow/.local/lib/python3.12/site-packages/airflow/example_dags/example_sla_dag.py
[2025-07-02T23:51:59.788+0000] {logging_mixin.py:190} INFO - [2025-07-02T23:51:59.788+0000] {dag.py:3239} INFO - Sync 1 DAGs
[2025-07-02T23:51:59.814+0000] {logging_mixin.py:190} INFO - [2025-07-02T23:51:59.814+0000] {dag.py:4180} INFO - Setting next_dagrun for example_sla_dag to 2025-07-02 23:48:00+00:00, run_after=2025-07-02 23:50:00+00:00
[2025-07-02T23:51:59.844+0000] {processor.py:208} INFO - Processing /home/airflow/.local/lib/python3.12/site-packages/airflow/example_dags/example_sla_dag.py took 0.100 seconds
[2025-07-02T23:52:29.951+0000] {processor.py:186} INFO - Started process (PID=2994) to work on /home/airflow/.local/lib/python3.12/site-packages/airflow/example_dags/example_sla_dag.py
[2025-07-02T23:52:29.952+0000] {processor.py:914} INFO - Processing file /home/airflow/.local/lib/python3.12/site-packages/airflow/example_dags/example_sla_dag.py for tasks to queue
[2025-07-02T23:52:29.954+0000] {logging_mixin.py:190} INFO - [2025-07-02T23:52:29.954+0000] {dagbag.py:588} INFO - Filling up the DagBag from /home/airflow/.local/lib/python3.12/site-packages/airflow/example_dags/example_sla_dag.py
[2025-07-02T23:52:29.963+0000] {processor.py:925} INFO - DAG(s) 'example_sla_dag' retrieved from /home/airflow/.local/lib/python3.12/site-packages/airflow/example_dags/example_sla_dag.py
[2025-07-02T23:52:29.984+0000] {logging_mixin.py:190} INFO - [2025-07-02T23:52:29.983+0000] {dag.py:3239} INFO - Sync 1 DAGs
[2025-07-02T23:52:30.008+0000] {logging_mixin.py:190} INFO - [2025-07-02T23:52:30.008+0000] {dag.py:4180} INFO - Setting next_dagrun for example_sla_dag to 2025-07-02 23:50:00+00:00, run_after=2025-07-02 23:52:00+00:00
[2025-07-02T23:52:30.026+0000] {processor.py:208} INFO - Processing /home/airflow/.local/lib/python3.12/site-packages/airflow/example_dags/example_sla_dag.py took 0.081 seconds
[2025-07-02T23:53:00.558+0000] {processor.py:186} INFO - Started process (PID=3056) to work on /home/airflow/.local/lib/python3.12/site-packages/airflow/example_dags/example_sla_dag.py
[2025-07-02T23:53:00.559+0000] {processor.py:914} INFO - Processing file /home/airflow/.local/lib/python3.12/site-packages/airflow/example_dags/example_sla_dag.py for tasks to queue
[2025-07-02T23:53:00.562+0000] {logging_mixin.py:190} INFO - [2025-07-02T23:53:00.561+0000] {dagbag.py:588} INFO - Filling up the DagBag from /home/airflow/.local/lib/python3.12/site-packages/airflow/example_dags/example_sla_dag.py
[2025-07-02T23:53:00.572+0000] {processor.py:925} INFO - DAG(s) 'example_sla_dag' retrieved from /home/airflow/.local/lib/python3.12/site-packages/airflow/example_dags/example_sla_dag.py
[2025-07-02T23:53:00.591+0000] {logging_mixin.py:190} INFO - [2025-07-02T23:53:00.590+0000] {dag.py:3239} INFO - Sync 1 DAGs
[2025-07-02T23:53:00.615+0000] {logging_mixin.py:190} INFO - [2025-07-02T23:53:00.615+0000] {dag.py:4180} INFO - Setting next_dagrun for example_sla_dag to 2025-07-02 23:50:00+00:00, run_after=2025-07-02 23:52:00+00:00
[2025-07-02T23:53:00.632+0000] {processor.py:208} INFO - Processing /home/airflow/.local/lib/python3.12/site-packages/airflow/example_dags/example_sla_dag.py took 0.079 seconds
[2025-07-02T23:53:31.325+0000] {processor.py:186} INFO - Started process (PID=3118) to work on /home/airflow/.local/lib/python3.12/site-packages/airflow/example_dags/example_sla_dag.py
[2025-07-02T23:53:31.326+0000] {processor.py:914} INFO - Processing file /home/airflow/.local/lib/python3.12/site-packages/airflow/example_dags/example_sla_dag.py for tasks to queue
[2025-07-02T23:53:31.329+0000] {logging_mixin.py:190} INFO - [2025-07-02T23:53:31.329+0000] {dagbag.py:588} INFO - Filling up the DagBag from /home/airflow/.local/lib/python3.12/site-packages/airflow/example_dags/example_sla_dag.py
[2025-07-02T23:53:31.341+0000] {processor.py:925} INFO - DAG(s) 'example_sla_dag' retrieved from /home/airflow/.local/lib/python3.12/site-packages/airflow/example_dags/example_sla_dag.py
[2025-07-02T23:53:31.365+0000] {logging_mixin.py:190} INFO - [2025-07-02T23:53:31.365+0000] {dag.py:3239} INFO - Sync 1 DAGs
[2025-07-02T23:53:31.396+0000] {logging_mixin.py:190} INFO - [2025-07-02T23:53:31.396+0000] {dag.py:4180} INFO - Setting next_dagrun for example_sla_dag to 2025-07-02 23:50:00+00:00, run_after=2025-07-02 23:52:00+00:00
[2025-07-02T23:53:31.415+0000] {processor.py:208} INFO - Processing /home/airflow/.local/lib/python3.12/site-packages/airflow/example_dags/example_sla_dag.py took 0.097 seconds
[2025-07-02T23:54:01.477+0000] {processor.py:186} INFO - Started process (PID=3180) to work on /home/airflow/.local/lib/python3.12/site-packages/airflow/example_dags/example_sla_dag.py
[2025-07-02T23:54:01.478+0000] {processor.py:914} INFO - Processing file /home/airflow/.local/lib/python3.12/site-packages/airflow/example_dags/example_sla_dag.py for tasks to queue
[2025-07-02T23:54:01.481+0000] {logging_mixin.py:190} INFO - [2025-07-02T23:54:01.480+0000] {dagbag.py:588} INFO - Filling up the DagBag from /home/airflow/.local/lib/python3.12/site-packages/airflow/example_dags/example_sla_dag.py
[2025-07-02T23:54:01.490+0000] {processor.py:925} INFO - DAG(s) 'example_sla_dag' retrieved from /home/airflow/.local/lib/python3.12/site-packages/airflow/example_dags/example_sla_dag.py
[2025-07-02T23:54:01.510+0000] {logging_mixin.py:190} INFO - [2025-07-02T23:54:01.510+0000] {dag.py:3239} INFO - Sync 1 DAGs
[2025-07-02T23:54:01.533+0000] {logging_mixin.py:190} INFO - [2025-07-02T23:54:01.533+0000] {dag.py:4180} INFO - Setting next_dagrun for example_sla_dag to 2025-07-02 23:52:00+00:00, run_after=2025-07-02 23:54:00+00:00
[2025-07-02T23:54:01.552+0000] {processor.py:208} INFO - Processing /home/airflow/.local/lib/python3.12/site-packages/airflow/example_dags/example_sla_dag.py took 0.081 seconds
[2025-07-02T23:54:31.695+0000] {processor.py:186} INFO - Started process (PID=3242) to work on /home/airflow/.local/lib/python3.12/site-packages/airflow/example_dags/example_sla_dag.py
[2025-07-02T23:54:31.696+0000] {processor.py:914} INFO - Processing file /home/airflow/.local/lib/python3.12/site-packages/airflow/example_dags/example_sla_dag.py for tasks to queue
[2025-07-02T23:54:31.699+0000] {logging_mixin.py:190} INFO - [2025-07-02T23:54:31.699+0000] {dagbag.py:588} INFO - Filling up the DagBag from /home/airflow/.local/lib/python3.12/site-packages/airflow/example_dags/example_sla_dag.py
[2025-07-02T23:54:31.708+0000] {processor.py:925} INFO - DAG(s) 'example_sla_dag' retrieved from /home/airflow/.local/lib/python3.12/site-packages/airflow/example_dags/example_sla_dag.py
[2025-07-02T23:54:31.724+0000] {logging_mixin.py:190} INFO - [2025-07-02T23:54:31.724+0000] {dag.py:3239} INFO - Sync 1 DAGs
[2025-07-02T23:54:31.748+0000] {logging_mixin.py:190} INFO - [2025-07-02T23:54:31.747+0000] {dag.py:4180} INFO - Setting next_dagrun for example_sla_dag to 2025-07-02 23:52:00+00:00, run_after=2025-07-02 23:54:00+00:00
[2025-07-02T23:54:31.763+0000] {processor.py:208} INFO - Processing /home/airflow/.local/lib/python3.12/site-packages/airflow/example_dags/example_sla_dag.py took 0.072 seconds
[2025-07-02T23:55:02.275+0000] {processor.py:186} INFO - Started process (PID=3304) to work on /home/airflow/.local/lib/python3.12/site-packages/airflow/example_dags/example_sla_dag.py
[2025-07-02T23:55:02.276+0000] {processor.py:914} INFO - Processing file /home/airflow/.local/lib/python3.12/site-packages/airflow/example_dags/example_sla_dag.py for tasks to queue
[2025-07-02T23:55:02.279+0000] {logging_mixin.py:190} INFO - [2025-07-02T23:55:02.279+0000] {dagbag.py:588} INFO - Filling up the DagBag from /home/airflow/.local/lib/python3.12/site-packages/airflow/example_dags/example_sla_dag.py
[2025-07-02T23:55:02.289+0000] {processor.py:925} INFO - DAG(s) 'example_sla_dag' retrieved from /home/airflow/.local/lib/python3.12/site-packages/airflow/example_dags/example_sla_dag.py
[2025-07-02T23:55:02.312+0000] {logging_mixin.py:190} INFO - [2025-07-02T23:55:02.312+0000] {dag.py:3239} INFO - Sync 1 DAGs
[2025-07-02T23:55:02.341+0000] {logging_mixin.py:190} INFO - [2025-07-02T23:55:02.341+0000] {dag.py:4180} INFO - Setting next_dagrun for example_sla_dag to 2025-07-02 23:52:00+00:00, run_after=2025-07-02 23:54:00+00:00
[2025-07-02T23:55:02.358+0000] {processor.py:208} INFO - Processing /home/airflow/.local/lib/python3.12/site-packages/airflow/example_dags/example_sla_dag.py took 0.090 seconds
[2025-07-02T23:55:32.823+0000] {processor.py:186} INFO - Started process (PID=3366) to work on /home/airflow/.local/lib/python3.12/site-packages/airflow/example_dags/example_sla_dag.py
[2025-07-02T23:55:32.824+0000] {processor.py:914} INFO - Processing file /home/airflow/.local/lib/python3.12/site-packages/airflow/example_dags/example_sla_dag.py for tasks to queue
[2025-07-02T23:55:32.829+0000] {logging_mixin.py:190} INFO - [2025-07-02T23:55:32.828+0000] {dagbag.py:588} INFO - Filling up the DagBag from /home/airflow/.local/lib/python3.12/site-packages/airflow/example_dags/example_sla_dag.py
[2025-07-02T23:55:32.842+0000] {processor.py:925} INFO - DAG(s) 'example_sla_dag' retrieved from /home/airflow/.local/lib/python3.12/site-packages/airflow/example_dags/example_sla_dag.py
[2025-07-02T23:55:32.864+0000] {logging_mixin.py:190} INFO - [2025-07-02T23:55:32.864+0000] {dag.py:3239} INFO - Sync 1 DAGs
[2025-07-02T23:55:32.895+0000] {logging_mixin.py:190} INFO - [2025-07-02T23:55:32.894+0000] {dag.py:4180} INFO - Setting next_dagrun for example_sla_dag to 2025-07-02 23:52:00+00:00, run_after=2025-07-02 23:54:00+00:00
[2025-07-02T23:55:32.912+0000] {processor.py:208} INFO - Processing /home/airflow/.local/lib/python3.12/site-packages/airflow/example_dags/example_sla_dag.py took 0.097 seconds
[2025-07-02T23:56:03.200+0000] {processor.py:186} INFO - Started process (PID=3428) to work on /home/airflow/.local/lib/python3.12/site-packages/airflow/example_dags/example_sla_dag.py
[2025-07-02T23:56:03.201+0000] {processor.py:914} INFO - Processing file /home/airflow/.local/lib/python3.12/site-packages/airflow/example_dags/example_sla_dag.py for tasks to queue
[2025-07-02T23:56:03.204+0000] {logging_mixin.py:190} INFO - [2025-07-02T23:56:03.204+0000] {dagbag.py:588} INFO - Filling up the DagBag from /home/airflow/.local/lib/python3.12/site-packages/airflow/example_dags/example_sla_dag.py
[2025-07-02T23:56:03.215+0000] {processor.py:925} INFO - DAG(s) 'example_sla_dag' retrieved from /home/airflow/.local/lib/python3.12/site-packages/airflow/example_dags/example_sla_dag.py
[2025-07-02T23:56:03.237+0000] {logging_mixin.py:190} INFO - [2025-07-02T23:56:03.237+0000] {dag.py:3239} INFO - Sync 1 DAGs
[2025-07-02T23:56:03.466+0000] {logging_mixin.py:190} INFO - [2025-07-02T23:56:03.466+0000] {dag.py:4180} INFO - Setting next_dagrun for example_sla_dag to 2025-07-02 23:54:00+00:00, run_after=2025-07-02 23:56:00+00:00
[2025-07-02T23:56:03.489+0000] {processor.py:208} INFO - Processing /home/airflow/.local/lib/python3.12/site-packages/airflow/example_dags/example_sla_dag.py took 0.294 seconds
[2025-07-02T23:56:33.781+0000] {processor.py:186} INFO - Started process (PID=3490) to work on /home/airflow/.local/lib/python3.12/site-packages/airflow/example_dags/example_sla_dag.py
[2025-07-02T23:56:33.783+0000] {processor.py:914} INFO - Processing file /home/airflow/.local/lib/python3.12/site-packages/airflow/example_dags/example_sla_dag.py for tasks to queue
[2025-07-02T23:56:33.786+0000] {logging_mixin.py:190} INFO - [2025-07-02T23:56:33.785+0000] {dagbag.py:588} INFO - Filling up the DagBag from /home/airflow/.local/lib/python3.12/site-packages/airflow/example_dags/example_sla_dag.py
[2025-07-02T23:56:33.795+0000] {processor.py:925} INFO - DAG(s) 'example_sla_dag' retrieved from /home/airflow/.local/lib/python3.12/site-packages/airflow/example_dags/example_sla_dag.py
[2025-07-02T23:56:33.820+0000] {logging_mixin.py:190} INFO - [2025-07-02T23:56:33.819+0000] {dag.py:3239} INFO - Sync 1 DAGs
[2025-07-02T23:56:33.845+0000] {logging_mixin.py:190} INFO - [2025-07-02T23:56:33.844+0000] {dag.py:4180} INFO - Setting next_dagrun for example_sla_dag to 2025-07-02 23:54:00+00:00, run_after=2025-07-02 23:56:00+00:00
[2025-07-02T23:56:33.867+0000] {processor.py:208} INFO - Processing /home/airflow/.local/lib/python3.12/site-packages/airflow/example_dags/example_sla_dag.py took 0.091 seconds
[2025-07-02T23:57:04.028+0000] {processor.py:186} INFO - Started process (PID=3552) to work on /home/airflow/.local/lib/python3.12/site-packages/airflow/example_dags/example_sla_dag.py
[2025-07-02T23:57:04.029+0000] {processor.py:914} INFO - Processing file /home/airflow/.local/lib/python3.12/site-packages/airflow/example_dags/example_sla_dag.py for tasks to queue
[2025-07-02T23:57:04.032+0000] {logging_mixin.py:190} INFO - [2025-07-02T23:57:04.032+0000] {dagbag.py:588} INFO - Filling up the DagBag from /home/airflow/.local/lib/python3.12/site-packages/airflow/example_dags/example_sla_dag.py
[2025-07-02T23:57:04.041+0000] {processor.py:925} INFO - DAG(s) 'example_sla_dag' retrieved from /home/airflow/.local/lib/python3.12/site-packages/airflow/example_dags/example_sla_dag.py
[2025-07-02T23:57:04.059+0000] {logging_mixin.py:190} INFO - [2025-07-02T23:57:04.059+0000] {dag.py:3239} INFO - Sync 1 DAGs
[2025-07-02T23:57:04.081+0000] {logging_mixin.py:190} INFO - [2025-07-02T23:57:04.081+0000] {dag.py:4180} INFO - Setting next_dagrun for example_sla_dag to 2025-07-02 23:54:00+00:00, run_after=2025-07-02 23:56:00+00:00
[2025-07-02T23:57:04.107+0000] {processor.py:208} INFO - Processing /home/airflow/.local/lib/python3.12/site-packages/airflow/example_dags/example_sla_dag.py took 0.084 seconds
[2025-07-02T23:57:34.810+0000] {processor.py:186} INFO - Started process (PID=3620) to work on /home/airflow/.local/lib/python3.12/site-packages/airflow/example_dags/example_sla_dag.py
[2025-07-02T23:57:34.812+0000] {processor.py:914} INFO - Processing file /home/airflow/.local/lib/python3.12/site-packages/airflow/example_dags/example_sla_dag.py for tasks to queue
[2025-07-02T23:57:34.816+0000] {logging_mixin.py:190} INFO - [2025-07-02T23:57:34.815+0000] {dagbag.py:588} INFO - Filling up the DagBag from /home/airflow/.local/lib/python3.12/site-packages/airflow/example_dags/example_sla_dag.py
[2025-07-02T23:57:34.826+0000] {processor.py:925} INFO - DAG(s) 'example_sla_dag' retrieved from /home/airflow/.local/lib/python3.12/site-packages/airflow/example_dags/example_sla_dag.py
[2025-07-02T23:57:34.846+0000] {logging_mixin.py:190} INFO - [2025-07-02T23:57:34.846+0000] {dag.py:3239} INFO - Sync 1 DAGs
[2025-07-02T23:57:34.869+0000] {logging_mixin.py:190} INFO - [2025-07-02T23:57:34.869+0000] {dag.py:4180} INFO - Setting next_dagrun for example_sla_dag to 2025-07-02 23:54:00+00:00, run_after=2025-07-02 23:56:00+00:00
[2025-07-02T23:57:34.885+0000] {processor.py:208} INFO - Processing /home/airflow/.local/lib/python3.12/site-packages/airflow/example_dags/example_sla_dag.py took 0.081 seconds
[2025-07-02T23:58:05.368+0000] {processor.py:186} INFO - Started process (PID=3682) to work on /home/airflow/.local/lib/python3.12/site-packages/airflow/example_dags/example_sla_dag.py
[2025-07-02T23:58:05.369+0000] {processor.py:914} INFO - Processing file /home/airflow/.local/lib/python3.12/site-packages/airflow/example_dags/example_sla_dag.py for tasks to queue
[2025-07-02T23:58:05.372+0000] {logging_mixin.py:190} INFO - [2025-07-02T23:58:05.372+0000] {dagbag.py:588} INFO - Filling up the DagBag from /home/airflow/.local/lib/python3.12/site-packages/airflow/example_dags/example_sla_dag.py
[2025-07-02T23:58:05.382+0000] {processor.py:925} INFO - DAG(s) 'example_sla_dag' retrieved from /home/airflow/.local/lib/python3.12/site-packages/airflow/example_dags/example_sla_dag.py
[2025-07-02T23:58:05.411+0000] {logging_mixin.py:190} INFO - [2025-07-02T23:58:05.411+0000] {dag.py:3239} INFO - Sync 1 DAGs
[2025-07-02T23:58:05.439+0000] {logging_mixin.py:190} INFO - [2025-07-02T23:58:05.438+0000] {dag.py:4180} INFO - Setting next_dagrun for example_sla_dag to 2025-07-02 23:56:00+00:00, run_after=2025-07-02 23:58:00+00:00
[2025-07-02T23:58:05.457+0000] {processor.py:208} INFO - Processing /home/airflow/.local/lib/python3.12/site-packages/airflow/example_dags/example_sla_dag.py took 0.095 seconds
[2025-07-02T23:58:35.785+0000] {processor.py:186} INFO - Started process (PID=3744) to work on /home/airflow/.local/lib/python3.12/site-packages/airflow/example_dags/example_sla_dag.py
[2025-07-02T23:58:35.786+0000] {processor.py:914} INFO - Processing file /home/airflow/.local/lib/python3.12/site-packages/airflow/example_dags/example_sla_dag.py for tasks to queue
[2025-07-02T23:58:35.789+0000] {logging_mixin.py:190} INFO - [2025-07-02T23:58:35.789+0000] {dagbag.py:588} INFO - Filling up the DagBag from /home/airflow/.local/lib/python3.12/site-packages/airflow/example_dags/example_sla_dag.py
[2025-07-02T23:58:35.798+0000] {processor.py:925} INFO - DAG(s) 'example_sla_dag' retrieved from /home/airflow/.local/lib/python3.12/site-packages/airflow/example_dags/example_sla_dag.py
[2025-07-02T23:58:35.820+0000] {logging_mixin.py:190} INFO - [2025-07-02T23:58:35.820+0000] {dag.py:3239} INFO - Sync 1 DAGs
[2025-07-02T23:58:35.847+0000] {logging_mixin.py:190} INFO - [2025-07-02T23:58:35.847+0000] {dag.py:4180} INFO - Setting next_dagrun for example_sla_dag to 2025-07-02 23:56:00+00:00, run_after=2025-07-02 23:58:00+00:00
[2025-07-02T23:58:35.873+0000] {processor.py:208} INFO - Processing /home/airflow/.local/lib/python3.12/site-packages/airflow/example_dags/example_sla_dag.py took 0.093 seconds
[2025-07-02T23:59:06.289+0000] {processor.py:186} INFO - Started process (PID=3806) to work on /home/airflow/.local/lib/python3.12/site-packages/airflow/example_dags/example_sla_dag.py
[2025-07-02T23:59:06.290+0000] {processor.py:914} INFO - Processing file /home/airflow/.local/lib/python3.12/site-packages/airflow/example_dags/example_sla_dag.py for tasks to queue
[2025-07-02T23:59:06.295+0000] {logging_mixin.py:190} INFO - [2025-07-02T23:59:06.294+0000] {dagbag.py:588} INFO - Filling up the DagBag from /home/airflow/.local/lib/python3.12/site-packages/airflow/example_dags/example_sla_dag.py
[2025-07-02T23:59:06.304+0000] {processor.py:925} INFO - DAG(s) 'example_sla_dag' retrieved from /home/airflow/.local/lib/python3.12/site-packages/airflow/example_dags/example_sla_dag.py
[2025-07-02T23:59:06.323+0000] {logging_mixin.py:190} INFO - [2025-07-02T23:59:06.323+0000] {dag.py:3239} INFO - Sync 1 DAGs
[2025-07-02T23:59:06.350+0000] {logging_mixin.py:190} INFO - [2025-07-02T23:59:06.350+0000] {dag.py:4180} INFO - Setting next_dagrun for example_sla_dag to 2025-07-02 23:56:00+00:00, run_after=2025-07-02 23:58:00+00:00
[2025-07-02T23:59:06.369+0000] {processor.py:208} INFO - Processing /home/airflow/.local/lib/python3.12/site-packages/airflow/example_dags/example_sla_dag.py took 0.086 seconds
[2025-07-02T23:59:36.843+0000] {processor.py:186} INFO - Started process (PID=3868) to work on /home/airflow/.local/lib/python3.12/site-packages/airflow/example_dags/example_sla_dag.py
[2025-07-02T23:59:36.844+0000] {processor.py:914} INFO - Processing file /home/airflow/.local/lib/python3.12/site-packages/airflow/example_dags/example_sla_dag.py for tasks to queue
[2025-07-02T23:59:36.846+0000] {logging_mixin.py:190} INFO - [2025-07-02T23:59:36.846+0000] {dagbag.py:588} INFO - Filling up the DagBag from /home/airflow/.local/lib/python3.12/site-packages/airflow/example_dags/example_sla_dag.py
[2025-07-02T23:59:36.856+0000] {processor.py:925} INFO - DAG(s) 'example_sla_dag' retrieved from /home/airflow/.local/lib/python3.12/site-packages/airflow/example_dags/example_sla_dag.py
[2025-07-02T23:59:36.875+0000] {logging_mixin.py:190} INFO - [2025-07-02T23:59:36.874+0000] {dag.py:3239} INFO - Sync 1 DAGs
[2025-07-02T23:59:36.899+0000] {logging_mixin.py:190} INFO - [2025-07-02T23:59:36.898+0000] {dag.py:4180} INFO - Setting next_dagrun for example_sla_dag to 2025-07-02 23:56:00+00:00, run_after=2025-07-02 23:58:00+00:00
[2025-07-02T23:59:36.915+0000] {processor.py:208} INFO - Processing /home/airflow/.local/lib/python3.12/site-packages/airflow/example_dags/example_sla_dag.py took 0.077 seconds
