[2025-07-02T23:28:51.716+0000] {processor.py:186} INFO - Started process (PID=124) to work on /home/airflow/.local/lib/python3.12/site-packages/airflow/example_dags/example_branch_operator.py
[2025-07-02T23:28:51.733+0000] {processor.py:914} INFO - Processing file /home/airflow/.local/lib/python3.12/site-packages/airflow/example_dags/example_branch_operator.py for tasks to queue
[2025-07-02T23:28:51.760+0000] {logging_mixin.py:190} INFO - [2025-07-02T23:28:51.759+0000] {dagbag.py:588} INFO - Filling up the DagBag from /home/airflow/.local/lib/python3.12/site-packages/airflow/example_dags/example_branch_operator.py
[2025-07-02T23:28:51.863+0000] {processor.py:925} INFO - DAG(s) 'example_branch_operator' retrieved from /home/airflow/.local/lib/python3.12/site-packages/airflow/example_dags/example_branch_operator.py
[2025-07-02T23:28:52.051+0000] {logging_mixin.py:190} INFO - [2025-07-02T23:28:52.051+0000] {dag.py:3239} INFO - Sync 1 DAGs
[2025-07-02T23:28:52.300+0000] {logging_mixin.py:190} INFO - [2025-07-02T23:28:52.300+0000] {dag.py:4180} INFO - Setting next_dagrun for example_branch_operator to 2025-07-01 00:00:00+00:00, run_after=2025-07-02 00:00:00+00:00
[2025-07-02T23:28:52.381+0000] {processor.py:208} INFO - Processing /home/airflow/.local/lib/python3.12/site-packages/airflow/example_dags/example_branch_operator.py took 0.726 seconds
[2025-07-02T23:29:22.598+0000] {processor.py:186} INFO - Started process (PID=186) to work on /home/airflow/.local/lib/python3.12/site-packages/airflow/example_dags/example_branch_operator.py
[2025-07-02T23:29:22.600+0000] {processor.py:914} INFO - Processing file /home/airflow/.local/lib/python3.12/site-packages/airflow/example_dags/example_branch_operator.py for tasks to queue
[2025-07-02T23:29:22.604+0000] {logging_mixin.py:190} INFO - [2025-07-02T23:29:22.604+0000] {dagbag.py:588} INFO - Filling up the DagBag from /home/airflow/.local/lib/python3.12/site-packages/airflow/example_dags/example_branch_operator.py
[2025-07-02T23:29:22.630+0000] {processor.py:925} INFO - DAG(s) 'example_branch_operator' retrieved from /home/airflow/.local/lib/python3.12/site-packages/airflow/example_dags/example_branch_operator.py
[2025-07-02T23:29:22.681+0000] {logging_mixin.py:190} INFO - [2025-07-02T23:29:22.681+0000] {dag.py:3239} INFO - Sync 1 DAGs
[2025-07-02T23:29:22.720+0000] {logging_mixin.py:190} INFO - [2025-07-02T23:29:22.719+0000] {dag.py:4180} INFO - Setting next_dagrun for example_branch_operator to 2025-07-01 00:00:00+00:00, run_after=2025-07-02 00:00:00+00:00
[2025-07-02T23:29:22.749+0000] {processor.py:208} INFO - Processing /home/airflow/.local/lib/python3.12/site-packages/airflow/example_dags/example_branch_operator.py took 0.164 seconds
[2025-07-02T23:29:53.046+0000] {processor.py:186} INFO - Started process (PID=248) to work on /home/airflow/.local/lib/python3.12/site-packages/airflow/example_dags/example_branch_operator.py
[2025-07-02T23:29:53.048+0000] {processor.py:914} INFO - Processing file /home/airflow/.local/lib/python3.12/site-packages/airflow/example_dags/example_branch_operator.py for tasks to queue
[2025-07-02T23:29:53.061+0000] {logging_mixin.py:190} INFO - [2025-07-02T23:29:53.060+0000] {dagbag.py:588} INFO - Filling up the DagBag from /home/airflow/.local/lib/python3.12/site-packages/airflow/example_dags/example_branch_operator.py
[2025-07-02T23:29:53.100+0000] {processor.py:925} INFO - DAG(s) 'example_branch_operator' retrieved from /home/airflow/.local/lib/python3.12/site-packages/airflow/example_dags/example_branch_operator.py
[2025-07-02T23:29:53.169+0000] {logging_mixin.py:190} INFO - [2025-07-02T23:29:53.168+0000] {dag.py:3239} INFO - Sync 1 DAGs
[2025-07-02T23:29:53.234+0000] {logging_mixin.py:190} INFO - [2025-07-02T23:29:53.233+0000] {dag.py:4180} INFO - Setting next_dagrun for example_branch_operator to 2025-07-01 00:00:00+00:00, run_after=2025-07-02 00:00:00+00:00
[2025-07-02T23:29:53.273+0000] {processor.py:208} INFO - Processing /home/airflow/.local/lib/python3.12/site-packages/airflow/example_dags/example_branch_operator.py took 0.238 seconds
[2025-07-02T23:30:23.803+0000] {processor.py:186} INFO - Started process (PID=310) to work on /home/airflow/.local/lib/python3.12/site-packages/airflow/example_dags/example_branch_operator.py
[2025-07-02T23:30:23.805+0000] {processor.py:914} INFO - Processing file /home/airflow/.local/lib/python3.12/site-packages/airflow/example_dags/example_branch_operator.py for tasks to queue
[2025-07-02T23:30:23.809+0000] {logging_mixin.py:190} INFO - [2025-07-02T23:30:23.809+0000] {dagbag.py:588} INFO - Filling up the DagBag from /home/airflow/.local/lib/python3.12/site-packages/airflow/example_dags/example_branch_operator.py
[2025-07-02T23:30:23.851+0000] {processor.py:925} INFO - DAG(s) 'example_branch_operator' retrieved from /home/airflow/.local/lib/python3.12/site-packages/airflow/example_dags/example_branch_operator.py
[2025-07-02T23:30:23.891+0000] {logging_mixin.py:190} INFO - [2025-07-02T23:30:23.891+0000] {dag.py:3239} INFO - Sync 1 DAGs
[2025-07-02T23:30:23.938+0000] {logging_mixin.py:190} INFO - [2025-07-02T23:30:23.937+0000] {dag.py:4180} INFO - Setting next_dagrun for example_branch_operator to 2025-07-01 00:00:00+00:00, run_after=2025-07-02 00:00:00+00:00
[2025-07-02T23:30:23.975+0000] {processor.py:208} INFO - Processing /home/airflow/.local/lib/python3.12/site-packages/airflow/example_dags/example_branch_operator.py took 0.184 seconds
[2025-07-02T23:30:54.884+0000] {processor.py:186} INFO - Started process (PID=372) to work on /home/airflow/.local/lib/python3.12/site-packages/airflow/example_dags/example_branch_operator.py
[2025-07-02T23:30:54.886+0000] {processor.py:914} INFO - Processing file /home/airflow/.local/lib/python3.12/site-packages/airflow/example_dags/example_branch_operator.py for tasks to queue
[2025-07-02T23:30:54.890+0000] {logging_mixin.py:190} INFO - [2025-07-02T23:30:54.890+0000] {dagbag.py:588} INFO - Filling up the DagBag from /home/airflow/.local/lib/python3.12/site-packages/airflow/example_dags/example_branch_operator.py
[2025-07-02T23:30:54.913+0000] {processor.py:925} INFO - DAG(s) 'example_branch_operator' retrieved from /home/airflow/.local/lib/python3.12/site-packages/airflow/example_dags/example_branch_operator.py
[2025-07-02T23:30:54.950+0000] {logging_mixin.py:190} INFO - [2025-07-02T23:30:54.949+0000] {dag.py:3239} INFO - Sync 1 DAGs
[2025-07-02T23:30:54.985+0000] {logging_mixin.py:190} INFO - [2025-07-02T23:30:54.984+0000] {dag.py:4180} INFO - Setting next_dagrun for example_branch_operator to 2025-07-01 00:00:00+00:00, run_after=2025-07-02 00:00:00+00:00
[2025-07-02T23:30:55.010+0000] {processor.py:208} INFO - Processing /home/airflow/.local/lib/python3.12/site-packages/airflow/example_dags/example_branch_operator.py took 0.135 seconds
[2025-07-02T23:31:25.116+0000] {processor.py:186} INFO - Started process (PID=434) to work on /home/airflow/.local/lib/python3.12/site-packages/airflow/example_dags/example_branch_operator.py
[2025-07-02T23:31:25.117+0000] {processor.py:914} INFO - Processing file /home/airflow/.local/lib/python3.12/site-packages/airflow/example_dags/example_branch_operator.py for tasks to queue
[2025-07-02T23:31:25.119+0000] {logging_mixin.py:190} INFO - [2025-07-02T23:31:25.119+0000] {dagbag.py:588} INFO - Filling up the DagBag from /home/airflow/.local/lib/python3.12/site-packages/airflow/example_dags/example_branch_operator.py
[2025-07-02T23:31:25.136+0000] {processor.py:925} INFO - DAG(s) 'example_branch_operator' retrieved from /home/airflow/.local/lib/python3.12/site-packages/airflow/example_dags/example_branch_operator.py
[2025-07-02T23:31:25.164+0000] {logging_mixin.py:190} INFO - [2025-07-02T23:31:25.164+0000] {dag.py:3239} INFO - Sync 1 DAGs
[2025-07-02T23:31:25.190+0000] {logging_mixin.py:190} INFO - [2025-07-02T23:31:25.190+0000] {dag.py:4180} INFO - Setting next_dagrun for example_branch_operator to 2025-07-01 00:00:00+00:00, run_after=2025-07-02 00:00:00+00:00
[2025-07-02T23:31:25.208+0000] {processor.py:208} INFO - Processing /home/airflow/.local/lib/python3.12/site-packages/airflow/example_dags/example_branch_operator.py took 0.097 seconds
[2025-07-02T23:31:55.389+0000] {processor.py:186} INFO - Started process (PID=496) to work on /home/airflow/.local/lib/python3.12/site-packages/airflow/example_dags/example_branch_operator.py
[2025-07-02T23:31:55.391+0000] {processor.py:914} INFO - Processing file /home/airflow/.local/lib/python3.12/site-packages/airflow/example_dags/example_branch_operator.py for tasks to queue
[2025-07-02T23:31:55.393+0000] {logging_mixin.py:190} INFO - [2025-07-02T23:31:55.393+0000] {dagbag.py:588} INFO - Filling up the DagBag from /home/airflow/.local/lib/python3.12/site-packages/airflow/example_dags/example_branch_operator.py
[2025-07-02T23:31:55.412+0000] {processor.py:925} INFO - DAG(s) 'example_branch_operator' retrieved from /home/airflow/.local/lib/python3.12/site-packages/airflow/example_dags/example_branch_operator.py
[2025-07-02T23:31:55.442+0000] {logging_mixin.py:190} INFO - [2025-07-02T23:31:55.442+0000] {dag.py:3239} INFO - Sync 1 DAGs
[2025-07-02T23:31:55.468+0000] {logging_mixin.py:190} INFO - [2025-07-02T23:31:55.467+0000] {dag.py:4180} INFO - Setting next_dagrun for example_branch_operator to 2025-07-01 00:00:00+00:00, run_after=2025-07-02 00:00:00+00:00
[2025-07-02T23:31:55.487+0000] {processor.py:208} INFO - Processing /home/airflow/.local/lib/python3.12/site-packages/airflow/example_dags/example_branch_operator.py took 0.104 seconds
[2025-07-02T23:32:25.781+0000] {processor.py:186} INFO - Started process (PID=558) to work on /home/airflow/.local/lib/python3.12/site-packages/airflow/example_dags/example_branch_operator.py
[2025-07-02T23:32:25.782+0000] {processor.py:914} INFO - Processing file /home/airflow/.local/lib/python3.12/site-packages/airflow/example_dags/example_branch_operator.py for tasks to queue
[2025-07-02T23:32:25.784+0000] {logging_mixin.py:190} INFO - [2025-07-02T23:32:25.784+0000] {dagbag.py:588} INFO - Filling up the DagBag from /home/airflow/.local/lib/python3.12/site-packages/airflow/example_dags/example_branch_operator.py
[2025-07-02T23:32:25.805+0000] {processor.py:925} INFO - DAG(s) 'example_branch_operator' retrieved from /home/airflow/.local/lib/python3.12/site-packages/airflow/example_dags/example_branch_operator.py
[2025-07-02T23:32:25.832+0000] {logging_mixin.py:190} INFO - [2025-07-02T23:32:25.832+0000] {dag.py:3239} INFO - Sync 1 DAGs
[2025-07-02T23:32:25.858+0000] {logging_mixin.py:190} INFO - [2025-07-02T23:32:25.858+0000] {dag.py:4180} INFO - Setting next_dagrun for example_branch_operator to 2025-07-01 00:00:00+00:00, run_after=2025-07-02 00:00:00+00:00
[2025-07-02T23:32:25.875+0000] {processor.py:208} INFO - Processing /home/airflow/.local/lib/python3.12/site-packages/airflow/example_dags/example_branch_operator.py took 0.100 seconds
[2025-07-02T23:32:56.107+0000] {processor.py:186} INFO - Started process (PID=620) to work on /home/airflow/.local/lib/python3.12/site-packages/airflow/example_dags/example_branch_operator.py
[2025-07-02T23:32:56.108+0000] {processor.py:914} INFO - Processing file /home/airflow/.local/lib/python3.12/site-packages/airflow/example_dags/example_branch_operator.py for tasks to queue
[2025-07-02T23:32:56.110+0000] {logging_mixin.py:190} INFO - [2025-07-02T23:32:56.110+0000] {dagbag.py:588} INFO - Filling up the DagBag from /home/airflow/.local/lib/python3.12/site-packages/airflow/example_dags/example_branch_operator.py
[2025-07-02T23:32:56.129+0000] {processor.py:925} INFO - DAG(s) 'example_branch_operator' retrieved from /home/airflow/.local/lib/python3.12/site-packages/airflow/example_dags/example_branch_operator.py
[2025-07-02T23:32:56.159+0000] {logging_mixin.py:190} INFO - [2025-07-02T23:32:56.159+0000] {dag.py:3239} INFO - Sync 1 DAGs
[2025-07-02T23:32:56.183+0000] {logging_mixin.py:190} INFO - [2025-07-02T23:32:56.183+0000] {dag.py:4180} INFO - Setting next_dagrun for example_branch_operator to 2025-07-01 00:00:00+00:00, run_after=2025-07-02 00:00:00+00:00
[2025-07-02T23:32:56.201+0000] {processor.py:208} INFO - Processing /home/airflow/.local/lib/python3.12/site-packages/airflow/example_dags/example_branch_operator.py took 0.099 seconds
[2025-07-02T23:33:26.573+0000] {processor.py:186} INFO - Started process (PID=682) to work on /home/airflow/.local/lib/python3.12/site-packages/airflow/example_dags/example_branch_operator.py
[2025-07-02T23:33:26.574+0000] {processor.py:914} INFO - Processing file /home/airflow/.local/lib/python3.12/site-packages/airflow/example_dags/example_branch_operator.py for tasks to queue
[2025-07-02T23:33:26.578+0000] {logging_mixin.py:190} INFO - [2025-07-02T23:33:26.577+0000] {dagbag.py:588} INFO - Filling up the DagBag from /home/airflow/.local/lib/python3.12/site-packages/airflow/example_dags/example_branch_operator.py
[2025-07-02T23:33:26.596+0000] {processor.py:925} INFO - DAG(s) 'example_branch_operator' retrieved from /home/airflow/.local/lib/python3.12/site-packages/airflow/example_dags/example_branch_operator.py
[2025-07-02T23:33:26.626+0000] {logging_mixin.py:190} INFO - [2025-07-02T23:33:26.626+0000] {dag.py:3239} INFO - Sync 1 DAGs
[2025-07-02T23:33:26.654+0000] {logging_mixin.py:190} INFO - [2025-07-02T23:33:26.653+0000] {dag.py:4180} INFO - Setting next_dagrun for example_branch_operator to 2025-07-01 00:00:00+00:00, run_after=2025-07-02 00:00:00+00:00
[2025-07-02T23:33:26.673+0000] {processor.py:208} INFO - Processing /home/airflow/.local/lib/python3.12/site-packages/airflow/example_dags/example_branch_operator.py took 0.106 seconds
[2025-07-02T23:33:56.841+0000] {processor.py:186} INFO - Started process (PID=744) to work on /home/airflow/.local/lib/python3.12/site-packages/airflow/example_dags/example_branch_operator.py
[2025-07-02T23:33:56.842+0000] {processor.py:914} INFO - Processing file /home/airflow/.local/lib/python3.12/site-packages/airflow/example_dags/example_branch_operator.py for tasks to queue
[2025-07-02T23:33:56.844+0000] {logging_mixin.py:190} INFO - [2025-07-02T23:33:56.844+0000] {dagbag.py:588} INFO - Filling up the DagBag from /home/airflow/.local/lib/python3.12/site-packages/airflow/example_dags/example_branch_operator.py
[2025-07-02T23:33:56.862+0000] {processor.py:925} INFO - DAG(s) 'example_branch_operator' retrieved from /home/airflow/.local/lib/python3.12/site-packages/airflow/example_dags/example_branch_operator.py
[2025-07-02T23:33:56.887+0000] {logging_mixin.py:190} INFO - [2025-07-02T23:33:56.887+0000] {dag.py:3239} INFO - Sync 1 DAGs
[2025-07-02T23:33:56.916+0000] {logging_mixin.py:190} INFO - [2025-07-02T23:33:56.915+0000] {dag.py:4180} INFO - Setting next_dagrun for example_branch_operator to 2025-07-01 00:00:00+00:00, run_after=2025-07-02 00:00:00+00:00
[2025-07-02T23:33:56.935+0000] {processor.py:208} INFO - Processing /home/airflow/.local/lib/python3.12/site-packages/airflow/example_dags/example_branch_operator.py took 0.100 seconds
[2025-07-02T23:34:27.009+0000] {processor.py:186} INFO - Started process (PID=806) to work on /home/airflow/.local/lib/python3.12/site-packages/airflow/example_dags/example_branch_operator.py
[2025-07-02T23:34:27.010+0000] {processor.py:914} INFO - Processing file /home/airflow/.local/lib/python3.12/site-packages/airflow/example_dags/example_branch_operator.py for tasks to queue
[2025-07-02T23:34:27.012+0000] {logging_mixin.py:190} INFO - [2025-07-02T23:34:27.012+0000] {dagbag.py:588} INFO - Filling up the DagBag from /home/airflow/.local/lib/python3.12/site-packages/airflow/example_dags/example_branch_operator.py
[2025-07-02T23:34:27.030+0000] {processor.py:925} INFO - DAG(s) 'example_branch_operator' retrieved from /home/airflow/.local/lib/python3.12/site-packages/airflow/example_dags/example_branch_operator.py
[2025-07-02T23:34:27.053+0000] {logging_mixin.py:190} INFO - [2025-07-02T23:34:27.053+0000] {dag.py:3239} INFO - Sync 1 DAGs
[2025-07-02T23:34:27.078+0000] {logging_mixin.py:190} INFO - [2025-07-02T23:34:27.078+0000] {dag.py:4180} INFO - Setting next_dagrun for example_branch_operator to 2025-07-01 00:00:00+00:00, run_after=2025-07-02 00:00:00+00:00
[2025-07-02T23:34:27.095+0000] {processor.py:208} INFO - Processing /home/airflow/.local/lib/python3.12/site-packages/airflow/example_dags/example_branch_operator.py took 0.091 seconds
[2025-07-02T23:34:58.037+0000] {processor.py:186} INFO - Started process (PID=868) to work on /home/airflow/.local/lib/python3.12/site-packages/airflow/example_dags/example_branch_operator.py
[2025-07-02T23:34:58.038+0000] {processor.py:914} INFO - Processing file /home/airflow/.local/lib/python3.12/site-packages/airflow/example_dags/example_branch_operator.py for tasks to queue
[2025-07-02T23:34:58.042+0000] {logging_mixin.py:190} INFO - [2025-07-02T23:34:58.042+0000] {dagbag.py:588} INFO - Filling up the DagBag from /home/airflow/.local/lib/python3.12/site-packages/airflow/example_dags/example_branch_operator.py
[2025-07-02T23:34:58.061+0000] {processor.py:925} INFO - DAG(s) 'example_branch_operator' retrieved from /home/airflow/.local/lib/python3.12/site-packages/airflow/example_dags/example_branch_operator.py
[2025-07-02T23:34:58.088+0000] {logging_mixin.py:190} INFO - [2025-07-02T23:34:58.087+0000] {dag.py:3239} INFO - Sync 1 DAGs
[2025-07-02T23:34:58.113+0000] {logging_mixin.py:190} INFO - [2025-07-02T23:34:58.113+0000] {dag.py:4180} INFO - Setting next_dagrun for example_branch_operator to 2025-07-01 00:00:00+00:00, run_after=2025-07-02 00:00:00+00:00
[2025-07-02T23:34:58.133+0000] {processor.py:208} INFO - Processing /home/airflow/.local/lib/python3.12/site-packages/airflow/example_dags/example_branch_operator.py took 0.102 seconds
[2025-07-02T23:35:28.611+0000] {processor.py:186} INFO - Started process (PID=930) to work on /home/airflow/.local/lib/python3.12/site-packages/airflow/example_dags/example_branch_operator.py
[2025-07-02T23:35:28.611+0000] {processor.py:914} INFO - Processing file /home/airflow/.local/lib/python3.12/site-packages/airflow/example_dags/example_branch_operator.py for tasks to queue
[2025-07-02T23:35:28.613+0000] {logging_mixin.py:190} INFO - [2025-07-02T23:35:28.613+0000] {dagbag.py:588} INFO - Filling up the DagBag from /home/airflow/.local/lib/python3.12/site-packages/airflow/example_dags/example_branch_operator.py
[2025-07-02T23:35:28.630+0000] {processor.py:925} INFO - DAG(s) 'example_branch_operator' retrieved from /home/airflow/.local/lib/python3.12/site-packages/airflow/example_dags/example_branch_operator.py
[2025-07-02T23:35:28.654+0000] {logging_mixin.py:190} INFO - [2025-07-02T23:35:28.654+0000] {dag.py:3239} INFO - Sync 1 DAGs
[2025-07-02T23:35:28.677+0000] {logging_mixin.py:190} INFO - [2025-07-02T23:35:28.677+0000] {dag.py:4180} INFO - Setting next_dagrun for example_branch_operator to 2025-07-01 00:00:00+00:00, run_after=2025-07-02 00:00:00+00:00
[2025-07-02T23:35:28.694+0000] {processor.py:208} INFO - Processing /home/airflow/.local/lib/python3.12/site-packages/airflow/example_dags/example_branch_operator.py took 0.089 seconds
[2025-07-02T23:35:59.537+0000] {processor.py:186} INFO - Started process (PID=992) to work on /home/airflow/.local/lib/python3.12/site-packages/airflow/example_dags/example_branch_operator.py
[2025-07-02T23:35:59.538+0000] {processor.py:914} INFO - Processing file /home/airflow/.local/lib/python3.12/site-packages/airflow/example_dags/example_branch_operator.py for tasks to queue
[2025-07-02T23:35:59.540+0000] {logging_mixin.py:190} INFO - [2025-07-02T23:35:59.540+0000] {dagbag.py:588} INFO - Filling up the DagBag from /home/airflow/.local/lib/python3.12/site-packages/airflow/example_dags/example_branch_operator.py
[2025-07-02T23:35:59.558+0000] {processor.py:925} INFO - DAG(s) 'example_branch_operator' retrieved from /home/airflow/.local/lib/python3.12/site-packages/airflow/example_dags/example_branch_operator.py
[2025-07-02T23:35:59.582+0000] {logging_mixin.py:190} INFO - [2025-07-02T23:35:59.582+0000] {dag.py:3239} INFO - Sync 1 DAGs
[2025-07-02T23:35:59.605+0000] {logging_mixin.py:190} INFO - [2025-07-02T23:35:59.605+0000] {dag.py:4180} INFO - Setting next_dagrun for example_branch_operator to 2025-07-01 00:00:00+00:00, run_after=2025-07-02 00:00:00+00:00
[2025-07-02T23:35:59.624+0000] {processor.py:208} INFO - Processing /home/airflow/.local/lib/python3.12/site-packages/airflow/example_dags/example_branch_operator.py took 0.093 seconds
[2025-07-02T23:36:30.240+0000] {processor.py:186} INFO - Started process (PID=1054) to work on /home/airflow/.local/lib/python3.12/site-packages/airflow/example_dags/example_branch_operator.py
[2025-07-02T23:36:30.241+0000] {processor.py:914} INFO - Processing file /home/airflow/.local/lib/python3.12/site-packages/airflow/example_dags/example_branch_operator.py for tasks to queue
[2025-07-02T23:36:30.246+0000] {logging_mixin.py:190} INFO - [2025-07-02T23:36:30.245+0000] {dagbag.py:588} INFO - Filling up the DagBag from /home/airflow/.local/lib/python3.12/site-packages/airflow/example_dags/example_branch_operator.py
[2025-07-02T23:36:30.273+0000] {processor.py:925} INFO - DAG(s) 'example_branch_operator' retrieved from /home/airflow/.local/lib/python3.12/site-packages/airflow/example_dags/example_branch_operator.py
[2025-07-02T23:36:30.302+0000] {logging_mixin.py:190} INFO - [2025-07-02T23:36:30.301+0000] {dag.py:3239} INFO - Sync 1 DAGs
[2025-07-02T23:36:30.326+0000] {logging_mixin.py:190} INFO - [2025-07-02T23:36:30.326+0000] {dag.py:4180} INFO - Setting next_dagrun for example_branch_operator to 2025-07-01 00:00:00+00:00, run_after=2025-07-02 00:00:00+00:00
[2025-07-02T23:36:30.344+0000] {processor.py:208} INFO - Processing /home/airflow/.local/lib/python3.12/site-packages/airflow/example_dags/example_branch_operator.py took 0.112 seconds
[2025-07-02T23:37:00.886+0000] {processor.py:186} INFO - Started process (PID=1116) to work on /home/airflow/.local/lib/python3.12/site-packages/airflow/example_dags/example_branch_operator.py
[2025-07-02T23:37:00.887+0000] {processor.py:914} INFO - Processing file /home/airflow/.local/lib/python3.12/site-packages/airflow/example_dags/example_branch_operator.py for tasks to queue
[2025-07-02T23:37:00.889+0000] {logging_mixin.py:190} INFO - [2025-07-02T23:37:00.889+0000] {dagbag.py:588} INFO - Filling up the DagBag from /home/airflow/.local/lib/python3.12/site-packages/airflow/example_dags/example_branch_operator.py
[2025-07-02T23:37:00.905+0000] {processor.py:925} INFO - DAG(s) 'example_branch_operator' retrieved from /home/airflow/.local/lib/python3.12/site-packages/airflow/example_dags/example_branch_operator.py
[2025-07-02T23:37:00.930+0000] {logging_mixin.py:190} INFO - [2025-07-02T23:37:00.930+0000] {dag.py:3239} INFO - Sync 1 DAGs
[2025-07-02T23:37:00.954+0000] {logging_mixin.py:190} INFO - [2025-07-02T23:37:00.954+0000] {dag.py:4180} INFO - Setting next_dagrun for example_branch_operator to 2025-07-01 00:00:00+00:00, run_after=2025-07-02 00:00:00+00:00
[2025-07-02T23:37:00.973+0000] {processor.py:208} INFO - Processing /home/airflow/.local/lib/python3.12/site-packages/airflow/example_dags/example_branch_operator.py took 0.092 seconds
[2025-07-02T23:37:31.689+0000] {processor.py:186} INFO - Started process (PID=1178) to work on /home/airflow/.local/lib/python3.12/site-packages/airflow/example_dags/example_branch_operator.py
[2025-07-02T23:37:31.689+0000] {processor.py:914} INFO - Processing file /home/airflow/.local/lib/python3.12/site-packages/airflow/example_dags/example_branch_operator.py for tasks to queue
[2025-07-02T23:37:31.692+0000] {logging_mixin.py:190} INFO - [2025-07-02T23:37:31.692+0000] {dagbag.py:588} INFO - Filling up the DagBag from /home/airflow/.local/lib/python3.12/site-packages/airflow/example_dags/example_branch_operator.py
[2025-07-02T23:37:31.709+0000] {processor.py:925} INFO - DAG(s) 'example_branch_operator' retrieved from /home/airflow/.local/lib/python3.12/site-packages/airflow/example_dags/example_branch_operator.py
[2025-07-02T23:37:31.741+0000] {logging_mixin.py:190} INFO - [2025-07-02T23:37:31.740+0000] {dag.py:3239} INFO - Sync 1 DAGs
[2025-07-02T23:37:31.772+0000] {logging_mixin.py:190} INFO - [2025-07-02T23:37:31.772+0000] {dag.py:4180} INFO - Setting next_dagrun for example_branch_operator to 2025-07-01 00:00:00+00:00, run_after=2025-07-02 00:00:00+00:00
[2025-07-02T23:37:31.794+0000] {processor.py:208} INFO - Processing /home/airflow/.local/lib/python3.12/site-packages/airflow/example_dags/example_branch_operator.py took 0.111 seconds
[2025-07-02T23:38:02.383+0000] {processor.py:186} INFO - Started process (PID=1246) to work on /home/airflow/.local/lib/python3.12/site-packages/airflow/example_dags/example_branch_operator.py
[2025-07-02T23:38:02.385+0000] {processor.py:914} INFO - Processing file /home/airflow/.local/lib/python3.12/site-packages/airflow/example_dags/example_branch_operator.py for tasks to queue
[2025-07-02T23:38:02.387+0000] {logging_mixin.py:190} INFO - [2025-07-02T23:38:02.387+0000] {dagbag.py:588} INFO - Filling up the DagBag from /home/airflow/.local/lib/python3.12/site-packages/airflow/example_dags/example_branch_operator.py
[2025-07-02T23:38:02.404+0000] {processor.py:925} INFO - DAG(s) 'example_branch_operator' retrieved from /home/airflow/.local/lib/python3.12/site-packages/airflow/example_dags/example_branch_operator.py
[2025-07-02T23:38:02.429+0000] {logging_mixin.py:190} INFO - [2025-07-02T23:38:02.429+0000] {dag.py:3239} INFO - Sync 1 DAGs
[2025-07-02T23:38:02.452+0000] {logging_mixin.py:190} INFO - [2025-07-02T23:38:02.452+0000] {dag.py:4180} INFO - Setting next_dagrun for example_branch_operator to 2025-07-01 00:00:00+00:00, run_after=2025-07-02 00:00:00+00:00
[2025-07-02T23:38:02.472+0000] {processor.py:208} INFO - Processing /home/airflow/.local/lib/python3.12/site-packages/airflow/example_dags/example_branch_operator.py took 0.095 seconds
[2025-07-02T23:38:33.242+0000] {processor.py:186} INFO - Started process (PID=1308) to work on /home/airflow/.local/lib/python3.12/site-packages/airflow/example_dags/example_branch_operator.py
[2025-07-02T23:38:33.244+0000] {processor.py:914} INFO - Processing file /home/airflow/.local/lib/python3.12/site-packages/airflow/example_dags/example_branch_operator.py for tasks to queue
[2025-07-02T23:38:33.247+0000] {logging_mixin.py:190} INFO - [2025-07-02T23:38:33.247+0000] {dagbag.py:588} INFO - Filling up the DagBag from /home/airflow/.local/lib/python3.12/site-packages/airflow/example_dags/example_branch_operator.py
[2025-07-02T23:38:33.266+0000] {processor.py:925} INFO - DAG(s) 'example_branch_operator' retrieved from /home/airflow/.local/lib/python3.12/site-packages/airflow/example_dags/example_branch_operator.py
[2025-07-02T23:38:33.294+0000] {logging_mixin.py:190} INFO - [2025-07-02T23:38:33.294+0000] {dag.py:3239} INFO - Sync 1 DAGs
[2025-07-02T23:38:33.322+0000] {logging_mixin.py:190} INFO - [2025-07-02T23:38:33.321+0000] {dag.py:4180} INFO - Setting next_dagrun for example_branch_operator to 2025-07-01 00:00:00+00:00, run_after=2025-07-02 00:00:00+00:00
[2025-07-02T23:38:33.340+0000] {processor.py:208} INFO - Processing /home/airflow/.local/lib/python3.12/site-packages/airflow/example_dags/example_branch_operator.py took 0.104 seconds
[2025-07-02T23:39:03.901+0000] {processor.py:186} INFO - Started process (PID=1370) to work on /home/airflow/.local/lib/python3.12/site-packages/airflow/example_dags/example_branch_operator.py
[2025-07-02T23:39:03.902+0000] {processor.py:914} INFO - Processing file /home/airflow/.local/lib/python3.12/site-packages/airflow/example_dags/example_branch_operator.py for tasks to queue
[2025-07-02T23:39:03.905+0000] {logging_mixin.py:190} INFO - [2025-07-02T23:39:03.905+0000] {dagbag.py:588} INFO - Filling up the DagBag from /home/airflow/.local/lib/python3.12/site-packages/airflow/example_dags/example_branch_operator.py
[2025-07-02T23:39:03.926+0000] {processor.py:925} INFO - DAG(s) 'example_branch_operator' retrieved from /home/airflow/.local/lib/python3.12/site-packages/airflow/example_dags/example_branch_operator.py
[2025-07-02T23:39:03.958+0000] {logging_mixin.py:190} INFO - [2025-07-02T23:39:03.957+0000] {dag.py:3239} INFO - Sync 1 DAGs
[2025-07-02T23:39:03.992+0000] {logging_mixin.py:190} INFO - [2025-07-02T23:39:03.991+0000] {dag.py:4180} INFO - Setting next_dagrun for example_branch_operator to 2025-07-01 00:00:00+00:00, run_after=2025-07-02 00:00:00+00:00
[2025-07-02T23:39:04.025+0000] {processor.py:208} INFO - Processing /home/airflow/.local/lib/python3.12/site-packages/airflow/example_dags/example_branch_operator.py took 0.131 seconds
[2025-07-02T23:39:34.493+0000] {processor.py:186} INFO - Started process (PID=1432) to work on /home/airflow/.local/lib/python3.12/site-packages/airflow/example_dags/example_branch_operator.py
[2025-07-02T23:39:34.494+0000] {processor.py:914} INFO - Processing file /home/airflow/.local/lib/python3.12/site-packages/airflow/example_dags/example_branch_operator.py for tasks to queue
[2025-07-02T23:39:34.497+0000] {logging_mixin.py:190} INFO - [2025-07-02T23:39:34.497+0000] {dagbag.py:588} INFO - Filling up the DagBag from /home/airflow/.local/lib/python3.12/site-packages/airflow/example_dags/example_branch_operator.py
[2025-07-02T23:39:34.527+0000] {processor.py:925} INFO - DAG(s) 'example_branch_operator' retrieved from /home/airflow/.local/lib/python3.12/site-packages/airflow/example_dags/example_branch_operator.py
[2025-07-02T23:39:34.568+0000] {logging_mixin.py:190} INFO - [2025-07-02T23:39:34.568+0000] {dag.py:3239} INFO - Sync 1 DAGs
[2025-07-02T23:39:34.595+0000] {logging_mixin.py:190} INFO - [2025-07-02T23:39:34.595+0000] {dag.py:4180} INFO - Setting next_dagrun for example_branch_operator to 2025-07-01 00:00:00+00:00, run_after=2025-07-02 00:00:00+00:00
[2025-07-02T23:39:34.616+0000] {processor.py:208} INFO - Processing /home/airflow/.local/lib/python3.12/site-packages/airflow/example_dags/example_branch_operator.py took 0.129 seconds
[2025-07-02T23:40:05.220+0000] {processor.py:186} INFO - Started process (PID=1494) to work on /home/airflow/.local/lib/python3.12/site-packages/airflow/example_dags/example_branch_operator.py
[2025-07-02T23:40:05.221+0000] {processor.py:914} INFO - Processing file /home/airflow/.local/lib/python3.12/site-packages/airflow/example_dags/example_branch_operator.py for tasks to queue
[2025-07-02T23:40:05.223+0000] {logging_mixin.py:190} INFO - [2025-07-02T23:40:05.223+0000] {dagbag.py:588} INFO - Filling up the DagBag from /home/airflow/.local/lib/python3.12/site-packages/airflow/example_dags/example_branch_operator.py
[2025-07-02T23:40:05.240+0000] {processor.py:925} INFO - DAG(s) 'example_branch_operator' retrieved from /home/airflow/.local/lib/python3.12/site-packages/airflow/example_dags/example_branch_operator.py
[2025-07-02T23:40:05.265+0000] {logging_mixin.py:190} INFO - [2025-07-02T23:40:05.265+0000] {dag.py:3239} INFO - Sync 1 DAGs
[2025-07-02T23:40:05.288+0000] {logging_mixin.py:190} INFO - [2025-07-02T23:40:05.287+0000] {dag.py:4180} INFO - Setting next_dagrun for example_branch_operator to 2025-07-01 00:00:00+00:00, run_after=2025-07-02 00:00:00+00:00
[2025-07-02T23:40:05.304+0000] {processor.py:208} INFO - Processing /home/airflow/.local/lib/python3.12/site-packages/airflow/example_dags/example_branch_operator.py took 0.090 seconds
[2025-07-02T23:40:35.552+0000] {processor.py:186} INFO - Started process (PID=1556) to work on /home/airflow/.local/lib/python3.12/site-packages/airflow/example_dags/example_branch_operator.py
[2025-07-02T23:40:35.553+0000] {processor.py:914} INFO - Processing file /home/airflow/.local/lib/python3.12/site-packages/airflow/example_dags/example_branch_operator.py for tasks to queue
[2025-07-02T23:40:35.556+0000] {logging_mixin.py:190} INFO - [2025-07-02T23:40:35.555+0000] {dagbag.py:588} INFO - Filling up the DagBag from /home/airflow/.local/lib/python3.12/site-packages/airflow/example_dags/example_branch_operator.py
[2025-07-02T23:40:35.574+0000] {processor.py:925} INFO - DAG(s) 'example_branch_operator' retrieved from /home/airflow/.local/lib/python3.12/site-packages/airflow/example_dags/example_branch_operator.py
[2025-07-02T23:40:35.599+0000] {logging_mixin.py:190} INFO - [2025-07-02T23:40:35.599+0000] {dag.py:3239} INFO - Sync 1 DAGs
[2025-07-02T23:40:35.621+0000] {logging_mixin.py:190} INFO - [2025-07-02T23:40:35.620+0000] {dag.py:4180} INFO - Setting next_dagrun for example_branch_operator to 2025-07-01 00:00:00+00:00, run_after=2025-07-02 00:00:00+00:00
[2025-07-02T23:40:35.637+0000] {processor.py:208} INFO - Processing /home/airflow/.local/lib/python3.12/site-packages/airflow/example_dags/example_branch_operator.py took 0.092 seconds
[2025-07-02T23:41:06.184+0000] {processor.py:186} INFO - Started process (PID=1618) to work on /home/airflow/.local/lib/python3.12/site-packages/airflow/example_dags/example_branch_operator.py
[2025-07-02T23:41:06.185+0000] {processor.py:914} INFO - Processing file /home/airflow/.local/lib/python3.12/site-packages/airflow/example_dags/example_branch_operator.py for tasks to queue
[2025-07-02T23:41:06.188+0000] {logging_mixin.py:190} INFO - [2025-07-02T23:41:06.187+0000] {dagbag.py:588} INFO - Filling up the DagBag from /home/airflow/.local/lib/python3.12/site-packages/airflow/example_dags/example_branch_operator.py
[2025-07-02T23:41:06.205+0000] {processor.py:925} INFO - DAG(s) 'example_branch_operator' retrieved from /home/airflow/.local/lib/python3.12/site-packages/airflow/example_dags/example_branch_operator.py
[2025-07-02T23:41:06.233+0000] {logging_mixin.py:190} INFO - [2025-07-02T23:41:06.233+0000] {dag.py:3239} INFO - Sync 1 DAGs
[2025-07-02T23:41:06.257+0000] {logging_mixin.py:190} INFO - [2025-07-02T23:41:06.256+0000] {dag.py:4180} INFO - Setting next_dagrun for example_branch_operator to 2025-07-01 00:00:00+00:00, run_after=2025-07-02 00:00:00+00:00
[2025-07-02T23:41:06.276+0000] {processor.py:208} INFO - Processing /home/airflow/.local/lib/python3.12/site-packages/airflow/example_dags/example_branch_operator.py took 0.097 seconds
[2025-07-02T23:41:37.072+0000] {processor.py:186} INFO - Started process (PID=1680) to work on /home/airflow/.local/lib/python3.12/site-packages/airflow/example_dags/example_branch_operator.py
[2025-07-02T23:41:37.073+0000] {processor.py:914} INFO - Processing file /home/airflow/.local/lib/python3.12/site-packages/airflow/example_dags/example_branch_operator.py for tasks to queue
[2025-07-02T23:41:37.075+0000] {logging_mixin.py:190} INFO - [2025-07-02T23:41:37.075+0000] {dagbag.py:588} INFO - Filling up the DagBag from /home/airflow/.local/lib/python3.12/site-packages/airflow/example_dags/example_branch_operator.py
[2025-07-02T23:41:37.092+0000] {processor.py:925} INFO - DAG(s) 'example_branch_operator' retrieved from /home/airflow/.local/lib/python3.12/site-packages/airflow/example_dags/example_branch_operator.py
[2025-07-02T23:41:37.118+0000] {logging_mixin.py:190} INFO - [2025-07-02T23:41:37.118+0000] {dag.py:3239} INFO - Sync 1 DAGs
[2025-07-02T23:41:37.140+0000] {logging_mixin.py:190} INFO - [2025-07-02T23:41:37.140+0000] {dag.py:4180} INFO - Setting next_dagrun for example_branch_operator to 2025-07-01 00:00:00+00:00, run_after=2025-07-02 00:00:00+00:00
[2025-07-02T23:41:37.157+0000] {processor.py:208} INFO - Processing /home/airflow/.local/lib/python3.12/site-packages/airflow/example_dags/example_branch_operator.py took 0.090 seconds
[2025-07-02T23:42:07.838+0000] {processor.py:186} INFO - Started process (PID=1742) to work on /home/airflow/.local/lib/python3.12/site-packages/airflow/example_dags/example_branch_operator.py
[2025-07-02T23:42:07.839+0000] {processor.py:914} INFO - Processing file /home/airflow/.local/lib/python3.12/site-packages/airflow/example_dags/example_branch_operator.py for tasks to queue
[2025-07-02T23:42:07.842+0000] {logging_mixin.py:190} INFO - [2025-07-02T23:42:07.842+0000] {dagbag.py:588} INFO - Filling up the DagBag from /home/airflow/.local/lib/python3.12/site-packages/airflow/example_dags/example_branch_operator.py
[2025-07-02T23:42:07.865+0000] {processor.py:925} INFO - DAG(s) 'example_branch_operator' retrieved from /home/airflow/.local/lib/python3.12/site-packages/airflow/example_dags/example_branch_operator.py
[2025-07-02T23:42:07.891+0000] {logging_mixin.py:190} INFO - [2025-07-02T23:42:07.890+0000] {dag.py:3239} INFO - Sync 1 DAGs
[2025-07-02T23:42:07.913+0000] {logging_mixin.py:190} INFO - [2025-07-02T23:42:07.913+0000] {dag.py:4180} INFO - Setting next_dagrun for example_branch_operator to 2025-07-01 00:00:00+00:00, run_after=2025-07-02 00:00:00+00:00
[2025-07-02T23:42:07.931+0000] {processor.py:208} INFO - Processing /home/airflow/.local/lib/python3.12/site-packages/airflow/example_dags/example_branch_operator.py took 0.101 seconds
[2025-07-02T23:42:38.476+0000] {processor.py:186} INFO - Started process (PID=1804) to work on /home/airflow/.local/lib/python3.12/site-packages/airflow/example_dags/example_branch_operator.py
[2025-07-02T23:42:38.477+0000] {processor.py:914} INFO - Processing file /home/airflow/.local/lib/python3.12/site-packages/airflow/example_dags/example_branch_operator.py for tasks to queue
[2025-07-02T23:42:38.480+0000] {logging_mixin.py:190} INFO - [2025-07-02T23:42:38.480+0000] {dagbag.py:588} INFO - Filling up the DagBag from /home/airflow/.local/lib/python3.12/site-packages/airflow/example_dags/example_branch_operator.py
[2025-07-02T23:42:38.499+0000] {processor.py:925} INFO - DAG(s) 'example_branch_operator' retrieved from /home/airflow/.local/lib/python3.12/site-packages/airflow/example_dags/example_branch_operator.py
[2025-07-02T23:42:38.524+0000] {logging_mixin.py:190} INFO - [2025-07-02T23:42:38.524+0000] {dag.py:3239} INFO - Sync 1 DAGs
[2025-07-02T23:42:38.546+0000] {logging_mixin.py:190} INFO - [2025-07-02T23:42:38.546+0000] {dag.py:4180} INFO - Setting next_dagrun for example_branch_operator to 2025-07-01 00:00:00+00:00, run_after=2025-07-02 00:00:00+00:00
[2025-07-02T23:42:38.564+0000] {processor.py:208} INFO - Processing /home/airflow/.local/lib/python3.12/site-packages/airflow/example_dags/example_branch_operator.py took 0.093 seconds
[2025-07-02T23:43:08.961+0000] {processor.py:186} INFO - Started process (PID=1866) to work on /home/airflow/.local/lib/python3.12/site-packages/airflow/example_dags/example_branch_operator.py
[2025-07-02T23:43:08.962+0000] {processor.py:914} INFO - Processing file /home/airflow/.local/lib/python3.12/site-packages/airflow/example_dags/example_branch_operator.py for tasks to queue
[2025-07-02T23:43:08.964+0000] {logging_mixin.py:190} INFO - [2025-07-02T23:43:08.964+0000] {dagbag.py:588} INFO - Filling up the DagBag from /home/airflow/.local/lib/python3.12/site-packages/airflow/example_dags/example_branch_operator.py
[2025-07-02T23:43:08.982+0000] {processor.py:925} INFO - DAG(s) 'example_branch_operator' retrieved from /home/airflow/.local/lib/python3.12/site-packages/airflow/example_dags/example_branch_operator.py
[2025-07-02T23:43:09.006+0000] {logging_mixin.py:190} INFO - [2025-07-02T23:43:09.006+0000] {dag.py:3239} INFO - Sync 1 DAGs
[2025-07-02T23:43:09.028+0000] {logging_mixin.py:190} INFO - [2025-07-02T23:43:09.028+0000] {dag.py:4180} INFO - Setting next_dagrun for example_branch_operator to 2025-07-01 00:00:00+00:00, run_after=2025-07-02 00:00:00+00:00
[2025-07-02T23:43:09.046+0000] {processor.py:208} INFO - Processing /home/airflow/.local/lib/python3.12/site-packages/airflow/example_dags/example_branch_operator.py took 0.090 seconds
[2025-07-02T23:43:39.285+0000] {processor.py:186} INFO - Started process (PID=1928) to work on /home/airflow/.local/lib/python3.12/site-packages/airflow/example_dags/example_branch_operator.py
[2025-07-02T23:43:39.286+0000] {processor.py:914} INFO - Processing file /home/airflow/.local/lib/python3.12/site-packages/airflow/example_dags/example_branch_operator.py for tasks to queue
[2025-07-02T23:43:39.288+0000] {logging_mixin.py:190} INFO - [2025-07-02T23:43:39.288+0000] {dagbag.py:588} INFO - Filling up the DagBag from /home/airflow/.local/lib/python3.12/site-packages/airflow/example_dags/example_branch_operator.py
[2025-07-02T23:43:39.306+0000] {processor.py:925} INFO - DAG(s) 'example_branch_operator' retrieved from /home/airflow/.local/lib/python3.12/site-packages/airflow/example_dags/example_branch_operator.py
[2025-07-02T23:43:39.329+0000] {logging_mixin.py:190} INFO - [2025-07-02T23:43:39.329+0000] {dag.py:3239} INFO - Sync 1 DAGs
[2025-07-02T23:43:39.353+0000] {logging_mixin.py:190} INFO - [2025-07-02T23:43:39.353+0000] {dag.py:4180} INFO - Setting next_dagrun for example_branch_operator to 2025-07-01 00:00:00+00:00, run_after=2025-07-02 00:00:00+00:00
[2025-07-02T23:43:39.371+0000] {processor.py:208} INFO - Processing /home/airflow/.local/lib/python3.12/site-packages/airflow/example_dags/example_branch_operator.py took 0.092 seconds
[2025-07-02T23:44:10.340+0000] {processor.py:186} INFO - Started process (PID=1990) to work on /home/airflow/.local/lib/python3.12/site-packages/airflow/example_dags/example_branch_operator.py
[2025-07-02T23:44:10.341+0000] {processor.py:914} INFO - Processing file /home/airflow/.local/lib/python3.12/site-packages/airflow/example_dags/example_branch_operator.py for tasks to queue
[2025-07-02T23:44:10.345+0000] {logging_mixin.py:190} INFO - [2025-07-02T23:44:10.345+0000] {dagbag.py:588} INFO - Filling up the DagBag from /home/airflow/.local/lib/python3.12/site-packages/airflow/example_dags/example_branch_operator.py
[2025-07-02T23:44:10.376+0000] {processor.py:925} INFO - DAG(s) 'example_branch_operator' retrieved from /home/airflow/.local/lib/python3.12/site-packages/airflow/example_dags/example_branch_operator.py
[2025-07-02T23:44:10.406+0000] {logging_mixin.py:190} INFO - [2025-07-02T23:44:10.406+0000] {dag.py:3239} INFO - Sync 1 DAGs
[2025-07-02T23:44:10.439+0000] {logging_mixin.py:190} INFO - [2025-07-02T23:44:10.439+0000] {dag.py:4180} INFO - Setting next_dagrun for example_branch_operator to 2025-07-01 00:00:00+00:00, run_after=2025-07-02 00:00:00+00:00
[2025-07-02T23:44:10.463+0000] {processor.py:208} INFO - Processing /home/airflow/.local/lib/python3.12/site-packages/airflow/example_dags/example_branch_operator.py took 0.130 seconds
[2025-07-02T23:44:41.187+0000] {processor.py:186} INFO - Started process (PID=2052) to work on /home/airflow/.local/lib/python3.12/site-packages/airflow/example_dags/example_branch_operator.py
[2025-07-02T23:44:41.188+0000] {processor.py:914} INFO - Processing file /home/airflow/.local/lib/python3.12/site-packages/airflow/example_dags/example_branch_operator.py for tasks to queue
[2025-07-02T23:44:41.192+0000] {logging_mixin.py:190} INFO - [2025-07-02T23:44:41.191+0000] {dagbag.py:588} INFO - Filling up the DagBag from /home/airflow/.local/lib/python3.12/site-packages/airflow/example_dags/example_branch_operator.py
[2025-07-02T23:44:41.216+0000] {processor.py:925} INFO - DAG(s) 'example_branch_operator' retrieved from /home/airflow/.local/lib/python3.12/site-packages/airflow/example_dags/example_branch_operator.py
[2025-07-02T23:44:41.249+0000] {logging_mixin.py:190} INFO - [2025-07-02T23:44:41.249+0000] {dag.py:3239} INFO - Sync 1 DAGs
[2025-07-02T23:44:41.276+0000] {logging_mixin.py:190} INFO - [2025-07-02T23:44:41.276+0000] {dag.py:4180} INFO - Setting next_dagrun for example_branch_operator to 2025-07-01 00:00:00+00:00, run_after=2025-07-02 00:00:00+00:00
[2025-07-02T23:44:41.300+0000] {processor.py:208} INFO - Processing /home/airflow/.local/lib/python3.12/site-packages/airflow/example_dags/example_branch_operator.py took 0.121 seconds
[2025-07-02T23:45:12.324+0000] {processor.py:186} INFO - Started process (PID=2114) to work on /home/airflow/.local/lib/python3.12/site-packages/airflow/example_dags/example_branch_operator.py
[2025-07-02T23:45:12.326+0000] {processor.py:914} INFO - Processing file /home/airflow/.local/lib/python3.12/site-packages/airflow/example_dags/example_branch_operator.py for tasks to queue
[2025-07-02T23:45:12.332+0000] {logging_mixin.py:190} INFO - [2025-07-02T23:45:12.331+0000] {dagbag.py:588} INFO - Filling up the DagBag from /home/airflow/.local/lib/python3.12/site-packages/airflow/example_dags/example_branch_operator.py
[2025-07-02T23:45:12.373+0000] {processor.py:925} INFO - DAG(s) 'example_branch_operator' retrieved from /home/airflow/.local/lib/python3.12/site-packages/airflow/example_dags/example_branch_operator.py
[2025-07-02T23:45:12.420+0000] {logging_mixin.py:190} INFO - [2025-07-02T23:45:12.419+0000] {dag.py:3239} INFO - Sync 1 DAGs
[2025-07-02T23:45:12.468+0000] {logging_mixin.py:190} INFO - [2025-07-02T23:45:12.467+0000] {dag.py:4180} INFO - Setting next_dagrun for example_branch_operator to 2025-07-01 00:00:00+00:00, run_after=2025-07-02 00:00:00+00:00
[2025-07-02T23:45:12.494+0000] {processor.py:208} INFO - Processing /home/airflow/.local/lib/python3.12/site-packages/airflow/example_dags/example_branch_operator.py took 0.181 seconds
[2025-07-02T23:45:42.657+0000] {processor.py:186} INFO - Started process (PID=2176) to work on /home/airflow/.local/lib/python3.12/site-packages/airflow/example_dags/example_branch_operator.py
[2025-07-02T23:45:42.658+0000] {processor.py:914} INFO - Processing file /home/airflow/.local/lib/python3.12/site-packages/airflow/example_dags/example_branch_operator.py for tasks to queue
[2025-07-02T23:45:42.660+0000] {logging_mixin.py:190} INFO - [2025-07-02T23:45:42.660+0000] {dagbag.py:588} INFO - Filling up the DagBag from /home/airflow/.local/lib/python3.12/site-packages/airflow/example_dags/example_branch_operator.py
[2025-07-02T23:45:42.680+0000] {processor.py:925} INFO - DAG(s) 'example_branch_operator' retrieved from /home/airflow/.local/lib/python3.12/site-packages/airflow/example_dags/example_branch_operator.py
[2025-07-02T23:45:42.710+0000] {logging_mixin.py:190} INFO - [2025-07-02T23:45:42.709+0000] {dag.py:3239} INFO - Sync 1 DAGs
[2025-07-02T23:45:42.733+0000] {logging_mixin.py:190} INFO - [2025-07-02T23:45:42.733+0000] {dag.py:4180} INFO - Setting next_dagrun for example_branch_operator to 2025-07-01 00:00:00+00:00, run_after=2025-07-02 00:00:00+00:00
[2025-07-02T23:45:42.752+0000] {processor.py:208} INFO - Processing /home/airflow/.local/lib/python3.12/site-packages/airflow/example_dags/example_branch_operator.py took 0.101 seconds
[2025-07-02T23:46:13.072+0000] {processor.py:186} INFO - Started process (PID=2238) to work on /home/airflow/.local/lib/python3.12/site-packages/airflow/example_dags/example_branch_operator.py
[2025-07-02T23:46:13.074+0000] {processor.py:914} INFO - Processing file /home/airflow/.local/lib/python3.12/site-packages/airflow/example_dags/example_branch_operator.py for tasks to queue
[2025-07-02T23:46:13.076+0000] {logging_mixin.py:190} INFO - [2025-07-02T23:46:13.076+0000] {dagbag.py:588} INFO - Filling up the DagBag from /home/airflow/.local/lib/python3.12/site-packages/airflow/example_dags/example_branch_operator.py
[2025-07-02T23:46:13.094+0000] {processor.py:925} INFO - DAG(s) 'example_branch_operator' retrieved from /home/airflow/.local/lib/python3.12/site-packages/airflow/example_dags/example_branch_operator.py
[2025-07-02T23:46:13.122+0000] {logging_mixin.py:190} INFO - [2025-07-02T23:46:13.122+0000] {dag.py:3239} INFO - Sync 1 DAGs
[2025-07-02T23:46:13.154+0000] {logging_mixin.py:190} INFO - [2025-07-02T23:46:13.153+0000] {dag.py:4180} INFO - Setting next_dagrun for example_branch_operator to 2025-07-01 00:00:00+00:00, run_after=2025-07-02 00:00:00+00:00
[2025-07-02T23:46:13.175+0000] {processor.py:208} INFO - Processing /home/airflow/.local/lib/python3.12/site-packages/airflow/example_dags/example_branch_operator.py took 0.109 seconds
[2025-07-02T23:46:43.647+0000] {processor.py:186} INFO - Started process (PID=2300) to work on /home/airflow/.local/lib/python3.12/site-packages/airflow/example_dags/example_branch_operator.py
[2025-07-02T23:46:43.648+0000] {processor.py:914} INFO - Processing file /home/airflow/.local/lib/python3.12/site-packages/airflow/example_dags/example_branch_operator.py for tasks to queue
[2025-07-02T23:46:43.651+0000] {logging_mixin.py:190} INFO - [2025-07-02T23:46:43.651+0000] {dagbag.py:588} INFO - Filling up the DagBag from /home/airflow/.local/lib/python3.12/site-packages/airflow/example_dags/example_branch_operator.py
[2025-07-02T23:46:43.679+0000] {processor.py:925} INFO - DAG(s) 'example_branch_operator' retrieved from /home/airflow/.local/lib/python3.12/site-packages/airflow/example_dags/example_branch_operator.py
[2025-07-02T23:46:43.724+0000] {logging_mixin.py:190} INFO - [2025-07-02T23:46:43.723+0000] {dag.py:3239} INFO - Sync 1 DAGs
[2025-07-02T23:46:43.769+0000] {logging_mixin.py:190} INFO - [2025-07-02T23:46:43.769+0000] {dag.py:4180} INFO - Setting next_dagrun for example_branch_operator to 2025-07-01 00:00:00+00:00, run_after=2025-07-02 00:00:00+00:00
[2025-07-02T23:46:43.794+0000] {processor.py:208} INFO - Processing /home/airflow/.local/lib/python3.12/site-packages/airflow/example_dags/example_branch_operator.py took 0.156 seconds
[2025-07-02T23:47:13.925+0000] {processor.py:186} INFO - Started process (PID=2362) to work on /home/airflow/.local/lib/python3.12/site-packages/airflow/example_dags/example_branch_operator.py
[2025-07-02T23:47:13.926+0000] {processor.py:914} INFO - Processing file /home/airflow/.local/lib/python3.12/site-packages/airflow/example_dags/example_branch_operator.py for tasks to queue
[2025-07-02T23:47:13.929+0000] {logging_mixin.py:190} INFO - [2025-07-02T23:47:13.928+0000] {dagbag.py:588} INFO - Filling up the DagBag from /home/airflow/.local/lib/python3.12/site-packages/airflow/example_dags/example_branch_operator.py
[2025-07-02T23:47:13.947+0000] {processor.py:925} INFO - DAG(s) 'example_branch_operator' retrieved from /home/airflow/.local/lib/python3.12/site-packages/airflow/example_dags/example_branch_operator.py
[2025-07-02T23:47:13.973+0000] {logging_mixin.py:190} INFO - [2025-07-02T23:47:13.973+0000] {dag.py:3239} INFO - Sync 1 DAGs
[2025-07-02T23:47:13.997+0000] {logging_mixin.py:190} INFO - [2025-07-02T23:47:13.997+0000] {dag.py:4180} INFO - Setting next_dagrun for example_branch_operator to 2025-07-01 00:00:00+00:00, run_after=2025-07-02 00:00:00+00:00
[2025-07-02T23:47:14.016+0000] {processor.py:208} INFO - Processing /home/airflow/.local/lib/python3.12/site-packages/airflow/example_dags/example_branch_operator.py took 0.096 seconds
[2025-07-02T23:47:44.267+0000] {processor.py:186} INFO - Started process (PID=2424) to work on /home/airflow/.local/lib/python3.12/site-packages/airflow/example_dags/example_branch_operator.py
[2025-07-02T23:47:44.268+0000] {processor.py:914} INFO - Processing file /home/airflow/.local/lib/python3.12/site-packages/airflow/example_dags/example_branch_operator.py for tasks to queue
[2025-07-02T23:47:44.271+0000] {logging_mixin.py:190} INFO - [2025-07-02T23:47:44.271+0000] {dagbag.py:588} INFO - Filling up the DagBag from /home/airflow/.local/lib/python3.12/site-packages/airflow/example_dags/example_branch_operator.py
[2025-07-02T23:47:44.291+0000] {processor.py:925} INFO - DAG(s) 'example_branch_operator' retrieved from /home/airflow/.local/lib/python3.12/site-packages/airflow/example_dags/example_branch_operator.py
[2025-07-02T23:47:44.319+0000] {logging_mixin.py:190} INFO - [2025-07-02T23:47:44.319+0000] {dag.py:3239} INFO - Sync 1 DAGs
[2025-07-02T23:47:44.345+0000] {logging_mixin.py:190} INFO - [2025-07-02T23:47:44.344+0000] {dag.py:4180} INFO - Setting next_dagrun for example_branch_operator to 2025-07-01 00:00:00+00:00, run_after=2025-07-02 00:00:00+00:00
[2025-07-02T23:47:44.362+0000] {processor.py:208} INFO - Processing /home/airflow/.local/lib/python3.12/site-packages/airflow/example_dags/example_branch_operator.py took 0.101 seconds
[2025-07-02T23:48:14.516+0000] {processor.py:186} INFO - Started process (PID=2486) to work on /home/airflow/.local/lib/python3.12/site-packages/airflow/example_dags/example_branch_operator.py
[2025-07-02T23:48:14.517+0000] {processor.py:914} INFO - Processing file /home/airflow/.local/lib/python3.12/site-packages/airflow/example_dags/example_branch_operator.py for tasks to queue
[2025-07-02T23:48:14.519+0000] {logging_mixin.py:190} INFO - [2025-07-02T23:48:14.519+0000] {dagbag.py:588} INFO - Filling up the DagBag from /home/airflow/.local/lib/python3.12/site-packages/airflow/example_dags/example_branch_operator.py
[2025-07-02T23:48:14.538+0000] {processor.py:925} INFO - DAG(s) 'example_branch_operator' retrieved from /home/airflow/.local/lib/python3.12/site-packages/airflow/example_dags/example_branch_operator.py
[2025-07-02T23:48:14.585+0000] {logging_mixin.py:190} INFO - [2025-07-02T23:48:14.584+0000] {dag.py:3239} INFO - Sync 1 DAGs
[2025-07-02T23:48:14.622+0000] {logging_mixin.py:190} INFO - [2025-07-02T23:48:14.622+0000] {dag.py:4180} INFO - Setting next_dagrun for example_branch_operator to 2025-07-01 00:00:00+00:00, run_after=2025-07-02 00:00:00+00:00
[2025-07-02T23:48:14.656+0000] {processor.py:208} INFO - Processing /home/airflow/.local/lib/python3.12/site-packages/airflow/example_dags/example_branch_operator.py took 0.147 seconds
[2025-07-02T23:48:44.757+0000] {processor.py:186} INFO - Started process (PID=2548) to work on /home/airflow/.local/lib/python3.12/site-packages/airflow/example_dags/example_branch_operator.py
[2025-07-02T23:48:44.758+0000] {processor.py:914} INFO - Processing file /home/airflow/.local/lib/python3.12/site-packages/airflow/example_dags/example_branch_operator.py for tasks to queue
[2025-07-02T23:48:44.762+0000] {logging_mixin.py:190} INFO - [2025-07-02T23:48:44.761+0000] {dagbag.py:588} INFO - Filling up the DagBag from /home/airflow/.local/lib/python3.12/site-packages/airflow/example_dags/example_branch_operator.py
[2025-07-02T23:48:44.779+0000] {processor.py:925} INFO - DAG(s) 'example_branch_operator' retrieved from /home/airflow/.local/lib/python3.12/site-packages/airflow/example_dags/example_branch_operator.py
[2025-07-02T23:48:44.805+0000] {logging_mixin.py:190} INFO - [2025-07-02T23:48:44.805+0000] {dag.py:3239} INFO - Sync 1 DAGs
[2025-07-02T23:48:44.830+0000] {logging_mixin.py:190} INFO - [2025-07-02T23:48:44.829+0000] {dag.py:4180} INFO - Setting next_dagrun for example_branch_operator to 2025-07-01 00:00:00+00:00, run_after=2025-07-02 00:00:00+00:00
[2025-07-02T23:48:44.850+0000] {processor.py:208} INFO - Processing /home/airflow/.local/lib/python3.12/site-packages/airflow/example_dags/example_branch_operator.py took 0.098 seconds
[2025-07-02T23:49:15.134+0000] {processor.py:186} INFO - Started process (PID=2610) to work on /home/airflow/.local/lib/python3.12/site-packages/airflow/example_dags/example_branch_operator.py
[2025-07-02T23:49:15.135+0000] {processor.py:914} INFO - Processing file /home/airflow/.local/lib/python3.12/site-packages/airflow/example_dags/example_branch_operator.py for tasks to queue
[2025-07-02T23:49:15.139+0000] {logging_mixin.py:190} INFO - [2025-07-02T23:49:15.139+0000] {dagbag.py:588} INFO - Filling up the DagBag from /home/airflow/.local/lib/python3.12/site-packages/airflow/example_dags/example_branch_operator.py
[2025-07-02T23:49:15.164+0000] {processor.py:925} INFO - DAG(s) 'example_branch_operator' retrieved from /home/airflow/.local/lib/python3.12/site-packages/airflow/example_dags/example_branch_operator.py
[2025-07-02T23:49:15.191+0000] {logging_mixin.py:190} INFO - [2025-07-02T23:49:15.191+0000] {dag.py:3239} INFO - Sync 1 DAGs
[2025-07-02T23:49:15.216+0000] {logging_mixin.py:190} INFO - [2025-07-02T23:49:15.216+0000] {dag.py:4180} INFO - Setting next_dagrun for example_branch_operator to 2025-07-01 00:00:00+00:00, run_after=2025-07-02 00:00:00+00:00
[2025-07-02T23:49:15.236+0000] {processor.py:208} INFO - Processing /home/airflow/.local/lib/python3.12/site-packages/airflow/example_dags/example_branch_operator.py took 0.111 seconds
[2025-07-02T23:49:45.551+0000] {processor.py:186} INFO - Started process (PID=2672) to work on /home/airflow/.local/lib/python3.12/site-packages/airflow/example_dags/example_branch_operator.py
[2025-07-02T23:49:45.552+0000] {processor.py:914} INFO - Processing file /home/airflow/.local/lib/python3.12/site-packages/airflow/example_dags/example_branch_operator.py for tasks to queue
[2025-07-02T23:49:45.555+0000] {logging_mixin.py:190} INFO - [2025-07-02T23:49:45.555+0000] {dagbag.py:588} INFO - Filling up the DagBag from /home/airflow/.local/lib/python3.12/site-packages/airflow/example_dags/example_branch_operator.py
[2025-07-02T23:49:45.575+0000] {processor.py:925} INFO - DAG(s) 'example_branch_operator' retrieved from /home/airflow/.local/lib/python3.12/site-packages/airflow/example_dags/example_branch_operator.py
[2025-07-02T23:49:45.610+0000] {logging_mixin.py:190} INFO - [2025-07-02T23:49:45.609+0000] {dag.py:3239} INFO - Sync 1 DAGs
[2025-07-02T23:49:45.634+0000] {logging_mixin.py:190} INFO - [2025-07-02T23:49:45.634+0000] {dag.py:4180} INFO - Setting next_dagrun for example_branch_operator to 2025-07-01 00:00:00+00:00, run_after=2025-07-02 00:00:00+00:00
[2025-07-02T23:49:45.653+0000] {processor.py:208} INFO - Processing /home/airflow/.local/lib/python3.12/site-packages/airflow/example_dags/example_branch_operator.py took 0.107 seconds
[2025-07-02T23:50:15.984+0000] {processor.py:186} INFO - Started process (PID=2734) to work on /home/airflow/.local/lib/python3.12/site-packages/airflow/example_dags/example_branch_operator.py
[2025-07-02T23:50:15.985+0000] {processor.py:914} INFO - Processing file /home/airflow/.local/lib/python3.12/site-packages/airflow/example_dags/example_branch_operator.py for tasks to queue
[2025-07-02T23:50:15.988+0000] {logging_mixin.py:190} INFO - [2025-07-02T23:50:15.988+0000] {dagbag.py:588} INFO - Filling up the DagBag from /home/airflow/.local/lib/python3.12/site-packages/airflow/example_dags/example_branch_operator.py
[2025-07-02T23:50:16.007+0000] {processor.py:925} INFO - DAG(s) 'example_branch_operator' retrieved from /home/airflow/.local/lib/python3.12/site-packages/airflow/example_dags/example_branch_operator.py
[2025-07-02T23:50:16.033+0000] {logging_mixin.py:190} INFO - [2025-07-02T23:50:16.033+0000] {dag.py:3239} INFO - Sync 1 DAGs
[2025-07-02T23:50:16.058+0000] {logging_mixin.py:190} INFO - [2025-07-02T23:50:16.058+0000] {dag.py:4180} INFO - Setting next_dagrun for example_branch_operator to 2025-07-01 00:00:00+00:00, run_after=2025-07-02 00:00:00+00:00
[2025-07-02T23:50:16.076+0000] {processor.py:208} INFO - Processing /home/airflow/.local/lib/python3.12/site-packages/airflow/example_dags/example_branch_operator.py took 0.098 seconds
[2025-07-02T23:50:46.379+0000] {processor.py:186} INFO - Started process (PID=2796) to work on /home/airflow/.local/lib/python3.12/site-packages/airflow/example_dags/example_branch_operator.py
[2025-07-02T23:50:46.380+0000] {processor.py:914} INFO - Processing file /home/airflow/.local/lib/python3.12/site-packages/airflow/example_dags/example_branch_operator.py for tasks to queue
[2025-07-02T23:50:46.382+0000] {logging_mixin.py:190} INFO - [2025-07-02T23:50:46.382+0000] {dagbag.py:588} INFO - Filling up the DagBag from /home/airflow/.local/lib/python3.12/site-packages/airflow/example_dags/example_branch_operator.py
[2025-07-02T23:50:46.399+0000] {processor.py:925} INFO - DAG(s) 'example_branch_operator' retrieved from /home/airflow/.local/lib/python3.12/site-packages/airflow/example_dags/example_branch_operator.py
[2025-07-02T23:50:46.425+0000] {logging_mixin.py:190} INFO - [2025-07-02T23:50:46.425+0000] {dag.py:3239} INFO - Sync 1 DAGs
[2025-07-02T23:50:46.449+0000] {logging_mixin.py:190} INFO - [2025-07-02T23:50:46.449+0000] {dag.py:4180} INFO - Setting next_dagrun for example_branch_operator to 2025-07-01 00:00:00+00:00, run_after=2025-07-02 00:00:00+00:00
[2025-07-02T23:50:46.469+0000] {processor.py:208} INFO - Processing /home/airflow/.local/lib/python3.12/site-packages/airflow/example_dags/example_branch_operator.py took 0.096 seconds
[2025-07-02T23:51:16.602+0000] {processor.py:186} INFO - Started process (PID=2858) to work on /home/airflow/.local/lib/python3.12/site-packages/airflow/example_dags/example_branch_operator.py
[2025-07-02T23:51:16.603+0000] {processor.py:914} INFO - Processing file /home/airflow/.local/lib/python3.12/site-packages/airflow/example_dags/example_branch_operator.py for tasks to queue
[2025-07-02T23:51:16.605+0000] {logging_mixin.py:190} INFO - [2025-07-02T23:51:16.605+0000] {dagbag.py:588} INFO - Filling up the DagBag from /home/airflow/.local/lib/python3.12/site-packages/airflow/example_dags/example_branch_operator.py
[2025-07-02T23:51:16.622+0000] {processor.py:925} INFO - DAG(s) 'example_branch_operator' retrieved from /home/airflow/.local/lib/python3.12/site-packages/airflow/example_dags/example_branch_operator.py
[2025-07-02T23:51:16.647+0000] {logging_mixin.py:190} INFO - [2025-07-02T23:51:16.647+0000] {dag.py:3239} INFO - Sync 1 DAGs
[2025-07-02T23:51:16.670+0000] {logging_mixin.py:190} INFO - [2025-07-02T23:51:16.670+0000] {dag.py:4180} INFO - Setting next_dagrun for example_branch_operator to 2025-07-01 00:00:00+00:00, run_after=2025-07-02 00:00:00+00:00
[2025-07-02T23:51:16.688+0000] {processor.py:208} INFO - Processing /home/airflow/.local/lib/python3.12/site-packages/airflow/example_dags/example_branch_operator.py took 0.092 seconds
[2025-07-02T23:51:46.965+0000] {processor.py:186} INFO - Started process (PID=2921) to work on /home/airflow/.local/lib/python3.12/site-packages/airflow/example_dags/example_branch_operator.py
[2025-07-02T23:51:46.966+0000] {processor.py:914} INFO - Processing file /home/airflow/.local/lib/python3.12/site-packages/airflow/example_dags/example_branch_operator.py for tasks to queue
[2025-07-02T23:51:46.969+0000] {logging_mixin.py:190} INFO - [2025-07-02T23:51:46.968+0000] {dagbag.py:588} INFO - Filling up the DagBag from /home/airflow/.local/lib/python3.12/site-packages/airflow/example_dags/example_branch_operator.py
[2025-07-02T23:51:46.988+0000] {processor.py:925} INFO - DAG(s) 'example_branch_operator' retrieved from /home/airflow/.local/lib/python3.12/site-packages/airflow/example_dags/example_branch_operator.py
[2025-07-02T23:51:47.024+0000] {logging_mixin.py:190} INFO - [2025-07-02T23:51:47.023+0000] {dag.py:3239} INFO - Sync 1 DAGs
[2025-07-02T23:51:47.050+0000] {logging_mixin.py:190} INFO - [2025-07-02T23:51:47.050+0000] {dag.py:4180} INFO - Setting next_dagrun for example_branch_operator to 2025-07-01 00:00:00+00:00, run_after=2025-07-02 00:00:00+00:00
[2025-07-02T23:51:47.070+0000] {processor.py:208} INFO - Processing /home/airflow/.local/lib/python3.12/site-packages/airflow/example_dags/example_branch_operator.py took 0.111 seconds
[2025-07-02T23:52:17.212+0000] {processor.py:186} INFO - Started process (PID=2983) to work on /home/airflow/.local/lib/python3.12/site-packages/airflow/example_dags/example_branch_operator.py
[2025-07-02T23:52:17.213+0000] {processor.py:914} INFO - Processing file /home/airflow/.local/lib/python3.12/site-packages/airflow/example_dags/example_branch_operator.py for tasks to queue
[2025-07-02T23:52:17.215+0000] {logging_mixin.py:190} INFO - [2025-07-02T23:52:17.215+0000] {dagbag.py:588} INFO - Filling up the DagBag from /home/airflow/.local/lib/python3.12/site-packages/airflow/example_dags/example_branch_operator.py
[2025-07-02T23:52:17.234+0000] {processor.py:925} INFO - DAG(s) 'example_branch_operator' retrieved from /home/airflow/.local/lib/python3.12/site-packages/airflow/example_dags/example_branch_operator.py
[2025-07-02T23:52:17.261+0000] {logging_mixin.py:190} INFO - [2025-07-02T23:52:17.260+0000] {dag.py:3239} INFO - Sync 1 DAGs
[2025-07-02T23:52:17.287+0000] {logging_mixin.py:190} INFO - [2025-07-02T23:52:17.287+0000] {dag.py:4180} INFO - Setting next_dagrun for example_branch_operator to 2025-07-01 00:00:00+00:00, run_after=2025-07-02 00:00:00+00:00
[2025-07-02T23:52:17.306+0000] {processor.py:208} INFO - Processing /home/airflow/.local/lib/python3.12/site-packages/airflow/example_dags/example_branch_operator.py took 0.101 seconds
[2025-07-02T23:52:47.841+0000] {processor.py:186} INFO - Started process (PID=3045) to work on /home/airflow/.local/lib/python3.12/site-packages/airflow/example_dags/example_branch_operator.py
[2025-07-02T23:52:47.842+0000] {processor.py:914} INFO - Processing file /home/airflow/.local/lib/python3.12/site-packages/airflow/example_dags/example_branch_operator.py for tasks to queue
[2025-07-02T23:52:47.844+0000] {logging_mixin.py:190} INFO - [2025-07-02T23:52:47.844+0000] {dagbag.py:588} INFO - Filling up the DagBag from /home/airflow/.local/lib/python3.12/site-packages/airflow/example_dags/example_branch_operator.py
[2025-07-02T23:52:47.860+0000] {processor.py:925} INFO - DAG(s) 'example_branch_operator' retrieved from /home/airflow/.local/lib/python3.12/site-packages/airflow/example_dags/example_branch_operator.py
[2025-07-02T23:52:47.887+0000] {logging_mixin.py:190} INFO - [2025-07-02T23:52:47.886+0000] {dag.py:3239} INFO - Sync 1 DAGs
[2025-07-02T23:52:47.910+0000] {logging_mixin.py:190} INFO - [2025-07-02T23:52:47.909+0000] {dag.py:4180} INFO - Setting next_dagrun for example_branch_operator to 2025-07-01 00:00:00+00:00, run_after=2025-07-02 00:00:00+00:00
[2025-07-02T23:52:47.929+0000] {processor.py:208} INFO - Processing /home/airflow/.local/lib/python3.12/site-packages/airflow/example_dags/example_branch_operator.py took 0.094 seconds
[2025-07-02T23:53:18.542+0000] {processor.py:186} INFO - Started process (PID=3107) to work on /home/airflow/.local/lib/python3.12/site-packages/airflow/example_dags/example_branch_operator.py
[2025-07-02T23:53:18.543+0000] {processor.py:914} INFO - Processing file /home/airflow/.local/lib/python3.12/site-packages/airflow/example_dags/example_branch_operator.py for tasks to queue
[2025-07-02T23:53:18.545+0000] {logging_mixin.py:190} INFO - [2025-07-02T23:53:18.545+0000] {dagbag.py:588} INFO - Filling up the DagBag from /home/airflow/.local/lib/python3.12/site-packages/airflow/example_dags/example_branch_operator.py
[2025-07-02T23:53:18.571+0000] {processor.py:925} INFO - DAG(s) 'example_branch_operator' retrieved from /home/airflow/.local/lib/python3.12/site-packages/airflow/example_dags/example_branch_operator.py
[2025-07-02T23:53:18.600+0000] {logging_mixin.py:190} INFO - [2025-07-02T23:53:18.599+0000] {dag.py:3239} INFO - Sync 1 DAGs
[2025-07-02T23:53:18.626+0000] {logging_mixin.py:190} INFO - [2025-07-02T23:53:18.626+0000] {dag.py:4180} INFO - Setting next_dagrun for example_branch_operator to 2025-07-01 00:00:00+00:00, run_after=2025-07-02 00:00:00+00:00
[2025-07-02T23:53:18.650+0000] {processor.py:208} INFO - Processing /home/airflow/.local/lib/python3.12/site-packages/airflow/example_dags/example_branch_operator.py took 0.114 seconds
[2025-07-02T23:53:48.723+0000] {processor.py:186} INFO - Started process (PID=3169) to work on /home/airflow/.local/lib/python3.12/site-packages/airflow/example_dags/example_branch_operator.py
[2025-07-02T23:53:48.724+0000] {processor.py:914} INFO - Processing file /home/airflow/.local/lib/python3.12/site-packages/airflow/example_dags/example_branch_operator.py for tasks to queue
[2025-07-02T23:53:48.726+0000] {logging_mixin.py:190} INFO - [2025-07-02T23:53:48.726+0000] {dagbag.py:588} INFO - Filling up the DagBag from /home/airflow/.local/lib/python3.12/site-packages/airflow/example_dags/example_branch_operator.py
[2025-07-02T23:53:48.743+0000] {processor.py:925} INFO - DAG(s) 'example_branch_operator' retrieved from /home/airflow/.local/lib/python3.12/site-packages/airflow/example_dags/example_branch_operator.py
[2025-07-02T23:53:48.768+0000] {logging_mixin.py:190} INFO - [2025-07-02T23:53:48.768+0000] {dag.py:3239} INFO - Sync 1 DAGs
[2025-07-02T23:53:48.791+0000] {logging_mixin.py:190} INFO - [2025-07-02T23:53:48.791+0000] {dag.py:4180} INFO - Setting next_dagrun for example_branch_operator to 2025-07-01 00:00:00+00:00, run_after=2025-07-02 00:00:00+00:00
[2025-07-02T23:53:48.809+0000] {processor.py:208} INFO - Processing /home/airflow/.local/lib/python3.12/site-packages/airflow/example_dags/example_branch_operator.py took 0.091 seconds
[2025-07-02T23:54:19.017+0000] {processor.py:186} INFO - Started process (PID=3231) to work on /home/airflow/.local/lib/python3.12/site-packages/airflow/example_dags/example_branch_operator.py
[2025-07-02T23:54:19.018+0000] {processor.py:914} INFO - Processing file /home/airflow/.local/lib/python3.12/site-packages/airflow/example_dags/example_branch_operator.py for tasks to queue
[2025-07-02T23:54:19.021+0000] {logging_mixin.py:190} INFO - [2025-07-02T23:54:19.021+0000] {dagbag.py:588} INFO - Filling up the DagBag from /home/airflow/.local/lib/python3.12/site-packages/airflow/example_dags/example_branch_operator.py
[2025-07-02T23:54:19.038+0000] {processor.py:925} INFO - DAG(s) 'example_branch_operator' retrieved from /home/airflow/.local/lib/python3.12/site-packages/airflow/example_dags/example_branch_operator.py
[2025-07-02T23:54:19.064+0000] {logging_mixin.py:190} INFO - [2025-07-02T23:54:19.064+0000] {dag.py:3239} INFO - Sync 1 DAGs
[2025-07-02T23:54:19.089+0000] {logging_mixin.py:190} INFO - [2025-07-02T23:54:19.089+0000] {dag.py:4180} INFO - Setting next_dagrun for example_branch_operator to 2025-07-01 00:00:00+00:00, run_after=2025-07-02 00:00:00+00:00
[2025-07-02T23:54:19.109+0000] {processor.py:208} INFO - Processing /home/airflow/.local/lib/python3.12/site-packages/airflow/example_dags/example_branch_operator.py took 0.098 seconds
[2025-07-02T23:54:49.711+0000] {processor.py:186} INFO - Started process (PID=3293) to work on /home/airflow/.local/lib/python3.12/site-packages/airflow/example_dags/example_branch_operator.py
[2025-07-02T23:54:49.712+0000] {processor.py:914} INFO - Processing file /home/airflow/.local/lib/python3.12/site-packages/airflow/example_dags/example_branch_operator.py for tasks to queue
[2025-07-02T23:54:49.714+0000] {logging_mixin.py:190} INFO - [2025-07-02T23:54:49.714+0000] {dagbag.py:588} INFO - Filling up the DagBag from /home/airflow/.local/lib/python3.12/site-packages/airflow/example_dags/example_branch_operator.py
[2025-07-02T23:54:49.732+0000] {processor.py:925} INFO - DAG(s) 'example_branch_operator' retrieved from /home/airflow/.local/lib/python3.12/site-packages/airflow/example_dags/example_branch_operator.py
[2025-07-02T23:54:49.761+0000] {logging_mixin.py:190} INFO - [2025-07-02T23:54:49.761+0000] {dag.py:3239} INFO - Sync 1 DAGs
[2025-07-02T23:54:49.783+0000] {logging_mixin.py:190} INFO - [2025-07-02T23:54:49.783+0000] {dag.py:4180} INFO - Setting next_dagrun for example_branch_operator to 2025-07-01 00:00:00+00:00, run_after=2025-07-02 00:00:00+00:00
[2025-07-02T23:54:49.800+0000] {processor.py:208} INFO - Processing /home/airflow/.local/lib/python3.12/site-packages/airflow/example_dags/example_branch_operator.py took 0.095 seconds
[2025-07-02T23:55:20.274+0000] {processor.py:186} INFO - Started process (PID=3355) to work on /home/airflow/.local/lib/python3.12/site-packages/airflow/example_dags/example_branch_operator.py
[2025-07-02T23:55:20.275+0000] {processor.py:914} INFO - Processing file /home/airflow/.local/lib/python3.12/site-packages/airflow/example_dags/example_branch_operator.py for tasks to queue
[2025-07-02T23:55:20.278+0000] {logging_mixin.py:190} INFO - [2025-07-02T23:55:20.277+0000] {dagbag.py:588} INFO - Filling up the DagBag from /home/airflow/.local/lib/python3.12/site-packages/airflow/example_dags/example_branch_operator.py
[2025-07-02T23:55:20.295+0000] {processor.py:925} INFO - DAG(s) 'example_branch_operator' retrieved from /home/airflow/.local/lib/python3.12/site-packages/airflow/example_dags/example_branch_operator.py
[2025-07-02T23:55:20.321+0000] {logging_mixin.py:190} INFO - [2025-07-02T23:55:20.320+0000] {dag.py:3239} INFO - Sync 1 DAGs
[2025-07-02T23:55:20.548+0000] {logging_mixin.py:190} INFO - [2025-07-02T23:55:20.548+0000] {dag.py:4180} INFO - Setting next_dagrun for example_branch_operator to 2025-07-01 00:00:00+00:00, run_after=2025-07-02 00:00:00+00:00
[2025-07-02T23:55:20.571+0000] {processor.py:208} INFO - Processing /home/airflow/.local/lib/python3.12/site-packages/airflow/example_dags/example_branch_operator.py took 0.302 seconds
[2025-07-02T23:55:51.205+0000] {processor.py:186} INFO - Started process (PID=3417) to work on /home/airflow/.local/lib/python3.12/site-packages/airflow/example_dags/example_branch_operator.py
[2025-07-02T23:55:51.207+0000] {processor.py:914} INFO - Processing file /home/airflow/.local/lib/python3.12/site-packages/airflow/example_dags/example_branch_operator.py for tasks to queue
[2025-07-02T23:55:51.210+0000] {logging_mixin.py:190} INFO - [2025-07-02T23:55:51.209+0000] {dagbag.py:588} INFO - Filling up the DagBag from /home/airflow/.local/lib/python3.12/site-packages/airflow/example_dags/example_branch_operator.py
[2025-07-02T23:55:51.233+0000] {processor.py:925} INFO - DAG(s) 'example_branch_operator' retrieved from /home/airflow/.local/lib/python3.12/site-packages/airflow/example_dags/example_branch_operator.py
[2025-07-02T23:55:51.264+0000] {logging_mixin.py:190} INFO - [2025-07-02T23:55:51.264+0000] {dag.py:3239} INFO - Sync 1 DAGs
[2025-07-02T23:55:51.459+0000] {logging_mixin.py:190} INFO - [2025-07-02T23:55:51.459+0000] {dag.py:4180} INFO - Setting next_dagrun for example_branch_operator to 2025-07-01 00:00:00+00:00, run_after=2025-07-02 00:00:00+00:00
[2025-07-02T23:55:51.478+0000] {processor.py:208} INFO - Processing /home/airflow/.local/lib/python3.12/site-packages/airflow/example_dags/example_branch_operator.py took 0.280 seconds
[2025-07-02T23:56:21.841+0000] {processor.py:186} INFO - Started process (PID=3479) to work on /home/airflow/.local/lib/python3.12/site-packages/airflow/example_dags/example_branch_operator.py
[2025-07-02T23:56:21.843+0000] {processor.py:914} INFO - Processing file /home/airflow/.local/lib/python3.12/site-packages/airflow/example_dags/example_branch_operator.py for tasks to queue
[2025-07-02T23:56:21.845+0000] {logging_mixin.py:190} INFO - [2025-07-02T23:56:21.845+0000] {dagbag.py:588} INFO - Filling up the DagBag from /home/airflow/.local/lib/python3.12/site-packages/airflow/example_dags/example_branch_operator.py
[2025-07-02T23:56:21.861+0000] {processor.py:925} INFO - DAG(s) 'example_branch_operator' retrieved from /home/airflow/.local/lib/python3.12/site-packages/airflow/example_dags/example_branch_operator.py
[2025-07-02T23:56:21.886+0000] {logging_mixin.py:190} INFO - [2025-07-02T23:56:21.886+0000] {dag.py:3239} INFO - Sync 1 DAGs
[2025-07-02T23:56:21.908+0000] {logging_mixin.py:190} INFO - [2025-07-02T23:56:21.907+0000] {dag.py:4180} INFO - Setting next_dagrun for example_branch_operator to 2025-07-01 00:00:00+00:00, run_after=2025-07-02 00:00:00+00:00
[2025-07-02T23:56:21.925+0000] {processor.py:208} INFO - Processing /home/airflow/.local/lib/python3.12/site-packages/airflow/example_dags/example_branch_operator.py took 0.089 seconds
[2025-07-02T23:56:52.404+0000] {processor.py:186} INFO - Started process (PID=3541) to work on /home/airflow/.local/lib/python3.12/site-packages/airflow/example_dags/example_branch_operator.py
[2025-07-02T23:56:52.405+0000] {processor.py:914} INFO - Processing file /home/airflow/.local/lib/python3.12/site-packages/airflow/example_dags/example_branch_operator.py for tasks to queue
[2025-07-02T23:56:52.409+0000] {logging_mixin.py:190} INFO - [2025-07-02T23:56:52.408+0000] {dagbag.py:588} INFO - Filling up the DagBag from /home/airflow/.local/lib/python3.12/site-packages/airflow/example_dags/example_branch_operator.py
[2025-07-02T23:56:52.432+0000] {processor.py:925} INFO - DAG(s) 'example_branch_operator' retrieved from /home/airflow/.local/lib/python3.12/site-packages/airflow/example_dags/example_branch_operator.py
[2025-07-02T23:56:52.462+0000] {logging_mixin.py:190} INFO - [2025-07-02T23:56:52.461+0000] {dag.py:3239} INFO - Sync 1 DAGs
[2025-07-02T23:56:52.486+0000] {logging_mixin.py:190} INFO - [2025-07-02T23:56:52.485+0000] {dag.py:4180} INFO - Setting next_dagrun for example_branch_operator to 2025-07-01 00:00:00+00:00, run_after=2025-07-02 00:00:00+00:00
[2025-07-02T23:56:52.506+0000] {processor.py:208} INFO - Processing /home/airflow/.local/lib/python3.12/site-packages/airflow/example_dags/example_branch_operator.py took 0.110 seconds
[2025-07-02T23:57:23.061+0000] {processor.py:186} INFO - Started process (PID=3603) to work on /home/airflow/.local/lib/python3.12/site-packages/airflow/example_dags/example_branch_operator.py
[2025-07-02T23:57:23.064+0000] {processor.py:914} INFO - Processing file /home/airflow/.local/lib/python3.12/site-packages/airflow/example_dags/example_branch_operator.py for tasks to queue
[2025-07-02T23:57:23.068+0000] {logging_mixin.py:190} INFO - [2025-07-02T23:57:23.068+0000] {dagbag.py:588} INFO - Filling up the DagBag from /home/airflow/.local/lib/python3.12/site-packages/airflow/example_dags/example_branch_operator.py
[2025-07-02T23:57:23.090+0000] {processor.py:925} INFO - DAG(s) 'example_branch_operator' retrieved from /home/airflow/.local/lib/python3.12/site-packages/airflow/example_dags/example_branch_operator.py
[2025-07-02T23:57:23.118+0000] {logging_mixin.py:190} INFO - [2025-07-02T23:57:23.118+0000] {dag.py:3239} INFO - Sync 1 DAGs
[2025-07-02T23:57:23.139+0000] {logging_mixin.py:190} INFO - [2025-07-02T23:57:23.139+0000] {dag.py:4180} INFO - Setting next_dagrun for example_branch_operator to 2025-07-01 00:00:00+00:00, run_after=2025-07-02 00:00:00+00:00
[2025-07-02T23:57:23.157+0000] {processor.py:208} INFO - Processing /home/airflow/.local/lib/python3.12/site-packages/airflow/example_dags/example_branch_operator.py took 0.103 seconds
[2025-07-02T23:57:53.656+0000] {processor.py:186} INFO - Started process (PID=3665) to work on /home/airflow/.local/lib/python3.12/site-packages/airflow/example_dags/example_branch_operator.py
[2025-07-02T23:57:53.657+0000] {processor.py:914} INFO - Processing file /home/airflow/.local/lib/python3.12/site-packages/airflow/example_dags/example_branch_operator.py for tasks to queue
[2025-07-02T23:57:53.660+0000] {logging_mixin.py:190} INFO - [2025-07-02T23:57:53.660+0000] {dagbag.py:588} INFO - Filling up the DagBag from /home/airflow/.local/lib/python3.12/site-packages/airflow/example_dags/example_branch_operator.py
[2025-07-02T23:57:53.683+0000] {processor.py:925} INFO - DAG(s) 'example_branch_operator' retrieved from /home/airflow/.local/lib/python3.12/site-packages/airflow/example_dags/example_branch_operator.py
[2025-07-02T23:57:53.716+0000] {logging_mixin.py:190} INFO - [2025-07-02T23:57:53.715+0000] {dag.py:3239} INFO - Sync 1 DAGs
[2025-07-02T23:57:53.739+0000] {logging_mixin.py:190} INFO - [2025-07-02T23:57:53.739+0000] {dag.py:4180} INFO - Setting next_dagrun for example_branch_operator to 2025-07-01 00:00:00+00:00, run_after=2025-07-02 00:00:00+00:00
[2025-07-02T23:57:53.759+0000] {processor.py:208} INFO - Processing /home/airflow/.local/lib/python3.12/site-packages/airflow/example_dags/example_branch_operator.py took 0.110 seconds
[2025-07-02T23:58:24.105+0000] {processor.py:186} INFO - Started process (PID=3727) to work on /home/airflow/.local/lib/python3.12/site-packages/airflow/example_dags/example_branch_operator.py
[2025-07-02T23:58:24.107+0000] {processor.py:914} INFO - Processing file /home/airflow/.local/lib/python3.12/site-packages/airflow/example_dags/example_branch_operator.py for tasks to queue
[2025-07-02T23:58:24.109+0000] {logging_mixin.py:190} INFO - [2025-07-02T23:58:24.109+0000] {dagbag.py:588} INFO - Filling up the DagBag from /home/airflow/.local/lib/python3.12/site-packages/airflow/example_dags/example_branch_operator.py
[2025-07-02T23:58:24.127+0000] {processor.py:925} INFO - DAG(s) 'example_branch_operator' retrieved from /home/airflow/.local/lib/python3.12/site-packages/airflow/example_dags/example_branch_operator.py
[2025-07-02T23:58:24.153+0000] {logging_mixin.py:190} INFO - [2025-07-02T23:58:24.153+0000] {dag.py:3239} INFO - Sync 1 DAGs
[2025-07-02T23:58:24.176+0000] {logging_mixin.py:190} INFO - [2025-07-02T23:58:24.176+0000] {dag.py:4180} INFO - Setting next_dagrun for example_branch_operator to 2025-07-01 00:00:00+00:00, run_after=2025-07-02 00:00:00+00:00
[2025-07-02T23:58:24.196+0000] {processor.py:208} INFO - Processing /home/airflow/.local/lib/python3.12/site-packages/airflow/example_dags/example_branch_operator.py took 0.097 seconds
[2025-07-02T23:58:54.609+0000] {processor.py:186} INFO - Started process (PID=3789) to work on /home/airflow/.local/lib/python3.12/site-packages/airflow/example_dags/example_branch_operator.py
[2025-07-02T23:58:54.610+0000] {processor.py:914} INFO - Processing file /home/airflow/.local/lib/python3.12/site-packages/airflow/example_dags/example_branch_operator.py for tasks to queue
[2025-07-02T23:58:54.612+0000] {logging_mixin.py:190} INFO - [2025-07-02T23:58:54.612+0000] {dagbag.py:588} INFO - Filling up the DagBag from /home/airflow/.local/lib/python3.12/site-packages/airflow/example_dags/example_branch_operator.py
[2025-07-02T23:58:54.630+0000] {processor.py:925} INFO - DAG(s) 'example_branch_operator' retrieved from /home/airflow/.local/lib/python3.12/site-packages/airflow/example_dags/example_branch_operator.py
[2025-07-02T23:58:54.656+0000] {logging_mixin.py:190} INFO - [2025-07-02T23:58:54.656+0000] {dag.py:3239} INFO - Sync 1 DAGs
[2025-07-02T23:58:54.679+0000] {logging_mixin.py:190} INFO - [2025-07-02T23:58:54.679+0000] {dag.py:4180} INFO - Setting next_dagrun for example_branch_operator to 2025-07-01 00:00:00+00:00, run_after=2025-07-02 00:00:00+00:00
[2025-07-02T23:58:54.698+0000] {processor.py:208} INFO - Processing /home/airflow/.local/lib/python3.12/site-packages/airflow/example_dags/example_branch_operator.py took 0.095 seconds
[2025-07-02T23:59:25.108+0000] {processor.py:186} INFO - Started process (PID=3851) to work on /home/airflow/.local/lib/python3.12/site-packages/airflow/example_dags/example_branch_operator.py
[2025-07-02T23:59:25.109+0000] {processor.py:914} INFO - Processing file /home/airflow/.local/lib/python3.12/site-packages/airflow/example_dags/example_branch_operator.py for tasks to queue
[2025-07-02T23:59:25.111+0000] {logging_mixin.py:190} INFO - [2025-07-02T23:59:25.111+0000] {dagbag.py:588} INFO - Filling up the DagBag from /home/airflow/.local/lib/python3.12/site-packages/airflow/example_dags/example_branch_operator.py
[2025-07-02T23:59:25.128+0000] {processor.py:925} INFO - DAG(s) 'example_branch_operator' retrieved from /home/airflow/.local/lib/python3.12/site-packages/airflow/example_dags/example_branch_operator.py
[2025-07-02T23:59:25.154+0000] {logging_mixin.py:190} INFO - [2025-07-02T23:59:25.154+0000] {dag.py:3239} INFO - Sync 1 DAGs
[2025-07-02T23:59:25.178+0000] {logging_mixin.py:190} INFO - [2025-07-02T23:59:25.177+0000] {dag.py:4180} INFO - Setting next_dagrun for example_branch_operator to 2025-07-01 00:00:00+00:00, run_after=2025-07-02 00:00:00+00:00
[2025-07-02T23:59:25.197+0000] {processor.py:208} INFO - Processing /home/airflow/.local/lib/python3.12/site-packages/airflow/example_dags/example_branch_operator.py took 0.094 seconds
[2025-07-02T23:59:55.580+0000] {processor.py:186} INFO - Started process (PID=3913) to work on /home/airflow/.local/lib/python3.12/site-packages/airflow/example_dags/example_branch_operator.py
[2025-07-02T23:59:55.581+0000] {processor.py:914} INFO - Processing file /home/airflow/.local/lib/python3.12/site-packages/airflow/example_dags/example_branch_operator.py for tasks to queue
[2025-07-02T23:59:55.590+0000] {logging_mixin.py:190} INFO - [2025-07-02T23:59:55.589+0000] {dagbag.py:588} INFO - Filling up the DagBag from /home/airflow/.local/lib/python3.12/site-packages/airflow/example_dags/example_branch_operator.py
[2025-07-02T23:59:55.609+0000] {processor.py:925} INFO - DAG(s) 'example_branch_operator' retrieved from /home/airflow/.local/lib/python3.12/site-packages/airflow/example_dags/example_branch_operator.py
[2025-07-02T23:59:55.635+0000] {logging_mixin.py:190} INFO - [2025-07-02T23:59:55.635+0000] {dag.py:3239} INFO - Sync 1 DAGs
[2025-07-02T23:59:55.660+0000] {logging_mixin.py:190} INFO - [2025-07-02T23:59:55.659+0000] {dag.py:4180} INFO - Setting next_dagrun for example_branch_operator to 2025-07-01 00:00:00+00:00, run_after=2025-07-02 00:00:00+00:00
[2025-07-02T23:59:55.677+0000] {processor.py:208} INFO - Processing /home/airflow/.local/lib/python3.12/site-packages/airflow/example_dags/example_branch_operator.py took 0.105 seconds
