[2025-07-02T23:29:06.416+0000] {processor.py:186} INFO - Started process (PID=157) to work on /home/airflow/.local/lib/python3.12/site-packages/airflow/example_dags/example_xcomargs.py
[2025-07-02T23:29:06.418+0000] {processor.py:914} INFO - Processing file /home/airflow/.local/lib/python3.12/site-packages/airflow/example_dags/example_xcomargs.py for tasks to queue
[2025-07-02T23:29:06.423+0000] {logging_mixin.py:190} INFO - [2025-07-02T23:29:06.422+0000] {dagbag.py:588} INFO - Filling up the DagBag from /home/airflow/.local/lib/python3.12/site-packages/airflow/example_dags/example_xcomargs.py
[2025-07-02T23:29:06.465+0000] {processor.py:925} INFO - DAG(s) 'example_xcom_args', 'example_xcom_args_with_operators' retrieved from /home/airflow/.local/lib/python3.12/site-packages/airflow/example_dags/example_xcomargs.py
[2025-07-02T23:29:06.567+0000] {logging_mixin.py:190} INFO - [2025-07-02T23:29:06.566+0000] {dag.py:3239} INFO - Sync 2 DAGs
[2025-07-02T23:29:06.653+0000] {logging_mixin.py:190} INFO - [2025-07-02T23:29:06.652+0000] {dag.py:4180} INFO - Setting next_dagrun for example_xcom_args to None, run_after=None
[2025-07-02T23:29:06.672+0000] {logging_mixin.py:190} INFO - [2025-07-02T23:29:06.671+0000] {dag.py:4180} INFO - Setting next_dagrun for example_xcom_args_with_operators to None, run_after=None
[2025-07-02T23:29:06.714+0000] {processor.py:208} INFO - Processing /home/airflow/.local/lib/python3.12/site-packages/airflow/example_dags/example_xcomargs.py took 0.321 seconds
[2025-07-02T23:29:37.202+0000] {processor.py:186} INFO - Started process (PID=219) to work on /home/airflow/.local/lib/python3.12/site-packages/airflow/example_dags/example_xcomargs.py
[2025-07-02T23:29:37.205+0000] {processor.py:914} INFO - Processing file /home/airflow/.local/lib/python3.12/site-packages/airflow/example_dags/example_xcomargs.py for tasks to queue
[2025-07-02T23:29:37.211+0000] {logging_mixin.py:190} INFO - [2025-07-02T23:29:37.210+0000] {dagbag.py:588} INFO - Filling up the DagBag from /home/airflow/.local/lib/python3.12/site-packages/airflow/example_dags/example_xcomargs.py
[2025-07-02T23:29:37.244+0000] {processor.py:925} INFO - DAG(s) 'example_xcom_args', 'example_xcom_args_with_operators' retrieved from /home/airflow/.local/lib/python3.12/site-packages/airflow/example_dags/example_xcomargs.py
[2025-07-02T23:29:37.344+0000] {logging_mixin.py:190} INFO - [2025-07-02T23:29:37.344+0000] {dag.py:3239} INFO - Sync 2 DAGs
[2025-07-02T23:29:37.369+0000] {logging_mixin.py:190} INFO - [2025-07-02T23:29:37.368+0000] {dag.py:4180} INFO - Setting next_dagrun for example_xcom_args to None, run_after=None
[2025-07-02T23:29:37.375+0000] {logging_mixin.py:190} INFO - [2025-07-02T23:29:37.375+0000] {dag.py:4180} INFO - Setting next_dagrun for example_xcom_args_with_operators to None, run_after=None
[2025-07-02T23:29:37.393+0000] {processor.py:208} INFO - Processing /home/airflow/.local/lib/python3.12/site-packages/airflow/example_dags/example_xcomargs.py took 0.208 seconds
[2025-07-02T23:30:07.444+0000] {processor.py:186} INFO - Started process (PID=281) to work on /home/airflow/.local/lib/python3.12/site-packages/airflow/example_dags/example_xcomargs.py
[2025-07-02T23:30:07.446+0000] {processor.py:914} INFO - Processing file /home/airflow/.local/lib/python3.12/site-packages/airflow/example_dags/example_xcomargs.py for tasks to queue
[2025-07-02T23:30:07.449+0000] {logging_mixin.py:190} INFO - [2025-07-02T23:30:07.448+0000] {dagbag.py:588} INFO - Filling up the DagBag from /home/airflow/.local/lib/python3.12/site-packages/airflow/example_dags/example_xcomargs.py
[2025-07-02T23:30:07.462+0000] {processor.py:925} INFO - DAG(s) 'example_xcom_args_with_operators', 'example_xcom_args' retrieved from /home/airflow/.local/lib/python3.12/site-packages/airflow/example_dags/example_xcomargs.py
[2025-07-02T23:30:07.497+0000] {logging_mixin.py:190} INFO - [2025-07-02T23:30:07.497+0000] {dag.py:3239} INFO - Sync 2 DAGs
[2025-07-02T23:30:07.521+0000] {logging_mixin.py:190} INFO - [2025-07-02T23:30:07.521+0000] {dag.py:4180} INFO - Setting next_dagrun for example_xcom_args to None, run_after=None
[2025-07-02T23:30:07.527+0000] {logging_mixin.py:190} INFO - [2025-07-02T23:30:07.527+0000] {dag.py:4180} INFO - Setting next_dagrun for example_xcom_args_with_operators to None, run_after=None
[2025-07-02T23:30:07.554+0000] {processor.py:208} INFO - Processing /home/airflow/.local/lib/python3.12/site-packages/airflow/example_dags/example_xcomargs.py took 0.120 seconds
[2025-07-02T23:30:38.268+0000] {processor.py:186} INFO - Started process (PID=343) to work on /home/airflow/.local/lib/python3.12/site-packages/airflow/example_dags/example_xcomargs.py
[2025-07-02T23:30:38.270+0000] {processor.py:914} INFO - Processing file /home/airflow/.local/lib/python3.12/site-packages/airflow/example_dags/example_xcomargs.py for tasks to queue
[2025-07-02T23:30:38.272+0000] {logging_mixin.py:190} INFO - [2025-07-02T23:30:38.272+0000] {dagbag.py:588} INFO - Filling up the DagBag from /home/airflow/.local/lib/python3.12/site-packages/airflow/example_dags/example_xcomargs.py
[2025-07-02T23:30:38.285+0000] {processor.py:925} INFO - DAG(s) 'example_xcom_args_with_operators', 'example_xcom_args' retrieved from /home/airflow/.local/lib/python3.12/site-packages/airflow/example_dags/example_xcomargs.py
[2025-07-02T23:30:38.311+0000] {logging_mixin.py:190} INFO - [2025-07-02T23:30:38.311+0000] {dag.py:3239} INFO - Sync 2 DAGs
[2025-07-02T23:30:38.328+0000] {logging_mixin.py:190} INFO - [2025-07-02T23:30:38.328+0000] {dag.py:4180} INFO - Setting next_dagrun for example_xcom_args to None, run_after=None
[2025-07-02T23:30:38.332+0000] {logging_mixin.py:190} INFO - [2025-07-02T23:30:38.331+0000] {dag.py:4180} INFO - Setting next_dagrun for example_xcom_args_with_operators to None, run_after=None
[2025-07-02T23:30:38.351+0000] {processor.py:208} INFO - Processing /home/airflow/.local/lib/python3.12/site-packages/airflow/example_dags/example_xcomargs.py took 0.092 seconds
[2025-07-02T23:31:09.074+0000] {processor.py:186} INFO - Started process (PID=405) to work on /home/airflow/.local/lib/python3.12/site-packages/airflow/example_dags/example_xcomargs.py
[2025-07-02T23:31:09.076+0000] {processor.py:914} INFO - Processing file /home/airflow/.local/lib/python3.12/site-packages/airflow/example_dags/example_xcomargs.py for tasks to queue
[2025-07-02T23:31:09.078+0000] {logging_mixin.py:190} INFO - [2025-07-02T23:31:09.078+0000] {dagbag.py:588} INFO - Filling up the DagBag from /home/airflow/.local/lib/python3.12/site-packages/airflow/example_dags/example_xcomargs.py
[2025-07-02T23:31:09.092+0000] {processor.py:925} INFO - DAG(s) 'example_xcom_args', 'example_xcom_args_with_operators' retrieved from /home/airflow/.local/lib/python3.12/site-packages/airflow/example_dags/example_xcomargs.py
[2025-07-02T23:31:09.117+0000] {logging_mixin.py:190} INFO - [2025-07-02T23:31:09.117+0000] {dag.py:3239} INFO - Sync 2 DAGs
[2025-07-02T23:31:09.138+0000] {logging_mixin.py:190} INFO - [2025-07-02T23:31:09.138+0000] {dag.py:4180} INFO - Setting next_dagrun for example_xcom_args to None, run_after=None
[2025-07-02T23:31:09.143+0000] {logging_mixin.py:190} INFO - [2025-07-02T23:31:09.143+0000] {dag.py:4180} INFO - Setting next_dagrun for example_xcom_args_with_operators to None, run_after=None
[2025-07-02T23:31:09.156+0000] {processor.py:208} INFO - Processing /home/airflow/.local/lib/python3.12/site-packages/airflow/example_dags/example_xcomargs.py took 0.089 seconds
[2025-07-02T23:31:40.242+0000] {processor.py:186} INFO - Started process (PID=467) to work on /home/airflow/.local/lib/python3.12/site-packages/airflow/example_dags/example_xcomargs.py
[2025-07-02T23:31:40.243+0000] {processor.py:914} INFO - Processing file /home/airflow/.local/lib/python3.12/site-packages/airflow/example_dags/example_xcomargs.py for tasks to queue
[2025-07-02T23:31:40.247+0000] {logging_mixin.py:190} INFO - [2025-07-02T23:31:40.246+0000] {dagbag.py:588} INFO - Filling up the DagBag from /home/airflow/.local/lib/python3.12/site-packages/airflow/example_dags/example_xcomargs.py
[2025-07-02T23:31:40.259+0000] {processor.py:925} INFO - DAG(s) 'example_xcom_args', 'example_xcom_args_with_operators' retrieved from /home/airflow/.local/lib/python3.12/site-packages/airflow/example_dags/example_xcomargs.py
[2025-07-02T23:31:40.282+0000] {logging_mixin.py:190} INFO - [2025-07-02T23:31:40.282+0000] {dag.py:3239} INFO - Sync 2 DAGs
[2025-07-02T23:31:40.296+0000] {logging_mixin.py:190} INFO - [2025-07-02T23:31:40.296+0000] {dag.py:4180} INFO - Setting next_dagrun for example_xcom_args to None, run_after=None
[2025-07-02T23:31:40.300+0000] {logging_mixin.py:190} INFO - [2025-07-02T23:31:40.300+0000] {dag.py:4180} INFO - Setting next_dagrun for example_xcom_args_with_operators to None, run_after=None
[2025-07-02T23:31:40.317+0000] {processor.py:208} INFO - Processing /home/airflow/.local/lib/python3.12/site-packages/airflow/example_dags/example_xcomargs.py took 0.082 seconds
[2025-07-02T23:32:10.858+0000] {processor.py:186} INFO - Started process (PID=529) to work on /home/airflow/.local/lib/python3.12/site-packages/airflow/example_dags/example_xcomargs.py
[2025-07-02T23:32:10.859+0000] {processor.py:914} INFO - Processing file /home/airflow/.local/lib/python3.12/site-packages/airflow/example_dags/example_xcomargs.py for tasks to queue
[2025-07-02T23:32:10.863+0000] {logging_mixin.py:190} INFO - [2025-07-02T23:32:10.863+0000] {dagbag.py:588} INFO - Filling up the DagBag from /home/airflow/.local/lib/python3.12/site-packages/airflow/example_dags/example_xcomargs.py
[2025-07-02T23:32:10.877+0000] {processor.py:925} INFO - DAG(s) 'example_xcom_args', 'example_xcom_args_with_operators' retrieved from /home/airflow/.local/lib/python3.12/site-packages/airflow/example_dags/example_xcomargs.py
[2025-07-02T23:32:10.906+0000] {logging_mixin.py:190} INFO - [2025-07-02T23:32:10.906+0000] {dag.py:3239} INFO - Sync 2 DAGs
[2025-07-02T23:32:10.924+0000] {logging_mixin.py:190} INFO - [2025-07-02T23:32:10.923+0000] {dag.py:4180} INFO - Setting next_dagrun for example_xcom_args to None, run_after=None
[2025-07-02T23:32:10.931+0000] {logging_mixin.py:190} INFO - [2025-07-02T23:32:10.930+0000] {dag.py:4180} INFO - Setting next_dagrun for example_xcom_args_with_operators to None, run_after=None
[2025-07-02T23:32:10.955+0000] {processor.py:208} INFO - Processing /home/airflow/.local/lib/python3.12/site-packages/airflow/example_dags/example_xcomargs.py took 0.106 seconds
[2025-07-02T23:32:41.207+0000] {processor.py:186} INFO - Started process (PID=591) to work on /home/airflow/.local/lib/python3.12/site-packages/airflow/example_dags/example_xcomargs.py
[2025-07-02T23:32:41.209+0000] {processor.py:914} INFO - Processing file /home/airflow/.local/lib/python3.12/site-packages/airflow/example_dags/example_xcomargs.py for tasks to queue
[2025-07-02T23:32:41.213+0000] {logging_mixin.py:190} INFO - [2025-07-02T23:32:41.213+0000] {dagbag.py:588} INFO - Filling up the DagBag from /home/airflow/.local/lib/python3.12/site-packages/airflow/example_dags/example_xcomargs.py
[2025-07-02T23:32:41.233+0000] {processor.py:925} INFO - DAG(s) 'example_xcom_args_with_operators', 'example_xcom_args' retrieved from /home/airflow/.local/lib/python3.12/site-packages/airflow/example_dags/example_xcomargs.py
[2025-07-02T23:32:41.260+0000] {logging_mixin.py:190} INFO - [2025-07-02T23:32:41.259+0000] {dag.py:3239} INFO - Sync 2 DAGs
[2025-07-02T23:32:41.278+0000] {logging_mixin.py:190} INFO - [2025-07-02T23:32:41.277+0000] {dag.py:4180} INFO - Setting next_dagrun for example_xcom_args to None, run_after=None
[2025-07-02T23:32:41.284+0000] {logging_mixin.py:190} INFO - [2025-07-02T23:32:41.283+0000] {dag.py:4180} INFO - Setting next_dagrun for example_xcom_args_with_operators to None, run_after=None
[2025-07-02T23:32:41.305+0000] {processor.py:208} INFO - Processing /home/airflow/.local/lib/python3.12/site-packages/airflow/example_dags/example_xcomargs.py took 0.108 seconds
[2025-07-02T23:33:11.460+0000] {processor.py:186} INFO - Started process (PID=653) to work on /home/airflow/.local/lib/python3.12/site-packages/airflow/example_dags/example_xcomargs.py
[2025-07-02T23:33:11.461+0000] {processor.py:914} INFO - Processing file /home/airflow/.local/lib/python3.12/site-packages/airflow/example_dags/example_xcomargs.py for tasks to queue
[2025-07-02T23:33:11.464+0000] {logging_mixin.py:190} INFO - [2025-07-02T23:33:11.464+0000] {dagbag.py:588} INFO - Filling up the DagBag from /home/airflow/.local/lib/python3.12/site-packages/airflow/example_dags/example_xcomargs.py
[2025-07-02T23:33:11.474+0000] {processor.py:925} INFO - DAG(s) 'example_xcom_args_with_operators', 'example_xcom_args' retrieved from /home/airflow/.local/lib/python3.12/site-packages/airflow/example_dags/example_xcomargs.py
[2025-07-02T23:33:11.502+0000] {logging_mixin.py:190} INFO - [2025-07-02T23:33:11.501+0000] {dag.py:3239} INFO - Sync 2 DAGs
[2025-07-02T23:33:11.523+0000] {logging_mixin.py:190} INFO - [2025-07-02T23:33:11.522+0000] {dag.py:4180} INFO - Setting next_dagrun for example_xcom_args to None, run_after=None
[2025-07-02T23:33:11.529+0000] {logging_mixin.py:190} INFO - [2025-07-02T23:33:11.529+0000] {dag.py:4180} INFO - Setting next_dagrun for example_xcom_args_with_operators to None, run_after=None
[2025-07-02T23:33:11.554+0000] {processor.py:208} INFO - Processing /home/airflow/.local/lib/python3.12/site-packages/airflow/example_dags/example_xcomargs.py took 0.100 seconds
[2025-07-02T23:33:41.923+0000] {processor.py:186} INFO - Started process (PID=715) to work on /home/airflow/.local/lib/python3.12/site-packages/airflow/example_dags/example_xcomargs.py
[2025-07-02T23:33:41.925+0000] {processor.py:914} INFO - Processing file /home/airflow/.local/lib/python3.12/site-packages/airflow/example_dags/example_xcomargs.py for tasks to queue
[2025-07-02T23:33:41.928+0000] {logging_mixin.py:190} INFO - [2025-07-02T23:33:41.927+0000] {dagbag.py:588} INFO - Filling up the DagBag from /home/airflow/.local/lib/python3.12/site-packages/airflow/example_dags/example_xcomargs.py
[2025-07-02T23:33:41.940+0000] {processor.py:925} INFO - DAG(s) 'example_xcom_args', 'example_xcom_args_with_operators' retrieved from /home/airflow/.local/lib/python3.12/site-packages/airflow/example_dags/example_xcomargs.py
[2025-07-02T23:33:41.965+0000] {logging_mixin.py:190} INFO - [2025-07-02T23:33:41.964+0000] {dag.py:3239} INFO - Sync 2 DAGs
[2025-07-02T23:33:41.981+0000] {logging_mixin.py:190} INFO - [2025-07-02T23:33:41.981+0000] {dag.py:4180} INFO - Setting next_dagrun for example_xcom_args to None, run_after=None
[2025-07-02T23:33:41.985+0000] {logging_mixin.py:190} INFO - [2025-07-02T23:33:41.985+0000] {dag.py:4180} INFO - Setting next_dagrun for example_xcom_args_with_operators to None, run_after=None
[2025-07-02T23:33:42.000+0000] {processor.py:208} INFO - Processing /home/airflow/.local/lib/python3.12/site-packages/airflow/example_dags/example_xcomargs.py took 0.084 seconds
[2025-07-02T23:34:12.056+0000] {processor.py:186} INFO - Started process (PID=776) to work on /home/airflow/.local/lib/python3.12/site-packages/airflow/example_dags/example_xcomargs.py
[2025-07-02T23:34:12.057+0000] {processor.py:914} INFO - Processing file /home/airflow/.local/lib/python3.12/site-packages/airflow/example_dags/example_xcomargs.py for tasks to queue
[2025-07-02T23:34:12.060+0000] {logging_mixin.py:190} INFO - [2025-07-02T23:34:12.060+0000] {dagbag.py:588} INFO - Filling up the DagBag from /home/airflow/.local/lib/python3.12/site-packages/airflow/example_dags/example_xcomargs.py
[2025-07-02T23:34:12.070+0000] {processor.py:925} INFO - DAG(s) 'example_xcom_args', 'example_xcom_args_with_operators' retrieved from /home/airflow/.local/lib/python3.12/site-packages/airflow/example_dags/example_xcomargs.py
[2025-07-02T23:34:12.096+0000] {logging_mixin.py:190} INFO - [2025-07-02T23:34:12.096+0000] {dag.py:3239} INFO - Sync 2 DAGs
[2025-07-02T23:34:12.110+0000] {logging_mixin.py:190} INFO - [2025-07-02T23:34:12.109+0000] {dag.py:4180} INFO - Setting next_dagrun for example_xcom_args to None, run_after=None
[2025-07-02T23:34:12.113+0000] {logging_mixin.py:190} INFO - [2025-07-02T23:34:12.113+0000] {dag.py:4180} INFO - Setting next_dagrun for example_xcom_args_with_operators to None, run_after=None
[2025-07-02T23:34:12.129+0000] {processor.py:208} INFO - Processing /home/airflow/.local/lib/python3.12/site-packages/airflow/example_dags/example_xcomargs.py took 0.078 seconds
[2025-07-02T23:34:42.298+0000] {processor.py:186} INFO - Started process (PID=838) to work on /home/airflow/.local/lib/python3.12/site-packages/airflow/example_dags/example_xcomargs.py
[2025-07-02T23:34:42.299+0000] {processor.py:914} INFO - Processing file /home/airflow/.local/lib/python3.12/site-packages/airflow/example_dags/example_xcomargs.py for tasks to queue
[2025-07-02T23:34:42.306+0000] {logging_mixin.py:190} INFO - [2025-07-02T23:34:42.305+0000] {dagbag.py:588} INFO - Filling up the DagBag from /home/airflow/.local/lib/python3.12/site-packages/airflow/example_dags/example_xcomargs.py
[2025-07-02T23:34:42.330+0000] {processor.py:925} INFO - DAG(s) 'example_xcom_args_with_operators', 'example_xcom_args' retrieved from /home/airflow/.local/lib/python3.12/site-packages/airflow/example_dags/example_xcomargs.py
[2025-07-02T23:34:42.369+0000] {logging_mixin.py:190} INFO - [2025-07-02T23:34:42.368+0000] {dag.py:3239} INFO - Sync 2 DAGs
[2025-07-02T23:34:42.396+0000] {logging_mixin.py:190} INFO - [2025-07-02T23:34:42.396+0000] {dag.py:4180} INFO - Setting next_dagrun for example_xcom_args to None, run_after=None
[2025-07-02T23:34:42.404+0000] {logging_mixin.py:190} INFO - [2025-07-02T23:34:42.403+0000] {dag.py:4180} INFO - Setting next_dagrun for example_xcom_args_with_operators to None, run_after=None
[2025-07-02T23:34:42.436+0000] {processor.py:208} INFO - Processing /home/airflow/.local/lib/python3.12/site-packages/airflow/example_dags/example_xcomargs.py took 0.150 seconds
[2025-07-02T23:35:12.693+0000] {processor.py:186} INFO - Started process (PID=900) to work on /home/airflow/.local/lib/python3.12/site-packages/airflow/example_dags/example_xcomargs.py
[2025-07-02T23:35:12.694+0000] {processor.py:914} INFO - Processing file /home/airflow/.local/lib/python3.12/site-packages/airflow/example_dags/example_xcomargs.py for tasks to queue
[2025-07-02T23:35:12.697+0000] {logging_mixin.py:190} INFO - [2025-07-02T23:35:12.696+0000] {dagbag.py:588} INFO - Filling up the DagBag from /home/airflow/.local/lib/python3.12/site-packages/airflow/example_dags/example_xcomargs.py
[2025-07-02T23:35:12.706+0000] {processor.py:925} INFO - DAG(s) 'example_xcom_args', 'example_xcom_args_with_operators' retrieved from /home/airflow/.local/lib/python3.12/site-packages/airflow/example_dags/example_xcomargs.py
[2025-07-02T23:35:12.734+0000] {logging_mixin.py:190} INFO - [2025-07-02T23:35:12.733+0000] {dag.py:3239} INFO - Sync 2 DAGs
[2025-07-02T23:35:12.751+0000] {logging_mixin.py:190} INFO - [2025-07-02T23:35:12.751+0000] {dag.py:4180} INFO - Setting next_dagrun for example_xcom_args to None, run_after=None
[2025-07-02T23:35:12.757+0000] {logging_mixin.py:190} INFO - [2025-07-02T23:35:12.756+0000] {dag.py:4180} INFO - Setting next_dagrun for example_xcom_args_with_operators to None, run_after=None
[2025-07-02T23:35:12.775+0000] {processor.py:208} INFO - Processing /home/airflow/.local/lib/python3.12/site-packages/airflow/example_dags/example_xcomargs.py took 0.090 seconds
[2025-07-02T23:35:43.862+0000] {processor.py:186} INFO - Started process (PID=963) to work on /home/airflow/.local/lib/python3.12/site-packages/airflow/example_dags/example_xcomargs.py
[2025-07-02T23:35:43.863+0000] {processor.py:914} INFO - Processing file /home/airflow/.local/lib/python3.12/site-packages/airflow/example_dags/example_xcomargs.py for tasks to queue
[2025-07-02T23:35:43.865+0000] {logging_mixin.py:190} INFO - [2025-07-02T23:35:43.865+0000] {dagbag.py:588} INFO - Filling up the DagBag from /home/airflow/.local/lib/python3.12/site-packages/airflow/example_dags/example_xcomargs.py
[2025-07-02T23:35:43.874+0000] {processor.py:925} INFO - DAG(s) 'example_xcom_args_with_operators', 'example_xcom_args' retrieved from /home/airflow/.local/lib/python3.12/site-packages/airflow/example_dags/example_xcomargs.py
[2025-07-02T23:35:43.895+0000] {logging_mixin.py:190} INFO - [2025-07-02T23:35:43.895+0000] {dag.py:3239} INFO - Sync 2 DAGs
[2025-07-02T23:35:43.909+0000] {logging_mixin.py:190} INFO - [2025-07-02T23:35:43.909+0000] {dag.py:4180} INFO - Setting next_dagrun for example_xcom_args to None, run_after=None
[2025-07-02T23:35:43.912+0000] {logging_mixin.py:190} INFO - [2025-07-02T23:35:43.912+0000] {dag.py:4180} INFO - Setting next_dagrun for example_xcom_args_with_operators to None, run_after=None
[2025-07-02T23:35:43.928+0000] {processor.py:208} INFO - Processing /home/airflow/.local/lib/python3.12/site-packages/airflow/example_dags/example_xcomargs.py took 0.072 seconds
[2025-07-02T23:36:14.532+0000] {processor.py:186} INFO - Started process (PID=1025) to work on /home/airflow/.local/lib/python3.12/site-packages/airflow/example_dags/example_xcomargs.py
[2025-07-02T23:36:14.534+0000] {processor.py:914} INFO - Processing file /home/airflow/.local/lib/python3.12/site-packages/airflow/example_dags/example_xcomargs.py for tasks to queue
[2025-07-02T23:36:14.537+0000] {logging_mixin.py:190} INFO - [2025-07-02T23:36:14.537+0000] {dagbag.py:588} INFO - Filling up the DagBag from /home/airflow/.local/lib/python3.12/site-packages/airflow/example_dags/example_xcomargs.py
[2025-07-02T23:36:14.548+0000] {processor.py:925} INFO - DAG(s) 'example_xcom_args', 'example_xcom_args_with_operators' retrieved from /home/airflow/.local/lib/python3.12/site-packages/airflow/example_dags/example_xcomargs.py
[2025-07-02T23:36:14.575+0000] {logging_mixin.py:190} INFO - [2025-07-02T23:36:14.575+0000] {dag.py:3239} INFO - Sync 2 DAGs
[2025-07-02T23:36:14.591+0000] {logging_mixin.py:190} INFO - [2025-07-02T23:36:14.590+0000] {dag.py:4180} INFO - Setting next_dagrun for example_xcom_args to None, run_after=None
[2025-07-02T23:36:14.594+0000] {logging_mixin.py:190} INFO - [2025-07-02T23:36:14.594+0000] {dag.py:4180} INFO - Setting next_dagrun for example_xcom_args_with_operators to None, run_after=None
[2025-07-02T23:36:14.612+0000] {processor.py:208} INFO - Processing /home/airflow/.local/lib/python3.12/site-packages/airflow/example_dags/example_xcomargs.py took 0.088 seconds
[2025-07-02T23:36:45.246+0000] {processor.py:186} INFO - Started process (PID=1087) to work on /home/airflow/.local/lib/python3.12/site-packages/airflow/example_dags/example_xcomargs.py
[2025-07-02T23:36:45.247+0000] {processor.py:914} INFO - Processing file /home/airflow/.local/lib/python3.12/site-packages/airflow/example_dags/example_xcomargs.py for tasks to queue
[2025-07-02T23:36:45.250+0000] {logging_mixin.py:190} INFO - [2025-07-02T23:36:45.249+0000] {dagbag.py:588} INFO - Filling up the DagBag from /home/airflow/.local/lib/python3.12/site-packages/airflow/example_dags/example_xcomargs.py
[2025-07-02T23:36:45.263+0000] {processor.py:925} INFO - DAG(s) 'example_xcom_args_with_operators', 'example_xcom_args' retrieved from /home/airflow/.local/lib/python3.12/site-packages/airflow/example_dags/example_xcomargs.py
[2025-07-02T23:36:45.291+0000] {logging_mixin.py:190} INFO - [2025-07-02T23:36:45.291+0000] {dag.py:3239} INFO - Sync 2 DAGs
[2025-07-02T23:36:45.307+0000] {logging_mixin.py:190} INFO - [2025-07-02T23:36:45.307+0000] {dag.py:4180} INFO - Setting next_dagrun for example_xcom_args to None, run_after=None
[2025-07-02T23:36:45.311+0000] {logging_mixin.py:190} INFO - [2025-07-02T23:36:45.311+0000] {dag.py:4180} INFO - Setting next_dagrun for example_xcom_args_with_operators to None, run_after=None
[2025-07-02T23:36:45.328+0000] {processor.py:208} INFO - Processing /home/airflow/.local/lib/python3.12/site-packages/airflow/example_dags/example_xcomargs.py took 0.087 seconds
[2025-07-02T23:37:16.044+0000] {processor.py:186} INFO - Started process (PID=1149) to work on /home/airflow/.local/lib/python3.12/site-packages/airflow/example_dags/example_xcomargs.py
[2025-07-02T23:37:16.045+0000] {processor.py:914} INFO - Processing file /home/airflow/.local/lib/python3.12/site-packages/airflow/example_dags/example_xcomargs.py for tasks to queue
[2025-07-02T23:37:16.048+0000] {logging_mixin.py:190} INFO - [2025-07-02T23:37:16.048+0000] {dagbag.py:588} INFO - Filling up the DagBag from /home/airflow/.local/lib/python3.12/site-packages/airflow/example_dags/example_xcomargs.py
[2025-07-02T23:37:16.060+0000] {processor.py:925} INFO - DAG(s) 'example_xcom_args', 'example_xcom_args_with_operators' retrieved from /home/airflow/.local/lib/python3.12/site-packages/airflow/example_dags/example_xcomargs.py
[2025-07-02T23:37:16.087+0000] {logging_mixin.py:190} INFO - [2025-07-02T23:37:16.087+0000] {dag.py:3239} INFO - Sync 2 DAGs
[2025-07-02T23:37:16.102+0000] {logging_mixin.py:190} INFO - [2025-07-02T23:37:16.102+0000] {dag.py:4180} INFO - Setting next_dagrun for example_xcom_args to None, run_after=None
[2025-07-02T23:37:16.106+0000] {logging_mixin.py:190} INFO - [2025-07-02T23:37:16.106+0000] {dag.py:4180} INFO - Setting next_dagrun for example_xcom_args_with_operators to None, run_after=None
[2025-07-02T23:37:16.124+0000] {processor.py:208} INFO - Processing /home/airflow/.local/lib/python3.12/site-packages/airflow/example_dags/example_xcomargs.py took 0.086 seconds
[2025-07-02T23:37:46.798+0000] {processor.py:186} INFO - Started process (PID=1211) to work on /home/airflow/.local/lib/python3.12/site-packages/airflow/example_dags/example_xcomargs.py
[2025-07-02T23:37:46.799+0000] {processor.py:914} INFO - Processing file /home/airflow/.local/lib/python3.12/site-packages/airflow/example_dags/example_xcomargs.py for tasks to queue
[2025-07-02T23:37:46.802+0000] {logging_mixin.py:190} INFO - [2025-07-02T23:37:46.801+0000] {dagbag.py:588} INFO - Filling up the DagBag from /home/airflow/.local/lib/python3.12/site-packages/airflow/example_dags/example_xcomargs.py
[2025-07-02T23:37:46.811+0000] {processor.py:925} INFO - DAG(s) 'example_xcom_args', 'example_xcom_args_with_operators' retrieved from /home/airflow/.local/lib/python3.12/site-packages/airflow/example_dags/example_xcomargs.py
[2025-07-02T23:37:46.835+0000] {logging_mixin.py:190} INFO - [2025-07-02T23:37:46.835+0000] {dag.py:3239} INFO - Sync 2 DAGs
[2025-07-02T23:37:46.849+0000] {logging_mixin.py:190} INFO - [2025-07-02T23:37:46.848+0000] {dag.py:4180} INFO - Setting next_dagrun for example_xcom_args to None, run_after=None
[2025-07-02T23:37:46.852+0000] {logging_mixin.py:190} INFO - [2025-07-02T23:37:46.852+0000] {dag.py:4180} INFO - Setting next_dagrun for example_xcom_args_with_operators to None, run_after=None
[2025-07-02T23:37:46.868+0000] {processor.py:208} INFO - Processing /home/airflow/.local/lib/python3.12/site-packages/airflow/example_dags/example_xcomargs.py took 0.075 seconds
[2025-07-02T23:38:17.482+0000] {processor.py:186} INFO - Started process (PID=1273) to work on /home/airflow/.local/lib/python3.12/site-packages/airflow/example_dags/example_xcomargs.py
[2025-07-02T23:38:17.484+0000] {processor.py:914} INFO - Processing file /home/airflow/.local/lib/python3.12/site-packages/airflow/example_dags/example_xcomargs.py for tasks to queue
[2025-07-02T23:38:17.487+0000] {logging_mixin.py:190} INFO - [2025-07-02T23:38:17.486+0000] {dagbag.py:588} INFO - Filling up the DagBag from /home/airflow/.local/lib/python3.12/site-packages/airflow/example_dags/example_xcomargs.py
[2025-07-02T23:38:17.498+0000] {processor.py:925} INFO - DAG(s) 'example_xcom_args', 'example_xcom_args_with_operators' retrieved from /home/airflow/.local/lib/python3.12/site-packages/airflow/example_dags/example_xcomargs.py
[2025-07-02T23:38:17.522+0000] {logging_mixin.py:190} INFO - [2025-07-02T23:38:17.522+0000] {dag.py:3239} INFO - Sync 2 DAGs
[2025-07-02T23:38:17.537+0000] {logging_mixin.py:190} INFO - [2025-07-02T23:38:17.537+0000] {dag.py:4180} INFO - Setting next_dagrun for example_xcom_args to None, run_after=None
[2025-07-02T23:38:17.541+0000] {logging_mixin.py:190} INFO - [2025-07-02T23:38:17.541+0000] {dag.py:4180} INFO - Setting next_dagrun for example_xcom_args_with_operators to None, run_after=None
[2025-07-02T23:38:17.558+0000] {processor.py:208} INFO - Processing /home/airflow/.local/lib/python3.12/site-packages/airflow/example_dags/example_xcomargs.py took 0.082 seconds
[2025-07-02T23:38:48.287+0000] {processor.py:186} INFO - Started process (PID=1335) to work on /home/airflow/.local/lib/python3.12/site-packages/airflow/example_dags/example_xcomargs.py
[2025-07-02T23:38:48.288+0000] {processor.py:914} INFO - Processing file /home/airflow/.local/lib/python3.12/site-packages/airflow/example_dags/example_xcomargs.py for tasks to queue
[2025-07-02T23:38:48.291+0000] {logging_mixin.py:190} INFO - [2025-07-02T23:38:48.290+0000] {dagbag.py:588} INFO - Filling up the DagBag from /home/airflow/.local/lib/python3.12/site-packages/airflow/example_dags/example_xcomargs.py
[2025-07-02T23:38:48.302+0000] {processor.py:925} INFO - DAG(s) 'example_xcom_args', 'example_xcom_args_with_operators' retrieved from /home/airflow/.local/lib/python3.12/site-packages/airflow/example_dags/example_xcomargs.py
[2025-07-02T23:38:48.326+0000] {logging_mixin.py:190} INFO - [2025-07-02T23:38:48.326+0000] {dag.py:3239} INFO - Sync 2 DAGs
[2025-07-02T23:38:48.341+0000] {logging_mixin.py:190} INFO - [2025-07-02T23:38:48.340+0000] {dag.py:4180} INFO - Setting next_dagrun for example_xcom_args to None, run_after=None
[2025-07-02T23:38:48.345+0000] {logging_mixin.py:190} INFO - [2025-07-02T23:38:48.344+0000] {dag.py:4180} INFO - Setting next_dagrun for example_xcom_args_with_operators to None, run_after=None
[2025-07-02T23:38:48.360+0000] {processor.py:208} INFO - Processing /home/airflow/.local/lib/python3.12/site-packages/airflow/example_dags/example_xcomargs.py took 0.078 seconds
[2025-07-02T23:39:18.858+0000] {processor.py:186} INFO - Started process (PID=1397) to work on /home/airflow/.local/lib/python3.12/site-packages/airflow/example_dags/example_xcomargs.py
[2025-07-02T23:39:18.880+0000] {processor.py:914} INFO - Processing file /home/airflow/.local/lib/python3.12/site-packages/airflow/example_dags/example_xcomargs.py for tasks to queue
[2025-07-02T23:39:18.883+0000] {logging_mixin.py:190} INFO - [2025-07-02T23:39:18.882+0000] {dagbag.py:588} INFO - Filling up the DagBag from /home/airflow/.local/lib/python3.12/site-packages/airflow/example_dags/example_xcomargs.py
[2025-07-02T23:39:18.895+0000] {processor.py:925} INFO - DAG(s) 'example_xcom_args', 'example_xcom_args_with_operators' retrieved from /home/airflow/.local/lib/python3.12/site-packages/airflow/example_dags/example_xcomargs.py
[2025-07-02T23:39:18.919+0000] {logging_mixin.py:190} INFO - [2025-07-02T23:39:18.919+0000] {dag.py:3239} INFO - Sync 2 DAGs
[2025-07-02T23:39:18.934+0000] {logging_mixin.py:190} INFO - [2025-07-02T23:39:18.934+0000] {dag.py:4180} INFO - Setting next_dagrun for example_xcom_args to None, run_after=None
[2025-07-02T23:39:18.938+0000] {logging_mixin.py:190} INFO - [2025-07-02T23:39:18.937+0000] {dag.py:4180} INFO - Setting next_dagrun for example_xcom_args_with_operators to None, run_after=None
[2025-07-02T23:39:18.955+0000] {processor.py:208} INFO - Processing /home/airflow/.local/lib/python3.12/site-packages/airflow/example_dags/example_xcomargs.py took 0.107 seconds
[2025-07-02T23:39:49.519+0000] {processor.py:186} INFO - Started process (PID=1459) to work on /home/airflow/.local/lib/python3.12/site-packages/airflow/example_dags/example_xcomargs.py
[2025-07-02T23:39:49.520+0000] {processor.py:914} INFO - Processing file /home/airflow/.local/lib/python3.12/site-packages/airflow/example_dags/example_xcomargs.py for tasks to queue
[2025-07-02T23:39:49.523+0000] {logging_mixin.py:190} INFO - [2025-07-02T23:39:49.522+0000] {dagbag.py:588} INFO - Filling up the DagBag from /home/airflow/.local/lib/python3.12/site-packages/airflow/example_dags/example_xcomargs.py
[2025-07-02T23:39:49.533+0000] {processor.py:925} INFO - DAG(s) 'example_xcom_args', 'example_xcom_args_with_operators' retrieved from /home/airflow/.local/lib/python3.12/site-packages/airflow/example_dags/example_xcomargs.py
[2025-07-02T23:39:49.554+0000] {logging_mixin.py:190} INFO - [2025-07-02T23:39:49.553+0000] {dag.py:3239} INFO - Sync 2 DAGs
[2025-07-02T23:39:49.567+0000] {logging_mixin.py:190} INFO - [2025-07-02T23:39:49.567+0000] {dag.py:4180} INFO - Setting next_dagrun for example_xcom_args to None, run_after=None
[2025-07-02T23:39:49.572+0000] {logging_mixin.py:190} INFO - [2025-07-02T23:39:49.572+0000] {dag.py:4180} INFO - Setting next_dagrun for example_xcom_args_with_operators to None, run_after=None
[2025-07-02T23:39:49.589+0000] {processor.py:208} INFO - Processing /home/airflow/.local/lib/python3.12/site-packages/airflow/example_dags/example_xcomargs.py took 0.075 seconds
[2025-07-02T23:40:20.464+0000] {processor.py:186} INFO - Started process (PID=1521) to work on /home/airflow/.local/lib/python3.12/site-packages/airflow/example_dags/example_xcomargs.py
[2025-07-02T23:40:20.465+0000] {processor.py:914} INFO - Processing file /home/airflow/.local/lib/python3.12/site-packages/airflow/example_dags/example_xcomargs.py for tasks to queue
[2025-07-02T23:40:20.469+0000] {logging_mixin.py:190} INFO - [2025-07-02T23:40:20.468+0000] {dagbag.py:588} INFO - Filling up the DagBag from /home/airflow/.local/lib/python3.12/site-packages/airflow/example_dags/example_xcomargs.py
[2025-07-02T23:40:20.484+0000] {processor.py:925} INFO - DAG(s) 'example_xcom_args_with_operators', 'example_xcom_args' retrieved from /home/airflow/.local/lib/python3.12/site-packages/airflow/example_dags/example_xcomargs.py
[2025-07-02T23:40:20.512+0000] {logging_mixin.py:190} INFO - [2025-07-02T23:40:20.511+0000] {dag.py:3239} INFO - Sync 2 DAGs
[2025-07-02T23:40:20.530+0000] {logging_mixin.py:190} INFO - [2025-07-02T23:40:20.530+0000] {dag.py:4180} INFO - Setting next_dagrun for example_xcom_args to None, run_after=None
[2025-07-02T23:40:20.536+0000] {logging_mixin.py:190} INFO - [2025-07-02T23:40:20.536+0000] {dag.py:4180} INFO - Setting next_dagrun for example_xcom_args_with_operators to None, run_after=None
[2025-07-02T23:40:20.561+0000] {processor.py:208} INFO - Processing /home/airflow/.local/lib/python3.12/site-packages/airflow/example_dags/example_xcomargs.py took 0.104 seconds
[2025-07-02T23:40:51.573+0000] {processor.py:186} INFO - Started process (PID=1583) to work on /home/airflow/.local/lib/python3.12/site-packages/airflow/example_dags/example_xcomargs.py
[2025-07-02T23:40:51.574+0000] {processor.py:914} INFO - Processing file /home/airflow/.local/lib/python3.12/site-packages/airflow/example_dags/example_xcomargs.py for tasks to queue
[2025-07-02T23:40:51.577+0000] {logging_mixin.py:190} INFO - [2025-07-02T23:40:51.576+0000] {dagbag.py:588} INFO - Filling up the DagBag from /home/airflow/.local/lib/python3.12/site-packages/airflow/example_dags/example_xcomargs.py
[2025-07-02T23:40:51.588+0000] {processor.py:925} INFO - DAG(s) 'example_xcom_args_with_operators', 'example_xcom_args' retrieved from /home/airflow/.local/lib/python3.12/site-packages/airflow/example_dags/example_xcomargs.py
[2025-07-02T23:40:51.613+0000] {logging_mixin.py:190} INFO - [2025-07-02T23:40:51.613+0000] {dag.py:3239} INFO - Sync 2 DAGs
[2025-07-02T23:40:51.628+0000] {logging_mixin.py:190} INFO - [2025-07-02T23:40:51.628+0000] {dag.py:4180} INFO - Setting next_dagrun for example_xcom_args to None, run_after=None
[2025-07-02T23:40:51.633+0000] {logging_mixin.py:190} INFO - [2025-07-02T23:40:51.633+0000] {dag.py:4180} INFO - Setting next_dagrun for example_xcom_args_with_operators to None, run_after=None
[2025-07-02T23:40:51.651+0000] {processor.py:208} INFO - Processing /home/airflow/.local/lib/python3.12/site-packages/airflow/example_dags/example_xcomargs.py took 0.086 seconds
[2025-07-02T23:41:22.230+0000] {processor.py:186} INFO - Started process (PID=1645) to work on /home/airflow/.local/lib/python3.12/site-packages/airflow/example_dags/example_xcomargs.py
[2025-07-02T23:41:22.231+0000] {processor.py:914} INFO - Processing file /home/airflow/.local/lib/python3.12/site-packages/airflow/example_dags/example_xcomargs.py for tasks to queue
[2025-07-02T23:41:22.235+0000] {logging_mixin.py:190} INFO - [2025-07-02T23:41:22.235+0000] {dagbag.py:588} INFO - Filling up the DagBag from /home/airflow/.local/lib/python3.12/site-packages/airflow/example_dags/example_xcomargs.py
[2025-07-02T23:41:22.254+0000] {processor.py:925} INFO - DAG(s) 'example_xcom_args', 'example_xcom_args_with_operators' retrieved from /home/airflow/.local/lib/python3.12/site-packages/airflow/example_dags/example_xcomargs.py
[2025-07-02T23:41:22.285+0000] {logging_mixin.py:190} INFO - [2025-07-02T23:41:22.285+0000] {dag.py:3239} INFO - Sync 2 DAGs
[2025-07-02T23:41:22.307+0000] {logging_mixin.py:190} INFO - [2025-07-02T23:41:22.307+0000] {dag.py:4180} INFO - Setting next_dagrun for example_xcom_args to None, run_after=None
[2025-07-02T23:41:22.312+0000] {logging_mixin.py:190} INFO - [2025-07-02T23:41:22.312+0000] {dag.py:4180} INFO - Setting next_dagrun for example_xcom_args_with_operators to None, run_after=None
[2025-07-02T23:41:22.334+0000] {processor.py:208} INFO - Processing /home/airflow/.local/lib/python3.12/site-packages/airflow/example_dags/example_xcomargs.py took 0.113 seconds
[2025-07-02T23:41:53.025+0000] {processor.py:186} INFO - Started process (PID=1707) to work on /home/airflow/.local/lib/python3.12/site-packages/airflow/example_dags/example_xcomargs.py
[2025-07-02T23:41:53.026+0000] {processor.py:914} INFO - Processing file /home/airflow/.local/lib/python3.12/site-packages/airflow/example_dags/example_xcomargs.py for tasks to queue
[2025-07-02T23:41:53.030+0000] {logging_mixin.py:190} INFO - [2025-07-02T23:41:53.029+0000] {dagbag.py:588} INFO - Filling up the DagBag from /home/airflow/.local/lib/python3.12/site-packages/airflow/example_dags/example_xcomargs.py
[2025-07-02T23:41:53.041+0000] {processor.py:925} INFO - DAG(s) 'example_xcom_args', 'example_xcom_args_with_operators' retrieved from /home/airflow/.local/lib/python3.12/site-packages/airflow/example_dags/example_xcomargs.py
[2025-07-02T23:41:53.064+0000] {logging_mixin.py:190} INFO - [2025-07-02T23:41:53.064+0000] {dag.py:3239} INFO - Sync 2 DAGs
[2025-07-02T23:41:53.085+0000] {logging_mixin.py:190} INFO - [2025-07-02T23:41:53.085+0000] {dag.py:4180} INFO - Setting next_dagrun for example_xcom_args to None, run_after=None
[2025-07-02T23:41:53.089+0000] {logging_mixin.py:190} INFO - [2025-07-02T23:41:53.089+0000] {dag.py:4180} INFO - Setting next_dagrun for example_xcom_args_with_operators to None, run_after=None
[2025-07-02T23:41:53.104+0000] {processor.py:208} INFO - Processing /home/airflow/.local/lib/python3.12/site-packages/airflow/example_dags/example_xcomargs.py took 0.086 seconds
[2025-07-02T23:42:23.797+0000] {processor.py:186} INFO - Started process (PID=1769) to work on /home/airflow/.local/lib/python3.12/site-packages/airflow/example_dags/example_xcomargs.py
[2025-07-02T23:42:23.799+0000] {processor.py:914} INFO - Processing file /home/airflow/.local/lib/python3.12/site-packages/airflow/example_dags/example_xcomargs.py for tasks to queue
[2025-07-02T23:42:23.802+0000] {logging_mixin.py:190} INFO - [2025-07-02T23:42:23.802+0000] {dagbag.py:588} INFO - Filling up the DagBag from /home/airflow/.local/lib/python3.12/site-packages/airflow/example_dags/example_xcomargs.py
[2025-07-02T23:42:23.813+0000] {processor.py:925} INFO - DAG(s) 'example_xcom_args', 'example_xcom_args_with_operators' retrieved from /home/airflow/.local/lib/python3.12/site-packages/airflow/example_dags/example_xcomargs.py
[2025-07-02T23:42:23.838+0000] {logging_mixin.py:190} INFO - [2025-07-02T23:42:23.838+0000] {dag.py:3239} INFO - Sync 2 DAGs
[2025-07-02T23:42:23.853+0000] {logging_mixin.py:190} INFO - [2025-07-02T23:42:23.853+0000] {dag.py:4180} INFO - Setting next_dagrun for example_xcom_args to None, run_after=None
[2025-07-02T23:42:23.857+0000] {logging_mixin.py:190} INFO - [2025-07-02T23:42:23.857+0000] {dag.py:4180} INFO - Setting next_dagrun for example_xcom_args_with_operators to None, run_after=None
[2025-07-02T23:42:23.879+0000] {processor.py:208} INFO - Processing /home/airflow/.local/lib/python3.12/site-packages/airflow/example_dags/example_xcomargs.py took 0.091 seconds
[2025-07-02T23:42:54.236+0000] {processor.py:186} INFO - Started process (PID=1831) to work on /home/airflow/.local/lib/python3.12/site-packages/airflow/example_dags/example_xcomargs.py
[2025-07-02T23:42:54.237+0000] {processor.py:914} INFO - Processing file /home/airflow/.local/lib/python3.12/site-packages/airflow/example_dags/example_xcomargs.py for tasks to queue
[2025-07-02T23:42:54.240+0000] {logging_mixin.py:190} INFO - [2025-07-02T23:42:54.240+0000] {dagbag.py:588} INFO - Filling up the DagBag from /home/airflow/.local/lib/python3.12/site-packages/airflow/example_dags/example_xcomargs.py
[2025-07-02T23:42:54.253+0000] {processor.py:925} INFO - DAG(s) 'example_xcom_args', 'example_xcom_args_with_operators' retrieved from /home/airflow/.local/lib/python3.12/site-packages/airflow/example_dags/example_xcomargs.py
[2025-07-02T23:42:54.277+0000] {logging_mixin.py:190} INFO - [2025-07-02T23:42:54.277+0000] {dag.py:3239} INFO - Sync 2 DAGs
[2025-07-02T23:42:54.291+0000] {logging_mixin.py:190} INFO - [2025-07-02T23:42:54.291+0000] {dag.py:4180} INFO - Setting next_dagrun for example_xcom_args to None, run_after=None
[2025-07-02T23:42:54.295+0000] {logging_mixin.py:190} INFO - [2025-07-02T23:42:54.295+0000] {dag.py:4180} INFO - Setting next_dagrun for example_xcom_args_with_operators to None, run_after=None
[2025-07-02T23:42:54.311+0000] {processor.py:208} INFO - Processing /home/airflow/.local/lib/python3.12/site-packages/airflow/example_dags/example_xcomargs.py took 0.081 seconds
[2025-07-02T23:43:25.239+0000] {processor.py:186} INFO - Started process (PID=1893) to work on /home/airflow/.local/lib/python3.12/site-packages/airflow/example_dags/example_xcomargs.py
[2025-07-02T23:43:25.240+0000] {processor.py:914} INFO - Processing file /home/airflow/.local/lib/python3.12/site-packages/airflow/example_dags/example_xcomargs.py for tasks to queue
[2025-07-02T23:43:25.245+0000] {logging_mixin.py:190} INFO - [2025-07-02T23:43:25.245+0000] {dagbag.py:588} INFO - Filling up the DagBag from /home/airflow/.local/lib/python3.12/site-packages/airflow/example_dags/example_xcomargs.py
[2025-07-02T23:43:25.257+0000] {processor.py:925} INFO - DAG(s) 'example_xcom_args_with_operators', 'example_xcom_args' retrieved from /home/airflow/.local/lib/python3.12/site-packages/airflow/example_dags/example_xcomargs.py
[2025-07-02T23:43:25.282+0000] {logging_mixin.py:190} INFO - [2025-07-02T23:43:25.282+0000] {dag.py:3239} INFO - Sync 2 DAGs
[2025-07-02T23:43:25.300+0000] {logging_mixin.py:190} INFO - [2025-07-02T23:43:25.300+0000] {dag.py:4180} INFO - Setting next_dagrun for example_xcom_args to None, run_after=None
[2025-07-02T23:43:25.305+0000] {logging_mixin.py:190} INFO - [2025-07-02T23:43:25.304+0000] {dag.py:4180} INFO - Setting next_dagrun for example_xcom_args_with_operators to None, run_after=None
[2025-07-02T23:43:25.327+0000] {processor.py:208} INFO - Processing /home/airflow/.local/lib/python3.12/site-packages/airflow/example_dags/example_xcomargs.py took 0.096 seconds
[2025-07-02T23:43:57.601+0000] {processor.py:186} INFO - Started process (PID=1955) to work on /home/airflow/.local/lib/python3.12/site-packages/airflow/example_dags/example_xcomargs.py
[2025-07-02T23:43:57.602+0000] {processor.py:914} INFO - Processing file /home/airflow/.local/lib/python3.12/site-packages/airflow/example_dags/example_xcomargs.py for tasks to queue
[2025-07-02T23:43:57.604+0000] {logging_mixin.py:190} INFO - [2025-07-02T23:43:57.604+0000] {dagbag.py:588} INFO - Filling up the DagBag from /home/airflow/.local/lib/python3.12/site-packages/airflow/example_dags/example_xcomargs.py
[2025-07-02T23:43:57.614+0000] {processor.py:925} INFO - DAG(s) 'example_xcom_args', 'example_xcom_args_with_operators' retrieved from /home/airflow/.local/lib/python3.12/site-packages/airflow/example_dags/example_xcomargs.py
[2025-07-02T23:43:57.638+0000] {logging_mixin.py:190} INFO - [2025-07-02T23:43:57.638+0000] {dag.py:3239} INFO - Sync 2 DAGs
[2025-07-02T23:43:57.654+0000] {logging_mixin.py:190} INFO - [2025-07-02T23:43:57.653+0000] {dag.py:4180} INFO - Setting next_dagrun for example_xcom_args to None, run_after=None
[2025-07-02T23:43:57.657+0000] {logging_mixin.py:190} INFO - [2025-07-02T23:43:57.657+0000] {dag.py:4180} INFO - Setting next_dagrun for example_xcom_args_with_operators to None, run_after=None
[2025-07-02T23:43:57.677+0000] {processor.py:208} INFO - Processing /home/airflow/.local/lib/python3.12/site-packages/airflow/example_dags/example_xcomargs.py took 0.082 seconds
[2025-07-02T23:44:28.003+0000] {processor.py:186} INFO - Started process (PID=2017) to work on /home/airflow/.local/lib/python3.12/site-packages/airflow/example_dags/example_xcomargs.py
[2025-07-02T23:44:28.005+0000] {processor.py:914} INFO - Processing file /home/airflow/.local/lib/python3.12/site-packages/airflow/example_dags/example_xcomargs.py for tasks to queue
[2025-07-02T23:44:28.008+0000] {logging_mixin.py:190} INFO - [2025-07-02T23:44:28.007+0000] {dagbag.py:588} INFO - Filling up the DagBag from /home/airflow/.local/lib/python3.12/site-packages/airflow/example_dags/example_xcomargs.py
[2025-07-02T23:44:28.019+0000] {processor.py:925} INFO - DAG(s) 'example_xcom_args_with_operators', 'example_xcom_args' retrieved from /home/airflow/.local/lib/python3.12/site-packages/airflow/example_dags/example_xcomargs.py
[2025-07-02T23:44:28.046+0000] {logging_mixin.py:190} INFO - [2025-07-02T23:44:28.046+0000] {dag.py:3239} INFO - Sync 2 DAGs
[2025-07-02T23:44:28.063+0000] {logging_mixin.py:190} INFO - [2025-07-02T23:44:28.063+0000] {dag.py:4180} INFO - Setting next_dagrun for example_xcom_args to None, run_after=None
[2025-07-02T23:44:28.067+0000] {logging_mixin.py:190} INFO - [2025-07-02T23:44:28.067+0000] {dag.py:4180} INFO - Setting next_dagrun for example_xcom_args_with_operators to None, run_after=None
[2025-07-02T23:44:28.087+0000] {processor.py:208} INFO - Processing /home/airflow/.local/lib/python3.12/site-packages/airflow/example_dags/example_xcomargs.py took 0.092 seconds
[2025-07-02T23:44:58.125+0000] {processor.py:186} INFO - Started process (PID=2078) to work on /home/airflow/.local/lib/python3.12/site-packages/airflow/example_dags/example_xcomargs.py
[2025-07-02T23:44:58.127+0000] {processor.py:914} INFO - Processing file /home/airflow/.local/lib/python3.12/site-packages/airflow/example_dags/example_xcomargs.py for tasks to queue
[2025-07-02T23:44:58.129+0000] {logging_mixin.py:190} INFO - [2025-07-02T23:44:58.129+0000] {dagbag.py:588} INFO - Filling up the DagBag from /home/airflow/.local/lib/python3.12/site-packages/airflow/example_dags/example_xcomargs.py
[2025-07-02T23:44:58.140+0000] {processor.py:925} INFO - DAG(s) 'example_xcom_args', 'example_xcom_args_with_operators' retrieved from /home/airflow/.local/lib/python3.12/site-packages/airflow/example_dags/example_xcomargs.py
[2025-07-02T23:44:58.167+0000] {logging_mixin.py:190} INFO - [2025-07-02T23:44:58.167+0000] {dag.py:3239} INFO - Sync 2 DAGs
[2025-07-02T23:44:58.184+0000] {logging_mixin.py:190} INFO - [2025-07-02T23:44:58.184+0000] {dag.py:4180} INFO - Setting next_dagrun for example_xcom_args to None, run_after=None
[2025-07-02T23:44:58.190+0000] {logging_mixin.py:190} INFO - [2025-07-02T23:44:58.189+0000] {dag.py:4180} INFO - Setting next_dagrun for example_xcom_args_with_operators to None, run_after=None
[2025-07-02T23:44:58.205+0000] {processor.py:208} INFO - Processing /home/airflow/.local/lib/python3.12/site-packages/airflow/example_dags/example_xcomargs.py took 0.086 seconds
[2025-07-02T23:45:28.719+0000] {processor.py:186} INFO - Started process (PID=2141) to work on /home/airflow/.local/lib/python3.12/site-packages/airflow/example_dags/example_xcomargs.py
[2025-07-02T23:45:28.726+0000] {processor.py:914} INFO - Processing file /home/airflow/.local/lib/python3.12/site-packages/airflow/example_dags/example_xcomargs.py for tasks to queue
[2025-07-02T23:45:28.729+0000] {logging_mixin.py:190} INFO - [2025-07-02T23:45:28.729+0000] {dagbag.py:588} INFO - Filling up the DagBag from /home/airflow/.local/lib/python3.12/site-packages/airflow/example_dags/example_xcomargs.py
[2025-07-02T23:45:28.739+0000] {processor.py:925} INFO - DAG(s) 'example_xcom_args', 'example_xcom_args_with_operators' retrieved from /home/airflow/.local/lib/python3.12/site-packages/airflow/example_dags/example_xcomargs.py
[2025-07-02T23:45:28.763+0000] {logging_mixin.py:190} INFO - [2025-07-02T23:45:28.763+0000] {dag.py:3239} INFO - Sync 2 DAGs
[2025-07-02T23:45:28.782+0000] {logging_mixin.py:190} INFO - [2025-07-02T23:45:28.782+0000] {dag.py:4180} INFO - Setting next_dagrun for example_xcom_args to None, run_after=None
[2025-07-02T23:45:28.787+0000] {logging_mixin.py:190} INFO - [2025-07-02T23:45:28.787+0000] {dag.py:4180} INFO - Setting next_dagrun for example_xcom_args_with_operators to None, run_after=None
[2025-07-02T23:45:28.802+0000] {processor.py:208} INFO - Processing /home/airflow/.local/lib/python3.12/site-packages/airflow/example_dags/example_xcomargs.py took 0.089 seconds
[2025-07-02T23:45:59.928+0000] {processor.py:186} INFO - Started process (PID=2203) to work on /home/airflow/.local/lib/python3.12/site-packages/airflow/example_dags/example_xcomargs.py
[2025-07-02T23:45:59.930+0000] {processor.py:914} INFO - Processing file /home/airflow/.local/lib/python3.12/site-packages/airflow/example_dags/example_xcomargs.py for tasks to queue
[2025-07-02T23:45:59.934+0000] {logging_mixin.py:190} INFO - [2025-07-02T23:45:59.933+0000] {dagbag.py:588} INFO - Filling up the DagBag from /home/airflow/.local/lib/python3.12/site-packages/airflow/example_dags/example_xcomargs.py
[2025-07-02T23:45:59.947+0000] {processor.py:925} INFO - DAG(s) 'example_xcom_args_with_operators', 'example_xcom_args' retrieved from /home/airflow/.local/lib/python3.12/site-packages/airflow/example_dags/example_xcomargs.py
[2025-07-02T23:45:59.981+0000] {logging_mixin.py:190} INFO - [2025-07-02T23:45:59.981+0000] {dag.py:3239} INFO - Sync 2 DAGs
[2025-07-02T23:45:59.999+0000] {logging_mixin.py:190} INFO - [2025-07-02T23:45:59.999+0000] {dag.py:4180} INFO - Setting next_dagrun for example_xcom_args to None, run_after=None
[2025-07-02T23:46:00.005+0000] {logging_mixin.py:190} INFO - [2025-07-02T23:46:00.005+0000] {dag.py:4180} INFO - Setting next_dagrun for example_xcom_args_with_operators to None, run_after=None
[2025-07-02T23:46:00.027+0000] {processor.py:208} INFO - Processing /home/airflow/.local/lib/python3.12/site-packages/airflow/example_dags/example_xcomargs.py took 0.109 seconds
[2025-07-02T23:46:31.044+0000] {processor.py:186} INFO - Started process (PID=2265) to work on /home/airflow/.local/lib/python3.12/site-packages/airflow/example_dags/example_xcomargs.py
[2025-07-02T23:46:31.046+0000] {processor.py:914} INFO - Processing file /home/airflow/.local/lib/python3.12/site-packages/airflow/example_dags/example_xcomargs.py for tasks to queue
[2025-07-02T23:46:31.050+0000] {logging_mixin.py:190} INFO - [2025-07-02T23:46:31.049+0000] {dagbag.py:588} INFO - Filling up the DagBag from /home/airflow/.local/lib/python3.12/site-packages/airflow/example_dags/example_xcomargs.py
[2025-07-02T23:46:31.069+0000] {processor.py:925} INFO - DAG(s) 'example_xcom_args', 'example_xcom_args_with_operators' retrieved from /home/airflow/.local/lib/python3.12/site-packages/airflow/example_dags/example_xcomargs.py
[2025-07-02T23:46:31.103+0000] {logging_mixin.py:190} INFO - [2025-07-02T23:46:31.103+0000] {dag.py:3239} INFO - Sync 2 DAGs
[2025-07-02T23:46:31.127+0000] {logging_mixin.py:190} INFO - [2025-07-02T23:46:31.127+0000] {dag.py:4180} INFO - Setting next_dagrun for example_xcom_args to None, run_after=None
[2025-07-02T23:46:31.133+0000] {logging_mixin.py:190} INFO - [2025-07-02T23:46:31.132+0000] {dag.py:4180} INFO - Setting next_dagrun for example_xcom_args_with_operators to None, run_after=None
[2025-07-02T23:46:31.156+0000] {processor.py:208} INFO - Processing /home/airflow/.local/lib/python3.12/site-packages/airflow/example_dags/example_xcomargs.py took 0.123 seconds
[2025-07-02T23:47:01.971+0000] {processor.py:186} INFO - Started process (PID=2327) to work on /home/airflow/.local/lib/python3.12/site-packages/airflow/example_dags/example_xcomargs.py
[2025-07-02T23:47:01.972+0000] {processor.py:914} INFO - Processing file /home/airflow/.local/lib/python3.12/site-packages/airflow/example_dags/example_xcomargs.py for tasks to queue
[2025-07-02T23:47:01.975+0000] {logging_mixin.py:190} INFO - [2025-07-02T23:47:01.974+0000] {dagbag.py:588} INFO - Filling up the DagBag from /home/airflow/.local/lib/python3.12/site-packages/airflow/example_dags/example_xcomargs.py
[2025-07-02T23:47:01.988+0000] {processor.py:925} INFO - DAG(s) 'example_xcom_args_with_operators', 'example_xcom_args' retrieved from /home/airflow/.local/lib/python3.12/site-packages/airflow/example_dags/example_xcomargs.py
[2025-07-02T23:47:02.020+0000] {logging_mixin.py:190} INFO - [2025-07-02T23:47:02.020+0000] {dag.py:3239} INFO - Sync 2 DAGs
[2025-07-02T23:47:02.037+0000] {logging_mixin.py:190} INFO - [2025-07-02T23:47:02.037+0000] {dag.py:4180} INFO - Setting next_dagrun for example_xcom_args to None, run_after=None
[2025-07-02T23:47:02.041+0000] {logging_mixin.py:190} INFO - [2025-07-02T23:47:02.041+0000] {dag.py:4180} INFO - Setting next_dagrun for example_xcom_args_with_operators to None, run_after=None
[2025-07-02T23:47:02.057+0000] {processor.py:208} INFO - Processing /home/airflow/.local/lib/python3.12/site-packages/airflow/example_dags/example_xcomargs.py took 0.095 seconds
[2025-07-02T23:47:32.206+0000] {processor.py:186} INFO - Started process (PID=2389) to work on /home/airflow/.local/lib/python3.12/site-packages/airflow/example_dags/example_xcomargs.py
[2025-07-02T23:47:32.207+0000] {processor.py:914} INFO - Processing file /home/airflow/.local/lib/python3.12/site-packages/airflow/example_dags/example_xcomargs.py for tasks to queue
[2025-07-02T23:47:32.210+0000] {logging_mixin.py:190} INFO - [2025-07-02T23:47:32.210+0000] {dagbag.py:588} INFO - Filling up the DagBag from /home/airflow/.local/lib/python3.12/site-packages/airflow/example_dags/example_xcomargs.py
[2025-07-02T23:47:32.225+0000] {processor.py:925} INFO - DAG(s) 'example_xcom_args_with_operators', 'example_xcom_args' retrieved from /home/airflow/.local/lib/python3.12/site-packages/airflow/example_dags/example_xcomargs.py
[2025-07-02T23:47:32.248+0000] {logging_mixin.py:190} INFO - [2025-07-02T23:47:32.248+0000] {dag.py:3239} INFO - Sync 2 DAGs
[2025-07-02T23:47:32.264+0000] {logging_mixin.py:190} INFO - [2025-07-02T23:47:32.263+0000] {dag.py:4180} INFO - Setting next_dagrun for example_xcom_args to None, run_after=None
[2025-07-02T23:47:32.268+0000] {logging_mixin.py:190} INFO - [2025-07-02T23:47:32.267+0000] {dag.py:4180} INFO - Setting next_dagrun for example_xcom_args_with_operators to None, run_after=None
[2025-07-02T23:47:32.284+0000] {processor.py:208} INFO - Processing /home/airflow/.local/lib/python3.12/site-packages/airflow/example_dags/example_xcomargs.py took 0.085 seconds
[2025-07-02T23:48:02.813+0000] {processor.py:186} INFO - Started process (PID=2451) to work on /home/airflow/.local/lib/python3.12/site-packages/airflow/example_dags/example_xcomargs.py
[2025-07-02T23:48:02.815+0000] {processor.py:914} INFO - Processing file /home/airflow/.local/lib/python3.12/site-packages/airflow/example_dags/example_xcomargs.py for tasks to queue
[2025-07-02T23:48:02.818+0000] {logging_mixin.py:190} INFO - [2025-07-02T23:48:02.817+0000] {dagbag.py:588} INFO - Filling up the DagBag from /home/airflow/.local/lib/python3.12/site-packages/airflow/example_dags/example_xcomargs.py
[2025-07-02T23:48:02.832+0000] {processor.py:925} INFO - DAG(s) 'example_xcom_args_with_operators', 'example_xcom_args' retrieved from /home/airflow/.local/lib/python3.12/site-packages/airflow/example_dags/example_xcomargs.py
[2025-07-02T23:48:02.855+0000] {logging_mixin.py:190} INFO - [2025-07-02T23:48:02.855+0000] {dag.py:3239} INFO - Sync 2 DAGs
[2025-07-02T23:48:02.870+0000] {logging_mixin.py:190} INFO - [2025-07-02T23:48:02.870+0000] {dag.py:4180} INFO - Setting next_dagrun for example_xcom_args to None, run_after=None
[2025-07-02T23:48:02.875+0000] {logging_mixin.py:190} INFO - [2025-07-02T23:48:02.875+0000] {dag.py:4180} INFO - Setting next_dagrun for example_xcom_args_with_operators to None, run_after=None
[2025-07-02T23:48:02.895+0000] {processor.py:208} INFO - Processing /home/airflow/.local/lib/python3.12/site-packages/airflow/example_dags/example_xcomargs.py took 0.087 seconds
[2025-07-02T23:48:33.259+0000] {processor.py:186} INFO - Started process (PID=2513) to work on /home/airflow/.local/lib/python3.12/site-packages/airflow/example_dags/example_xcomargs.py
[2025-07-02T23:48:33.260+0000] {processor.py:914} INFO - Processing file /home/airflow/.local/lib/python3.12/site-packages/airflow/example_dags/example_xcomargs.py for tasks to queue
[2025-07-02T23:48:33.263+0000] {logging_mixin.py:190} INFO - [2025-07-02T23:48:33.263+0000] {dagbag.py:588} INFO - Filling up the DagBag from /home/airflow/.local/lib/python3.12/site-packages/airflow/example_dags/example_xcomargs.py
[2025-07-02T23:48:33.277+0000] {processor.py:925} INFO - DAG(s) 'example_xcom_args', 'example_xcom_args_with_operators' retrieved from /home/airflow/.local/lib/python3.12/site-packages/airflow/example_dags/example_xcomargs.py
[2025-07-02T23:48:33.311+0000] {logging_mixin.py:190} INFO - [2025-07-02T23:48:33.311+0000] {dag.py:3239} INFO - Sync 2 DAGs
[2025-07-02T23:48:33.332+0000] {logging_mixin.py:190} INFO - [2025-07-02T23:48:33.332+0000] {dag.py:4180} INFO - Setting next_dagrun for example_xcom_args to None, run_after=None
[2025-07-02T23:48:33.336+0000] {logging_mixin.py:190} INFO - [2025-07-02T23:48:33.336+0000] {dag.py:4180} INFO - Setting next_dagrun for example_xcom_args_with_operators to None, run_after=None
[2025-07-02T23:48:33.364+0000] {processor.py:208} INFO - Processing /home/airflow/.local/lib/python3.12/site-packages/airflow/example_dags/example_xcomargs.py took 0.112 seconds
[2025-07-02T23:49:03.583+0000] {processor.py:186} INFO - Started process (PID=2580) to work on /home/airflow/.local/lib/python3.12/site-packages/airflow/example_dags/example_xcomargs.py
[2025-07-02T23:49:03.584+0000] {processor.py:914} INFO - Processing file /home/airflow/.local/lib/python3.12/site-packages/airflow/example_dags/example_xcomargs.py for tasks to queue
[2025-07-02T23:49:03.587+0000] {logging_mixin.py:190} INFO - [2025-07-02T23:49:03.587+0000] {dagbag.py:588} INFO - Filling up the DagBag from /home/airflow/.local/lib/python3.12/site-packages/airflow/example_dags/example_xcomargs.py
[2025-07-02T23:49:03.597+0000] {processor.py:925} INFO - DAG(s) 'example_xcom_args', 'example_xcom_args_with_operators' retrieved from /home/airflow/.local/lib/python3.12/site-packages/airflow/example_dags/example_xcomargs.py
[2025-07-02T23:49:03.621+0000] {logging_mixin.py:190} INFO - [2025-07-02T23:49:03.621+0000] {dag.py:3239} INFO - Sync 2 DAGs
[2025-07-02T23:49:03.636+0000] {logging_mixin.py:190} INFO - [2025-07-02T23:49:03.635+0000] {dag.py:4180} INFO - Setting next_dagrun for example_xcom_args to None, run_after=None
[2025-07-02T23:49:03.640+0000] {logging_mixin.py:190} INFO - [2025-07-02T23:49:03.639+0000] {dag.py:4180} INFO - Setting next_dagrun for example_xcom_args_with_operators to None, run_after=None
[2025-07-02T23:49:03.662+0000] {processor.py:208} INFO - Processing /home/airflow/.local/lib/python3.12/site-packages/airflow/example_dags/example_xcomargs.py took 0.084 seconds
[2025-07-02T23:49:34.166+0000] {processor.py:186} INFO - Started process (PID=2642) to work on /home/airflow/.local/lib/python3.12/site-packages/airflow/example_dags/example_xcomargs.py
[2025-07-02T23:49:34.168+0000] {processor.py:914} INFO - Processing file /home/airflow/.local/lib/python3.12/site-packages/airflow/example_dags/example_xcomargs.py for tasks to queue
[2025-07-02T23:49:34.171+0000] {logging_mixin.py:190} INFO - [2025-07-02T23:49:34.171+0000] {dagbag.py:588} INFO - Filling up the DagBag from /home/airflow/.local/lib/python3.12/site-packages/airflow/example_dags/example_xcomargs.py
[2025-07-02T23:49:34.184+0000] {processor.py:925} INFO - DAG(s) 'example_xcom_args', 'example_xcom_args_with_operators' retrieved from /home/airflow/.local/lib/python3.12/site-packages/airflow/example_dags/example_xcomargs.py
[2025-07-02T23:49:34.216+0000] {logging_mixin.py:190} INFO - [2025-07-02T23:49:34.216+0000] {dag.py:3239} INFO - Sync 2 DAGs
[2025-07-02T23:49:34.235+0000] {logging_mixin.py:190} INFO - [2025-07-02T23:49:34.234+0000] {dag.py:4180} INFO - Setting next_dagrun for example_xcom_args to None, run_after=None
[2025-07-02T23:49:34.241+0000] {logging_mixin.py:190} INFO - [2025-07-02T23:49:34.240+0000] {dag.py:4180} INFO - Setting next_dagrun for example_xcom_args_with_operators to None, run_after=None
[2025-07-02T23:49:34.264+0000] {processor.py:208} INFO - Processing /home/airflow/.local/lib/python3.12/site-packages/airflow/example_dags/example_xcomargs.py took 0.105 seconds
[2025-07-02T23:50:04.360+0000] {processor.py:186} INFO - Started process (PID=2703) to work on /home/airflow/.local/lib/python3.12/site-packages/airflow/example_dags/example_xcomargs.py
[2025-07-02T23:50:04.361+0000] {processor.py:914} INFO - Processing file /home/airflow/.local/lib/python3.12/site-packages/airflow/example_dags/example_xcomargs.py for tasks to queue
[2025-07-02T23:50:04.363+0000] {logging_mixin.py:190} INFO - [2025-07-02T23:50:04.363+0000] {dagbag.py:588} INFO - Filling up the DagBag from /home/airflow/.local/lib/python3.12/site-packages/airflow/example_dags/example_xcomargs.py
[2025-07-02T23:50:04.372+0000] {processor.py:925} INFO - DAG(s) 'example_xcom_args_with_operators', 'example_xcom_args' retrieved from /home/airflow/.local/lib/python3.12/site-packages/airflow/example_dags/example_xcomargs.py
[2025-07-02T23:50:04.394+0000] {logging_mixin.py:190} INFO - [2025-07-02T23:50:04.393+0000] {dag.py:3239} INFO - Sync 2 DAGs
[2025-07-02T23:50:04.407+0000] {logging_mixin.py:190} INFO - [2025-07-02T23:50:04.407+0000] {dag.py:4180} INFO - Setting next_dagrun for example_xcom_args to None, run_after=None
[2025-07-02T23:50:04.410+0000] {logging_mixin.py:190} INFO - [2025-07-02T23:50:04.410+0000] {dag.py:4180} INFO - Setting next_dagrun for example_xcom_args_with_operators to None, run_after=None
[2025-07-02T23:50:04.424+0000] {processor.py:208} INFO - Processing /home/airflow/.local/lib/python3.12/site-packages/airflow/example_dags/example_xcomargs.py took 0.069 seconds
[2025-07-02T23:50:34.473+0000] {processor.py:186} INFO - Started process (PID=2765) to work on /home/airflow/.local/lib/python3.12/site-packages/airflow/example_dags/example_xcomargs.py
[2025-07-02T23:50:34.474+0000] {processor.py:914} INFO - Processing file /home/airflow/.local/lib/python3.12/site-packages/airflow/example_dags/example_xcomargs.py for tasks to queue
[2025-07-02T23:50:34.476+0000] {logging_mixin.py:190} INFO - [2025-07-02T23:50:34.476+0000] {dagbag.py:588} INFO - Filling up the DagBag from /home/airflow/.local/lib/python3.12/site-packages/airflow/example_dags/example_xcomargs.py
[2025-07-02T23:50:34.485+0000] {processor.py:925} INFO - DAG(s) 'example_xcom_args', 'example_xcom_args_with_operators' retrieved from /home/airflow/.local/lib/python3.12/site-packages/airflow/example_dags/example_xcomargs.py
[2025-07-02T23:50:34.512+0000] {logging_mixin.py:190} INFO - [2025-07-02T23:50:34.512+0000] {dag.py:3239} INFO - Sync 2 DAGs
[2025-07-02T23:50:34.526+0000] {logging_mixin.py:190} INFO - [2025-07-02T23:50:34.526+0000] {dag.py:4180} INFO - Setting next_dagrun for example_xcom_args to None, run_after=None
[2025-07-02T23:50:34.530+0000] {logging_mixin.py:190} INFO - [2025-07-02T23:50:34.530+0000] {dag.py:4180} INFO - Setting next_dagrun for example_xcom_args_with_operators to None, run_after=None
[2025-07-02T23:50:34.545+0000] {processor.py:208} INFO - Processing /home/airflow/.local/lib/python3.12/site-packages/airflow/example_dags/example_xcomargs.py took 0.078 seconds
[2025-07-02T23:51:05.173+0000] {processor.py:186} INFO - Started process (PID=2827) to work on /home/airflow/.local/lib/python3.12/site-packages/airflow/example_dags/example_xcomargs.py
[2025-07-02T23:51:05.175+0000] {processor.py:914} INFO - Processing file /home/airflow/.local/lib/python3.12/site-packages/airflow/example_dags/example_xcomargs.py for tasks to queue
[2025-07-02T23:51:05.177+0000] {logging_mixin.py:190} INFO - [2025-07-02T23:51:05.177+0000] {dagbag.py:588} INFO - Filling up the DagBag from /home/airflow/.local/lib/python3.12/site-packages/airflow/example_dags/example_xcomargs.py
[2025-07-02T23:51:05.193+0000] {processor.py:925} INFO - DAG(s) 'example_xcom_args_with_operators', 'example_xcom_args' retrieved from /home/airflow/.local/lib/python3.12/site-packages/airflow/example_dags/example_xcomargs.py
[2025-07-02T23:51:05.222+0000] {logging_mixin.py:190} INFO - [2025-07-02T23:51:05.222+0000] {dag.py:3239} INFO - Sync 2 DAGs
[2025-07-02T23:51:05.237+0000] {logging_mixin.py:190} INFO - [2025-07-02T23:51:05.236+0000] {dag.py:4180} INFO - Setting next_dagrun for example_xcom_args to None, run_after=None
[2025-07-02T23:51:05.240+0000] {logging_mixin.py:190} INFO - [2025-07-02T23:51:05.240+0000] {dag.py:4180} INFO - Setting next_dagrun for example_xcom_args_with_operators to None, run_after=None
[2025-07-02T23:51:05.257+0000] {processor.py:208} INFO - Processing /home/airflow/.local/lib/python3.12/site-packages/airflow/example_dags/example_xcomargs.py took 0.089 seconds
[2025-07-02T23:51:35.344+0000] {processor.py:186} INFO - Started process (PID=2889) to work on /home/airflow/.local/lib/python3.12/site-packages/airflow/example_dags/example_xcomargs.py
[2025-07-02T23:51:35.345+0000] {processor.py:914} INFO - Processing file /home/airflow/.local/lib/python3.12/site-packages/airflow/example_dags/example_xcomargs.py for tasks to queue
[2025-07-02T23:51:35.348+0000] {logging_mixin.py:190} INFO - [2025-07-02T23:51:35.347+0000] {dagbag.py:588} INFO - Filling up the DagBag from /home/airflow/.local/lib/python3.12/site-packages/airflow/example_dags/example_xcomargs.py
[2025-07-02T23:51:35.356+0000] {processor.py:925} INFO - DAG(s) 'example_xcom_args', 'example_xcom_args_with_operators' retrieved from /home/airflow/.local/lib/python3.12/site-packages/airflow/example_dags/example_xcomargs.py
[2025-07-02T23:51:35.379+0000] {logging_mixin.py:190} INFO - [2025-07-02T23:51:35.379+0000] {dag.py:3239} INFO - Sync 2 DAGs
[2025-07-02T23:51:35.395+0000] {logging_mixin.py:190} INFO - [2025-07-02T23:51:35.394+0000] {dag.py:4180} INFO - Setting next_dagrun for example_xcom_args to None, run_after=None
[2025-07-02T23:51:35.398+0000] {logging_mixin.py:190} INFO - [2025-07-02T23:51:35.398+0000] {dag.py:4180} INFO - Setting next_dagrun for example_xcom_args_with_operators to None, run_after=None
[2025-07-02T23:51:35.415+0000] {processor.py:208} INFO - Processing /home/airflow/.local/lib/python3.12/site-packages/airflow/example_dags/example_xcomargs.py took 0.077 seconds
[2025-07-02T23:52:05.994+0000] {processor.py:186} INFO - Started process (PID=2951) to work on /home/airflow/.local/lib/python3.12/site-packages/airflow/example_dags/example_xcomargs.py
[2025-07-02T23:52:05.995+0000] {processor.py:914} INFO - Processing file /home/airflow/.local/lib/python3.12/site-packages/airflow/example_dags/example_xcomargs.py for tasks to queue
[2025-07-02T23:52:05.997+0000] {logging_mixin.py:190} INFO - [2025-07-02T23:52:05.997+0000] {dagbag.py:588} INFO - Filling up the DagBag from /home/airflow/.local/lib/python3.12/site-packages/airflow/example_dags/example_xcomargs.py
[2025-07-02T23:52:06.007+0000] {processor.py:925} INFO - DAG(s) 'example_xcom_args_with_operators', 'example_xcom_args' retrieved from /home/airflow/.local/lib/python3.12/site-packages/airflow/example_dags/example_xcomargs.py
[2025-07-02T23:52:06.035+0000] {logging_mixin.py:190} INFO - [2025-07-02T23:52:06.035+0000] {dag.py:3239} INFO - Sync 2 DAGs
[2025-07-02T23:52:06.052+0000] {logging_mixin.py:190} INFO - [2025-07-02T23:52:06.052+0000] {dag.py:4180} INFO - Setting next_dagrun for example_xcom_args to None, run_after=None
[2025-07-02T23:52:06.056+0000] {logging_mixin.py:190} INFO - [2025-07-02T23:52:06.056+0000] {dag.py:4180} INFO - Setting next_dagrun for example_xcom_args_with_operators to None, run_after=None
[2025-07-02T23:52:06.074+0000] {processor.py:208} INFO - Processing /home/airflow/.local/lib/python3.12/site-packages/airflow/example_dags/example_xcomargs.py took 0.085 seconds
[2025-07-02T23:52:36.198+0000] {processor.py:186} INFO - Started process (PID=3013) to work on /home/airflow/.local/lib/python3.12/site-packages/airflow/example_dags/example_xcomargs.py
[2025-07-02T23:52:36.199+0000] {processor.py:914} INFO - Processing file /home/airflow/.local/lib/python3.12/site-packages/airflow/example_dags/example_xcomargs.py for tasks to queue
[2025-07-02T23:52:36.201+0000] {logging_mixin.py:190} INFO - [2025-07-02T23:52:36.201+0000] {dagbag.py:588} INFO - Filling up the DagBag from /home/airflow/.local/lib/python3.12/site-packages/airflow/example_dags/example_xcomargs.py
[2025-07-02T23:52:36.210+0000] {processor.py:925} INFO - DAG(s) 'example_xcom_args_with_operators', 'example_xcom_args' retrieved from /home/airflow/.local/lib/python3.12/site-packages/airflow/example_dags/example_xcomargs.py
[2025-07-02T23:52:36.233+0000] {logging_mixin.py:190} INFO - [2025-07-02T23:52:36.232+0000] {dag.py:3239} INFO - Sync 2 DAGs
[2025-07-02T23:52:36.247+0000] {logging_mixin.py:190} INFO - [2025-07-02T23:52:36.247+0000] {dag.py:4180} INFO - Setting next_dagrun for example_xcom_args to None, run_after=None
[2025-07-02T23:52:36.251+0000] {logging_mixin.py:190} INFO - [2025-07-02T23:52:36.250+0000] {dag.py:4180} INFO - Setting next_dagrun for example_xcom_args_with_operators to None, run_after=None
[2025-07-02T23:52:36.266+0000] {processor.py:208} INFO - Processing /home/airflow/.local/lib/python3.12/site-packages/airflow/example_dags/example_xcomargs.py took 0.073 seconds
[2025-07-02T23:53:06.489+0000] {processor.py:186} INFO - Started process (PID=3075) to work on /home/airflow/.local/lib/python3.12/site-packages/airflow/example_dags/example_xcomargs.py
[2025-07-02T23:53:06.490+0000] {processor.py:914} INFO - Processing file /home/airflow/.local/lib/python3.12/site-packages/airflow/example_dags/example_xcomargs.py for tasks to queue
[2025-07-02T23:53:06.492+0000] {logging_mixin.py:190} INFO - [2025-07-02T23:53:06.492+0000] {dagbag.py:588} INFO - Filling up the DagBag from /home/airflow/.local/lib/python3.12/site-packages/airflow/example_dags/example_xcomargs.py
[2025-07-02T23:53:06.501+0000] {processor.py:925} INFO - DAG(s) 'example_xcom_args_with_operators', 'example_xcom_args' retrieved from /home/airflow/.local/lib/python3.12/site-packages/airflow/example_dags/example_xcomargs.py
[2025-07-02T23:53:06.525+0000] {logging_mixin.py:190} INFO - [2025-07-02T23:53:06.524+0000] {dag.py:3239} INFO - Sync 2 DAGs
[2025-07-02T23:53:06.539+0000] {logging_mixin.py:190} INFO - [2025-07-02T23:53:06.539+0000] {dag.py:4180} INFO - Setting next_dagrun for example_xcom_args to None, run_after=None
[2025-07-02T23:53:06.543+0000] {logging_mixin.py:190} INFO - [2025-07-02T23:53:06.543+0000] {dag.py:4180} INFO - Setting next_dagrun for example_xcom_args_with_operators to None, run_after=None
[2025-07-02T23:53:06.558+0000] {processor.py:208} INFO - Processing /home/airflow/.local/lib/python3.12/site-packages/airflow/example_dags/example_xcomargs.py took 0.074 seconds
[2025-07-02T23:53:37.271+0000] {processor.py:186} INFO - Started process (PID=3137) to work on /home/airflow/.local/lib/python3.12/site-packages/airflow/example_dags/example_xcomargs.py
[2025-07-02T23:53:37.272+0000] {processor.py:914} INFO - Processing file /home/airflow/.local/lib/python3.12/site-packages/airflow/example_dags/example_xcomargs.py for tasks to queue
[2025-07-02T23:53:37.274+0000] {logging_mixin.py:190} INFO - [2025-07-02T23:53:37.274+0000] {dagbag.py:588} INFO - Filling up the DagBag from /home/airflow/.local/lib/python3.12/site-packages/airflow/example_dags/example_xcomargs.py
[2025-07-02T23:53:37.284+0000] {processor.py:925} INFO - DAG(s) 'example_xcom_args', 'example_xcom_args_with_operators' retrieved from /home/airflow/.local/lib/python3.12/site-packages/airflow/example_dags/example_xcomargs.py
[2025-07-02T23:53:37.308+0000] {logging_mixin.py:190} INFO - [2025-07-02T23:53:37.307+0000] {dag.py:3239} INFO - Sync 2 DAGs
[2025-07-02T23:53:37.324+0000] {logging_mixin.py:190} INFO - [2025-07-02T23:53:37.324+0000] {dag.py:4180} INFO - Setting next_dagrun for example_xcom_args to None, run_after=None
[2025-07-02T23:53:37.328+0000] {logging_mixin.py:190} INFO - [2025-07-02T23:53:37.328+0000] {dag.py:4180} INFO - Setting next_dagrun for example_xcom_args_with_operators to None, run_after=None
[2025-07-02T23:53:37.353+0000] {processor.py:208} INFO - Processing /home/airflow/.local/lib/python3.12/site-packages/airflow/example_dags/example_xcomargs.py took 0.088 seconds
[2025-07-02T23:54:07.574+0000] {processor.py:186} INFO - Started process (PID=3199) to work on /home/airflow/.local/lib/python3.12/site-packages/airflow/example_dags/example_xcomargs.py
[2025-07-02T23:54:07.575+0000] {processor.py:914} INFO - Processing file /home/airflow/.local/lib/python3.12/site-packages/airflow/example_dags/example_xcomargs.py for tasks to queue
[2025-07-02T23:54:07.577+0000] {logging_mixin.py:190} INFO - [2025-07-02T23:54:07.577+0000] {dagbag.py:588} INFO - Filling up the DagBag from /home/airflow/.local/lib/python3.12/site-packages/airflow/example_dags/example_xcomargs.py
[2025-07-02T23:54:07.586+0000] {processor.py:925} INFO - DAG(s) 'example_xcom_args_with_operators', 'example_xcom_args' retrieved from /home/airflow/.local/lib/python3.12/site-packages/airflow/example_dags/example_xcomargs.py
[2025-07-02T23:54:07.608+0000] {logging_mixin.py:190} INFO - [2025-07-02T23:54:07.608+0000] {dag.py:3239} INFO - Sync 2 DAGs
[2025-07-02T23:54:07.624+0000] {logging_mixin.py:190} INFO - [2025-07-02T23:54:07.624+0000] {dag.py:4180} INFO - Setting next_dagrun for example_xcom_args to None, run_after=None
[2025-07-02T23:54:07.628+0000] {logging_mixin.py:190} INFO - [2025-07-02T23:54:07.628+0000] {dag.py:4180} INFO - Setting next_dagrun for example_xcom_args_with_operators to None, run_after=None
[2025-07-02T23:54:07.643+0000] {processor.py:208} INFO - Processing /home/airflow/.local/lib/python3.12/site-packages/airflow/example_dags/example_xcomargs.py took 0.074 seconds
[2025-07-02T23:54:37.900+0000] {processor.py:186} INFO - Started process (PID=3261) to work on /home/airflow/.local/lib/python3.12/site-packages/airflow/example_dags/example_xcomargs.py
[2025-07-02T23:54:37.902+0000] {processor.py:914} INFO - Processing file /home/airflow/.local/lib/python3.12/site-packages/airflow/example_dags/example_xcomargs.py for tasks to queue
[2025-07-02T23:54:37.905+0000] {logging_mixin.py:190} INFO - [2025-07-02T23:54:37.904+0000] {dagbag.py:588} INFO - Filling up the DagBag from /home/airflow/.local/lib/python3.12/site-packages/airflow/example_dags/example_xcomargs.py
[2025-07-02T23:54:37.916+0000] {processor.py:925} INFO - DAG(s) 'example_xcom_args_with_operators', 'example_xcom_args' retrieved from /home/airflow/.local/lib/python3.12/site-packages/airflow/example_dags/example_xcomargs.py
[2025-07-02T23:54:37.940+0000] {logging_mixin.py:190} INFO - [2025-07-02T23:54:37.940+0000] {dag.py:3239} INFO - Sync 2 DAGs
[2025-07-02T23:54:37.955+0000] {logging_mixin.py:190} INFO - [2025-07-02T23:54:37.955+0000] {dag.py:4180} INFO - Setting next_dagrun for example_xcom_args to None, run_after=None
[2025-07-02T23:54:37.960+0000] {logging_mixin.py:190} INFO - [2025-07-02T23:54:37.960+0000] {dag.py:4180} INFO - Setting next_dagrun for example_xcom_args_with_operators to None, run_after=None
[2025-07-02T23:54:37.979+0000] {processor.py:208} INFO - Processing /home/airflow/.local/lib/python3.12/site-packages/airflow/example_dags/example_xcomargs.py took 0.085 seconds
[2025-07-02T23:55:08.241+0000] {processor.py:186} INFO - Started process (PID=3323) to work on /home/airflow/.local/lib/python3.12/site-packages/airflow/example_dags/example_xcomargs.py
[2025-07-02T23:55:08.242+0000] {processor.py:914} INFO - Processing file /home/airflow/.local/lib/python3.12/site-packages/airflow/example_dags/example_xcomargs.py for tasks to queue
[2025-07-02T23:55:08.244+0000] {logging_mixin.py:190} INFO - [2025-07-02T23:55:08.244+0000] {dagbag.py:588} INFO - Filling up the DagBag from /home/airflow/.local/lib/python3.12/site-packages/airflow/example_dags/example_xcomargs.py
[2025-07-02T23:55:08.256+0000] {processor.py:925} INFO - DAG(s) 'example_xcom_args_with_operators', 'example_xcom_args' retrieved from /home/airflow/.local/lib/python3.12/site-packages/airflow/example_dags/example_xcomargs.py
[2025-07-02T23:55:08.280+0000] {logging_mixin.py:190} INFO - [2025-07-02T23:55:08.279+0000] {dag.py:3239} INFO - Sync 2 DAGs
[2025-07-02T23:55:08.294+0000] {logging_mixin.py:190} INFO - [2025-07-02T23:55:08.294+0000] {dag.py:4180} INFO - Setting next_dagrun for example_xcom_args to None, run_after=None
[2025-07-02T23:55:08.298+0000] {logging_mixin.py:190} INFO - [2025-07-02T23:55:08.298+0000] {dag.py:4180} INFO - Setting next_dagrun for example_xcom_args_with_operators to None, run_after=None
[2025-07-02T23:55:08.315+0000] {processor.py:208} INFO - Processing /home/airflow/.local/lib/python3.12/site-packages/airflow/example_dags/example_xcomargs.py took 0.079 seconds
[2025-07-02T23:55:38.804+0000] {processor.py:186} INFO - Started process (PID=3385) to work on /home/airflow/.local/lib/python3.12/site-packages/airflow/example_dags/example_xcomargs.py
[2025-07-02T23:55:38.805+0000] {processor.py:914} INFO - Processing file /home/airflow/.local/lib/python3.12/site-packages/airflow/example_dags/example_xcomargs.py for tasks to queue
[2025-07-02T23:55:38.808+0000] {logging_mixin.py:190} INFO - [2025-07-02T23:55:38.807+0000] {dagbag.py:588} INFO - Filling up the DagBag from /home/airflow/.local/lib/python3.12/site-packages/airflow/example_dags/example_xcomargs.py
[2025-07-02T23:55:38.817+0000] {processor.py:925} INFO - DAG(s) 'example_xcom_args_with_operators', 'example_xcom_args' retrieved from /home/airflow/.local/lib/python3.12/site-packages/airflow/example_dags/example_xcomargs.py
[2025-07-02T23:55:38.839+0000] {logging_mixin.py:190} INFO - [2025-07-02T23:55:38.839+0000] {dag.py:3239} INFO - Sync 2 DAGs
[2025-07-02T23:55:38.853+0000] {logging_mixin.py:190} INFO - [2025-07-02T23:55:38.853+0000] {dag.py:4180} INFO - Setting next_dagrun for example_xcom_args to None, run_after=None
[2025-07-02T23:55:38.857+0000] {logging_mixin.py:190} INFO - [2025-07-02T23:55:38.857+0000] {dag.py:4180} INFO - Setting next_dagrun for example_xcom_args_with_operators to None, run_after=None
[2025-07-02T23:55:38.872+0000] {processor.py:208} INFO - Processing /home/airflow/.local/lib/python3.12/site-packages/airflow/example_dags/example_xcomargs.py took 0.073 seconds
[2025-07-02T23:56:09.967+0000] {processor.py:186} INFO - Started process (PID=3447) to work on /home/airflow/.local/lib/python3.12/site-packages/airflow/example_dags/example_xcomargs.py
[2025-07-02T23:56:09.968+0000] {processor.py:914} INFO - Processing file /home/airflow/.local/lib/python3.12/site-packages/airflow/example_dags/example_xcomargs.py for tasks to queue
[2025-07-02T23:56:09.971+0000] {logging_mixin.py:190} INFO - [2025-07-02T23:56:09.970+0000] {dagbag.py:588} INFO - Filling up the DagBag from /home/airflow/.local/lib/python3.12/site-packages/airflow/example_dags/example_xcomargs.py
[2025-07-02T23:56:09.986+0000] {processor.py:925} INFO - DAG(s) 'example_xcom_args', 'example_xcom_args_with_operators' retrieved from /home/airflow/.local/lib/python3.12/site-packages/airflow/example_dags/example_xcomargs.py
[2025-07-02T23:56:10.013+0000] {logging_mixin.py:190} INFO - [2025-07-02T23:56:10.012+0000] {dag.py:3239} INFO - Sync 2 DAGs
[2025-07-02T23:56:10.219+0000] {logging_mixin.py:190} INFO - [2025-07-02T23:56:10.219+0000] {dag.py:4180} INFO - Setting next_dagrun for example_xcom_args to None, run_after=None
[2025-07-02T23:56:10.228+0000] {logging_mixin.py:190} INFO - [2025-07-02T23:56:10.228+0000] {dag.py:4180} INFO - Setting next_dagrun for example_xcom_args_with_operators to None, run_after=None
[2025-07-02T23:56:10.252+0000] {processor.py:208} INFO - Processing /home/airflow/.local/lib/python3.12/site-packages/airflow/example_dags/example_xcomargs.py took 0.291 seconds
[2025-07-02T23:56:40.431+0000] {processor.py:186} INFO - Started process (PID=3509) to work on /home/airflow/.local/lib/python3.12/site-packages/airflow/example_dags/example_xcomargs.py
[2025-07-02T23:56:40.432+0000] {processor.py:914} INFO - Processing file /home/airflow/.local/lib/python3.12/site-packages/airflow/example_dags/example_xcomargs.py for tasks to queue
[2025-07-02T23:56:40.434+0000] {logging_mixin.py:190} INFO - [2025-07-02T23:56:40.434+0000] {dagbag.py:588} INFO - Filling up the DagBag from /home/airflow/.local/lib/python3.12/site-packages/airflow/example_dags/example_xcomargs.py
[2025-07-02T23:56:40.443+0000] {processor.py:925} INFO - DAG(s) 'example_xcom_args_with_operators', 'example_xcom_args' retrieved from /home/airflow/.local/lib/python3.12/site-packages/airflow/example_dags/example_xcomargs.py
[2025-07-02T23:56:40.467+0000] {logging_mixin.py:190} INFO - [2025-07-02T23:56:40.466+0000] {dag.py:3239} INFO - Sync 2 DAGs
[2025-07-02T23:56:40.646+0000] {logging_mixin.py:190} INFO - [2025-07-02T23:56:40.646+0000] {dag.py:4180} INFO - Setting next_dagrun for example_xcom_args to None, run_after=None
[2025-07-02T23:56:40.652+0000] {logging_mixin.py:190} INFO - [2025-07-02T23:56:40.651+0000] {dag.py:4180} INFO - Setting next_dagrun for example_xcom_args_with_operators to None, run_after=None
[2025-07-02T23:56:40.669+0000] {processor.py:208} INFO - Processing /home/airflow/.local/lib/python3.12/site-packages/airflow/example_dags/example_xcomargs.py took 0.244 seconds
[2025-07-02T23:57:10.880+0000] {processor.py:186} INFO - Started process (PID=3571) to work on /home/airflow/.local/lib/python3.12/site-packages/airflow/example_dags/example_xcomargs.py
[2025-07-02T23:57:10.881+0000] {processor.py:914} INFO - Processing file /home/airflow/.local/lib/python3.12/site-packages/airflow/example_dags/example_xcomargs.py for tasks to queue
[2025-07-02T23:57:10.884+0000] {logging_mixin.py:190} INFO - [2025-07-02T23:57:10.883+0000] {dagbag.py:588} INFO - Filling up the DagBag from /home/airflow/.local/lib/python3.12/site-packages/airflow/example_dags/example_xcomargs.py
[2025-07-02T23:57:10.893+0000] {processor.py:925} INFO - DAG(s) 'example_xcom_args', 'example_xcom_args_with_operators' retrieved from /home/airflow/.local/lib/python3.12/site-packages/airflow/example_dags/example_xcomargs.py
[2025-07-02T23:57:10.916+0000] {logging_mixin.py:190} INFO - [2025-07-02T23:57:10.916+0000] {dag.py:3239} INFO - Sync 2 DAGs
[2025-07-02T23:57:10.931+0000] {logging_mixin.py:190} INFO - [2025-07-02T23:57:10.931+0000] {dag.py:4180} INFO - Setting next_dagrun for example_xcom_args to None, run_after=None
[2025-07-02T23:57:10.935+0000] {logging_mixin.py:190} INFO - [2025-07-02T23:57:10.935+0000] {dag.py:4180} INFO - Setting next_dagrun for example_xcom_args_with_operators to None, run_after=None
[2025-07-02T23:57:10.949+0000] {processor.py:208} INFO - Processing /home/airflow/.local/lib/python3.12/site-packages/airflow/example_dags/example_xcomargs.py took 0.075 seconds
[2025-07-02T23:57:41.520+0000] {processor.py:186} INFO - Started process (PID=3633) to work on /home/airflow/.local/lib/python3.12/site-packages/airflow/example_dags/example_xcomargs.py
[2025-07-02T23:57:41.521+0000] {processor.py:914} INFO - Processing file /home/airflow/.local/lib/python3.12/site-packages/airflow/example_dags/example_xcomargs.py for tasks to queue
[2025-07-02T23:57:41.523+0000] {logging_mixin.py:190} INFO - [2025-07-02T23:57:41.523+0000] {dagbag.py:588} INFO - Filling up the DagBag from /home/airflow/.local/lib/python3.12/site-packages/airflow/example_dags/example_xcomargs.py
[2025-07-02T23:57:41.533+0000] {processor.py:925} INFO - DAG(s) 'example_xcom_args_with_operators', 'example_xcom_args' retrieved from /home/airflow/.local/lib/python3.12/site-packages/airflow/example_dags/example_xcomargs.py
[2025-07-02T23:57:41.557+0000] {logging_mixin.py:190} INFO - [2025-07-02T23:57:41.557+0000] {dag.py:3239} INFO - Sync 2 DAGs
[2025-07-02T23:57:41.571+0000] {logging_mixin.py:190} INFO - [2025-07-02T23:57:41.571+0000] {dag.py:4180} INFO - Setting next_dagrun for example_xcom_args to None, run_after=None
[2025-07-02T23:57:41.575+0000] {logging_mixin.py:190} INFO - [2025-07-02T23:57:41.574+0000] {dag.py:4180} INFO - Setting next_dagrun for example_xcom_args_with_operators to None, run_after=None
[2025-07-02T23:57:41.590+0000] {processor.py:208} INFO - Processing /home/airflow/.local/lib/python3.12/site-packages/airflow/example_dags/example_xcomargs.py took 0.076 seconds
[2025-07-02T23:58:12.178+0000] {processor.py:186} INFO - Started process (PID=3695) to work on /home/airflow/.local/lib/python3.12/site-packages/airflow/example_dags/example_xcomargs.py
[2025-07-02T23:58:12.180+0000] {processor.py:914} INFO - Processing file /home/airflow/.local/lib/python3.12/site-packages/airflow/example_dags/example_xcomargs.py for tasks to queue
[2025-07-02T23:58:12.182+0000] {logging_mixin.py:190} INFO - [2025-07-02T23:58:12.182+0000] {dagbag.py:588} INFO - Filling up the DagBag from /home/airflow/.local/lib/python3.12/site-packages/airflow/example_dags/example_xcomargs.py
[2025-07-02T23:58:12.193+0000] {processor.py:925} INFO - DAG(s) 'example_xcom_args_with_operators', 'example_xcom_args' retrieved from /home/airflow/.local/lib/python3.12/site-packages/airflow/example_dags/example_xcomargs.py
[2025-07-02T23:58:12.218+0000] {logging_mixin.py:190} INFO - [2025-07-02T23:58:12.217+0000] {dag.py:3239} INFO - Sync 2 DAGs
[2025-07-02T23:58:12.234+0000] {logging_mixin.py:190} INFO - [2025-07-02T23:58:12.234+0000] {dag.py:4180} INFO - Setting next_dagrun for example_xcom_args to None, run_after=None
[2025-07-02T23:58:12.239+0000] {logging_mixin.py:190} INFO - [2025-07-02T23:58:12.239+0000] {dag.py:4180} INFO - Setting next_dagrun for example_xcom_args_with_operators to None, run_after=None
[2025-07-02T23:58:12.256+0000] {processor.py:208} INFO - Processing /home/airflow/.local/lib/python3.12/site-packages/airflow/example_dags/example_xcomargs.py took 0.084 seconds
[2025-07-02T23:58:42.567+0000] {processor.py:186} INFO - Started process (PID=3757) to work on /home/airflow/.local/lib/python3.12/site-packages/airflow/example_dags/example_xcomargs.py
[2025-07-02T23:58:42.568+0000] {processor.py:914} INFO - Processing file /home/airflow/.local/lib/python3.12/site-packages/airflow/example_dags/example_xcomargs.py for tasks to queue
[2025-07-02T23:58:42.571+0000] {logging_mixin.py:190} INFO - [2025-07-02T23:58:42.571+0000] {dagbag.py:588} INFO - Filling up the DagBag from /home/airflow/.local/lib/python3.12/site-packages/airflow/example_dags/example_xcomargs.py
[2025-07-02T23:58:42.584+0000] {processor.py:925} INFO - DAG(s) 'example_xcom_args_with_operators', 'example_xcom_args' retrieved from /home/airflow/.local/lib/python3.12/site-packages/airflow/example_dags/example_xcomargs.py
[2025-07-02T23:58:42.610+0000] {logging_mixin.py:190} INFO - [2025-07-02T23:58:42.610+0000] {dag.py:3239} INFO - Sync 2 DAGs
[2025-07-02T23:58:42.627+0000] {logging_mixin.py:190} INFO - [2025-07-02T23:58:42.627+0000] {dag.py:4180} INFO - Setting next_dagrun for example_xcom_args to None, run_after=None
[2025-07-02T23:58:42.632+0000] {logging_mixin.py:190} INFO - [2025-07-02T23:58:42.632+0000] {dag.py:4180} INFO - Setting next_dagrun for example_xcom_args_with_operators to None, run_after=None
[2025-07-02T23:58:42.648+0000] {processor.py:208} INFO - Processing /home/airflow/.local/lib/python3.12/site-packages/airflow/example_dags/example_xcomargs.py took 0.088 seconds
[2025-07-02T23:59:13.103+0000] {processor.py:186} INFO - Started process (PID=3819) to work on /home/airflow/.local/lib/python3.12/site-packages/airflow/example_dags/example_xcomargs.py
[2025-07-02T23:59:13.104+0000] {processor.py:914} INFO - Processing file /home/airflow/.local/lib/python3.12/site-packages/airflow/example_dags/example_xcomargs.py for tasks to queue
[2025-07-02T23:59:13.107+0000] {logging_mixin.py:190} INFO - [2025-07-02T23:59:13.106+0000] {dagbag.py:588} INFO - Filling up the DagBag from /home/airflow/.local/lib/python3.12/site-packages/airflow/example_dags/example_xcomargs.py
[2025-07-02T23:59:13.119+0000] {processor.py:925} INFO - DAG(s) 'example_xcom_args', 'example_xcom_args_with_operators' retrieved from /home/airflow/.local/lib/python3.12/site-packages/airflow/example_dags/example_xcomargs.py
[2025-07-02T23:59:13.145+0000] {logging_mixin.py:190} INFO - [2025-07-02T23:59:13.144+0000] {dag.py:3239} INFO - Sync 2 DAGs
[2025-07-02T23:59:13.168+0000] {logging_mixin.py:190} INFO - [2025-07-02T23:59:13.168+0000] {dag.py:4180} INFO - Setting next_dagrun for example_xcom_args to None, run_after=None
[2025-07-02T23:59:13.173+0000] {logging_mixin.py:190} INFO - [2025-07-02T23:59:13.173+0000] {dag.py:4180} INFO - Setting next_dagrun for example_xcom_args_with_operators to None, run_after=None
[2025-07-02T23:59:13.194+0000] {processor.py:208} INFO - Processing /home/airflow/.local/lib/python3.12/site-packages/airflow/example_dags/example_xcomargs.py took 0.098 seconds
[2025-07-02T23:59:43.613+0000] {processor.py:186} INFO - Started process (PID=3881) to work on /home/airflow/.local/lib/python3.12/site-packages/airflow/example_dags/example_xcomargs.py
[2025-07-02T23:59:43.614+0000] {processor.py:914} INFO - Processing file /home/airflow/.local/lib/python3.12/site-packages/airflow/example_dags/example_xcomargs.py for tasks to queue
[2025-07-02T23:59:43.617+0000] {logging_mixin.py:190} INFO - [2025-07-02T23:59:43.616+0000] {dagbag.py:588} INFO - Filling up the DagBag from /home/airflow/.local/lib/python3.12/site-packages/airflow/example_dags/example_xcomargs.py
[2025-07-02T23:59:43.627+0000] {processor.py:925} INFO - DAG(s) 'example_xcom_args_with_operators', 'example_xcom_args' retrieved from /home/airflow/.local/lib/python3.12/site-packages/airflow/example_dags/example_xcomargs.py
[2025-07-02T23:59:43.649+0000] {logging_mixin.py:190} INFO - [2025-07-02T23:59:43.649+0000] {dag.py:3239} INFO - Sync 2 DAGs
[2025-07-02T23:59:43.664+0000] {logging_mixin.py:190} INFO - [2025-07-02T23:59:43.664+0000] {dag.py:4180} INFO - Setting next_dagrun for example_xcom_args to None, run_after=None
[2025-07-02T23:59:43.668+0000] {logging_mixin.py:190} INFO - [2025-07-02T23:59:43.668+0000] {dag.py:4180} INFO - Setting next_dagrun for example_xcom_args_with_operators to None, run_after=None
[2025-07-02T23:59:43.683+0000] {processor.py:208} INFO - Processing /home/airflow/.local/lib/python3.12/site-packages/airflow/example_dags/example_xcomargs.py took 0.075 seconds
