[2025-07-02T23:29:08.678+0000] {processor.py:186} INFO - Started process (PID=163) to work on /home/airflow/.local/lib/python3.12/site-packages/airflow/example_dags/example_bash_operator.py
[2025-07-02T23:29:08.680+0000] {processor.py:914} INFO - Processing file /home/airflow/.local/lib/python3.12/site-packages/airflow/example_dags/example_bash_operator.py for tasks to queue
[2025-07-02T23:29:08.691+0000] {logging_mixin.py:190} INFO - [2025-07-02T23:29:08.690+0000] {dagbag.py:588} INFO - Filling up the DagBag from /home/airflow/.local/lib/python3.12/site-packages/airflow/example_dags/example_bash_operator.py
[2025-07-02T23:29:08.736+0000] {processor.py:925} INFO - DAG(s) 'example_bash_operator' retrieved from /home/airflow/.local/lib/python3.12/site-packages/airflow/example_dags/example_bash_operator.py
[2025-07-02T23:29:08.820+0000] {logging_mixin.py:190} INFO - [2025-07-02T23:29:08.820+0000] {dag.py:3239} INFO - Sync 1 DAGs
[2025-07-02T23:29:08.965+0000] {logging_mixin.py:190} INFO - [2025-07-02T23:29:08.959+0000] {dag.py:4180} INFO - Setting next_dagrun for example_bash_operator to 2025-07-01 00:00:00+00:00, run_after=2025-07-02 00:00:00+00:00
[2025-07-02T23:29:09.063+0000] {processor.py:208} INFO - Processing /home/airflow/.local/lib/python3.12/site-packages/airflow/example_dags/example_bash_operator.py took 0.404 seconds
[2025-07-02T23:29:40.103+0000] {processor.py:186} INFO - Started process (PID=225) to work on /home/airflow/.local/lib/python3.12/site-packages/airflow/example_dags/example_bash_operator.py
[2025-07-02T23:29:40.106+0000] {processor.py:914} INFO - Processing file /home/airflow/.local/lib/python3.12/site-packages/airflow/example_dags/example_bash_operator.py for tasks to queue
[2025-07-02T23:29:40.118+0000] {logging_mixin.py:190} INFO - [2025-07-02T23:29:40.116+0000] {dagbag.py:588} INFO - Filling up the DagBag from /home/airflow/.local/lib/python3.12/site-packages/airflow/example_dags/example_bash_operator.py
[2025-07-02T23:29:40.164+0000] {processor.py:925} INFO - DAG(s) 'example_bash_operator' retrieved from /home/airflow/.local/lib/python3.12/site-packages/airflow/example_dags/example_bash_operator.py
[2025-07-02T23:29:40.250+0000] {logging_mixin.py:190} INFO - [2025-07-02T23:29:40.249+0000] {dag.py:3239} INFO - Sync 1 DAGs
[2025-07-02T23:29:40.389+0000] {logging_mixin.py:190} INFO - [2025-07-02T23:29:40.388+0000] {dag.py:4180} INFO - Setting next_dagrun for example_bash_operator to 2025-07-01 00:00:00+00:00, run_after=2025-07-02 00:00:00+00:00
[2025-07-02T23:29:40.469+0000] {processor.py:208} INFO - Processing /home/airflow/.local/lib/python3.12/site-packages/airflow/example_dags/example_bash_operator.py took 0.382 seconds
[2025-07-02T23:30:11.077+0000] {processor.py:186} INFO - Started process (PID=287) to work on /home/airflow/.local/lib/python3.12/site-packages/airflow/example_dags/example_bash_operator.py
[2025-07-02T23:30:11.079+0000] {processor.py:914} INFO - Processing file /home/airflow/.local/lib/python3.12/site-packages/airflow/example_dags/example_bash_operator.py for tasks to queue
[2025-07-02T23:30:11.084+0000] {logging_mixin.py:190} INFO - [2025-07-02T23:30:11.083+0000] {dagbag.py:588} INFO - Filling up the DagBag from /home/airflow/.local/lib/python3.12/site-packages/airflow/example_dags/example_bash_operator.py
[2025-07-02T23:30:11.102+0000] {processor.py:925} INFO - DAG(s) 'example_bash_operator' retrieved from /home/airflow/.local/lib/python3.12/site-packages/airflow/example_dags/example_bash_operator.py
[2025-07-02T23:30:11.147+0000] {logging_mixin.py:190} INFO - [2025-07-02T23:30:11.146+0000] {dag.py:3239} INFO - Sync 1 DAGs
[2025-07-02T23:30:11.185+0000] {logging_mixin.py:190} INFO - [2025-07-02T23:30:11.185+0000] {dag.py:4180} INFO - Setting next_dagrun for example_bash_operator to 2025-07-01 00:00:00+00:00, run_after=2025-07-02 00:00:00+00:00
[2025-07-02T23:30:11.212+0000] {processor.py:208} INFO - Processing /home/airflow/.local/lib/python3.12/site-packages/airflow/example_dags/example_bash_operator.py took 0.142 seconds
[2025-07-02T23:30:41.674+0000] {processor.py:186} INFO - Started process (PID=349) to work on /home/airflow/.local/lib/python3.12/site-packages/airflow/example_dags/example_bash_operator.py
[2025-07-02T23:30:41.677+0000] {processor.py:914} INFO - Processing file /home/airflow/.local/lib/python3.12/site-packages/airflow/example_dags/example_bash_operator.py for tasks to queue
[2025-07-02T23:30:41.682+0000] {logging_mixin.py:190} INFO - [2025-07-02T23:30:41.681+0000] {dagbag.py:588} INFO - Filling up the DagBag from /home/airflow/.local/lib/python3.12/site-packages/airflow/example_dags/example_bash_operator.py
[2025-07-02T23:30:41.712+0000] {processor.py:925} INFO - DAG(s) 'example_bash_operator' retrieved from /home/airflow/.local/lib/python3.12/site-packages/airflow/example_dags/example_bash_operator.py
[2025-07-02T23:30:41.765+0000] {logging_mixin.py:190} INFO - [2025-07-02T23:30:41.765+0000] {dag.py:3239} INFO - Sync 1 DAGs
[2025-07-02T23:30:41.818+0000] {logging_mixin.py:190} INFO - [2025-07-02T23:30:41.818+0000] {dag.py:4180} INFO - Setting next_dagrun for example_bash_operator to 2025-07-01 00:00:00+00:00, run_after=2025-07-02 00:00:00+00:00
[2025-07-02T23:30:41.851+0000] {processor.py:208} INFO - Processing /home/airflow/.local/lib/python3.12/site-packages/airflow/example_dags/example_bash_operator.py took 0.187 seconds
[2025-07-02T23:31:12.471+0000] {processor.py:186} INFO - Started process (PID=411) to work on /home/airflow/.local/lib/python3.12/site-packages/airflow/example_dags/example_bash_operator.py
[2025-07-02T23:31:12.473+0000] {processor.py:914} INFO - Processing file /home/airflow/.local/lib/python3.12/site-packages/airflow/example_dags/example_bash_operator.py for tasks to queue
[2025-07-02T23:31:12.476+0000] {logging_mixin.py:190} INFO - [2025-07-02T23:31:12.476+0000] {dagbag.py:588} INFO - Filling up the DagBag from /home/airflow/.local/lib/python3.12/site-packages/airflow/example_dags/example_bash_operator.py
[2025-07-02T23:31:12.495+0000] {processor.py:925} INFO - DAG(s) 'example_bash_operator' retrieved from /home/airflow/.local/lib/python3.12/site-packages/airflow/example_dags/example_bash_operator.py
[2025-07-02T23:31:12.528+0000] {logging_mixin.py:190} INFO - [2025-07-02T23:31:12.528+0000] {dag.py:3239} INFO - Sync 1 DAGs
[2025-07-02T23:31:12.575+0000] {logging_mixin.py:190} INFO - [2025-07-02T23:31:12.574+0000] {dag.py:4180} INFO - Setting next_dagrun for example_bash_operator to 2025-07-01 00:00:00+00:00, run_after=2025-07-02 00:00:00+00:00
[2025-07-02T23:31:12.613+0000] {processor.py:208} INFO - Processing /home/airflow/.local/lib/python3.12/site-packages/airflow/example_dags/example_bash_operator.py took 0.149 seconds
[2025-07-02T23:31:42.712+0000] {processor.py:186} INFO - Started process (PID=474) to work on /home/airflow/.local/lib/python3.12/site-packages/airflow/example_dags/example_bash_operator.py
[2025-07-02T23:31:42.713+0000] {processor.py:914} INFO - Processing file /home/airflow/.local/lib/python3.12/site-packages/airflow/example_dags/example_bash_operator.py for tasks to queue
[2025-07-02T23:31:42.715+0000] {logging_mixin.py:190} INFO - [2025-07-02T23:31:42.715+0000] {dagbag.py:588} INFO - Filling up the DagBag from /home/airflow/.local/lib/python3.12/site-packages/airflow/example_dags/example_bash_operator.py
[2025-07-02T23:31:42.727+0000] {processor.py:925} INFO - DAG(s) 'example_bash_operator' retrieved from /home/airflow/.local/lib/python3.12/site-packages/airflow/example_dags/example_bash_operator.py
[2025-07-02T23:31:42.752+0000] {logging_mixin.py:190} INFO - [2025-07-02T23:31:42.752+0000] {dag.py:3239} INFO - Sync 1 DAGs
[2025-07-02T23:31:42.774+0000] {logging_mixin.py:190} INFO - [2025-07-02T23:31:42.774+0000] {dag.py:4180} INFO - Setting next_dagrun for example_bash_operator to 2025-07-01 00:00:00+00:00, run_after=2025-07-02 00:00:00+00:00
[2025-07-02T23:31:42.792+0000] {processor.py:208} INFO - Processing /home/airflow/.local/lib/python3.12/site-packages/airflow/example_dags/example_bash_operator.py took 0.085 seconds
[2025-07-02T23:32:13.273+0000] {processor.py:186} INFO - Started process (PID=535) to work on /home/airflow/.local/lib/python3.12/site-packages/airflow/example_dags/example_bash_operator.py
[2025-07-02T23:32:13.275+0000] {processor.py:914} INFO - Processing file /home/airflow/.local/lib/python3.12/site-packages/airflow/example_dags/example_bash_operator.py for tasks to queue
[2025-07-02T23:32:13.278+0000] {logging_mixin.py:190} INFO - [2025-07-02T23:32:13.278+0000] {dagbag.py:588} INFO - Filling up the DagBag from /home/airflow/.local/lib/python3.12/site-packages/airflow/example_dags/example_bash_operator.py
[2025-07-02T23:32:13.294+0000] {processor.py:925} INFO - DAG(s) 'example_bash_operator' retrieved from /home/airflow/.local/lib/python3.12/site-packages/airflow/example_dags/example_bash_operator.py
[2025-07-02T23:32:13.323+0000] {logging_mixin.py:190} INFO - [2025-07-02T23:32:13.323+0000] {dag.py:3239} INFO - Sync 1 DAGs
[2025-07-02T23:32:13.353+0000] {logging_mixin.py:190} INFO - [2025-07-02T23:32:13.353+0000] {dag.py:4180} INFO - Setting next_dagrun for example_bash_operator to 2025-07-01 00:00:00+00:00, run_after=2025-07-02 00:00:00+00:00
[2025-07-02T23:32:13.375+0000] {processor.py:208} INFO - Processing /home/airflow/.local/lib/python3.12/site-packages/airflow/example_dags/example_bash_operator.py took 0.109 seconds
[2025-07-02T23:32:43.656+0000] {processor.py:186} INFO - Started process (PID=597) to work on /home/airflow/.local/lib/python3.12/site-packages/airflow/example_dags/example_bash_operator.py
[2025-07-02T23:32:43.657+0000] {processor.py:914} INFO - Processing file /home/airflow/.local/lib/python3.12/site-packages/airflow/example_dags/example_bash_operator.py for tasks to queue
[2025-07-02T23:32:43.660+0000] {logging_mixin.py:190} INFO - [2025-07-02T23:32:43.660+0000] {dagbag.py:588} INFO - Filling up the DagBag from /home/airflow/.local/lib/python3.12/site-packages/airflow/example_dags/example_bash_operator.py
[2025-07-02T23:32:43.676+0000] {processor.py:925} INFO - DAG(s) 'example_bash_operator' retrieved from /home/airflow/.local/lib/python3.12/site-packages/airflow/example_dags/example_bash_operator.py
[2025-07-02T23:32:43.701+0000] {logging_mixin.py:190} INFO - [2025-07-02T23:32:43.701+0000] {dag.py:3239} INFO - Sync 1 DAGs
[2025-07-02T23:32:43.726+0000] {logging_mixin.py:190} INFO - [2025-07-02T23:32:43.725+0000] {dag.py:4180} INFO - Setting next_dagrun for example_bash_operator to 2025-07-01 00:00:00+00:00, run_after=2025-07-02 00:00:00+00:00
[2025-07-02T23:32:43.745+0000] {processor.py:208} INFO - Processing /home/airflow/.local/lib/python3.12/site-packages/airflow/example_dags/example_bash_operator.py took 0.096 seconds
[2025-07-02T23:33:14.017+0000] {processor.py:186} INFO - Started process (PID=659) to work on /home/airflow/.local/lib/python3.12/site-packages/airflow/example_dags/example_bash_operator.py
[2025-07-02T23:33:14.020+0000] {processor.py:914} INFO - Processing file /home/airflow/.local/lib/python3.12/site-packages/airflow/example_dags/example_bash_operator.py for tasks to queue
[2025-07-02T23:33:14.027+0000] {logging_mixin.py:190} INFO - [2025-07-02T23:33:14.027+0000] {dagbag.py:588} INFO - Filling up the DagBag from /home/airflow/.local/lib/python3.12/site-packages/airflow/example_dags/example_bash_operator.py
[2025-07-02T23:33:14.054+0000] {processor.py:925} INFO - DAG(s) 'example_bash_operator' retrieved from /home/airflow/.local/lib/python3.12/site-packages/airflow/example_dags/example_bash_operator.py
[2025-07-02T23:33:14.091+0000] {logging_mixin.py:190} INFO - [2025-07-02T23:33:14.090+0000] {dag.py:3239} INFO - Sync 1 DAGs
[2025-07-02T23:33:14.127+0000] {logging_mixin.py:190} INFO - [2025-07-02T23:33:14.127+0000] {dag.py:4180} INFO - Setting next_dagrun for example_bash_operator to 2025-07-01 00:00:00+00:00, run_after=2025-07-02 00:00:00+00:00
[2025-07-02T23:33:14.153+0000] {processor.py:208} INFO - Processing /home/airflow/.local/lib/python3.12/site-packages/airflow/example_dags/example_bash_operator.py took 0.145 seconds
[2025-07-02T23:33:44.322+0000] {processor.py:186} INFO - Started process (PID=721) to work on /home/airflow/.local/lib/python3.12/site-packages/airflow/example_dags/example_bash_operator.py
[2025-07-02T23:33:44.324+0000] {processor.py:914} INFO - Processing file /home/airflow/.local/lib/python3.12/site-packages/airflow/example_dags/example_bash_operator.py for tasks to queue
[2025-07-02T23:33:44.329+0000] {logging_mixin.py:190} INFO - [2025-07-02T23:33:44.328+0000] {dagbag.py:588} INFO - Filling up the DagBag from /home/airflow/.local/lib/python3.12/site-packages/airflow/example_dags/example_bash_operator.py
[2025-07-02T23:33:44.350+0000] {processor.py:925} INFO - DAG(s) 'example_bash_operator' retrieved from /home/airflow/.local/lib/python3.12/site-packages/airflow/example_dags/example_bash_operator.py
[2025-07-02T23:33:44.384+0000] {logging_mixin.py:190} INFO - [2025-07-02T23:33:44.383+0000] {dag.py:3239} INFO - Sync 1 DAGs
[2025-07-02T23:33:44.418+0000] {logging_mixin.py:190} INFO - [2025-07-02T23:33:44.418+0000] {dag.py:4180} INFO - Setting next_dagrun for example_bash_operator to 2025-07-01 00:00:00+00:00, run_after=2025-07-02 00:00:00+00:00
[2025-07-02T23:33:44.446+0000] {processor.py:208} INFO - Processing /home/airflow/.local/lib/python3.12/site-packages/airflow/example_dags/example_bash_operator.py took 0.132 seconds
[2025-07-02T23:34:14.525+0000] {processor.py:186} INFO - Started process (PID=783) to work on /home/airflow/.local/lib/python3.12/site-packages/airflow/example_dags/example_bash_operator.py
[2025-07-02T23:34:14.527+0000] {processor.py:914} INFO - Processing file /home/airflow/.local/lib/python3.12/site-packages/airflow/example_dags/example_bash_operator.py for tasks to queue
[2025-07-02T23:34:14.530+0000] {logging_mixin.py:190} INFO - [2025-07-02T23:34:14.530+0000] {dagbag.py:588} INFO - Filling up the DagBag from /home/airflow/.local/lib/python3.12/site-packages/airflow/example_dags/example_bash_operator.py
[2025-07-02T23:34:14.545+0000] {processor.py:925} INFO - DAG(s) 'example_bash_operator' retrieved from /home/airflow/.local/lib/python3.12/site-packages/airflow/example_dags/example_bash_operator.py
[2025-07-02T23:34:14.570+0000] {logging_mixin.py:190} INFO - [2025-07-02T23:34:14.570+0000] {dag.py:3239} INFO - Sync 1 DAGs
[2025-07-02T23:34:14.593+0000] {logging_mixin.py:190} INFO - [2025-07-02T23:34:14.593+0000] {dag.py:4180} INFO - Setting next_dagrun for example_bash_operator to 2025-07-01 00:00:00+00:00, run_after=2025-07-02 00:00:00+00:00
[2025-07-02T23:34:14.611+0000] {processor.py:208} INFO - Processing /home/airflow/.local/lib/python3.12/site-packages/airflow/example_dags/example_bash_operator.py took 0.092 seconds
[2025-07-02T23:34:45.132+0000] {processor.py:186} INFO - Started process (PID=845) to work on /home/airflow/.local/lib/python3.12/site-packages/airflow/example_dags/example_bash_operator.py
[2025-07-02T23:34:45.133+0000] {processor.py:914} INFO - Processing file /home/airflow/.local/lib/python3.12/site-packages/airflow/example_dags/example_bash_operator.py for tasks to queue
[2025-07-02T23:34:45.135+0000] {logging_mixin.py:190} INFO - [2025-07-02T23:34:45.135+0000] {dagbag.py:588} INFO - Filling up the DagBag from /home/airflow/.local/lib/python3.12/site-packages/airflow/example_dags/example_bash_operator.py
[2025-07-02T23:34:45.153+0000] {processor.py:925} INFO - DAG(s) 'example_bash_operator' retrieved from /home/airflow/.local/lib/python3.12/site-packages/airflow/example_dags/example_bash_operator.py
[2025-07-02T23:34:45.179+0000] {logging_mixin.py:190} INFO - [2025-07-02T23:34:45.178+0000] {dag.py:3239} INFO - Sync 1 DAGs
[2025-07-02T23:34:45.204+0000] {logging_mixin.py:190} INFO - [2025-07-02T23:34:45.204+0000] {dag.py:4180} INFO - Setting next_dagrun for example_bash_operator to 2025-07-01 00:00:00+00:00, run_after=2025-07-02 00:00:00+00:00
[2025-07-02T23:34:45.223+0000] {processor.py:208} INFO - Processing /home/airflow/.local/lib/python3.12/site-packages/airflow/example_dags/example_bash_operator.py took 0.097 seconds
[2025-07-02T23:35:15.322+0000] {processor.py:186} INFO - Started process (PID=907) to work on /home/airflow/.local/lib/python3.12/site-packages/airflow/example_dags/example_bash_operator.py
[2025-07-02T23:35:15.323+0000] {processor.py:914} INFO - Processing file /home/airflow/.local/lib/python3.12/site-packages/airflow/example_dags/example_bash_operator.py for tasks to queue
[2025-07-02T23:35:15.326+0000] {logging_mixin.py:190} INFO - [2025-07-02T23:35:15.325+0000] {dagbag.py:588} INFO - Filling up the DagBag from /home/airflow/.local/lib/python3.12/site-packages/airflow/example_dags/example_bash_operator.py
[2025-07-02T23:35:15.340+0000] {processor.py:925} INFO - DAG(s) 'example_bash_operator' retrieved from /home/airflow/.local/lib/python3.12/site-packages/airflow/example_dags/example_bash_operator.py
[2025-07-02T23:35:15.369+0000] {logging_mixin.py:190} INFO - [2025-07-02T23:35:15.369+0000] {dag.py:3239} INFO - Sync 1 DAGs
[2025-07-02T23:35:15.398+0000] {logging_mixin.py:190} INFO - [2025-07-02T23:35:15.397+0000] {dag.py:4180} INFO - Setting next_dagrun for example_bash_operator to 2025-07-01 00:00:00+00:00, run_after=2025-07-02 00:00:00+00:00
[2025-07-02T23:35:15.418+0000] {processor.py:208} INFO - Processing /home/airflow/.local/lib/python3.12/site-packages/airflow/example_dags/example_bash_operator.py took 0.102 seconds
[2025-07-02T23:35:46.202+0000] {processor.py:186} INFO - Started process (PID=969) to work on /home/airflow/.local/lib/python3.12/site-packages/airflow/example_dags/example_bash_operator.py
[2025-07-02T23:35:46.203+0000] {processor.py:914} INFO - Processing file /home/airflow/.local/lib/python3.12/site-packages/airflow/example_dags/example_bash_operator.py for tasks to queue
[2025-07-02T23:35:46.205+0000] {logging_mixin.py:190} INFO - [2025-07-02T23:35:46.205+0000] {dagbag.py:588} INFO - Filling up the DagBag from /home/airflow/.local/lib/python3.12/site-packages/airflow/example_dags/example_bash_operator.py
[2025-07-02T23:35:46.217+0000] {processor.py:925} INFO - DAG(s) 'example_bash_operator' retrieved from /home/airflow/.local/lib/python3.12/site-packages/airflow/example_dags/example_bash_operator.py
[2025-07-02T23:35:46.243+0000] {logging_mixin.py:190} INFO - [2025-07-02T23:35:46.242+0000] {dag.py:3239} INFO - Sync 1 DAGs
[2025-07-02T23:35:46.266+0000] {logging_mixin.py:190} INFO - [2025-07-02T23:35:46.266+0000] {dag.py:4180} INFO - Setting next_dagrun for example_bash_operator to 2025-07-01 00:00:00+00:00, run_after=2025-07-02 00:00:00+00:00
[2025-07-02T23:35:46.284+0000] {processor.py:208} INFO - Processing /home/airflow/.local/lib/python3.12/site-packages/airflow/example_dags/example_bash_operator.py took 0.088 seconds
[2025-07-02T23:36:16.915+0000] {processor.py:186} INFO - Started process (PID=1031) to work on /home/airflow/.local/lib/python3.12/site-packages/airflow/example_dags/example_bash_operator.py
[2025-07-02T23:36:16.916+0000] {processor.py:914} INFO - Processing file /home/airflow/.local/lib/python3.12/site-packages/airflow/example_dags/example_bash_operator.py for tasks to queue
[2025-07-02T23:36:16.919+0000] {logging_mixin.py:190} INFO - [2025-07-02T23:36:16.918+0000] {dagbag.py:588} INFO - Filling up the DagBag from /home/airflow/.local/lib/python3.12/site-packages/airflow/example_dags/example_bash_operator.py
[2025-07-02T23:36:16.932+0000] {processor.py:925} INFO - DAG(s) 'example_bash_operator' retrieved from /home/airflow/.local/lib/python3.12/site-packages/airflow/example_dags/example_bash_operator.py
[2025-07-02T23:36:16.957+0000] {logging_mixin.py:190} INFO - [2025-07-02T23:36:16.957+0000] {dag.py:3239} INFO - Sync 1 DAGs
[2025-07-02T23:36:16.984+0000] {logging_mixin.py:190} INFO - [2025-07-02T23:36:16.984+0000] {dag.py:4180} INFO - Setting next_dagrun for example_bash_operator to 2025-07-01 00:00:00+00:00, run_after=2025-07-02 00:00:00+00:00
[2025-07-02T23:36:17.007+0000] {processor.py:208} INFO - Processing /home/airflow/.local/lib/python3.12/site-packages/airflow/example_dags/example_bash_operator.py took 0.096 seconds
[2025-07-02T23:36:47.629+0000] {processor.py:186} INFO - Started process (PID=1093) to work on /home/airflow/.local/lib/python3.12/site-packages/airflow/example_dags/example_bash_operator.py
[2025-07-02T23:36:47.630+0000] {processor.py:914} INFO - Processing file /home/airflow/.local/lib/python3.12/site-packages/airflow/example_dags/example_bash_operator.py for tasks to queue
[2025-07-02T23:36:47.634+0000] {logging_mixin.py:190} INFO - [2025-07-02T23:36:47.634+0000] {dagbag.py:588} INFO - Filling up the DagBag from /home/airflow/.local/lib/python3.12/site-packages/airflow/example_dags/example_bash_operator.py
[2025-07-02T23:36:47.649+0000] {processor.py:925} INFO - DAG(s) 'example_bash_operator' retrieved from /home/airflow/.local/lib/python3.12/site-packages/airflow/example_dags/example_bash_operator.py
[2025-07-02T23:36:47.678+0000] {logging_mixin.py:190} INFO - [2025-07-02T23:36:47.677+0000] {dag.py:3239} INFO - Sync 1 DAGs
[2025-07-02T23:36:47.701+0000] {logging_mixin.py:190} INFO - [2025-07-02T23:36:47.700+0000] {dag.py:4180} INFO - Setting next_dagrun for example_bash_operator to 2025-07-01 00:00:00+00:00, run_after=2025-07-02 00:00:00+00:00
[2025-07-02T23:36:47.719+0000] {processor.py:208} INFO - Processing /home/airflow/.local/lib/python3.12/site-packages/airflow/example_dags/example_bash_operator.py took 0.095 seconds
[2025-07-02T23:37:18.402+0000] {processor.py:186} INFO - Started process (PID=1155) to work on /home/airflow/.local/lib/python3.12/site-packages/airflow/example_dags/example_bash_operator.py
[2025-07-02T23:37:18.403+0000] {processor.py:914} INFO - Processing file /home/airflow/.local/lib/python3.12/site-packages/airflow/example_dags/example_bash_operator.py for tasks to queue
[2025-07-02T23:37:18.405+0000] {logging_mixin.py:190} INFO - [2025-07-02T23:37:18.405+0000] {dagbag.py:588} INFO - Filling up the DagBag from /home/airflow/.local/lib/python3.12/site-packages/airflow/example_dags/example_bash_operator.py
[2025-07-02T23:37:18.418+0000] {processor.py:925} INFO - DAG(s) 'example_bash_operator' retrieved from /home/airflow/.local/lib/python3.12/site-packages/airflow/example_dags/example_bash_operator.py
[2025-07-02T23:37:18.442+0000] {logging_mixin.py:190} INFO - [2025-07-02T23:37:18.442+0000] {dag.py:3239} INFO - Sync 1 DAGs
[2025-07-02T23:37:18.464+0000] {logging_mixin.py:190} INFO - [2025-07-02T23:37:18.464+0000] {dag.py:4180} INFO - Setting next_dagrun for example_bash_operator to 2025-07-01 00:00:00+00:00, run_after=2025-07-02 00:00:00+00:00
[2025-07-02T23:37:18.482+0000] {processor.py:208} INFO - Processing /home/airflow/.local/lib/python3.12/site-packages/airflow/example_dags/example_bash_operator.py took 0.085 seconds
[2025-07-02T23:37:49.155+0000] {processor.py:186} INFO - Started process (PID=1217) to work on /home/airflow/.local/lib/python3.12/site-packages/airflow/example_dags/example_bash_operator.py
[2025-07-02T23:37:49.156+0000] {processor.py:914} INFO - Processing file /home/airflow/.local/lib/python3.12/site-packages/airflow/example_dags/example_bash_operator.py for tasks to queue
[2025-07-02T23:37:49.158+0000] {logging_mixin.py:190} INFO - [2025-07-02T23:37:49.158+0000] {dagbag.py:588} INFO - Filling up the DagBag from /home/airflow/.local/lib/python3.12/site-packages/airflow/example_dags/example_bash_operator.py
[2025-07-02T23:37:49.171+0000] {processor.py:925} INFO - DAG(s) 'example_bash_operator' retrieved from /home/airflow/.local/lib/python3.12/site-packages/airflow/example_dags/example_bash_operator.py
[2025-07-02T23:37:49.196+0000] {logging_mixin.py:190} INFO - [2025-07-02T23:37:49.195+0000] {dag.py:3239} INFO - Sync 1 DAGs
[2025-07-02T23:37:49.219+0000] {logging_mixin.py:190} INFO - [2025-07-02T23:37:49.218+0000] {dag.py:4180} INFO - Setting next_dagrun for example_bash_operator to 2025-07-01 00:00:00+00:00, run_after=2025-07-02 00:00:00+00:00
[2025-07-02T23:37:49.236+0000] {processor.py:208} INFO - Processing /home/airflow/.local/lib/python3.12/site-packages/airflow/example_dags/example_bash_operator.py took 0.086 seconds
[2025-07-02T23:38:19.855+0000] {processor.py:186} INFO - Started process (PID=1279) to work on /home/airflow/.local/lib/python3.12/site-packages/airflow/example_dags/example_bash_operator.py
[2025-07-02T23:38:19.857+0000] {processor.py:914} INFO - Processing file /home/airflow/.local/lib/python3.12/site-packages/airflow/example_dags/example_bash_operator.py for tasks to queue
[2025-07-02T23:38:19.860+0000] {logging_mixin.py:190} INFO - [2025-07-02T23:38:19.859+0000] {dagbag.py:588} INFO - Filling up the DagBag from /home/airflow/.local/lib/python3.12/site-packages/airflow/example_dags/example_bash_operator.py
[2025-07-02T23:38:19.872+0000] {processor.py:925} INFO - DAG(s) 'example_bash_operator' retrieved from /home/airflow/.local/lib/python3.12/site-packages/airflow/example_dags/example_bash_operator.py
[2025-07-02T23:38:19.897+0000] {logging_mixin.py:190} INFO - [2025-07-02T23:38:19.896+0000] {dag.py:3239} INFO - Sync 1 DAGs
[2025-07-02T23:38:19.918+0000] {logging_mixin.py:190} INFO - [2025-07-02T23:38:19.918+0000] {dag.py:4180} INFO - Setting next_dagrun for example_bash_operator to 2025-07-01 00:00:00+00:00, run_after=2025-07-02 00:00:00+00:00
[2025-07-02T23:38:19.935+0000] {processor.py:208} INFO - Processing /home/airflow/.local/lib/python3.12/site-packages/airflow/example_dags/example_bash_operator.py took 0.085 seconds
[2025-07-02T23:38:50.664+0000] {processor.py:186} INFO - Started process (PID=1341) to work on /home/airflow/.local/lib/python3.12/site-packages/airflow/example_dags/example_bash_operator.py
[2025-07-02T23:38:50.665+0000] {processor.py:914} INFO - Processing file /home/airflow/.local/lib/python3.12/site-packages/airflow/example_dags/example_bash_operator.py for tasks to queue
[2025-07-02T23:38:50.667+0000] {logging_mixin.py:190} INFO - [2025-07-02T23:38:50.667+0000] {dagbag.py:588} INFO - Filling up the DagBag from /home/airflow/.local/lib/python3.12/site-packages/airflow/example_dags/example_bash_operator.py
[2025-07-02T23:38:50.680+0000] {processor.py:925} INFO - DAG(s) 'example_bash_operator' retrieved from /home/airflow/.local/lib/python3.12/site-packages/airflow/example_dags/example_bash_operator.py
[2025-07-02T23:38:50.703+0000] {logging_mixin.py:190} INFO - [2025-07-02T23:38:50.703+0000] {dag.py:3239} INFO - Sync 1 DAGs
[2025-07-02T23:38:50.727+0000] {logging_mixin.py:190} INFO - [2025-07-02T23:38:50.726+0000] {dag.py:4180} INFO - Setting next_dagrun for example_bash_operator to 2025-07-01 00:00:00+00:00, run_after=2025-07-02 00:00:00+00:00
[2025-07-02T23:38:50.746+0000] {processor.py:208} INFO - Processing /home/airflow/.local/lib/python3.12/site-packages/airflow/example_dags/example_bash_operator.py took 0.087 seconds
[2025-07-02T23:39:21.239+0000] {processor.py:186} INFO - Started process (PID=1403) to work on /home/airflow/.local/lib/python3.12/site-packages/airflow/example_dags/example_bash_operator.py
[2025-07-02T23:39:21.241+0000] {processor.py:914} INFO - Processing file /home/airflow/.local/lib/python3.12/site-packages/airflow/example_dags/example_bash_operator.py for tasks to queue
[2025-07-02T23:39:21.244+0000] {logging_mixin.py:190} INFO - [2025-07-02T23:39:21.243+0000] {dagbag.py:588} INFO - Filling up the DagBag from /home/airflow/.local/lib/python3.12/site-packages/airflow/example_dags/example_bash_operator.py
[2025-07-02T23:39:21.257+0000] {processor.py:925} INFO - DAG(s) 'example_bash_operator' retrieved from /home/airflow/.local/lib/python3.12/site-packages/airflow/example_dags/example_bash_operator.py
[2025-07-02T23:39:21.286+0000] {logging_mixin.py:190} INFO - [2025-07-02T23:39:21.286+0000] {dag.py:3239} INFO - Sync 1 DAGs
[2025-07-02T23:39:21.311+0000] {logging_mixin.py:190} INFO - [2025-07-02T23:39:21.311+0000] {dag.py:4180} INFO - Setting next_dagrun for example_bash_operator to 2025-07-01 00:00:00+00:00, run_after=2025-07-02 00:00:00+00:00
[2025-07-02T23:39:21.333+0000] {processor.py:208} INFO - Processing /home/airflow/.local/lib/python3.12/site-packages/airflow/example_dags/example_bash_operator.py took 0.100 seconds
[2025-07-02T23:39:51.880+0000] {processor.py:186} INFO - Started process (PID=1465) to work on /home/airflow/.local/lib/python3.12/site-packages/airflow/example_dags/example_bash_operator.py
[2025-07-02T23:39:51.881+0000] {processor.py:914} INFO - Processing file /home/airflow/.local/lib/python3.12/site-packages/airflow/example_dags/example_bash_operator.py for tasks to queue
[2025-07-02T23:39:51.884+0000] {logging_mixin.py:190} INFO - [2025-07-02T23:39:51.883+0000] {dagbag.py:588} INFO - Filling up the DagBag from /home/airflow/.local/lib/python3.12/site-packages/airflow/example_dags/example_bash_operator.py
[2025-07-02T23:39:51.898+0000] {processor.py:925} INFO - DAG(s) 'example_bash_operator' retrieved from /home/airflow/.local/lib/python3.12/site-packages/airflow/example_dags/example_bash_operator.py
[2025-07-02T23:39:51.923+0000] {logging_mixin.py:190} INFO - [2025-07-02T23:39:51.923+0000] {dag.py:3239} INFO - Sync 1 DAGs
[2025-07-02T23:39:51.953+0000] {logging_mixin.py:190} INFO - [2025-07-02T23:39:51.952+0000] {dag.py:4180} INFO - Setting next_dagrun for example_bash_operator to 2025-07-01 00:00:00+00:00, run_after=2025-07-02 00:00:00+00:00
[2025-07-02T23:39:51.976+0000] {processor.py:208} INFO - Processing /home/airflow/.local/lib/python3.12/site-packages/airflow/example_dags/example_bash_operator.py took 0.101 seconds
[2025-07-02T23:40:22.139+0000] {processor.py:186} INFO - Started process (PID=1528) to work on /home/airflow/.local/lib/python3.12/site-packages/airflow/example_dags/example_bash_operator.py
[2025-07-02T23:40:22.141+0000] {processor.py:914} INFO - Processing file /home/airflow/.local/lib/python3.12/site-packages/airflow/example_dags/example_bash_operator.py for tasks to queue
[2025-07-02T23:40:22.146+0000] {logging_mixin.py:190} INFO - [2025-07-02T23:40:22.146+0000] {dagbag.py:588} INFO - Filling up the DagBag from /home/airflow/.local/lib/python3.12/site-packages/airflow/example_dags/example_bash_operator.py
[2025-07-02T23:40:22.166+0000] {processor.py:925} INFO - DAG(s) 'example_bash_operator' retrieved from /home/airflow/.local/lib/python3.12/site-packages/airflow/example_dags/example_bash_operator.py
[2025-07-02T23:40:22.204+0000] {logging_mixin.py:190} INFO - [2025-07-02T23:40:22.204+0000] {dag.py:3239} INFO - Sync 1 DAGs
[2025-07-02T23:40:22.234+0000] {logging_mixin.py:190} INFO - [2025-07-02T23:40:22.233+0000] {dag.py:4180} INFO - Setting next_dagrun for example_bash_operator to 2025-07-01 00:00:00+00:00, run_after=2025-07-02 00:00:00+00:00
[2025-07-02T23:40:22.252+0000] {processor.py:208} INFO - Processing /home/airflow/.local/lib/python3.12/site-packages/airflow/example_dags/example_bash_operator.py took 0.120 seconds
[2025-07-02T23:40:52.934+0000] {processor.py:186} INFO - Started process (PID=1589) to work on /home/airflow/.local/lib/python3.12/site-packages/airflow/example_dags/example_bash_operator.py
[2025-07-02T23:40:52.935+0000] {processor.py:914} INFO - Processing file /home/airflow/.local/lib/python3.12/site-packages/airflow/example_dags/example_bash_operator.py for tasks to queue
[2025-07-02T23:40:52.937+0000] {logging_mixin.py:190} INFO - [2025-07-02T23:40:52.937+0000] {dagbag.py:588} INFO - Filling up the DagBag from /home/airflow/.local/lib/python3.12/site-packages/airflow/example_dags/example_bash_operator.py
[2025-07-02T23:40:52.951+0000] {processor.py:925} INFO - DAG(s) 'example_bash_operator' retrieved from /home/airflow/.local/lib/python3.12/site-packages/airflow/example_dags/example_bash_operator.py
[2025-07-02T23:40:52.980+0000] {logging_mixin.py:190} INFO - [2025-07-02T23:40:52.980+0000] {dag.py:3239} INFO - Sync 1 DAGs
[2025-07-02T23:40:53.008+0000] {logging_mixin.py:190} INFO - [2025-07-02T23:40:53.008+0000] {dag.py:4180} INFO - Setting next_dagrun for example_bash_operator to 2025-07-01 00:00:00+00:00, run_after=2025-07-02 00:00:00+00:00
[2025-07-02T23:40:53.029+0000] {processor.py:208} INFO - Processing /home/airflow/.local/lib/python3.12/site-packages/airflow/example_dags/example_bash_operator.py took 0.101 seconds
[2025-07-02T23:41:23.756+0000] {processor.py:186} INFO - Started process (PID=1651) to work on /home/airflow/.local/lib/python3.12/site-packages/airflow/example_dags/example_bash_operator.py
[2025-07-02T23:41:23.757+0000] {processor.py:914} INFO - Processing file /home/airflow/.local/lib/python3.12/site-packages/airflow/example_dags/example_bash_operator.py for tasks to queue
[2025-07-02T23:41:23.760+0000] {logging_mixin.py:190} INFO - [2025-07-02T23:41:23.760+0000] {dagbag.py:588} INFO - Filling up the DagBag from /home/airflow/.local/lib/python3.12/site-packages/airflow/example_dags/example_bash_operator.py
[2025-07-02T23:41:23.778+0000] {processor.py:925} INFO - DAG(s) 'example_bash_operator' retrieved from /home/airflow/.local/lib/python3.12/site-packages/airflow/example_dags/example_bash_operator.py
[2025-07-02T23:41:23.807+0000] {logging_mixin.py:190} INFO - [2025-07-02T23:41:23.807+0000] {dag.py:3239} INFO - Sync 1 DAGs
[2025-07-02T23:41:23.830+0000] {logging_mixin.py:190} INFO - [2025-07-02T23:41:23.830+0000] {dag.py:4180} INFO - Setting next_dagrun for example_bash_operator to 2025-07-01 00:00:00+00:00, run_after=2025-07-02 00:00:00+00:00
[2025-07-02T23:41:23.850+0000] {processor.py:208} INFO - Processing /home/airflow/.local/lib/python3.12/site-packages/airflow/example_dags/example_bash_operator.py took 0.100 seconds
[2025-07-02T23:41:54.467+0000] {processor.py:186} INFO - Started process (PID=1713) to work on /home/airflow/.local/lib/python3.12/site-packages/airflow/example_dags/example_bash_operator.py
[2025-07-02T23:41:54.468+0000] {processor.py:914} INFO - Processing file /home/airflow/.local/lib/python3.12/site-packages/airflow/example_dags/example_bash_operator.py for tasks to queue
[2025-07-02T23:41:54.470+0000] {logging_mixin.py:190} INFO - [2025-07-02T23:41:54.470+0000] {dagbag.py:588} INFO - Filling up the DagBag from /home/airflow/.local/lib/python3.12/site-packages/airflow/example_dags/example_bash_operator.py
[2025-07-02T23:41:54.486+0000] {processor.py:925} INFO - DAG(s) 'example_bash_operator' retrieved from /home/airflow/.local/lib/python3.12/site-packages/airflow/example_dags/example_bash_operator.py
[2025-07-02T23:41:54.512+0000] {logging_mixin.py:190} INFO - [2025-07-02T23:41:54.511+0000] {dag.py:3239} INFO - Sync 1 DAGs
[2025-07-02T23:41:54.534+0000] {logging_mixin.py:190} INFO - [2025-07-02T23:41:54.534+0000] {dag.py:4180} INFO - Setting next_dagrun for example_bash_operator to 2025-07-01 00:00:00+00:00, run_after=2025-07-02 00:00:00+00:00
[2025-07-02T23:41:54.551+0000] {processor.py:208} INFO - Processing /home/airflow/.local/lib/python3.12/site-packages/airflow/example_dags/example_bash_operator.py took 0.090 seconds
[2025-07-02T23:42:25.315+0000] {processor.py:186} INFO - Started process (PID=1775) to work on /home/airflow/.local/lib/python3.12/site-packages/airflow/example_dags/example_bash_operator.py
[2025-07-02T23:42:25.316+0000] {processor.py:914} INFO - Processing file /home/airflow/.local/lib/python3.12/site-packages/airflow/example_dags/example_bash_operator.py for tasks to queue
[2025-07-02T23:42:25.319+0000] {logging_mixin.py:190} INFO - [2025-07-02T23:42:25.319+0000] {dagbag.py:588} INFO - Filling up the DagBag from /home/airflow/.local/lib/python3.12/site-packages/airflow/example_dags/example_bash_operator.py
[2025-07-02T23:42:25.333+0000] {processor.py:925} INFO - DAG(s) 'example_bash_operator' retrieved from /home/airflow/.local/lib/python3.12/site-packages/airflow/example_dags/example_bash_operator.py
[2025-07-02T23:42:25.358+0000] {logging_mixin.py:190} INFO - [2025-07-02T23:42:25.358+0000] {dag.py:3239} INFO - Sync 1 DAGs
[2025-07-02T23:42:25.382+0000] {logging_mixin.py:190} INFO - [2025-07-02T23:42:25.381+0000] {dag.py:4180} INFO - Setting next_dagrun for example_bash_operator to 2025-07-01 00:00:00+00:00, run_after=2025-07-02 00:00:00+00:00
[2025-07-02T23:42:25.400+0000] {processor.py:208} INFO - Processing /home/airflow/.local/lib/python3.12/site-packages/airflow/example_dags/example_bash_operator.py took 0.092 seconds
[2025-07-02T23:42:55.676+0000] {processor.py:186} INFO - Started process (PID=1837) to work on /home/airflow/.local/lib/python3.12/site-packages/airflow/example_dags/example_bash_operator.py
[2025-07-02T23:42:55.678+0000] {processor.py:914} INFO - Processing file /home/airflow/.local/lib/python3.12/site-packages/airflow/example_dags/example_bash_operator.py for tasks to queue
[2025-07-02T23:42:55.680+0000] {logging_mixin.py:190} INFO - [2025-07-02T23:42:55.680+0000] {dagbag.py:588} INFO - Filling up the DagBag from /home/airflow/.local/lib/python3.12/site-packages/airflow/example_dags/example_bash_operator.py
[2025-07-02T23:42:55.695+0000] {processor.py:925} INFO - DAG(s) 'example_bash_operator' retrieved from /home/airflow/.local/lib/python3.12/site-packages/airflow/example_dags/example_bash_operator.py
[2025-07-02T23:42:55.719+0000] {logging_mixin.py:190} INFO - [2025-07-02T23:42:55.719+0000] {dag.py:3239} INFO - Sync 1 DAGs
[2025-07-02T23:42:55.740+0000] {logging_mixin.py:190} INFO - [2025-07-02T23:42:55.740+0000] {dag.py:4180} INFO - Setting next_dagrun for example_bash_operator to 2025-07-01 00:00:00+00:00, run_after=2025-07-02 00:00:00+00:00
[2025-07-02T23:42:55.758+0000] {processor.py:208} INFO - Processing /home/airflow/.local/lib/python3.12/site-packages/airflow/example_dags/example_bash_operator.py took 0.087 seconds
[2025-07-02T23:43:25.933+0000] {processor.py:186} INFO - Started process (PID=1900) to work on /home/airflow/.local/lib/python3.12/site-packages/airflow/example_dags/example_bash_operator.py
[2025-07-02T23:43:25.934+0000] {processor.py:914} INFO - Processing file /home/airflow/.local/lib/python3.12/site-packages/airflow/example_dags/example_bash_operator.py for tasks to queue
[2025-07-02T23:43:25.937+0000] {logging_mixin.py:190} INFO - [2025-07-02T23:43:25.936+0000] {dagbag.py:588} INFO - Filling up the DagBag from /home/airflow/.local/lib/python3.12/site-packages/airflow/example_dags/example_bash_operator.py
[2025-07-02T23:43:25.953+0000] {processor.py:925} INFO - DAG(s) 'example_bash_operator' retrieved from /home/airflow/.local/lib/python3.12/site-packages/airflow/example_dags/example_bash_operator.py
[2025-07-02T23:43:25.981+0000] {logging_mixin.py:190} INFO - [2025-07-02T23:43:25.981+0000] {dag.py:3239} INFO - Sync 1 DAGs
[2025-07-02T23:43:26.009+0000] {logging_mixin.py:190} INFO - [2025-07-02T23:43:26.009+0000] {dag.py:4180} INFO - Setting next_dagrun for example_bash_operator to 2025-07-01 00:00:00+00:00, run_after=2025-07-02 00:00:00+00:00
[2025-07-02T23:43:26.031+0000] {processor.py:208} INFO - Processing /home/airflow/.local/lib/python3.12/site-packages/airflow/example_dags/example_bash_operator.py took 0.104 seconds
[2025-07-02T23:43:57.937+0000] {processor.py:186} INFO - Started process (PID=1961) to work on /home/airflow/.local/lib/python3.12/site-packages/airflow/example_dags/example_bash_operator.py
[2025-07-02T23:43:57.938+0000] {processor.py:914} INFO - Processing file /home/airflow/.local/lib/python3.12/site-packages/airflow/example_dags/example_bash_operator.py for tasks to queue
[2025-07-02T23:43:57.940+0000] {logging_mixin.py:190} INFO - [2025-07-02T23:43:57.940+0000] {dagbag.py:588} INFO - Filling up the DagBag from /home/airflow/.local/lib/python3.12/site-packages/airflow/example_dags/example_bash_operator.py
[2025-07-02T23:43:57.957+0000] {processor.py:925} INFO - DAG(s) 'example_bash_operator' retrieved from /home/airflow/.local/lib/python3.12/site-packages/airflow/example_dags/example_bash_operator.py
[2025-07-02T23:43:57.985+0000] {logging_mixin.py:190} INFO - [2025-07-02T23:43:57.985+0000] {dag.py:3239} INFO - Sync 1 DAGs
[2025-07-02T23:43:58.014+0000] {logging_mixin.py:190} INFO - [2025-07-02T23:43:58.014+0000] {dag.py:4180} INFO - Setting next_dagrun for example_bash_operator to 2025-07-01 00:00:00+00:00, run_after=2025-07-02 00:00:00+00:00
[2025-07-02T23:43:58.031+0000] {processor.py:208} INFO - Processing /home/airflow/.local/lib/python3.12/site-packages/airflow/example_dags/example_bash_operator.py took 0.101 seconds
[2025-07-02T23:44:28.474+0000] {processor.py:186} INFO - Started process (PID=2023) to work on /home/airflow/.local/lib/python3.12/site-packages/airflow/example_dags/example_bash_operator.py
[2025-07-02T23:44:28.475+0000] {processor.py:914} INFO - Processing file /home/airflow/.local/lib/python3.12/site-packages/airflow/example_dags/example_bash_operator.py for tasks to queue
[2025-07-02T23:44:28.479+0000] {logging_mixin.py:190} INFO - [2025-07-02T23:44:28.479+0000] {dagbag.py:588} INFO - Filling up the DagBag from /home/airflow/.local/lib/python3.12/site-packages/airflow/example_dags/example_bash_operator.py
[2025-07-02T23:44:28.500+0000] {processor.py:925} INFO - DAG(s) 'example_bash_operator' retrieved from /home/airflow/.local/lib/python3.12/site-packages/airflow/example_dags/example_bash_operator.py
[2025-07-02T23:44:28.538+0000] {logging_mixin.py:190} INFO - [2025-07-02T23:44:28.538+0000] {dag.py:3239} INFO - Sync 1 DAGs
[2025-07-02T23:44:28.573+0000] {logging_mixin.py:190} INFO - [2025-07-02T23:44:28.573+0000] {dag.py:4180} INFO - Setting next_dagrun for example_bash_operator to 2025-07-01 00:00:00+00:00, run_after=2025-07-02 00:00:00+00:00
[2025-07-02T23:44:28.598+0000] {processor.py:208} INFO - Processing /home/airflow/.local/lib/python3.12/site-packages/airflow/example_dags/example_bash_operator.py took 0.134 seconds
[2025-07-02T23:44:58.735+0000] {processor.py:186} INFO - Started process (PID=2085) to work on /home/airflow/.local/lib/python3.12/site-packages/airflow/example_dags/example_bash_operator.py
[2025-07-02T23:44:58.736+0000] {processor.py:914} INFO - Processing file /home/airflow/.local/lib/python3.12/site-packages/airflow/example_dags/example_bash_operator.py for tasks to queue
[2025-07-02T23:44:58.740+0000] {logging_mixin.py:190} INFO - [2025-07-02T23:44:58.739+0000] {dagbag.py:588} INFO - Filling up the DagBag from /home/airflow/.local/lib/python3.12/site-packages/airflow/example_dags/example_bash_operator.py
[2025-07-02T23:44:58.752+0000] {processor.py:925} INFO - DAG(s) 'example_bash_operator' retrieved from /home/airflow/.local/lib/python3.12/site-packages/airflow/example_dags/example_bash_operator.py
[2025-07-02T23:44:58.777+0000] {logging_mixin.py:190} INFO - [2025-07-02T23:44:58.777+0000] {dag.py:3239} INFO - Sync 1 DAGs
[2025-07-02T23:44:58.803+0000] {logging_mixin.py:190} INFO - [2025-07-02T23:44:58.803+0000] {dag.py:4180} INFO - Setting next_dagrun for example_bash_operator to 2025-07-01 00:00:00+00:00, run_after=2025-07-02 00:00:00+00:00
[2025-07-02T23:44:58.826+0000] {processor.py:208} INFO - Processing /home/airflow/.local/lib/python3.12/site-packages/airflow/example_dags/example_bash_operator.py took 0.096 seconds
[2025-07-02T23:45:29.089+0000] {processor.py:186} INFO - Started process (PID=2147) to work on /home/airflow/.local/lib/python3.12/site-packages/airflow/example_dags/example_bash_operator.py
[2025-07-02T23:45:29.091+0000] {processor.py:914} INFO - Processing file /home/airflow/.local/lib/python3.12/site-packages/airflow/example_dags/example_bash_operator.py for tasks to queue
[2025-07-02T23:45:29.097+0000] {logging_mixin.py:190} INFO - [2025-07-02T23:45:29.096+0000] {dagbag.py:588} INFO - Filling up the DagBag from /home/airflow/.local/lib/python3.12/site-packages/airflow/example_dags/example_bash_operator.py
[2025-07-02T23:45:29.120+0000] {processor.py:925} INFO - DAG(s) 'example_bash_operator' retrieved from /home/airflow/.local/lib/python3.12/site-packages/airflow/example_dags/example_bash_operator.py
[2025-07-02T23:45:29.162+0000] {logging_mixin.py:190} INFO - [2025-07-02T23:45:29.161+0000] {dag.py:3239} INFO - Sync 1 DAGs
[2025-07-02T23:45:29.208+0000] {logging_mixin.py:190} INFO - [2025-07-02T23:45:29.208+0000] {dag.py:4180} INFO - Setting next_dagrun for example_bash_operator to 2025-07-01 00:00:00+00:00, run_after=2025-07-02 00:00:00+00:00
[2025-07-02T23:45:29.249+0000] {processor.py:208} INFO - Processing /home/airflow/.local/lib/python3.12/site-packages/airflow/example_dags/example_bash_operator.py took 0.169 seconds
[2025-07-02T23:46:00.481+0000] {processor.py:186} INFO - Started process (PID=2209) to work on /home/airflow/.local/lib/python3.12/site-packages/airflow/example_dags/example_bash_operator.py
[2025-07-02T23:46:00.482+0000] {processor.py:914} INFO - Processing file /home/airflow/.local/lib/python3.12/site-packages/airflow/example_dags/example_bash_operator.py for tasks to queue
[2025-07-02T23:46:00.487+0000] {logging_mixin.py:190} INFO - [2025-07-02T23:46:00.486+0000] {dagbag.py:588} INFO - Filling up the DagBag from /home/airflow/.local/lib/python3.12/site-packages/airflow/example_dags/example_bash_operator.py
[2025-07-02T23:46:00.504+0000] {processor.py:925} INFO - DAG(s) 'example_bash_operator' retrieved from /home/airflow/.local/lib/python3.12/site-packages/airflow/example_dags/example_bash_operator.py
[2025-07-02T23:46:00.534+0000] {logging_mixin.py:190} INFO - [2025-07-02T23:46:00.533+0000] {dag.py:3239} INFO - Sync 1 DAGs
[2025-07-02T23:46:00.565+0000] {logging_mixin.py:190} INFO - [2025-07-02T23:46:00.564+0000] {dag.py:4180} INFO - Setting next_dagrun for example_bash_operator to 2025-07-01 00:00:00+00:00, run_after=2025-07-02 00:00:00+00:00
[2025-07-02T23:46:00.589+0000] {processor.py:208} INFO - Processing /home/airflow/.local/lib/python3.12/site-packages/airflow/example_dags/example_bash_operator.py took 0.116 seconds
[2025-07-02T23:46:31.591+0000] {processor.py:186} INFO - Started process (PID=2271) to work on /home/airflow/.local/lib/python3.12/site-packages/airflow/example_dags/example_bash_operator.py
[2025-07-02T23:46:31.592+0000] {processor.py:914} INFO - Processing file /home/airflow/.local/lib/python3.12/site-packages/airflow/example_dags/example_bash_operator.py for tasks to queue
[2025-07-02T23:46:31.595+0000] {logging_mixin.py:190} INFO - [2025-07-02T23:46:31.595+0000] {dagbag.py:588} INFO - Filling up the DagBag from /home/airflow/.local/lib/python3.12/site-packages/airflow/example_dags/example_bash_operator.py
[2025-07-02T23:46:31.609+0000] {processor.py:925} INFO - DAG(s) 'example_bash_operator' retrieved from /home/airflow/.local/lib/python3.12/site-packages/airflow/example_dags/example_bash_operator.py
[2025-07-02T23:46:31.638+0000] {logging_mixin.py:190} INFO - [2025-07-02T23:46:31.637+0000] {dag.py:3239} INFO - Sync 1 DAGs
[2025-07-02T23:46:31.668+0000] {logging_mixin.py:190} INFO - [2025-07-02T23:46:31.668+0000] {dag.py:4180} INFO - Setting next_dagrun for example_bash_operator to 2025-07-01 00:00:00+00:00, run_after=2025-07-02 00:00:00+00:00
[2025-07-02T23:46:31.691+0000] {processor.py:208} INFO - Processing /home/airflow/.local/lib/python3.12/site-packages/airflow/example_dags/example_bash_operator.py took 0.106 seconds
[2025-07-02T23:47:02.327+0000] {processor.py:186} INFO - Started process (PID=2333) to work on /home/airflow/.local/lib/python3.12/site-packages/airflow/example_dags/example_bash_operator.py
[2025-07-02T23:47:02.328+0000] {processor.py:914} INFO - Processing file /home/airflow/.local/lib/python3.12/site-packages/airflow/example_dags/example_bash_operator.py for tasks to queue
[2025-07-02T23:47:02.330+0000] {logging_mixin.py:190} INFO - [2025-07-02T23:47:02.330+0000] {dagbag.py:588} INFO - Filling up the DagBag from /home/airflow/.local/lib/python3.12/site-packages/airflow/example_dags/example_bash_operator.py
[2025-07-02T23:47:02.346+0000] {processor.py:925} INFO - DAG(s) 'example_bash_operator' retrieved from /home/airflow/.local/lib/python3.12/site-packages/airflow/example_dags/example_bash_operator.py
[2025-07-02T23:47:02.376+0000] {logging_mixin.py:190} INFO - [2025-07-02T23:47:02.376+0000] {dag.py:3239} INFO - Sync 1 DAGs
[2025-07-02T23:47:02.402+0000] {logging_mixin.py:190} INFO - [2025-07-02T23:47:02.402+0000] {dag.py:4180} INFO - Setting next_dagrun for example_bash_operator to 2025-07-01 00:00:00+00:00, run_after=2025-07-02 00:00:00+00:00
[2025-07-02T23:47:02.427+0000] {processor.py:208} INFO - Processing /home/airflow/.local/lib/python3.12/site-packages/airflow/example_dags/example_bash_operator.py took 0.107 seconds
[2025-07-02T23:47:32.652+0000] {processor.py:186} INFO - Started process (PID=2395) to work on /home/airflow/.local/lib/python3.12/site-packages/airflow/example_dags/example_bash_operator.py
[2025-07-02T23:47:32.653+0000] {processor.py:914} INFO - Processing file /home/airflow/.local/lib/python3.12/site-packages/airflow/example_dags/example_bash_operator.py for tasks to queue
[2025-07-02T23:47:32.656+0000] {logging_mixin.py:190} INFO - [2025-07-02T23:47:32.655+0000] {dagbag.py:588} INFO - Filling up the DagBag from /home/airflow/.local/lib/python3.12/site-packages/airflow/example_dags/example_bash_operator.py
[2025-07-02T23:47:32.669+0000] {processor.py:925} INFO - DAG(s) 'example_bash_operator' retrieved from /home/airflow/.local/lib/python3.12/site-packages/airflow/example_dags/example_bash_operator.py
[2025-07-02T23:47:32.695+0000] {logging_mixin.py:190} INFO - [2025-07-02T23:47:32.695+0000] {dag.py:3239} INFO - Sync 1 DAGs
[2025-07-02T23:47:32.724+0000] {logging_mixin.py:190} INFO - [2025-07-02T23:47:32.724+0000] {dag.py:4180} INFO - Setting next_dagrun for example_bash_operator to 2025-07-01 00:00:00+00:00, run_after=2025-07-02 00:00:00+00:00
[2025-07-02T23:47:32.743+0000] {processor.py:208} INFO - Processing /home/airflow/.local/lib/python3.12/site-packages/airflow/example_dags/example_bash_operator.py took 0.097 seconds
[2025-07-02T23:48:03.228+0000] {processor.py:186} INFO - Started process (PID=2457) to work on /home/airflow/.local/lib/python3.12/site-packages/airflow/example_dags/example_bash_operator.py
[2025-07-02T23:48:03.229+0000] {processor.py:914} INFO - Processing file /home/airflow/.local/lib/python3.12/site-packages/airflow/example_dags/example_bash_operator.py for tasks to queue
[2025-07-02T23:48:03.232+0000] {logging_mixin.py:190} INFO - [2025-07-02T23:48:03.231+0000] {dagbag.py:588} INFO - Filling up the DagBag from /home/airflow/.local/lib/python3.12/site-packages/airflow/example_dags/example_bash_operator.py
[2025-07-02T23:48:03.247+0000] {processor.py:925} INFO - DAG(s) 'example_bash_operator' retrieved from /home/airflow/.local/lib/python3.12/site-packages/airflow/example_dags/example_bash_operator.py
[2025-07-02T23:48:03.286+0000] {logging_mixin.py:190} INFO - [2025-07-02T23:48:03.286+0000] {dag.py:3239} INFO - Sync 1 DAGs
[2025-07-02T23:48:03.311+0000] {logging_mixin.py:190} INFO - [2025-07-02T23:48:03.310+0000] {dag.py:4180} INFO - Setting next_dagrun for example_bash_operator to 2025-07-01 00:00:00+00:00, run_after=2025-07-02 00:00:00+00:00
[2025-07-02T23:48:03.329+0000] {processor.py:208} INFO - Processing /home/airflow/.local/lib/python3.12/site-packages/airflow/example_dags/example_bash_operator.py took 0.107 seconds
[2025-07-02T23:48:33.945+0000] {processor.py:186} INFO - Started process (PID=2525) to work on /home/airflow/.local/lib/python3.12/site-packages/airflow/example_dags/example_bash_operator.py
[2025-07-02T23:48:33.946+0000] {processor.py:914} INFO - Processing file /home/airflow/.local/lib/python3.12/site-packages/airflow/example_dags/example_bash_operator.py for tasks to queue
[2025-07-02T23:48:33.950+0000] {logging_mixin.py:190} INFO - [2025-07-02T23:48:33.949+0000] {dagbag.py:588} INFO - Filling up the DagBag from /home/airflow/.local/lib/python3.12/site-packages/airflow/example_dags/example_bash_operator.py
[2025-07-02T23:48:33.967+0000] {processor.py:925} INFO - DAG(s) 'example_bash_operator' retrieved from /home/airflow/.local/lib/python3.12/site-packages/airflow/example_dags/example_bash_operator.py
[2025-07-02T23:48:33.996+0000] {logging_mixin.py:190} INFO - [2025-07-02T23:48:33.996+0000] {dag.py:3239} INFO - Sync 1 DAGs
[2025-07-02T23:48:34.024+0000] {logging_mixin.py:190} INFO - [2025-07-02T23:48:34.024+0000] {dag.py:4180} INFO - Setting next_dagrun for example_bash_operator to 2025-07-01 00:00:00+00:00, run_after=2025-07-02 00:00:00+00:00
[2025-07-02T23:48:34.050+0000] {processor.py:208} INFO - Processing /home/airflow/.local/lib/python3.12/site-packages/airflow/example_dags/example_bash_operator.py took 0.111 seconds
[2025-07-02T23:49:04.287+0000] {processor.py:186} INFO - Started process (PID=2587) to work on /home/airflow/.local/lib/python3.12/site-packages/airflow/example_dags/example_bash_operator.py
[2025-07-02T23:49:04.288+0000] {processor.py:914} INFO - Processing file /home/airflow/.local/lib/python3.12/site-packages/airflow/example_dags/example_bash_operator.py for tasks to queue
[2025-07-02T23:49:04.290+0000] {logging_mixin.py:190} INFO - [2025-07-02T23:49:04.290+0000] {dagbag.py:588} INFO - Filling up the DagBag from /home/airflow/.local/lib/python3.12/site-packages/airflow/example_dags/example_bash_operator.py
[2025-07-02T23:49:04.305+0000] {processor.py:925} INFO - DAG(s) 'example_bash_operator' retrieved from /home/airflow/.local/lib/python3.12/site-packages/airflow/example_dags/example_bash_operator.py
[2025-07-02T23:49:04.328+0000] {logging_mixin.py:190} INFO - [2025-07-02T23:49:04.328+0000] {dag.py:3239} INFO - Sync 1 DAGs
[2025-07-02T23:49:04.350+0000] {logging_mixin.py:190} INFO - [2025-07-02T23:49:04.350+0000] {dag.py:4180} INFO - Setting next_dagrun for example_bash_operator to 2025-07-01 00:00:00+00:00, run_after=2025-07-02 00:00:00+00:00
[2025-07-02T23:49:04.367+0000] {processor.py:208} INFO - Processing /home/airflow/.local/lib/python3.12/site-packages/airflow/example_dags/example_bash_operator.py took 0.086 seconds
[2025-07-02T23:49:34.943+0000] {processor.py:186} INFO - Started process (PID=2649) to work on /home/airflow/.local/lib/python3.12/site-packages/airflow/example_dags/example_bash_operator.py
[2025-07-02T23:49:34.944+0000] {processor.py:914} INFO - Processing file /home/airflow/.local/lib/python3.12/site-packages/airflow/example_dags/example_bash_operator.py for tasks to queue
[2025-07-02T23:49:34.947+0000] {logging_mixin.py:190} INFO - [2025-07-02T23:49:34.946+0000] {dagbag.py:588} INFO - Filling up the DagBag from /home/airflow/.local/lib/python3.12/site-packages/airflow/example_dags/example_bash_operator.py
[2025-07-02T23:49:34.961+0000] {processor.py:925} INFO - DAG(s) 'example_bash_operator' retrieved from /home/airflow/.local/lib/python3.12/site-packages/airflow/example_dags/example_bash_operator.py
[2025-07-02T23:49:34.988+0000] {logging_mixin.py:190} INFO - [2025-07-02T23:49:34.988+0000] {dag.py:3239} INFO - Sync 1 DAGs
[2025-07-02T23:49:35.034+0000] {logging_mixin.py:190} INFO - [2025-07-02T23:49:35.034+0000] {dag.py:4180} INFO - Setting next_dagrun for example_bash_operator to 2025-07-01 00:00:00+00:00, run_after=2025-07-02 00:00:00+00:00
[2025-07-02T23:49:35.071+0000] {processor.py:208} INFO - Processing /home/airflow/.local/lib/python3.12/site-packages/airflow/example_dags/example_bash_operator.py took 0.136 seconds
[2025-07-02T23:50:05.453+0000] {processor.py:186} INFO - Started process (PID=2711) to work on /home/airflow/.local/lib/python3.12/site-packages/airflow/example_dags/example_bash_operator.py
[2025-07-02T23:50:05.454+0000] {processor.py:914} INFO - Processing file /home/airflow/.local/lib/python3.12/site-packages/airflow/example_dags/example_bash_operator.py for tasks to queue
[2025-07-02T23:50:05.456+0000] {logging_mixin.py:190} INFO - [2025-07-02T23:50:05.456+0000] {dagbag.py:588} INFO - Filling up the DagBag from /home/airflow/.local/lib/python3.12/site-packages/airflow/example_dags/example_bash_operator.py
[2025-07-02T23:50:05.471+0000] {processor.py:925} INFO - DAG(s) 'example_bash_operator' retrieved from /home/airflow/.local/lib/python3.12/site-packages/airflow/example_dags/example_bash_operator.py
[2025-07-02T23:50:05.496+0000] {logging_mixin.py:190} INFO - [2025-07-02T23:50:05.496+0000] {dag.py:3239} INFO - Sync 1 DAGs
[2025-07-02T23:50:05.520+0000] {logging_mixin.py:190} INFO - [2025-07-02T23:50:05.520+0000] {dag.py:4180} INFO - Setting next_dagrun for example_bash_operator to 2025-07-01 00:00:00+00:00, run_after=2025-07-02 00:00:00+00:00
[2025-07-02T23:50:05.538+0000] {processor.py:208} INFO - Processing /home/airflow/.local/lib/python3.12/site-packages/airflow/example_dags/example_bash_operator.py took 0.091 seconds
[2025-07-02T23:50:36.819+0000] {processor.py:186} INFO - Started process (PID=2773) to work on /home/airflow/.local/lib/python3.12/site-packages/airflow/example_dags/example_bash_operator.py
[2025-07-02T23:50:36.820+0000] {processor.py:914} INFO - Processing file /home/airflow/.local/lib/python3.12/site-packages/airflow/example_dags/example_bash_operator.py for tasks to queue
[2025-07-02T23:50:36.823+0000] {logging_mixin.py:190} INFO - [2025-07-02T23:50:36.823+0000] {dagbag.py:588} INFO - Filling up the DagBag from /home/airflow/.local/lib/python3.12/site-packages/airflow/example_dags/example_bash_operator.py
[2025-07-02T23:50:36.837+0000] {processor.py:925} INFO - DAG(s) 'example_bash_operator' retrieved from /home/airflow/.local/lib/python3.12/site-packages/airflow/example_dags/example_bash_operator.py
[2025-07-02T23:50:36.864+0000] {logging_mixin.py:190} INFO - [2025-07-02T23:50:36.863+0000] {dag.py:3239} INFO - Sync 1 DAGs
[2025-07-02T23:50:36.889+0000] {logging_mixin.py:190} INFO - [2025-07-02T23:50:36.888+0000] {dag.py:4180} INFO - Setting next_dagrun for example_bash_operator to 2025-07-01 00:00:00+00:00, run_after=2025-07-02 00:00:00+00:00
[2025-07-02T23:50:36.909+0000] {processor.py:208} INFO - Processing /home/airflow/.local/lib/python3.12/site-packages/airflow/example_dags/example_bash_operator.py took 0.095 seconds
[2025-07-02T23:51:07.459+0000] {processor.py:186} INFO - Started process (PID=2835) to work on /home/airflow/.local/lib/python3.12/site-packages/airflow/example_dags/example_bash_operator.py
[2025-07-02T23:51:07.460+0000] {processor.py:914} INFO - Processing file /home/airflow/.local/lib/python3.12/site-packages/airflow/example_dags/example_bash_operator.py for tasks to queue
[2025-07-02T23:51:07.463+0000] {logging_mixin.py:190} INFO - [2025-07-02T23:51:07.463+0000] {dagbag.py:588} INFO - Filling up the DagBag from /home/airflow/.local/lib/python3.12/site-packages/airflow/example_dags/example_bash_operator.py
[2025-07-02T23:51:07.475+0000] {processor.py:925} INFO - DAG(s) 'example_bash_operator' retrieved from /home/airflow/.local/lib/python3.12/site-packages/airflow/example_dags/example_bash_operator.py
[2025-07-02T23:51:07.503+0000] {logging_mixin.py:190} INFO - [2025-07-02T23:51:07.503+0000] {dag.py:3239} INFO - Sync 1 DAGs
[2025-07-02T23:51:07.534+0000] {logging_mixin.py:190} INFO - [2025-07-02T23:51:07.534+0000] {dag.py:4180} INFO - Setting next_dagrun for example_bash_operator to 2025-07-01 00:00:00+00:00, run_after=2025-07-02 00:00:00+00:00
[2025-07-02T23:51:07.555+0000] {processor.py:208} INFO - Processing /home/airflow/.local/lib/python3.12/site-packages/airflow/example_dags/example_bash_operator.py took 0.103 seconds
[2025-07-02T23:51:38.374+0000] {processor.py:186} INFO - Started process (PID=2899) to work on /home/airflow/.local/lib/python3.12/site-packages/airflow/example_dags/example_bash_operator.py
[2025-07-02T23:51:38.375+0000] {processor.py:914} INFO - Processing file /home/airflow/.local/lib/python3.12/site-packages/airflow/example_dags/example_bash_operator.py for tasks to queue
[2025-07-02T23:51:38.377+0000] {logging_mixin.py:190} INFO - [2025-07-02T23:51:38.377+0000] {dagbag.py:588} INFO - Filling up the DagBag from /home/airflow/.local/lib/python3.12/site-packages/airflow/example_dags/example_bash_operator.py
[2025-07-02T23:51:38.390+0000] {processor.py:925} INFO - DAG(s) 'example_bash_operator' retrieved from /home/airflow/.local/lib/python3.12/site-packages/airflow/example_dags/example_bash_operator.py
[2025-07-02T23:51:38.412+0000] {logging_mixin.py:190} INFO - [2025-07-02T23:51:38.412+0000] {dag.py:3239} INFO - Sync 1 DAGs
[2025-07-02T23:51:38.434+0000] {logging_mixin.py:190} INFO - [2025-07-02T23:51:38.434+0000] {dag.py:4180} INFO - Setting next_dagrun for example_bash_operator to 2025-07-01 00:00:00+00:00, run_after=2025-07-02 00:00:00+00:00
[2025-07-02T23:51:38.452+0000] {processor.py:208} INFO - Processing /home/airflow/.local/lib/python3.12/site-packages/airflow/example_dags/example_bash_operator.py took 0.084 seconds
[2025-07-02T23:52:08.960+0000] {processor.py:186} INFO - Started process (PID=2960) to work on /home/airflow/.local/lib/python3.12/site-packages/airflow/example_dags/example_bash_operator.py
[2025-07-02T23:52:08.961+0000] {processor.py:914} INFO - Processing file /home/airflow/.local/lib/python3.12/site-packages/airflow/example_dags/example_bash_operator.py for tasks to queue
[2025-07-02T23:52:08.964+0000] {logging_mixin.py:190} INFO - [2025-07-02T23:52:08.964+0000] {dagbag.py:588} INFO - Filling up the DagBag from /home/airflow/.local/lib/python3.12/site-packages/airflow/example_dags/example_bash_operator.py
[2025-07-02T23:52:08.977+0000] {processor.py:925} INFO - DAG(s) 'example_bash_operator' retrieved from /home/airflow/.local/lib/python3.12/site-packages/airflow/example_dags/example_bash_operator.py
[2025-07-02T23:52:09.007+0000] {logging_mixin.py:190} INFO - [2025-07-02T23:52:09.007+0000] {dag.py:3239} INFO - Sync 1 DAGs
[2025-07-02T23:52:09.033+0000] {logging_mixin.py:190} INFO - [2025-07-02T23:52:09.033+0000] {dag.py:4180} INFO - Setting next_dagrun for example_bash_operator to 2025-07-01 00:00:00+00:00, run_after=2025-07-02 00:00:00+00:00
[2025-07-02T23:52:09.053+0000] {processor.py:208} INFO - Processing /home/airflow/.local/lib/python3.12/site-packages/airflow/example_dags/example_bash_operator.py took 0.098 seconds
[2025-07-02T23:52:39.459+0000] {processor.py:186} INFO - Started process (PID=3022) to work on /home/airflow/.local/lib/python3.12/site-packages/airflow/example_dags/example_bash_operator.py
[2025-07-02T23:52:39.460+0000] {processor.py:914} INFO - Processing file /home/airflow/.local/lib/python3.12/site-packages/airflow/example_dags/example_bash_operator.py for tasks to queue
[2025-07-02T23:52:39.462+0000] {logging_mixin.py:190} INFO - [2025-07-02T23:52:39.462+0000] {dagbag.py:588} INFO - Filling up the DagBag from /home/airflow/.local/lib/python3.12/site-packages/airflow/example_dags/example_bash_operator.py
[2025-07-02T23:52:39.477+0000] {processor.py:925} INFO - DAG(s) 'example_bash_operator' retrieved from /home/airflow/.local/lib/python3.12/site-packages/airflow/example_dags/example_bash_operator.py
[2025-07-02T23:52:39.505+0000] {logging_mixin.py:190} INFO - [2025-07-02T23:52:39.505+0000] {dag.py:3239} INFO - Sync 1 DAGs
[2025-07-02T23:52:39.529+0000] {logging_mixin.py:190} INFO - [2025-07-02T23:52:39.529+0000] {dag.py:4180} INFO - Setting next_dagrun for example_bash_operator to 2025-07-01 00:00:00+00:00, run_after=2025-07-02 00:00:00+00:00
[2025-07-02T23:52:39.549+0000] {processor.py:208} INFO - Processing /home/airflow/.local/lib/python3.12/site-packages/airflow/example_dags/example_bash_operator.py took 0.096 seconds
[2025-07-02T23:53:10.375+0000] {processor.py:186} INFO - Started process (PID=3084) to work on /home/airflow/.local/lib/python3.12/site-packages/airflow/example_dags/example_bash_operator.py
[2025-07-02T23:53:10.376+0000] {processor.py:914} INFO - Processing file /home/airflow/.local/lib/python3.12/site-packages/airflow/example_dags/example_bash_operator.py for tasks to queue
[2025-07-02T23:53:10.378+0000] {logging_mixin.py:190} INFO - [2025-07-02T23:53:10.378+0000] {dagbag.py:588} INFO - Filling up the DagBag from /home/airflow/.local/lib/python3.12/site-packages/airflow/example_dags/example_bash_operator.py
[2025-07-02T23:53:10.391+0000] {processor.py:925} INFO - DAG(s) 'example_bash_operator' retrieved from /home/airflow/.local/lib/python3.12/site-packages/airflow/example_dags/example_bash_operator.py
[2025-07-02T23:53:10.417+0000] {logging_mixin.py:190} INFO - [2025-07-02T23:53:10.416+0000] {dag.py:3239} INFO - Sync 1 DAGs
[2025-07-02T23:53:10.439+0000] {logging_mixin.py:190} INFO - [2025-07-02T23:53:10.439+0000] {dag.py:4180} INFO - Setting next_dagrun for example_bash_operator to 2025-07-01 00:00:00+00:00, run_after=2025-07-02 00:00:00+00:00
[2025-07-02T23:53:10.456+0000] {processor.py:208} INFO - Processing /home/airflow/.local/lib/python3.12/site-packages/airflow/example_dags/example_bash_operator.py took 0.086 seconds
[2025-07-02T23:53:41.129+0000] {processor.py:186} INFO - Started process (PID=3146) to work on /home/airflow/.local/lib/python3.12/site-packages/airflow/example_dags/example_bash_operator.py
[2025-07-02T23:53:41.130+0000] {processor.py:914} INFO - Processing file /home/airflow/.local/lib/python3.12/site-packages/airflow/example_dags/example_bash_operator.py for tasks to queue
[2025-07-02T23:53:41.133+0000] {logging_mixin.py:190} INFO - [2025-07-02T23:53:41.133+0000] {dagbag.py:588} INFO - Filling up the DagBag from /home/airflow/.local/lib/python3.12/site-packages/airflow/example_dags/example_bash_operator.py
[2025-07-02T23:53:41.145+0000] {processor.py:925} INFO - DAG(s) 'example_bash_operator' retrieved from /home/airflow/.local/lib/python3.12/site-packages/airflow/example_dags/example_bash_operator.py
[2025-07-02T23:53:41.170+0000] {logging_mixin.py:190} INFO - [2025-07-02T23:53:41.170+0000] {dag.py:3239} INFO - Sync 1 DAGs
[2025-07-02T23:53:41.193+0000] {logging_mixin.py:190} INFO - [2025-07-02T23:53:41.193+0000] {dag.py:4180} INFO - Setting next_dagrun for example_bash_operator to 2025-07-01 00:00:00+00:00, run_after=2025-07-02 00:00:00+00:00
[2025-07-02T23:53:41.210+0000] {processor.py:208} INFO - Processing /home/airflow/.local/lib/python3.12/site-packages/airflow/example_dags/example_bash_operator.py took 0.086 seconds
[2025-07-02T23:54:11.827+0000] {processor.py:186} INFO - Started process (PID=3208) to work on /home/airflow/.local/lib/python3.12/site-packages/airflow/example_dags/example_bash_operator.py
[2025-07-02T23:54:11.828+0000] {processor.py:914} INFO - Processing file /home/airflow/.local/lib/python3.12/site-packages/airflow/example_dags/example_bash_operator.py for tasks to queue
[2025-07-02T23:54:11.830+0000] {logging_mixin.py:190} INFO - [2025-07-02T23:54:11.830+0000] {dagbag.py:588} INFO - Filling up the DagBag from /home/airflow/.local/lib/python3.12/site-packages/airflow/example_dags/example_bash_operator.py
[2025-07-02T23:54:11.843+0000] {processor.py:925} INFO - DAG(s) 'example_bash_operator' retrieved from /home/airflow/.local/lib/python3.12/site-packages/airflow/example_dags/example_bash_operator.py
[2025-07-02T23:54:11.868+0000] {logging_mixin.py:190} INFO - [2025-07-02T23:54:11.868+0000] {dag.py:3239} INFO - Sync 1 DAGs
[2025-07-02T23:54:11.891+0000] {logging_mixin.py:190} INFO - [2025-07-02T23:54:11.891+0000] {dag.py:4180} INFO - Setting next_dagrun for example_bash_operator to 2025-07-01 00:00:00+00:00, run_after=2025-07-02 00:00:00+00:00
[2025-07-02T23:54:11.909+0000] {processor.py:208} INFO - Processing /home/airflow/.local/lib/python3.12/site-packages/airflow/example_dags/example_bash_operator.py took 0.088 seconds
[2025-07-02T23:54:42.771+0000] {processor.py:186} INFO - Started process (PID=3270) to work on /home/airflow/.local/lib/python3.12/site-packages/airflow/example_dags/example_bash_operator.py
[2025-07-02T23:54:42.772+0000] {processor.py:914} INFO - Processing file /home/airflow/.local/lib/python3.12/site-packages/airflow/example_dags/example_bash_operator.py for tasks to queue
[2025-07-02T23:54:42.775+0000] {logging_mixin.py:190} INFO - [2025-07-02T23:54:42.775+0000] {dagbag.py:588} INFO - Filling up the DagBag from /home/airflow/.local/lib/python3.12/site-packages/airflow/example_dags/example_bash_operator.py
[2025-07-02T23:54:42.793+0000] {processor.py:925} INFO - DAG(s) 'example_bash_operator' retrieved from /home/airflow/.local/lib/python3.12/site-packages/airflow/example_dags/example_bash_operator.py
[2025-07-02T23:54:42.821+0000] {logging_mixin.py:190} INFO - [2025-07-02T23:54:42.821+0000] {dag.py:3239} INFO - Sync 1 DAGs
[2025-07-02T23:54:43.040+0000] {logging_mixin.py:190} INFO - [2025-07-02T23:54:43.040+0000] {dag.py:4180} INFO - Setting next_dagrun for example_bash_operator to 2025-07-01 00:00:00+00:00, run_after=2025-07-02 00:00:00+00:00
[2025-07-02T23:54:43.057+0000] {processor.py:208} INFO - Processing /home/airflow/.local/lib/python3.12/site-packages/airflow/example_dags/example_bash_operator.py took 0.296 seconds
[2025-07-02T23:55:13.389+0000] {processor.py:186} INFO - Started process (PID=3333) to work on /home/airflow/.local/lib/python3.12/site-packages/airflow/example_dags/example_bash_operator.py
[2025-07-02T23:55:13.391+0000] {processor.py:914} INFO - Processing file /home/airflow/.local/lib/python3.12/site-packages/airflow/example_dags/example_bash_operator.py for tasks to queue
[2025-07-02T23:55:13.393+0000] {logging_mixin.py:190} INFO - [2025-07-02T23:55:13.393+0000] {dagbag.py:588} INFO - Filling up the DagBag from /home/airflow/.local/lib/python3.12/site-packages/airflow/example_dags/example_bash_operator.py
[2025-07-02T23:55:13.409+0000] {processor.py:925} INFO - DAG(s) 'example_bash_operator' retrieved from /home/airflow/.local/lib/python3.12/site-packages/airflow/example_dags/example_bash_operator.py
[2025-07-02T23:55:13.436+0000] {logging_mixin.py:190} INFO - [2025-07-02T23:55:13.436+0000] {dag.py:3239} INFO - Sync 1 DAGs
[2025-07-02T23:55:13.460+0000] {logging_mixin.py:190} INFO - [2025-07-02T23:55:13.459+0000] {dag.py:4180} INFO - Setting next_dagrun for example_bash_operator to 2025-07-01 00:00:00+00:00, run_after=2025-07-02 00:00:00+00:00
[2025-07-02T23:55:13.478+0000] {processor.py:208} INFO - Processing /home/airflow/.local/lib/python3.12/site-packages/airflow/example_dags/example_bash_operator.py took 0.095 seconds
[2025-07-02T23:55:44.017+0000] {processor.py:186} INFO - Started process (PID=3395) to work on /home/airflow/.local/lib/python3.12/site-packages/airflow/example_dags/example_bash_operator.py
[2025-07-02T23:55:44.018+0000] {processor.py:914} INFO - Processing file /home/airflow/.local/lib/python3.12/site-packages/airflow/example_dags/example_bash_operator.py for tasks to queue
[2025-07-02T23:55:44.020+0000] {logging_mixin.py:190} INFO - [2025-07-02T23:55:44.020+0000] {dagbag.py:588} INFO - Filling up the DagBag from /home/airflow/.local/lib/python3.12/site-packages/airflow/example_dags/example_bash_operator.py
[2025-07-02T23:55:44.033+0000] {processor.py:925} INFO - DAG(s) 'example_bash_operator' retrieved from /home/airflow/.local/lib/python3.12/site-packages/airflow/example_dags/example_bash_operator.py
[2025-07-02T23:55:44.059+0000] {logging_mixin.py:190} INFO - [2025-07-02T23:55:44.059+0000] {dag.py:3239} INFO - Sync 1 DAGs
[2025-07-02T23:55:44.081+0000] {logging_mixin.py:190} INFO - [2025-07-02T23:55:44.081+0000] {dag.py:4180} INFO - Setting next_dagrun for example_bash_operator to 2025-07-01 00:00:00+00:00, run_after=2025-07-02 00:00:00+00:00
[2025-07-02T23:55:44.098+0000] {processor.py:208} INFO - Processing /home/airflow/.local/lib/python3.12/site-packages/airflow/example_dags/example_bash_operator.py took 0.087 seconds
[2025-07-02T23:56:14.635+0000] {processor.py:186} INFO - Started process (PID=3456) to work on /home/airflow/.local/lib/python3.12/site-packages/airflow/example_dags/example_bash_operator.py
[2025-07-02T23:56:14.636+0000] {processor.py:914} INFO - Processing file /home/airflow/.local/lib/python3.12/site-packages/airflow/example_dags/example_bash_operator.py for tasks to queue
[2025-07-02T23:56:14.644+0000] {logging_mixin.py:190} INFO - [2025-07-02T23:56:14.643+0000] {dagbag.py:588} INFO - Filling up the DagBag from /home/airflow/.local/lib/python3.12/site-packages/airflow/example_dags/example_bash_operator.py
[2025-07-02T23:56:14.657+0000] {processor.py:925} INFO - DAG(s) 'example_bash_operator' retrieved from /home/airflow/.local/lib/python3.12/site-packages/airflow/example_dags/example_bash_operator.py
[2025-07-02T23:56:14.690+0000] {logging_mixin.py:190} INFO - [2025-07-02T23:56:14.690+0000] {dag.py:3239} INFO - Sync 1 DAGs
[2025-07-02T23:56:14.717+0000] {logging_mixin.py:190} INFO - [2025-07-02T23:56:14.717+0000] {dag.py:4180} INFO - Setting next_dagrun for example_bash_operator to 2025-07-01 00:00:00+00:00, run_after=2025-07-02 00:00:00+00:00
[2025-07-02T23:56:14.736+0000] {processor.py:208} INFO - Processing /home/airflow/.local/lib/python3.12/site-packages/airflow/example_dags/example_bash_operator.py took 0.107 seconds
[2025-07-02T23:56:45.946+0000] {processor.py:186} INFO - Started process (PID=3518) to work on /home/airflow/.local/lib/python3.12/site-packages/airflow/example_dags/example_bash_operator.py
[2025-07-02T23:56:45.947+0000] {processor.py:914} INFO - Processing file /home/airflow/.local/lib/python3.12/site-packages/airflow/example_dags/example_bash_operator.py for tasks to queue
[2025-07-02T23:56:45.950+0000] {logging_mixin.py:190} INFO - [2025-07-02T23:56:45.950+0000] {dagbag.py:588} INFO - Filling up the DagBag from /home/airflow/.local/lib/python3.12/site-packages/airflow/example_dags/example_bash_operator.py
[2025-07-02T23:56:45.966+0000] {processor.py:925} INFO - DAG(s) 'example_bash_operator' retrieved from /home/airflow/.local/lib/python3.12/site-packages/airflow/example_dags/example_bash_operator.py
[2025-07-02T23:56:45.994+0000] {logging_mixin.py:190} INFO - [2025-07-02T23:56:45.994+0000] {dag.py:3239} INFO - Sync 1 DAGs
[2025-07-02T23:56:46.175+0000] {logging_mixin.py:190} INFO - [2025-07-02T23:56:46.175+0000] {dag.py:4180} INFO - Setting next_dagrun for example_bash_operator to 2025-07-01 00:00:00+00:00, run_after=2025-07-02 00:00:00+00:00
[2025-07-02T23:56:46.194+0000] {processor.py:208} INFO - Processing /home/airflow/.local/lib/python3.12/site-packages/airflow/example_dags/example_bash_operator.py took 0.254 seconds
[2025-07-02T23:57:16.720+0000] {processor.py:186} INFO - Started process (PID=3580) to work on /home/airflow/.local/lib/python3.12/site-packages/airflow/example_dags/example_bash_operator.py
[2025-07-02T23:57:16.721+0000] {processor.py:914} INFO - Processing file /home/airflow/.local/lib/python3.12/site-packages/airflow/example_dags/example_bash_operator.py for tasks to queue
[2025-07-02T23:57:16.724+0000] {logging_mixin.py:190} INFO - [2025-07-02T23:57:16.724+0000] {dagbag.py:588} INFO - Filling up the DagBag from /home/airflow/.local/lib/python3.12/site-packages/airflow/example_dags/example_bash_operator.py
[2025-07-02T23:57:16.739+0000] {processor.py:925} INFO - DAG(s) 'example_bash_operator' retrieved from /home/airflow/.local/lib/python3.12/site-packages/airflow/example_dags/example_bash_operator.py
[2025-07-02T23:57:16.766+0000] {logging_mixin.py:190} INFO - [2025-07-02T23:57:16.766+0000] {dag.py:3239} INFO - Sync 1 DAGs
[2025-07-02T23:57:16.788+0000] {logging_mixin.py:190} INFO - [2025-07-02T23:57:16.788+0000] {dag.py:4180} INFO - Setting next_dagrun for example_bash_operator to 2025-07-01 00:00:00+00:00, run_after=2025-07-02 00:00:00+00:00
[2025-07-02T23:57:16.806+0000] {processor.py:208} INFO - Processing /home/airflow/.local/lib/python3.12/site-packages/airflow/example_dags/example_bash_operator.py took 0.093 seconds
[2025-07-02T23:57:47.300+0000] {processor.py:186} INFO - Started process (PID=3642) to work on /home/airflow/.local/lib/python3.12/site-packages/airflow/example_dags/example_bash_operator.py
[2025-07-02T23:57:47.301+0000] {processor.py:914} INFO - Processing file /home/airflow/.local/lib/python3.12/site-packages/airflow/example_dags/example_bash_operator.py for tasks to queue
[2025-07-02T23:57:47.303+0000] {logging_mixin.py:190} INFO - [2025-07-02T23:57:47.303+0000] {dagbag.py:588} INFO - Filling up the DagBag from /home/airflow/.local/lib/python3.12/site-packages/airflow/example_dags/example_bash_operator.py
[2025-07-02T23:57:47.315+0000] {processor.py:925} INFO - DAG(s) 'example_bash_operator' retrieved from /home/airflow/.local/lib/python3.12/site-packages/airflow/example_dags/example_bash_operator.py
[2025-07-02T23:57:47.341+0000] {logging_mixin.py:190} INFO - [2025-07-02T23:57:47.341+0000] {dag.py:3239} INFO - Sync 1 DAGs
[2025-07-02T23:57:47.362+0000] {logging_mixin.py:190} INFO - [2025-07-02T23:57:47.362+0000] {dag.py:4180} INFO - Setting next_dagrun for example_bash_operator to 2025-07-01 00:00:00+00:00, run_after=2025-07-02 00:00:00+00:00
[2025-07-02T23:57:47.381+0000] {processor.py:208} INFO - Processing /home/airflow/.local/lib/python3.12/site-packages/airflow/example_dags/example_bash_operator.py took 0.086 seconds
[2025-07-02T23:58:17.942+0000] {processor.py:186} INFO - Started process (PID=3704) to work on /home/airflow/.local/lib/python3.12/site-packages/airflow/example_dags/example_bash_operator.py
[2025-07-02T23:58:17.943+0000] {processor.py:914} INFO - Processing file /home/airflow/.local/lib/python3.12/site-packages/airflow/example_dags/example_bash_operator.py for tasks to queue
[2025-07-02T23:58:17.946+0000] {logging_mixin.py:190} INFO - [2025-07-02T23:58:17.945+0000] {dagbag.py:588} INFO - Filling up the DagBag from /home/airflow/.local/lib/python3.12/site-packages/airflow/example_dags/example_bash_operator.py
[2025-07-02T23:58:17.960+0000] {processor.py:925} INFO - DAG(s) 'example_bash_operator' retrieved from /home/airflow/.local/lib/python3.12/site-packages/airflow/example_dags/example_bash_operator.py
[2025-07-02T23:58:17.986+0000] {logging_mixin.py:190} INFO - [2025-07-02T23:58:17.985+0000] {dag.py:3239} INFO - Sync 1 DAGs
[2025-07-02T23:58:18.009+0000] {logging_mixin.py:190} INFO - [2025-07-02T23:58:18.008+0000] {dag.py:4180} INFO - Setting next_dagrun for example_bash_operator to 2025-07-01 00:00:00+00:00, run_after=2025-07-02 00:00:00+00:00
[2025-07-02T23:58:18.027+0000] {processor.py:208} INFO - Processing /home/airflow/.local/lib/python3.12/site-packages/airflow/example_dags/example_bash_operator.py took 0.091 seconds
[2025-07-02T23:58:48.352+0000] {processor.py:186} INFO - Started process (PID=3766) to work on /home/airflow/.local/lib/python3.12/site-packages/airflow/example_dags/example_bash_operator.py
[2025-07-02T23:58:48.353+0000] {processor.py:914} INFO - Processing file /home/airflow/.local/lib/python3.12/site-packages/airflow/example_dags/example_bash_operator.py for tasks to queue
[2025-07-02T23:58:48.355+0000] {logging_mixin.py:190} INFO - [2025-07-02T23:58:48.355+0000] {dagbag.py:588} INFO - Filling up the DagBag from /home/airflow/.local/lib/python3.12/site-packages/airflow/example_dags/example_bash_operator.py
[2025-07-02T23:58:48.369+0000] {processor.py:925} INFO - DAG(s) 'example_bash_operator' retrieved from /home/airflow/.local/lib/python3.12/site-packages/airflow/example_dags/example_bash_operator.py
[2025-07-02T23:58:48.395+0000] {logging_mixin.py:190} INFO - [2025-07-02T23:58:48.395+0000] {dag.py:3239} INFO - Sync 1 DAGs
[2025-07-02T23:58:48.420+0000] {logging_mixin.py:190} INFO - [2025-07-02T23:58:48.420+0000] {dag.py:4180} INFO - Setting next_dagrun for example_bash_operator to 2025-07-01 00:00:00+00:00, run_after=2025-07-02 00:00:00+00:00
[2025-07-02T23:58:48.437+0000] {processor.py:208} INFO - Processing /home/airflow/.local/lib/python3.12/site-packages/airflow/example_dags/example_bash_operator.py took 0.091 seconds
[2025-07-02T23:59:18.923+0000] {processor.py:186} INFO - Started process (PID=3828) to work on /home/airflow/.local/lib/python3.12/site-packages/airflow/example_dags/example_bash_operator.py
[2025-07-02T23:59:18.924+0000] {processor.py:914} INFO - Processing file /home/airflow/.local/lib/python3.12/site-packages/airflow/example_dags/example_bash_operator.py for tasks to queue
[2025-07-02T23:59:18.926+0000] {logging_mixin.py:190} INFO - [2025-07-02T23:59:18.926+0000] {dagbag.py:588} INFO - Filling up the DagBag from /home/airflow/.local/lib/python3.12/site-packages/airflow/example_dags/example_bash_operator.py
[2025-07-02T23:59:18.939+0000] {processor.py:925} INFO - DAG(s) 'example_bash_operator' retrieved from /home/airflow/.local/lib/python3.12/site-packages/airflow/example_dags/example_bash_operator.py
[2025-07-02T23:59:18.964+0000] {logging_mixin.py:190} INFO - [2025-07-02T23:59:18.964+0000] {dag.py:3239} INFO - Sync 1 DAGs
[2025-07-02T23:59:18.987+0000] {logging_mixin.py:190} INFO - [2025-07-02T23:59:18.987+0000] {dag.py:4180} INFO - Setting next_dagrun for example_bash_operator to 2025-07-01 00:00:00+00:00, run_after=2025-07-02 00:00:00+00:00
[2025-07-02T23:59:19.003+0000] {processor.py:208} INFO - Processing /home/airflow/.local/lib/python3.12/site-packages/airflow/example_dags/example_bash_operator.py took 0.086 seconds
[2025-07-02T23:59:49.367+0000] {processor.py:186} INFO - Started process (PID=3890) to work on /home/airflow/.local/lib/python3.12/site-packages/airflow/example_dags/example_bash_operator.py
[2025-07-02T23:59:49.368+0000] {processor.py:914} INFO - Processing file /home/airflow/.local/lib/python3.12/site-packages/airflow/example_dags/example_bash_operator.py for tasks to queue
[2025-07-02T23:59:49.371+0000] {logging_mixin.py:190} INFO - [2025-07-02T23:59:49.370+0000] {dagbag.py:588} INFO - Filling up the DagBag from /home/airflow/.local/lib/python3.12/site-packages/airflow/example_dags/example_bash_operator.py
[2025-07-02T23:59:49.384+0000] {processor.py:925} INFO - DAG(s) 'example_bash_operator' retrieved from /home/airflow/.local/lib/python3.12/site-packages/airflow/example_dags/example_bash_operator.py
[2025-07-02T23:59:49.410+0000] {logging_mixin.py:190} INFO - [2025-07-02T23:59:49.410+0000] {dag.py:3239} INFO - Sync 1 DAGs
[2025-07-02T23:59:49.432+0000] {logging_mixin.py:190} INFO - [2025-07-02T23:59:49.432+0000] {dag.py:4180} INFO - Setting next_dagrun for example_bash_operator to 2025-07-01 00:00:00+00:00, run_after=2025-07-02 00:00:00+00:00
[2025-07-02T23:59:49.450+0000] {processor.py:208} INFO - Processing /home/airflow/.local/lib/python3.12/site-packages/airflow/example_dags/example_bash_operator.py took 0.088 seconds
