[2025-07-02T23:29:02.328+0000] {processor.py:186} INFO - Started process (PID=145) to work on /home/airflow/.local/lib/python3.12/site-packages/airflow/example_dags/example_display_name.py
[2025-07-02T23:29:02.347+0000] {processor.py:914} INFO - Processing file /home/airflow/.local/lib/python3.12/site-packages/airflow/example_dags/example_display_name.py for tasks to queue
[2025-07-02T23:29:02.373+0000] {logging_mixin.py:190} INFO - [2025-07-02T23:29:02.372+0000] {dagbag.py:588} INFO - Filling up the DagBag from /home/airflow/.local/lib/python3.12/site-packages/airflow/example_dags/example_display_name.py
[2025-07-02T23:29:02.407+0000] {processor.py:925} INFO - DAG(s) 'example_display_name' retrieved from /home/airflow/.local/lib/python3.12/site-packages/airflow/example_dags/example_display_name.py
[2025-07-02T23:29:02.466+0000] {logging_mixin.py:190} INFO - [2025-07-02T23:29:02.465+0000] {dag.py:3239} INFO - Sync 1 DAGs
[2025-07-02T23:29:02.567+0000] {logging_mixin.py:190} INFO - [2025-07-02T23:29:02.567+0000] {dag.py:4180} INFO - Setting next_dagrun for example_display_name to None, run_after=None
[2025-07-02T23:29:02.672+0000] {processor.py:208} INFO - Processing /home/airflow/.local/lib/python3.12/site-packages/airflow/example_dags/example_display_name.py took 0.365 seconds
[2025-07-02T23:29:32.862+0000] {processor.py:186} INFO - Started process (PID=207) to work on /home/airflow/.local/lib/python3.12/site-packages/airflow/example_dags/example_display_name.py
[2025-07-02T23:29:32.863+0000] {processor.py:914} INFO - Processing file /home/airflow/.local/lib/python3.12/site-packages/airflow/example_dags/example_display_name.py for tasks to queue
[2025-07-02T23:29:32.867+0000] {logging_mixin.py:190} INFO - [2025-07-02T23:29:32.866+0000] {dagbag.py:588} INFO - Filling up the DagBag from /home/airflow/.local/lib/python3.12/site-packages/airflow/example_dags/example_display_name.py
[2025-07-02T23:29:32.881+0000] {processor.py:925} INFO - DAG(s) 'example_display_name' retrieved from /home/airflow/.local/lib/python3.12/site-packages/airflow/example_dags/example_display_name.py
[2025-07-02T23:29:32.912+0000] {logging_mixin.py:190} INFO - [2025-07-02T23:29:32.911+0000] {dag.py:3239} INFO - Sync 1 DAGs
[2025-07-02T23:29:32.935+0000] {logging_mixin.py:190} INFO - [2025-07-02T23:29:32.935+0000] {dag.py:4180} INFO - Setting next_dagrun for example_display_name to None, run_after=None
[2025-07-02T23:29:32.966+0000] {processor.py:208} INFO - Processing /home/airflow/.local/lib/python3.12/site-packages/airflow/example_dags/example_display_name.py took 0.113 seconds
[2025-07-02T23:30:03.270+0000] {processor.py:186} INFO - Started process (PID=269) to work on /home/airflow/.local/lib/python3.12/site-packages/airflow/example_dags/example_display_name.py
[2025-07-02T23:30:03.272+0000] {processor.py:914} INFO - Processing file /home/airflow/.local/lib/python3.12/site-packages/airflow/example_dags/example_display_name.py for tasks to queue
[2025-07-02T23:30:03.279+0000] {logging_mixin.py:190} INFO - [2025-07-02T23:30:03.279+0000] {dagbag.py:588} INFO - Filling up the DagBag from /home/airflow/.local/lib/python3.12/site-packages/airflow/example_dags/example_display_name.py
[2025-07-02T23:30:03.305+0000] {processor.py:925} INFO - DAG(s) 'example_display_name' retrieved from /home/airflow/.local/lib/python3.12/site-packages/airflow/example_dags/example_display_name.py
[2025-07-02T23:30:03.342+0000] {logging_mixin.py:190} INFO - [2025-07-02T23:30:03.341+0000] {dag.py:3239} INFO - Sync 1 DAGs
[2025-07-02T23:30:03.363+0000] {logging_mixin.py:190} INFO - [2025-07-02T23:30:03.363+0000] {dag.py:4180} INFO - Setting next_dagrun for example_display_name to None, run_after=None
[2025-07-02T23:30:03.389+0000] {processor.py:208} INFO - Processing /home/airflow/.local/lib/python3.12/site-packages/airflow/example_dags/example_display_name.py took 0.131 seconds
[2025-07-02T23:30:34.146+0000] {processor.py:186} INFO - Started process (PID=331) to work on /home/airflow/.local/lib/python3.12/site-packages/airflow/example_dags/example_display_name.py
[2025-07-02T23:30:34.147+0000] {processor.py:914} INFO - Processing file /home/airflow/.local/lib/python3.12/site-packages/airflow/example_dags/example_display_name.py for tasks to queue
[2025-07-02T23:30:34.150+0000] {logging_mixin.py:190} INFO - [2025-07-02T23:30:34.150+0000] {dagbag.py:588} INFO - Filling up the DagBag from /home/airflow/.local/lib/python3.12/site-packages/airflow/example_dags/example_display_name.py
[2025-07-02T23:30:34.159+0000] {processor.py:925} INFO - DAG(s) 'example_display_name' retrieved from /home/airflow/.local/lib/python3.12/site-packages/airflow/example_dags/example_display_name.py
[2025-07-02T23:30:34.185+0000] {logging_mixin.py:190} INFO - [2025-07-02T23:30:34.184+0000] {dag.py:3239} INFO - Sync 1 DAGs
[2025-07-02T23:30:34.201+0000] {logging_mixin.py:190} INFO - [2025-07-02T23:30:34.201+0000] {dag.py:4180} INFO - Setting next_dagrun for example_display_name to None, run_after=None
[2025-07-02T23:30:34.229+0000] {processor.py:208} INFO - Processing /home/airflow/.local/lib/python3.12/site-packages/airflow/example_dags/example_display_name.py took 0.090 seconds
[2025-07-02T23:31:05.188+0000] {processor.py:186} INFO - Started process (PID=393) to work on /home/airflow/.local/lib/python3.12/site-packages/airflow/example_dags/example_display_name.py
[2025-07-02T23:31:05.189+0000] {processor.py:914} INFO - Processing file /home/airflow/.local/lib/python3.12/site-packages/airflow/example_dags/example_display_name.py for tasks to queue
[2025-07-02T23:31:05.192+0000] {logging_mixin.py:190} INFO - [2025-07-02T23:31:05.191+0000] {dagbag.py:588} INFO - Filling up the DagBag from /home/airflow/.local/lib/python3.12/site-packages/airflow/example_dags/example_display_name.py
[2025-07-02T23:31:05.199+0000] {processor.py:925} INFO - DAG(s) 'example_display_name' retrieved from /home/airflow/.local/lib/python3.12/site-packages/airflow/example_dags/example_display_name.py
[2025-07-02T23:31:05.222+0000] {logging_mixin.py:190} INFO - [2025-07-02T23:31:05.221+0000] {dag.py:3239} INFO - Sync 1 DAGs
[2025-07-02T23:31:05.239+0000] {logging_mixin.py:190} INFO - [2025-07-02T23:31:05.238+0000] {dag.py:4180} INFO - Setting next_dagrun for example_display_name to None, run_after=None
[2025-07-02T23:31:05.262+0000] {processor.py:208} INFO - Processing /home/airflow/.local/lib/python3.12/site-packages/airflow/example_dags/example_display_name.py took 0.081 seconds
[2025-07-02T23:31:36.262+0000] {processor.py:186} INFO - Started process (PID=455) to work on /home/airflow/.local/lib/python3.12/site-packages/airflow/example_dags/example_display_name.py
[2025-07-02T23:31:36.264+0000] {processor.py:914} INFO - Processing file /home/airflow/.local/lib/python3.12/site-packages/airflow/example_dags/example_display_name.py for tasks to queue
[2025-07-02T23:31:36.266+0000] {logging_mixin.py:190} INFO - [2025-07-02T23:31:36.266+0000] {dagbag.py:588} INFO - Filling up the DagBag from /home/airflow/.local/lib/python3.12/site-packages/airflow/example_dags/example_display_name.py
[2025-07-02T23:31:36.274+0000] {processor.py:925} INFO - DAG(s) 'example_display_name' retrieved from /home/airflow/.local/lib/python3.12/site-packages/airflow/example_dags/example_display_name.py
[2025-07-02T23:31:36.299+0000] {logging_mixin.py:190} INFO - [2025-07-02T23:31:36.298+0000] {dag.py:3239} INFO - Sync 1 DAGs
[2025-07-02T23:31:36.314+0000] {logging_mixin.py:190} INFO - [2025-07-02T23:31:36.314+0000] {dag.py:4180} INFO - Setting next_dagrun for example_display_name to None, run_after=None
[2025-07-02T23:31:36.334+0000] {processor.py:208} INFO - Processing /home/airflow/.local/lib/python3.12/site-packages/airflow/example_dags/example_display_name.py took 0.079 seconds
[2025-07-02T23:32:06.700+0000] {processor.py:186} INFO - Started process (PID=517) to work on /home/airflow/.local/lib/python3.12/site-packages/airflow/example_dags/example_display_name.py
[2025-07-02T23:32:06.702+0000] {processor.py:914} INFO - Processing file /home/airflow/.local/lib/python3.12/site-packages/airflow/example_dags/example_display_name.py for tasks to queue
[2025-07-02T23:32:06.707+0000] {logging_mixin.py:190} INFO - [2025-07-02T23:32:06.707+0000] {dagbag.py:588} INFO - Filling up the DagBag from /home/airflow/.local/lib/python3.12/site-packages/airflow/example_dags/example_display_name.py
[2025-07-02T23:32:06.726+0000] {processor.py:925} INFO - DAG(s) 'example_display_name' retrieved from /home/airflow/.local/lib/python3.12/site-packages/airflow/example_dags/example_display_name.py
[2025-07-02T23:32:06.783+0000] {logging_mixin.py:190} INFO - [2025-07-02T23:32:06.782+0000] {dag.py:3239} INFO - Sync 1 DAGs
[2025-07-02T23:32:06.817+0000] {logging_mixin.py:190} INFO - [2025-07-02T23:32:06.817+0000] {dag.py:4180} INFO - Setting next_dagrun for example_display_name to None, run_after=None
[2025-07-02T23:32:06.859+0000] {processor.py:208} INFO - Processing /home/airflow/.local/lib/python3.12/site-packages/airflow/example_dags/example_display_name.py took 0.171 seconds
[2025-07-02T23:32:38.509+0000] {processor.py:186} INFO - Started process (PID=579) to work on /home/airflow/.local/lib/python3.12/site-packages/airflow/example_dags/example_display_name.py
[2025-07-02T23:32:38.511+0000] {processor.py:914} INFO - Processing file /home/airflow/.local/lib/python3.12/site-packages/airflow/example_dags/example_display_name.py for tasks to queue
[2025-07-02T23:32:38.514+0000] {logging_mixin.py:190} INFO - [2025-07-02T23:32:38.514+0000] {dagbag.py:588} INFO - Filling up the DagBag from /home/airflow/.local/lib/python3.12/site-packages/airflow/example_dags/example_display_name.py
[2025-07-02T23:32:38.525+0000] {processor.py:925} INFO - DAG(s) 'example_display_name' retrieved from /home/airflow/.local/lib/python3.12/site-packages/airflow/example_dags/example_display_name.py
[2025-07-02T23:32:38.550+0000] {logging_mixin.py:190} INFO - [2025-07-02T23:32:38.550+0000] {dag.py:3239} INFO - Sync 1 DAGs
[2025-07-02T23:32:38.570+0000] {logging_mixin.py:190} INFO - [2025-07-02T23:32:38.569+0000] {dag.py:4180} INFO - Setting next_dagrun for example_display_name to None, run_after=None
[2025-07-02T23:32:38.597+0000] {processor.py:208} INFO - Processing /home/airflow/.local/lib/python3.12/site-packages/airflow/example_dags/example_display_name.py took 0.095 seconds
[2025-07-02T23:33:09.531+0000] {processor.py:186} INFO - Started process (PID=641) to work on /home/airflow/.local/lib/python3.12/site-packages/airflow/example_dags/example_display_name.py
[2025-07-02T23:33:09.532+0000] {processor.py:914} INFO - Processing file /home/airflow/.local/lib/python3.12/site-packages/airflow/example_dags/example_display_name.py for tasks to queue
[2025-07-02T23:33:09.534+0000] {logging_mixin.py:190} INFO - [2025-07-02T23:33:09.534+0000] {dagbag.py:588} INFO - Filling up the DagBag from /home/airflow/.local/lib/python3.12/site-packages/airflow/example_dags/example_display_name.py
[2025-07-02T23:33:09.541+0000] {processor.py:925} INFO - DAG(s) 'example_display_name' retrieved from /home/airflow/.local/lib/python3.12/site-packages/airflow/example_dags/example_display_name.py
[2025-07-02T23:33:09.559+0000] {logging_mixin.py:190} INFO - [2025-07-02T23:33:09.559+0000] {dag.py:3239} INFO - Sync 1 DAGs
[2025-07-02T23:33:09.572+0000] {logging_mixin.py:190} INFO - [2025-07-02T23:33:09.572+0000] {dag.py:4180} INFO - Setting next_dagrun for example_display_name to None, run_after=None
[2025-07-02T23:33:09.590+0000] {processor.py:208} INFO - Processing /home/airflow/.local/lib/python3.12/site-packages/airflow/example_dags/example_display_name.py took 0.064 seconds
[2025-07-02T23:33:39.858+0000] {processor.py:186} INFO - Started process (PID=703) to work on /home/airflow/.local/lib/python3.12/site-packages/airflow/example_dags/example_display_name.py
[2025-07-02T23:33:39.859+0000] {processor.py:914} INFO - Processing file /home/airflow/.local/lib/python3.12/site-packages/airflow/example_dags/example_display_name.py for tasks to queue
[2025-07-02T23:33:39.862+0000] {logging_mixin.py:190} INFO - [2025-07-02T23:33:39.862+0000] {dagbag.py:588} INFO - Filling up the DagBag from /home/airflow/.local/lib/python3.12/site-packages/airflow/example_dags/example_display_name.py
[2025-07-02T23:33:39.870+0000] {processor.py:925} INFO - DAG(s) 'example_display_name' retrieved from /home/airflow/.local/lib/python3.12/site-packages/airflow/example_dags/example_display_name.py
[2025-07-02T23:33:39.891+0000] {logging_mixin.py:190} INFO - [2025-07-02T23:33:39.891+0000] {dag.py:3239} INFO - Sync 1 DAGs
[2025-07-02T23:33:39.908+0000] {logging_mixin.py:190} INFO - [2025-07-02T23:33:39.908+0000] {dag.py:4180} INFO - Setting next_dagrun for example_display_name to None, run_after=None
[2025-07-02T23:33:39.930+0000] {processor.py:208} INFO - Processing /home/airflow/.local/lib/python3.12/site-packages/airflow/example_dags/example_display_name.py took 0.077 seconds
[2025-07-02T23:34:10.214+0000] {processor.py:186} INFO - Started process (PID=765) to work on /home/airflow/.local/lib/python3.12/site-packages/airflow/example_dags/example_display_name.py
[2025-07-02T23:34:10.215+0000] {processor.py:914} INFO - Processing file /home/airflow/.local/lib/python3.12/site-packages/airflow/example_dags/example_display_name.py for tasks to queue
[2025-07-02T23:34:10.218+0000] {logging_mixin.py:190} INFO - [2025-07-02T23:34:10.217+0000] {dagbag.py:588} INFO - Filling up the DagBag from /home/airflow/.local/lib/python3.12/site-packages/airflow/example_dags/example_display_name.py
[2025-07-02T23:34:10.231+0000] {processor.py:925} INFO - DAG(s) 'example_display_name' retrieved from /home/airflow/.local/lib/python3.12/site-packages/airflow/example_dags/example_display_name.py
[2025-07-02T23:34:10.251+0000] {logging_mixin.py:190} INFO - [2025-07-02T23:34:10.251+0000] {dag.py:3239} INFO - Sync 1 DAGs
[2025-07-02T23:34:10.267+0000] {logging_mixin.py:190} INFO - [2025-07-02T23:34:10.267+0000] {dag.py:4180} INFO - Setting next_dagrun for example_display_name to None, run_after=None
[2025-07-02T23:34:10.290+0000] {processor.py:208} INFO - Processing /home/airflow/.local/lib/python3.12/site-packages/airflow/example_dags/example_display_name.py took 0.083 seconds
[2025-07-02T23:34:41.119+0000] {processor.py:186} INFO - Started process (PID=827) to work on /home/airflow/.local/lib/python3.12/site-packages/airflow/example_dags/example_display_name.py
[2025-07-02T23:34:41.120+0000] {processor.py:914} INFO - Processing file /home/airflow/.local/lib/python3.12/site-packages/airflow/example_dags/example_display_name.py for tasks to queue
[2025-07-02T23:34:41.123+0000] {logging_mixin.py:190} INFO - [2025-07-02T23:34:41.122+0000] {dagbag.py:588} INFO - Filling up the DagBag from /home/airflow/.local/lib/python3.12/site-packages/airflow/example_dags/example_display_name.py
[2025-07-02T23:34:41.130+0000] {processor.py:925} INFO - DAG(s) 'example_display_name' retrieved from /home/airflow/.local/lib/python3.12/site-packages/airflow/example_dags/example_display_name.py
[2025-07-02T23:34:41.148+0000] {logging_mixin.py:190} INFO - [2025-07-02T23:34:41.148+0000] {dag.py:3239} INFO - Sync 1 DAGs
[2025-07-02T23:34:41.162+0000] {logging_mixin.py:190} INFO - [2025-07-02T23:34:41.162+0000] {dag.py:4180} INFO - Setting next_dagrun for example_display_name to None, run_after=None
[2025-07-02T23:34:41.179+0000] {processor.py:208} INFO - Processing /home/airflow/.local/lib/python3.12/site-packages/airflow/example_dags/example_display_name.py took 0.065 seconds
[2025-07-02T23:35:11.566+0000] {processor.py:186} INFO - Started process (PID=889) to work on /home/airflow/.local/lib/python3.12/site-packages/airflow/example_dags/example_display_name.py
[2025-07-02T23:35:11.567+0000] {processor.py:914} INFO - Processing file /home/airflow/.local/lib/python3.12/site-packages/airflow/example_dags/example_display_name.py for tasks to queue
[2025-07-02T23:35:11.570+0000] {logging_mixin.py:190} INFO - [2025-07-02T23:35:11.569+0000] {dagbag.py:588} INFO - Filling up the DagBag from /home/airflow/.local/lib/python3.12/site-packages/airflow/example_dags/example_display_name.py
[2025-07-02T23:35:11.577+0000] {processor.py:925} INFO - DAG(s) 'example_display_name' retrieved from /home/airflow/.local/lib/python3.12/site-packages/airflow/example_dags/example_display_name.py
[2025-07-02T23:35:11.603+0000] {logging_mixin.py:190} INFO - [2025-07-02T23:35:11.602+0000] {dag.py:3239} INFO - Sync 1 DAGs
[2025-07-02T23:35:11.619+0000] {logging_mixin.py:190} INFO - [2025-07-02T23:35:11.619+0000] {dag.py:4180} INFO - Setting next_dagrun for example_display_name to None, run_after=None
[2025-07-02T23:35:11.642+0000] {processor.py:208} INFO - Processing /home/airflow/.local/lib/python3.12/site-packages/airflow/example_dags/example_display_name.py took 0.082 seconds
[2025-07-02T23:35:41.967+0000] {processor.py:186} INFO - Started process (PID=951) to work on /home/airflow/.local/lib/python3.12/site-packages/airflow/example_dags/example_display_name.py
[2025-07-02T23:35:41.968+0000] {processor.py:914} INFO - Processing file /home/airflow/.local/lib/python3.12/site-packages/airflow/example_dags/example_display_name.py for tasks to queue
[2025-07-02T23:35:41.972+0000] {logging_mixin.py:190} INFO - [2025-07-02T23:35:41.971+0000] {dagbag.py:588} INFO - Filling up the DagBag from /home/airflow/.local/lib/python3.12/site-packages/airflow/example_dags/example_display_name.py
[2025-07-02T23:35:41.981+0000] {processor.py:925} INFO - DAG(s) 'example_display_name' retrieved from /home/airflow/.local/lib/python3.12/site-packages/airflow/example_dags/example_display_name.py
[2025-07-02T23:35:42.004+0000] {logging_mixin.py:190} INFO - [2025-07-02T23:35:42.004+0000] {dag.py:3239} INFO - Sync 1 DAGs
[2025-07-02T23:35:42.022+0000] {logging_mixin.py:190} INFO - [2025-07-02T23:35:42.021+0000] {dag.py:4180} INFO - Setting next_dagrun for example_display_name to None, run_after=None
[2025-07-02T23:35:42.041+0000] {processor.py:208} INFO - Processing /home/airflow/.local/lib/python3.12/site-packages/airflow/example_dags/example_display_name.py took 0.086 seconds
[2025-07-02T23:36:12.585+0000] {processor.py:186} INFO - Started process (PID=1013) to work on /home/airflow/.local/lib/python3.12/site-packages/airflow/example_dags/example_display_name.py
[2025-07-02T23:36:12.587+0000] {processor.py:914} INFO - Processing file /home/airflow/.local/lib/python3.12/site-packages/airflow/example_dags/example_display_name.py for tasks to queue
[2025-07-02T23:36:12.589+0000] {logging_mixin.py:190} INFO - [2025-07-02T23:36:12.589+0000] {dagbag.py:588} INFO - Filling up the DagBag from /home/airflow/.local/lib/python3.12/site-packages/airflow/example_dags/example_display_name.py
[2025-07-02T23:36:12.597+0000] {processor.py:925} INFO - DAG(s) 'example_display_name' retrieved from /home/airflow/.local/lib/python3.12/site-packages/airflow/example_dags/example_display_name.py
[2025-07-02T23:36:12.615+0000] {logging_mixin.py:190} INFO - [2025-07-02T23:36:12.615+0000] {dag.py:3239} INFO - Sync 1 DAGs
[2025-07-02T23:36:12.629+0000] {logging_mixin.py:190} INFO - [2025-07-02T23:36:12.629+0000] {dag.py:4180} INFO - Setting next_dagrun for example_display_name to None, run_after=None
[2025-07-02T23:36:12.646+0000] {processor.py:208} INFO - Processing /home/airflow/.local/lib/python3.12/site-packages/airflow/example_dags/example_display_name.py took 0.067 seconds
[2025-07-02T23:36:43.276+0000] {processor.py:186} INFO - Started process (PID=1075) to work on /home/airflow/.local/lib/python3.12/site-packages/airflow/example_dags/example_display_name.py
[2025-07-02T23:36:43.277+0000] {processor.py:914} INFO - Processing file /home/airflow/.local/lib/python3.12/site-packages/airflow/example_dags/example_display_name.py for tasks to queue
[2025-07-02T23:36:43.279+0000] {logging_mixin.py:190} INFO - [2025-07-02T23:36:43.279+0000] {dagbag.py:588} INFO - Filling up the DagBag from /home/airflow/.local/lib/python3.12/site-packages/airflow/example_dags/example_display_name.py
[2025-07-02T23:36:43.286+0000] {processor.py:925} INFO - DAG(s) 'example_display_name' retrieved from /home/airflow/.local/lib/python3.12/site-packages/airflow/example_dags/example_display_name.py
[2025-07-02T23:36:43.303+0000] {logging_mixin.py:190} INFO - [2025-07-02T23:36:43.303+0000] {dag.py:3239} INFO - Sync 1 DAGs
[2025-07-02T23:36:43.316+0000] {logging_mixin.py:190} INFO - [2025-07-02T23:36:43.316+0000] {dag.py:4180} INFO - Setting next_dagrun for example_display_name to None, run_after=None
[2025-07-02T23:36:43.334+0000] {processor.py:208} INFO - Processing /home/airflow/.local/lib/python3.12/site-packages/airflow/example_dags/example_display_name.py took 0.064 seconds
[2025-07-02T23:37:14.017+0000] {processor.py:186} INFO - Started process (PID=1137) to work on /home/airflow/.local/lib/python3.12/site-packages/airflow/example_dags/example_display_name.py
[2025-07-02T23:37:14.018+0000] {processor.py:914} INFO - Processing file /home/airflow/.local/lib/python3.12/site-packages/airflow/example_dags/example_display_name.py for tasks to queue
[2025-07-02T23:37:14.020+0000] {logging_mixin.py:190} INFO - [2025-07-02T23:37:14.020+0000] {dagbag.py:588} INFO - Filling up the DagBag from /home/airflow/.local/lib/python3.12/site-packages/airflow/example_dags/example_display_name.py
[2025-07-02T23:37:14.027+0000] {processor.py:925} INFO - DAG(s) 'example_display_name' retrieved from /home/airflow/.local/lib/python3.12/site-packages/airflow/example_dags/example_display_name.py
[2025-07-02T23:37:14.044+0000] {logging_mixin.py:190} INFO - [2025-07-02T23:37:14.044+0000] {dag.py:3239} INFO - Sync 1 DAGs
[2025-07-02T23:37:14.058+0000] {logging_mixin.py:190} INFO - [2025-07-02T23:37:14.058+0000] {dag.py:4180} INFO - Setting next_dagrun for example_display_name to None, run_after=None
[2025-07-02T23:37:14.075+0000] {processor.py:208} INFO - Processing /home/airflow/.local/lib/python3.12/site-packages/airflow/example_dags/example_display_name.py took 0.064 seconds
[2025-07-02T23:37:44.800+0000] {processor.py:186} INFO - Started process (PID=1199) to work on /home/airflow/.local/lib/python3.12/site-packages/airflow/example_dags/example_display_name.py
[2025-07-02T23:37:44.801+0000] {processor.py:914} INFO - Processing file /home/airflow/.local/lib/python3.12/site-packages/airflow/example_dags/example_display_name.py for tasks to queue
[2025-07-02T23:37:44.804+0000] {logging_mixin.py:190} INFO - [2025-07-02T23:37:44.804+0000] {dagbag.py:588} INFO - Filling up the DagBag from /home/airflow/.local/lib/python3.12/site-packages/airflow/example_dags/example_display_name.py
[2025-07-02T23:37:44.815+0000] {processor.py:925} INFO - DAG(s) 'example_display_name' retrieved from /home/airflow/.local/lib/python3.12/site-packages/airflow/example_dags/example_display_name.py
[2025-07-02T23:37:44.832+0000] {logging_mixin.py:190} INFO - [2025-07-02T23:37:44.832+0000] {dag.py:3239} INFO - Sync 1 DAGs
[2025-07-02T23:37:44.848+0000] {logging_mixin.py:190} INFO - [2025-07-02T23:37:44.848+0000] {dag.py:4180} INFO - Setting next_dagrun for example_display_name to None, run_after=None
[2025-07-02T23:37:44.866+0000] {processor.py:208} INFO - Processing /home/airflow/.local/lib/python3.12/site-packages/airflow/example_dags/example_display_name.py took 0.071 seconds
[2025-07-02T23:38:15.529+0000] {processor.py:186} INFO - Started process (PID=1261) to work on /home/airflow/.local/lib/python3.12/site-packages/airflow/example_dags/example_display_name.py
[2025-07-02T23:38:15.530+0000] {processor.py:914} INFO - Processing file /home/airflow/.local/lib/python3.12/site-packages/airflow/example_dags/example_display_name.py for tasks to queue
[2025-07-02T23:38:15.532+0000] {logging_mixin.py:190} INFO - [2025-07-02T23:38:15.532+0000] {dagbag.py:588} INFO - Filling up the DagBag from /home/airflow/.local/lib/python3.12/site-packages/airflow/example_dags/example_display_name.py
[2025-07-02T23:38:15.539+0000] {processor.py:925} INFO - DAG(s) 'example_display_name' retrieved from /home/airflow/.local/lib/python3.12/site-packages/airflow/example_dags/example_display_name.py
[2025-07-02T23:38:15.558+0000] {logging_mixin.py:190} INFO - [2025-07-02T23:38:15.558+0000] {dag.py:3239} INFO - Sync 1 DAGs
[2025-07-02T23:38:15.572+0000] {logging_mixin.py:190} INFO - [2025-07-02T23:38:15.571+0000] {dag.py:4180} INFO - Setting next_dagrun for example_display_name to None, run_after=None
[2025-07-02T23:38:15.589+0000] {processor.py:208} INFO - Processing /home/airflow/.local/lib/python3.12/site-packages/airflow/example_dags/example_display_name.py took 0.065 seconds
[2025-07-02T23:38:46.508+0000] {processor.py:186} INFO - Started process (PID=1323) to work on /home/airflow/.local/lib/python3.12/site-packages/airflow/example_dags/example_display_name.py
[2025-07-02T23:38:46.509+0000] {processor.py:914} INFO - Processing file /home/airflow/.local/lib/python3.12/site-packages/airflow/example_dags/example_display_name.py for tasks to queue
[2025-07-02T23:38:46.511+0000] {logging_mixin.py:190} INFO - [2025-07-02T23:38:46.511+0000] {dagbag.py:588} INFO - Filling up the DagBag from /home/airflow/.local/lib/python3.12/site-packages/airflow/example_dags/example_display_name.py
[2025-07-02T23:38:46.518+0000] {processor.py:925} INFO - DAG(s) 'example_display_name' retrieved from /home/airflow/.local/lib/python3.12/site-packages/airflow/example_dags/example_display_name.py
[2025-07-02T23:38:46.538+0000] {logging_mixin.py:190} INFO - [2025-07-02T23:38:46.537+0000] {dag.py:3239} INFO - Sync 1 DAGs
[2025-07-02T23:38:46.551+0000] {logging_mixin.py:190} INFO - [2025-07-02T23:38:46.550+0000] {dag.py:4180} INFO - Setting next_dagrun for example_display_name to None, run_after=None
[2025-07-02T23:38:46.567+0000] {processor.py:208} INFO - Processing /home/airflow/.local/lib/python3.12/site-packages/airflow/example_dags/example_display_name.py took 0.064 seconds
[2025-07-02T23:39:17.088+0000] {processor.py:186} INFO - Started process (PID=1385) to work on /home/airflow/.local/lib/python3.12/site-packages/airflow/example_dags/example_display_name.py
[2025-07-02T23:39:17.089+0000] {processor.py:914} INFO - Processing file /home/airflow/.local/lib/python3.12/site-packages/airflow/example_dags/example_display_name.py for tasks to queue
[2025-07-02T23:39:17.092+0000] {logging_mixin.py:190} INFO - [2025-07-02T23:39:17.092+0000] {dagbag.py:588} INFO - Filling up the DagBag from /home/airflow/.local/lib/python3.12/site-packages/airflow/example_dags/example_display_name.py
[2025-07-02T23:39:17.101+0000] {processor.py:925} INFO - DAG(s) 'example_display_name' retrieved from /home/airflow/.local/lib/python3.12/site-packages/airflow/example_dags/example_display_name.py
[2025-07-02T23:39:17.121+0000] {logging_mixin.py:190} INFO - [2025-07-02T23:39:17.121+0000] {dag.py:3239} INFO - Sync 1 DAGs
[2025-07-02T23:39:17.135+0000] {logging_mixin.py:190} INFO - [2025-07-02T23:39:17.134+0000] {dag.py:4180} INFO - Setting next_dagrun for example_display_name to None, run_after=None
[2025-07-02T23:39:17.152+0000] {processor.py:208} INFO - Processing /home/airflow/.local/lib/python3.12/site-packages/airflow/example_dags/example_display_name.py took 0.070 seconds
[2025-07-02T23:39:47.501+0000] {processor.py:186} INFO - Started process (PID=1447) to work on /home/airflow/.local/lib/python3.12/site-packages/airflow/example_dags/example_display_name.py
[2025-07-02T23:39:47.502+0000] {processor.py:914} INFO - Processing file /home/airflow/.local/lib/python3.12/site-packages/airflow/example_dags/example_display_name.py for tasks to queue
[2025-07-02T23:39:47.504+0000] {logging_mixin.py:190} INFO - [2025-07-02T23:39:47.504+0000] {dagbag.py:588} INFO - Filling up the DagBag from /home/airflow/.local/lib/python3.12/site-packages/airflow/example_dags/example_display_name.py
[2025-07-02T23:39:47.514+0000] {processor.py:925} INFO - DAG(s) 'example_display_name' retrieved from /home/airflow/.local/lib/python3.12/site-packages/airflow/example_dags/example_display_name.py
[2025-07-02T23:39:47.537+0000] {logging_mixin.py:190} INFO - [2025-07-02T23:39:47.537+0000] {dag.py:3239} INFO - Sync 1 DAGs
[2025-07-02T23:39:47.553+0000] {logging_mixin.py:190} INFO - [2025-07-02T23:39:47.553+0000] {dag.py:4180} INFO - Setting next_dagrun for example_display_name to None, run_after=None
[2025-07-02T23:39:47.571+0000] {processor.py:208} INFO - Processing /home/airflow/.local/lib/python3.12/site-packages/airflow/example_dags/example_display_name.py took 0.076 seconds
[2025-07-02T23:40:18.403+0000] {processor.py:186} INFO - Started process (PID=1509) to work on /home/airflow/.local/lib/python3.12/site-packages/airflow/example_dags/example_display_name.py
[2025-07-02T23:40:18.405+0000] {processor.py:914} INFO - Processing file /home/airflow/.local/lib/python3.12/site-packages/airflow/example_dags/example_display_name.py for tasks to queue
[2025-07-02T23:40:18.409+0000] {logging_mixin.py:190} INFO - [2025-07-02T23:40:18.408+0000] {dagbag.py:588} INFO - Filling up the DagBag from /home/airflow/.local/lib/python3.12/site-packages/airflow/example_dags/example_display_name.py
[2025-07-02T23:40:18.419+0000] {processor.py:925} INFO - DAG(s) 'example_display_name' retrieved from /home/airflow/.local/lib/python3.12/site-packages/airflow/example_dags/example_display_name.py
[2025-07-02T23:40:18.444+0000] {logging_mixin.py:190} INFO - [2025-07-02T23:40:18.443+0000] {dag.py:3239} INFO - Sync 1 DAGs
[2025-07-02T23:40:18.461+0000] {logging_mixin.py:190} INFO - [2025-07-02T23:40:18.460+0000] {dag.py:4180} INFO - Setting next_dagrun for example_display_name to None, run_after=None
[2025-07-02T23:40:18.481+0000] {processor.py:208} INFO - Processing /home/airflow/.local/lib/python3.12/site-packages/airflow/example_dags/example_display_name.py took 0.084 seconds
[2025-07-02T23:40:48.604+0000] {processor.py:186} INFO - Started process (PID=1571) to work on /home/airflow/.local/lib/python3.12/site-packages/airflow/example_dags/example_display_name.py
[2025-07-02T23:40:48.605+0000] {processor.py:914} INFO - Processing file /home/airflow/.local/lib/python3.12/site-packages/airflow/example_dags/example_display_name.py for tasks to queue
[2025-07-02T23:40:48.607+0000] {logging_mixin.py:190} INFO - [2025-07-02T23:40:48.607+0000] {dagbag.py:588} INFO - Filling up the DagBag from /home/airflow/.local/lib/python3.12/site-packages/airflow/example_dags/example_display_name.py
[2025-07-02T23:40:48.615+0000] {processor.py:925} INFO - DAG(s) 'example_display_name' retrieved from /home/airflow/.local/lib/python3.12/site-packages/airflow/example_dags/example_display_name.py
[2025-07-02T23:40:48.634+0000] {logging_mixin.py:190} INFO - [2025-07-02T23:40:48.633+0000] {dag.py:3239} INFO - Sync 1 DAGs
[2025-07-02T23:40:48.650+0000] {logging_mixin.py:190} INFO - [2025-07-02T23:40:48.650+0000] {dag.py:4180} INFO - Setting next_dagrun for example_display_name to None, run_after=None
[2025-07-02T23:40:48.674+0000] {processor.py:208} INFO - Processing /home/airflow/.local/lib/python3.12/site-packages/airflow/example_dags/example_display_name.py took 0.077 seconds
[2025-07-02T23:41:19.293+0000] {processor.py:186} INFO - Started process (PID=1633) to work on /home/airflow/.local/lib/python3.12/site-packages/airflow/example_dags/example_display_name.py
[2025-07-02T23:41:19.294+0000] {processor.py:914} INFO - Processing file /home/airflow/.local/lib/python3.12/site-packages/airflow/example_dags/example_display_name.py for tasks to queue
[2025-07-02T23:41:19.296+0000] {logging_mixin.py:190} INFO - [2025-07-02T23:41:19.295+0000] {dagbag.py:588} INFO - Filling up the DagBag from /home/airflow/.local/lib/python3.12/site-packages/airflow/example_dags/example_display_name.py
[2025-07-02T23:41:19.303+0000] {processor.py:925} INFO - DAG(s) 'example_display_name' retrieved from /home/airflow/.local/lib/python3.12/site-packages/airflow/example_dags/example_display_name.py
[2025-07-02T23:41:19.321+0000] {logging_mixin.py:190} INFO - [2025-07-02T23:41:19.321+0000] {dag.py:3239} INFO - Sync 1 DAGs
[2025-07-02T23:41:19.335+0000] {logging_mixin.py:190} INFO - [2025-07-02T23:41:19.335+0000] {dag.py:4180} INFO - Setting next_dagrun for example_display_name to None, run_after=None
[2025-07-02T23:41:19.354+0000] {processor.py:208} INFO - Processing /home/airflow/.local/lib/python3.12/site-packages/airflow/example_dags/example_display_name.py took 0.067 seconds
[2025-07-02T23:41:50.181+0000] {processor.py:186} INFO - Started process (PID=1695) to work on /home/airflow/.local/lib/python3.12/site-packages/airflow/example_dags/example_display_name.py
[2025-07-02T23:41:50.182+0000] {processor.py:914} INFO - Processing file /home/airflow/.local/lib/python3.12/site-packages/airflow/example_dags/example_display_name.py for tasks to queue
[2025-07-02T23:41:50.184+0000] {logging_mixin.py:190} INFO - [2025-07-02T23:41:50.184+0000] {dagbag.py:588} INFO - Filling up the DagBag from /home/airflow/.local/lib/python3.12/site-packages/airflow/example_dags/example_display_name.py
[2025-07-02T23:41:50.193+0000] {processor.py:925} INFO - DAG(s) 'example_display_name' retrieved from /home/airflow/.local/lib/python3.12/site-packages/airflow/example_dags/example_display_name.py
[2025-07-02T23:41:50.214+0000] {logging_mixin.py:190} INFO - [2025-07-02T23:41:50.214+0000] {dag.py:3239} INFO - Sync 1 DAGs
[2025-07-02T23:41:50.229+0000] {logging_mixin.py:190} INFO - [2025-07-02T23:41:50.229+0000] {dag.py:4180} INFO - Setting next_dagrun for example_display_name to None, run_after=None
[2025-07-02T23:41:50.251+0000] {processor.py:208} INFO - Processing /home/airflow/.local/lib/python3.12/site-packages/airflow/example_dags/example_display_name.py took 0.075 seconds
[2025-07-02T23:42:20.796+0000] {processor.py:186} INFO - Started process (PID=1757) to work on /home/airflow/.local/lib/python3.12/site-packages/airflow/example_dags/example_display_name.py
[2025-07-02T23:42:20.797+0000] {processor.py:914} INFO - Processing file /home/airflow/.local/lib/python3.12/site-packages/airflow/example_dags/example_display_name.py for tasks to queue
[2025-07-02T23:42:20.801+0000] {logging_mixin.py:190} INFO - [2025-07-02T23:42:20.800+0000] {dagbag.py:588} INFO - Filling up the DagBag from /home/airflow/.local/lib/python3.12/site-packages/airflow/example_dags/example_display_name.py
[2025-07-02T23:42:20.810+0000] {processor.py:925} INFO - DAG(s) 'example_display_name' retrieved from /home/airflow/.local/lib/python3.12/site-packages/airflow/example_dags/example_display_name.py
[2025-07-02T23:42:20.830+0000] {logging_mixin.py:190} INFO - [2025-07-02T23:42:20.829+0000] {dag.py:3239} INFO - Sync 1 DAGs
[2025-07-02T23:42:20.849+0000] {logging_mixin.py:190} INFO - [2025-07-02T23:42:20.849+0000] {dag.py:4180} INFO - Setting next_dagrun for example_display_name to None, run_after=None
[2025-07-02T23:42:20.875+0000] {processor.py:208} INFO - Processing /home/airflow/.local/lib/python3.12/site-packages/airflow/example_dags/example_display_name.py took 0.085 seconds
[2025-07-02T23:42:51.434+0000] {processor.py:186} INFO - Started process (PID=1819) to work on /home/airflow/.local/lib/python3.12/site-packages/airflow/example_dags/example_display_name.py
[2025-07-02T23:42:51.435+0000] {processor.py:914} INFO - Processing file /home/airflow/.local/lib/python3.12/site-packages/airflow/example_dags/example_display_name.py for tasks to queue
[2025-07-02T23:42:51.437+0000] {logging_mixin.py:190} INFO - [2025-07-02T23:42:51.437+0000] {dagbag.py:588} INFO - Filling up the DagBag from /home/airflow/.local/lib/python3.12/site-packages/airflow/example_dags/example_display_name.py
[2025-07-02T23:42:51.444+0000] {processor.py:925} INFO - DAG(s) 'example_display_name' retrieved from /home/airflow/.local/lib/python3.12/site-packages/airflow/example_dags/example_display_name.py
[2025-07-02T23:42:51.462+0000] {logging_mixin.py:190} INFO - [2025-07-02T23:42:51.462+0000] {dag.py:3239} INFO - Sync 1 DAGs
[2025-07-02T23:42:51.476+0000] {logging_mixin.py:190} INFO - [2025-07-02T23:42:51.475+0000] {dag.py:4180} INFO - Setting next_dagrun for example_display_name to None, run_after=None
[2025-07-02T23:42:51.493+0000] {processor.py:208} INFO - Processing /home/airflow/.local/lib/python3.12/site-packages/airflow/example_dags/example_display_name.py took 0.064 seconds
[2025-07-02T23:43:22.059+0000] {processor.py:186} INFO - Started process (PID=1881) to work on /home/airflow/.local/lib/python3.12/site-packages/airflow/example_dags/example_display_name.py
[2025-07-02T23:43:22.060+0000] {processor.py:914} INFO - Processing file /home/airflow/.local/lib/python3.12/site-packages/airflow/example_dags/example_display_name.py for tasks to queue
[2025-07-02T23:43:22.062+0000] {logging_mixin.py:190} INFO - [2025-07-02T23:43:22.062+0000] {dagbag.py:588} INFO - Filling up the DagBag from /home/airflow/.local/lib/python3.12/site-packages/airflow/example_dags/example_display_name.py
[2025-07-02T23:43:22.075+0000] {processor.py:925} INFO - DAG(s) 'example_display_name' retrieved from /home/airflow/.local/lib/python3.12/site-packages/airflow/example_dags/example_display_name.py
[2025-07-02T23:43:22.105+0000] {logging_mixin.py:190} INFO - [2025-07-02T23:43:22.105+0000] {dag.py:3239} INFO - Sync 1 DAGs
[2025-07-02T23:43:22.126+0000] {logging_mixin.py:190} INFO - [2025-07-02T23:43:22.126+0000] {dag.py:4180} INFO - Setting next_dagrun for example_display_name to None, run_after=None
[2025-07-02T23:43:22.156+0000] {processor.py:208} INFO - Processing /home/airflow/.local/lib/python3.12/site-packages/airflow/example_dags/example_display_name.py took 0.106 seconds
[2025-07-02T23:43:52.578+0000] {processor.py:186} INFO - Started process (PID=1943) to work on /home/airflow/.local/lib/python3.12/site-packages/airflow/example_dags/example_display_name.py
[2025-07-02T23:43:52.579+0000] {processor.py:914} INFO - Processing file /home/airflow/.local/lib/python3.12/site-packages/airflow/example_dags/example_display_name.py for tasks to queue
[2025-07-02T23:43:52.581+0000] {logging_mixin.py:190} INFO - [2025-07-02T23:43:52.581+0000] {dagbag.py:588} INFO - Filling up the DagBag from /home/airflow/.local/lib/python3.12/site-packages/airflow/example_dags/example_display_name.py
[2025-07-02T23:43:52.588+0000] {processor.py:925} INFO - DAG(s) 'example_display_name' retrieved from /home/airflow/.local/lib/python3.12/site-packages/airflow/example_dags/example_display_name.py
[2025-07-02T23:43:52.605+0000] {logging_mixin.py:190} INFO - [2025-07-02T23:43:52.605+0000] {dag.py:3239} INFO - Sync 1 DAGs
[2025-07-02T23:43:52.618+0000] {logging_mixin.py:190} INFO - [2025-07-02T23:43:52.618+0000] {dag.py:4180} INFO - Setting next_dagrun for example_display_name to None, run_after=None
[2025-07-02T23:43:52.634+0000] {processor.py:208} INFO - Processing /home/airflow/.local/lib/python3.12/site-packages/airflow/example_dags/example_display_name.py took 0.061 seconds
[2025-07-02T23:44:23.506+0000] {processor.py:186} INFO - Started process (PID=2005) to work on /home/airflow/.local/lib/python3.12/site-packages/airflow/example_dags/example_display_name.py
[2025-07-02T23:44:23.508+0000] {processor.py:914} INFO - Processing file /home/airflow/.local/lib/python3.12/site-packages/airflow/example_dags/example_display_name.py for tasks to queue
[2025-07-02T23:44:23.510+0000] {logging_mixin.py:190} INFO - [2025-07-02T23:44:23.510+0000] {dagbag.py:588} INFO - Filling up the DagBag from /home/airflow/.local/lib/python3.12/site-packages/airflow/example_dags/example_display_name.py
[2025-07-02T23:44:23.518+0000] {processor.py:925} INFO - DAG(s) 'example_display_name' retrieved from /home/airflow/.local/lib/python3.12/site-packages/airflow/example_dags/example_display_name.py
[2025-07-02T23:44:23.537+0000] {logging_mixin.py:190} INFO - [2025-07-02T23:44:23.537+0000] {dag.py:3239} INFO - Sync 1 DAGs
[2025-07-02T23:44:23.552+0000] {logging_mixin.py:190} INFO - [2025-07-02T23:44:23.551+0000] {dag.py:4180} INFO - Setting next_dagrun for example_display_name to None, run_after=None
[2025-07-02T23:44:23.572+0000] {processor.py:208} INFO - Processing /home/airflow/.local/lib/python3.12/site-packages/airflow/example_dags/example_display_name.py took 0.071 seconds
[2025-07-02T23:44:54.159+0000] {processor.py:186} INFO - Started process (PID=2067) to work on /home/airflow/.local/lib/python3.12/site-packages/airflow/example_dags/example_display_name.py
[2025-07-02T23:44:54.161+0000] {processor.py:914} INFO - Processing file /home/airflow/.local/lib/python3.12/site-packages/airflow/example_dags/example_display_name.py for tasks to queue
[2025-07-02T23:44:54.164+0000] {logging_mixin.py:190} INFO - [2025-07-02T23:44:54.163+0000] {dagbag.py:588} INFO - Filling up the DagBag from /home/airflow/.local/lib/python3.12/site-packages/airflow/example_dags/example_display_name.py
[2025-07-02T23:44:54.173+0000] {processor.py:925} INFO - DAG(s) 'example_display_name' retrieved from /home/airflow/.local/lib/python3.12/site-packages/airflow/example_dags/example_display_name.py
[2025-07-02T23:44:54.198+0000] {logging_mixin.py:190} INFO - [2025-07-02T23:44:54.198+0000] {dag.py:3239} INFO - Sync 1 DAGs
[2025-07-02T23:44:54.217+0000] {logging_mixin.py:190} INFO - [2025-07-02T23:44:54.216+0000] {dag.py:4180} INFO - Setting next_dagrun for example_display_name to None, run_after=None
[2025-07-02T23:44:54.238+0000] {processor.py:208} INFO - Processing /home/airflow/.local/lib/python3.12/site-packages/airflow/example_dags/example_display_name.py took 0.087 seconds
[2025-07-02T23:45:24.504+0000] {processor.py:186} INFO - Started process (PID=2128) to work on /home/airflow/.local/lib/python3.12/site-packages/airflow/example_dags/example_display_name.py
[2025-07-02T23:45:24.505+0000] {processor.py:914} INFO - Processing file /home/airflow/.local/lib/python3.12/site-packages/airflow/example_dags/example_display_name.py for tasks to queue
[2025-07-02T23:45:24.508+0000] {logging_mixin.py:190} INFO - [2025-07-02T23:45:24.508+0000] {dagbag.py:588} INFO - Filling up the DagBag from /home/airflow/.local/lib/python3.12/site-packages/airflow/example_dags/example_display_name.py
[2025-07-02T23:45:24.516+0000] {processor.py:925} INFO - DAG(s) 'example_display_name' retrieved from /home/airflow/.local/lib/python3.12/site-packages/airflow/example_dags/example_display_name.py
[2025-07-02T23:45:24.535+0000] {logging_mixin.py:190} INFO - [2025-07-02T23:45:24.535+0000] {dag.py:3239} INFO - Sync 1 DAGs
[2025-07-02T23:45:24.549+0000] {logging_mixin.py:190} INFO - [2025-07-02T23:45:24.549+0000] {dag.py:4180} INFO - Setting next_dagrun for example_display_name to None, run_after=None
[2025-07-02T23:45:24.568+0000] {processor.py:208} INFO - Processing /home/airflow/.local/lib/python3.12/site-packages/airflow/example_dags/example_display_name.py took 0.070 seconds
[2025-07-02T23:45:55.227+0000] {processor.py:186} INFO - Started process (PID=2191) to work on /home/airflow/.local/lib/python3.12/site-packages/airflow/example_dags/example_display_name.py
[2025-07-02T23:45:55.228+0000] {processor.py:914} INFO - Processing file /home/airflow/.local/lib/python3.12/site-packages/airflow/example_dags/example_display_name.py for tasks to queue
[2025-07-02T23:45:55.231+0000] {logging_mixin.py:190} INFO - [2025-07-02T23:45:55.231+0000] {dagbag.py:588} INFO - Filling up the DagBag from /home/airflow/.local/lib/python3.12/site-packages/airflow/example_dags/example_display_name.py
[2025-07-02T23:45:55.239+0000] {processor.py:925} INFO - DAG(s) 'example_display_name' retrieved from /home/airflow/.local/lib/python3.12/site-packages/airflow/example_dags/example_display_name.py
[2025-07-02T23:45:55.262+0000] {logging_mixin.py:190} INFO - [2025-07-02T23:45:55.262+0000] {dag.py:3239} INFO - Sync 1 DAGs
[2025-07-02T23:45:55.283+0000] {logging_mixin.py:190} INFO - [2025-07-02T23:45:55.283+0000] {dag.py:4180} INFO - Setting next_dagrun for example_display_name to None, run_after=None
[2025-07-02T23:45:55.307+0000] {processor.py:208} INFO - Processing /home/airflow/.local/lib/python3.12/site-packages/airflow/example_dags/example_display_name.py took 0.086 seconds
[2025-07-02T23:46:25.420+0000] {processor.py:186} INFO - Started process (PID=2252) to work on /home/airflow/.local/lib/python3.12/site-packages/airflow/example_dags/example_display_name.py
[2025-07-02T23:46:25.421+0000] {processor.py:914} INFO - Processing file /home/airflow/.local/lib/python3.12/site-packages/airflow/example_dags/example_display_name.py for tasks to queue
[2025-07-02T23:46:25.424+0000] {logging_mixin.py:190} INFO - [2025-07-02T23:46:25.423+0000] {dagbag.py:588} INFO - Filling up the DagBag from /home/airflow/.local/lib/python3.12/site-packages/airflow/example_dags/example_display_name.py
[2025-07-02T23:46:25.432+0000] {processor.py:925} INFO - DAG(s) 'example_display_name' retrieved from /home/airflow/.local/lib/python3.12/site-packages/airflow/example_dags/example_display_name.py
[2025-07-02T23:46:25.451+0000] {logging_mixin.py:190} INFO - [2025-07-02T23:46:25.451+0000] {dag.py:3239} INFO - Sync 1 DAGs
[2025-07-02T23:46:25.465+0000] {logging_mixin.py:190} INFO - [2025-07-02T23:46:25.465+0000] {dag.py:4180} INFO - Setting next_dagrun for example_display_name to None, run_after=None
[2025-07-02T23:46:25.493+0000] {processor.py:208} INFO - Processing /home/airflow/.local/lib/python3.12/site-packages/airflow/example_dags/example_display_name.py took 0.079 seconds
[2025-07-02T23:46:55.772+0000] {processor.py:186} INFO - Started process (PID=2314) to work on /home/airflow/.local/lib/python3.12/site-packages/airflow/example_dags/example_display_name.py
[2025-07-02T23:46:55.773+0000] {processor.py:914} INFO - Processing file /home/airflow/.local/lib/python3.12/site-packages/airflow/example_dags/example_display_name.py for tasks to queue
[2025-07-02T23:46:55.777+0000] {logging_mixin.py:190} INFO - [2025-07-02T23:46:55.776+0000] {dagbag.py:588} INFO - Filling up the DagBag from /home/airflow/.local/lib/python3.12/site-packages/airflow/example_dags/example_display_name.py
[2025-07-02T23:46:55.786+0000] {processor.py:925} INFO - DAG(s) 'example_display_name' retrieved from /home/airflow/.local/lib/python3.12/site-packages/airflow/example_dags/example_display_name.py
[2025-07-02T23:46:55.809+0000] {logging_mixin.py:190} INFO - [2025-07-02T23:46:55.809+0000] {dag.py:3239} INFO - Sync 1 DAGs
[2025-07-02T23:46:55.831+0000] {logging_mixin.py:190} INFO - [2025-07-02T23:46:55.831+0000] {dag.py:4180} INFO - Setting next_dagrun for example_display_name to None, run_after=None
[2025-07-02T23:46:55.865+0000] {processor.py:208} INFO - Processing /home/airflow/.local/lib/python3.12/site-packages/airflow/example_dags/example_display_name.py took 0.100 seconds
[2025-07-02T23:47:26.242+0000] {processor.py:186} INFO - Started process (PID=2376) to work on /home/airflow/.local/lib/python3.12/site-packages/airflow/example_dags/example_display_name.py
[2025-07-02T23:47:26.244+0000] {processor.py:914} INFO - Processing file /home/airflow/.local/lib/python3.12/site-packages/airflow/example_dags/example_display_name.py for tasks to queue
[2025-07-02T23:47:26.246+0000] {logging_mixin.py:190} INFO - [2025-07-02T23:47:26.246+0000] {dagbag.py:588} INFO - Filling up the DagBag from /home/airflow/.local/lib/python3.12/site-packages/airflow/example_dags/example_display_name.py
[2025-07-02T23:47:26.253+0000] {processor.py:925} INFO - DAG(s) 'example_display_name' retrieved from /home/airflow/.local/lib/python3.12/site-packages/airflow/example_dags/example_display_name.py
[2025-07-02T23:47:26.272+0000] {logging_mixin.py:190} INFO - [2025-07-02T23:47:26.272+0000] {dag.py:3239} INFO - Sync 1 DAGs
[2025-07-02T23:47:26.286+0000] {logging_mixin.py:190} INFO - [2025-07-02T23:47:26.286+0000] {dag.py:4180} INFO - Setting next_dagrun for example_display_name to None, run_after=None
[2025-07-02T23:47:26.304+0000] {processor.py:208} INFO - Processing /home/airflow/.local/lib/python3.12/site-packages/airflow/example_dags/example_display_name.py took 0.066 seconds
[2025-07-02T23:47:57.232+0000] {processor.py:186} INFO - Started process (PID=2438) to work on /home/airflow/.local/lib/python3.12/site-packages/airflow/example_dags/example_display_name.py
[2025-07-02T23:47:57.233+0000] {processor.py:914} INFO - Processing file /home/airflow/.local/lib/python3.12/site-packages/airflow/example_dags/example_display_name.py for tasks to queue
[2025-07-02T23:47:57.236+0000] {logging_mixin.py:190} INFO - [2025-07-02T23:47:57.235+0000] {dagbag.py:588} INFO - Filling up the DagBag from /home/airflow/.local/lib/python3.12/site-packages/airflow/example_dags/example_display_name.py
[2025-07-02T23:47:57.243+0000] {processor.py:925} INFO - DAG(s) 'example_display_name' retrieved from /home/airflow/.local/lib/python3.12/site-packages/airflow/example_dags/example_display_name.py
[2025-07-02T23:47:57.263+0000] {logging_mixin.py:190} INFO - [2025-07-02T23:47:57.262+0000] {dag.py:3239} INFO - Sync 1 DAGs
[2025-07-02T23:47:57.277+0000] {logging_mixin.py:190} INFO - [2025-07-02T23:47:57.277+0000] {dag.py:4180} INFO - Setting next_dagrun for example_display_name to None, run_after=None
[2025-07-02T23:47:57.297+0000] {processor.py:208} INFO - Processing /home/airflow/.local/lib/python3.12/site-packages/airflow/example_dags/example_display_name.py took 0.071 seconds
[2025-07-02T23:48:27.490+0000] {processor.py:186} INFO - Started process (PID=2500) to work on /home/airflow/.local/lib/python3.12/site-packages/airflow/example_dags/example_display_name.py
[2025-07-02T23:48:27.491+0000] {processor.py:914} INFO - Processing file /home/airflow/.local/lib/python3.12/site-packages/airflow/example_dags/example_display_name.py for tasks to queue
[2025-07-02T23:48:27.494+0000] {logging_mixin.py:190} INFO - [2025-07-02T23:48:27.494+0000] {dagbag.py:588} INFO - Filling up the DagBag from /home/airflow/.local/lib/python3.12/site-packages/airflow/example_dags/example_display_name.py
[2025-07-02T23:48:27.502+0000] {processor.py:925} INFO - DAG(s) 'example_display_name' retrieved from /home/airflow/.local/lib/python3.12/site-packages/airflow/example_dags/example_display_name.py
[2025-07-02T23:48:27.521+0000] {logging_mixin.py:190} INFO - [2025-07-02T23:48:27.521+0000] {dag.py:3239} INFO - Sync 1 DAGs
[2025-07-02T23:48:27.537+0000] {logging_mixin.py:190} INFO - [2025-07-02T23:48:27.537+0000] {dag.py:4180} INFO - Setting next_dagrun for example_display_name to None, run_after=None
[2025-07-02T23:48:27.556+0000] {processor.py:208} INFO - Processing /home/airflow/.local/lib/python3.12/site-packages/airflow/example_dags/example_display_name.py took 0.073 seconds
[2025-07-02T23:48:57.960+0000] {processor.py:186} INFO - Started process (PID=2562) to work on /home/airflow/.local/lib/python3.12/site-packages/airflow/example_dags/example_display_name.py
[2025-07-02T23:48:57.961+0000] {processor.py:914} INFO - Processing file /home/airflow/.local/lib/python3.12/site-packages/airflow/example_dags/example_display_name.py for tasks to queue
[2025-07-02T23:48:57.965+0000] {logging_mixin.py:190} INFO - [2025-07-02T23:48:57.965+0000] {dagbag.py:588} INFO - Filling up the DagBag from /home/airflow/.local/lib/python3.12/site-packages/airflow/example_dags/example_display_name.py
[2025-07-02T23:48:57.972+0000] {processor.py:925} INFO - DAG(s) 'example_display_name' retrieved from /home/airflow/.local/lib/python3.12/site-packages/airflow/example_dags/example_display_name.py
[2025-07-02T23:48:57.992+0000] {logging_mixin.py:190} INFO - [2025-07-02T23:48:57.991+0000] {dag.py:3239} INFO - Sync 1 DAGs
[2025-07-02T23:48:58.007+0000] {logging_mixin.py:190} INFO - [2025-07-02T23:48:58.007+0000] {dag.py:4180} INFO - Setting next_dagrun for example_display_name to None, run_after=None
[2025-07-02T23:48:58.027+0000] {processor.py:208} INFO - Processing /home/airflow/.local/lib/python3.12/site-packages/airflow/example_dags/example_display_name.py took 0.072 seconds
[2025-07-02T23:49:28.431+0000] {processor.py:186} INFO - Started process (PID=2624) to work on /home/airflow/.local/lib/python3.12/site-packages/airflow/example_dags/example_display_name.py
[2025-07-02T23:49:28.433+0000] {processor.py:914} INFO - Processing file /home/airflow/.local/lib/python3.12/site-packages/airflow/example_dags/example_display_name.py for tasks to queue
[2025-07-02T23:49:28.435+0000] {logging_mixin.py:190} INFO - [2025-07-02T23:49:28.435+0000] {dagbag.py:588} INFO - Filling up the DagBag from /home/airflow/.local/lib/python3.12/site-packages/airflow/example_dags/example_display_name.py
[2025-07-02T23:49:28.442+0000] {processor.py:925} INFO - DAG(s) 'example_display_name' retrieved from /home/airflow/.local/lib/python3.12/site-packages/airflow/example_dags/example_display_name.py
[2025-07-02T23:49:28.461+0000] {logging_mixin.py:190} INFO - [2025-07-02T23:49:28.461+0000] {dag.py:3239} INFO - Sync 1 DAGs
[2025-07-02T23:49:28.476+0000] {logging_mixin.py:190} INFO - [2025-07-02T23:49:28.475+0000] {dag.py:4180} INFO - Setting next_dagrun for example_display_name to None, run_after=None
[2025-07-02T23:49:28.494+0000] {processor.py:208} INFO - Processing /home/airflow/.local/lib/python3.12/site-packages/airflow/example_dags/example_display_name.py took 0.069 seconds
[2025-07-02T23:49:58.769+0000] {processor.py:186} INFO - Started process (PID=2686) to work on /home/airflow/.local/lib/python3.12/site-packages/airflow/example_dags/example_display_name.py
[2025-07-02T23:49:58.770+0000] {processor.py:914} INFO - Processing file /home/airflow/.local/lib/python3.12/site-packages/airflow/example_dags/example_display_name.py for tasks to queue
[2025-07-02T23:49:58.773+0000] {logging_mixin.py:190} INFO - [2025-07-02T23:49:58.772+0000] {dagbag.py:588} INFO - Filling up the DagBag from /home/airflow/.local/lib/python3.12/site-packages/airflow/example_dags/example_display_name.py
[2025-07-02T23:49:58.780+0000] {processor.py:925} INFO - DAG(s) 'example_display_name' retrieved from /home/airflow/.local/lib/python3.12/site-packages/airflow/example_dags/example_display_name.py
[2025-07-02T23:49:58.799+0000] {logging_mixin.py:190} INFO - [2025-07-02T23:49:58.799+0000] {dag.py:3239} INFO - Sync 1 DAGs
[2025-07-02T23:49:58.814+0000] {logging_mixin.py:190} INFO - [2025-07-02T23:49:58.814+0000] {dag.py:4180} INFO - Setting next_dagrun for example_display_name to None, run_after=None
[2025-07-02T23:49:58.833+0000] {processor.py:208} INFO - Processing /home/airflow/.local/lib/python3.12/site-packages/airflow/example_dags/example_display_name.py took 0.069 seconds
[2025-07-02T23:50:29.335+0000] {processor.py:186} INFO - Started process (PID=2748) to work on /home/airflow/.local/lib/python3.12/site-packages/airflow/example_dags/example_display_name.py
[2025-07-02T23:50:29.336+0000] {processor.py:914} INFO - Processing file /home/airflow/.local/lib/python3.12/site-packages/airflow/example_dags/example_display_name.py for tasks to queue
[2025-07-02T23:50:29.339+0000] {logging_mixin.py:190} INFO - [2025-07-02T23:50:29.338+0000] {dagbag.py:588} INFO - Filling up the DagBag from /home/airflow/.local/lib/python3.12/site-packages/airflow/example_dags/example_display_name.py
[2025-07-02T23:50:29.346+0000] {processor.py:925} INFO - DAG(s) 'example_display_name' retrieved from /home/airflow/.local/lib/python3.12/site-packages/airflow/example_dags/example_display_name.py
[2025-07-02T23:50:29.366+0000] {logging_mixin.py:190} INFO - [2025-07-02T23:50:29.365+0000] {dag.py:3239} INFO - Sync 1 DAGs
[2025-07-02T23:50:29.380+0000] {logging_mixin.py:190} INFO - [2025-07-02T23:50:29.380+0000] {dag.py:4180} INFO - Setting next_dagrun for example_display_name to None, run_after=None
[2025-07-02T23:50:29.409+0000] {processor.py:208} INFO - Processing /home/airflow/.local/lib/python3.12/site-packages/airflow/example_dags/example_display_name.py took 0.080 seconds
[2025-07-02T23:50:59.536+0000] {processor.py:186} INFO - Started process (PID=2810) to work on /home/airflow/.local/lib/python3.12/site-packages/airflow/example_dags/example_display_name.py
[2025-07-02T23:50:59.537+0000] {processor.py:914} INFO - Processing file /home/airflow/.local/lib/python3.12/site-packages/airflow/example_dags/example_display_name.py for tasks to queue
[2025-07-02T23:50:59.540+0000] {logging_mixin.py:190} INFO - [2025-07-02T23:50:59.539+0000] {dagbag.py:588} INFO - Filling up the DagBag from /home/airflow/.local/lib/python3.12/site-packages/airflow/example_dags/example_display_name.py
[2025-07-02T23:50:59.547+0000] {processor.py:925} INFO - DAG(s) 'example_display_name' retrieved from /home/airflow/.local/lib/python3.12/site-packages/airflow/example_dags/example_display_name.py
[2025-07-02T23:50:59.565+0000] {logging_mixin.py:190} INFO - [2025-07-02T23:50:59.565+0000] {dag.py:3239} INFO - Sync 1 DAGs
[2025-07-02T23:50:59.582+0000] {logging_mixin.py:190} INFO - [2025-07-02T23:50:59.581+0000] {dag.py:4180} INFO - Setting next_dagrun for example_display_name to None, run_after=None
[2025-07-02T23:50:59.600+0000] {processor.py:208} INFO - Processing /home/airflow/.local/lib/python3.12/site-packages/airflow/example_dags/example_display_name.py took 0.070 seconds
[2025-07-02T23:51:30.462+0000] {processor.py:186} INFO - Started process (PID=2872) to work on /home/airflow/.local/lib/python3.12/site-packages/airflow/example_dags/example_display_name.py
[2025-07-02T23:51:30.463+0000] {processor.py:914} INFO - Processing file /home/airflow/.local/lib/python3.12/site-packages/airflow/example_dags/example_display_name.py for tasks to queue
[2025-07-02T23:51:30.466+0000] {logging_mixin.py:190} INFO - [2025-07-02T23:51:30.466+0000] {dagbag.py:588} INFO - Filling up the DagBag from /home/airflow/.local/lib/python3.12/site-packages/airflow/example_dags/example_display_name.py
[2025-07-02T23:51:30.477+0000] {processor.py:925} INFO - DAG(s) 'example_display_name' retrieved from /home/airflow/.local/lib/python3.12/site-packages/airflow/example_dags/example_display_name.py
[2025-07-02T23:51:30.496+0000] {logging_mixin.py:190} INFO - [2025-07-02T23:51:30.496+0000] {dag.py:3239} INFO - Sync 1 DAGs
[2025-07-02T23:51:30.511+0000] {logging_mixin.py:190} INFO - [2025-07-02T23:51:30.510+0000] {dag.py:4180} INFO - Setting next_dagrun for example_display_name to None, run_after=None
[2025-07-02T23:51:30.529+0000] {processor.py:208} INFO - Processing /home/airflow/.local/lib/python3.12/site-packages/airflow/example_dags/example_display_name.py took 0.072 seconds
[2025-07-02T23:52:00.859+0000] {processor.py:186} INFO - Started process (PID=2934) to work on /home/airflow/.local/lib/python3.12/site-packages/airflow/example_dags/example_display_name.py
[2025-07-02T23:52:00.860+0000] {processor.py:914} INFO - Processing file /home/airflow/.local/lib/python3.12/site-packages/airflow/example_dags/example_display_name.py for tasks to queue
[2025-07-02T23:52:00.863+0000] {logging_mixin.py:190} INFO - [2025-07-02T23:52:00.862+0000] {dagbag.py:588} INFO - Filling up the DagBag from /home/airflow/.local/lib/python3.12/site-packages/airflow/example_dags/example_display_name.py
[2025-07-02T23:52:00.872+0000] {processor.py:925} INFO - DAG(s) 'example_display_name' retrieved from /home/airflow/.local/lib/python3.12/site-packages/airflow/example_dags/example_display_name.py
[2025-07-02T23:52:00.892+0000] {logging_mixin.py:190} INFO - [2025-07-02T23:52:00.892+0000] {dag.py:3239} INFO - Sync 1 DAGs
[2025-07-02T23:52:00.912+0000] {logging_mixin.py:190} INFO - [2025-07-02T23:52:00.911+0000] {dag.py:4180} INFO - Setting next_dagrun for example_display_name to None, run_after=None
[2025-07-02T23:52:00.933+0000] {processor.py:208} INFO - Processing /home/airflow/.local/lib/python3.12/site-packages/airflow/example_dags/example_display_name.py took 0.081 seconds
[2025-07-02T23:52:31.028+0000] {processor.py:186} INFO - Started process (PID=2996) to work on /home/airflow/.local/lib/python3.12/site-packages/airflow/example_dags/example_display_name.py
[2025-07-02T23:52:31.029+0000] {processor.py:914} INFO - Processing file /home/airflow/.local/lib/python3.12/site-packages/airflow/example_dags/example_display_name.py for tasks to queue
[2025-07-02T23:52:31.032+0000] {logging_mixin.py:190} INFO - [2025-07-02T23:52:31.031+0000] {dagbag.py:588} INFO - Filling up the DagBag from /home/airflow/.local/lib/python3.12/site-packages/airflow/example_dags/example_display_name.py
[2025-07-02T23:52:31.039+0000] {processor.py:925} INFO - DAG(s) 'example_display_name' retrieved from /home/airflow/.local/lib/python3.12/site-packages/airflow/example_dags/example_display_name.py
[2025-07-02T23:52:31.058+0000] {logging_mixin.py:190} INFO - [2025-07-02T23:52:31.058+0000] {dag.py:3239} INFO - Sync 1 DAGs
[2025-07-02T23:52:31.072+0000] {logging_mixin.py:190} INFO - [2025-07-02T23:52:31.072+0000] {dag.py:4180} INFO - Setting next_dagrun for example_display_name to None, run_after=None
[2025-07-02T23:52:31.091+0000] {processor.py:208} INFO - Processing /home/airflow/.local/lib/python3.12/site-packages/airflow/example_dags/example_display_name.py took 0.069 seconds
[2025-07-02T23:53:01.687+0000] {processor.py:186} INFO - Started process (PID=3058) to work on /home/airflow/.local/lib/python3.12/site-packages/airflow/example_dags/example_display_name.py
[2025-07-02T23:53:01.688+0000] {processor.py:914} INFO - Processing file /home/airflow/.local/lib/python3.12/site-packages/airflow/example_dags/example_display_name.py for tasks to queue
[2025-07-02T23:53:01.691+0000] {logging_mixin.py:190} INFO - [2025-07-02T23:53:01.690+0000] {dagbag.py:588} INFO - Filling up the DagBag from /home/airflow/.local/lib/python3.12/site-packages/airflow/example_dags/example_display_name.py
[2025-07-02T23:53:01.698+0000] {processor.py:925} INFO - DAG(s) 'example_display_name' retrieved from /home/airflow/.local/lib/python3.12/site-packages/airflow/example_dags/example_display_name.py
[2025-07-02T23:53:01.719+0000] {logging_mixin.py:190} INFO - [2025-07-02T23:53:01.719+0000] {dag.py:3239} INFO - Sync 1 DAGs
[2025-07-02T23:53:01.733+0000] {logging_mixin.py:190} INFO - [2025-07-02T23:53:01.733+0000] {dag.py:4180} INFO - Setting next_dagrun for example_display_name to None, run_after=None
[2025-07-02T23:53:01.752+0000] {processor.py:208} INFO - Processing /home/airflow/.local/lib/python3.12/site-packages/airflow/example_dags/example_display_name.py took 0.071 seconds
[2025-07-02T23:53:32.480+0000] {processor.py:186} INFO - Started process (PID=3120) to work on /home/airflow/.local/lib/python3.12/site-packages/airflow/example_dags/example_display_name.py
[2025-07-02T23:53:32.481+0000] {processor.py:914} INFO - Processing file /home/airflow/.local/lib/python3.12/site-packages/airflow/example_dags/example_display_name.py for tasks to queue
[2025-07-02T23:53:32.486+0000] {logging_mixin.py:190} INFO - [2025-07-02T23:53:32.485+0000] {dagbag.py:588} INFO - Filling up the DagBag from /home/airflow/.local/lib/python3.12/site-packages/airflow/example_dags/example_display_name.py
[2025-07-02T23:53:32.493+0000] {processor.py:925} INFO - DAG(s) 'example_display_name' retrieved from /home/airflow/.local/lib/python3.12/site-packages/airflow/example_dags/example_display_name.py
[2025-07-02T23:53:32.516+0000] {logging_mixin.py:190} INFO - [2025-07-02T23:53:32.515+0000] {dag.py:3239} INFO - Sync 1 DAGs
[2025-07-02T23:53:32.535+0000] {logging_mixin.py:190} INFO - [2025-07-02T23:53:32.535+0000] {dag.py:4180} INFO - Setting next_dagrun for example_display_name to None, run_after=None
[2025-07-02T23:53:32.566+0000] {processor.py:208} INFO - Processing /home/airflow/.local/lib/python3.12/site-packages/airflow/example_dags/example_display_name.py took 0.092 seconds
[2025-07-02T23:54:02.761+0000] {processor.py:186} INFO - Started process (PID=3182) to work on /home/airflow/.local/lib/python3.12/site-packages/airflow/example_dags/example_display_name.py
[2025-07-02T23:54:02.762+0000] {processor.py:914} INFO - Processing file /home/airflow/.local/lib/python3.12/site-packages/airflow/example_dags/example_display_name.py for tasks to queue
[2025-07-02T23:54:02.766+0000] {logging_mixin.py:190} INFO - [2025-07-02T23:54:02.765+0000] {dagbag.py:588} INFO - Filling up the DagBag from /home/airflow/.local/lib/python3.12/site-packages/airflow/example_dags/example_display_name.py
[2025-07-02T23:54:02.772+0000] {processor.py:925} INFO - DAG(s) 'example_display_name' retrieved from /home/airflow/.local/lib/python3.12/site-packages/airflow/example_dags/example_display_name.py
[2025-07-02T23:54:02.792+0000] {logging_mixin.py:190} INFO - [2025-07-02T23:54:02.792+0000] {dag.py:3239} INFO - Sync 1 DAGs
[2025-07-02T23:54:02.811+0000] {logging_mixin.py:190} INFO - [2025-07-02T23:54:02.811+0000] {dag.py:4180} INFO - Setting next_dagrun for example_display_name to None, run_after=None
[2025-07-02T23:54:02.834+0000] {processor.py:208} INFO - Processing /home/airflow/.local/lib/python3.12/site-packages/airflow/example_dags/example_display_name.py took 0.080 seconds
[2025-07-02T23:54:32.926+0000] {processor.py:186} INFO - Started process (PID=3244) to work on /home/airflow/.local/lib/python3.12/site-packages/airflow/example_dags/example_display_name.py
[2025-07-02T23:54:32.930+0000] {processor.py:914} INFO - Processing file /home/airflow/.local/lib/python3.12/site-packages/airflow/example_dags/example_display_name.py for tasks to queue
[2025-07-02T23:54:32.933+0000] {logging_mixin.py:190} INFO - [2025-07-02T23:54:32.933+0000] {dagbag.py:588} INFO - Filling up the DagBag from /home/airflow/.local/lib/python3.12/site-packages/airflow/example_dags/example_display_name.py
[2025-07-02T23:54:32.943+0000] {processor.py:925} INFO - DAG(s) 'example_display_name' retrieved from /home/airflow/.local/lib/python3.12/site-packages/airflow/example_dags/example_display_name.py
[2025-07-02T23:54:32.964+0000] {logging_mixin.py:190} INFO - [2025-07-02T23:54:32.964+0000] {dag.py:3239} INFO - Sync 1 DAGs
[2025-07-02T23:54:32.978+0000] {logging_mixin.py:190} INFO - [2025-07-02T23:54:32.977+0000] {dag.py:4180} INFO - Setting next_dagrun for example_display_name to None, run_after=None
[2025-07-02T23:54:32.995+0000] {processor.py:208} INFO - Processing /home/airflow/.local/lib/python3.12/site-packages/airflow/example_dags/example_display_name.py took 0.077 seconds
[2025-07-02T23:55:03.340+0000] {processor.py:186} INFO - Started process (PID=3306) to work on /home/airflow/.local/lib/python3.12/site-packages/airflow/example_dags/example_display_name.py
[2025-07-02T23:55:03.341+0000] {processor.py:914} INFO - Processing file /home/airflow/.local/lib/python3.12/site-packages/airflow/example_dags/example_display_name.py for tasks to queue
[2025-07-02T23:55:03.345+0000] {logging_mixin.py:190} INFO - [2025-07-02T23:55:03.345+0000] {dagbag.py:588} INFO - Filling up the DagBag from /home/airflow/.local/lib/python3.12/site-packages/airflow/example_dags/example_display_name.py
[2025-07-02T23:55:03.353+0000] {processor.py:925} INFO - DAG(s) 'example_display_name' retrieved from /home/airflow/.local/lib/python3.12/site-packages/airflow/example_dags/example_display_name.py
[2025-07-02T23:55:03.373+0000] {logging_mixin.py:190} INFO - [2025-07-02T23:55:03.373+0000] {dag.py:3239} INFO - Sync 1 DAGs
[2025-07-02T23:55:03.387+0000] {logging_mixin.py:190} INFO - [2025-07-02T23:55:03.387+0000] {dag.py:4180} INFO - Setting next_dagrun for example_display_name to None, run_after=None
[2025-07-02T23:55:03.406+0000] {processor.py:208} INFO - Processing /home/airflow/.local/lib/python3.12/site-packages/airflow/example_dags/example_display_name.py took 0.071 seconds
[2025-07-02T23:55:33.860+0000] {processor.py:186} INFO - Started process (PID=3368) to work on /home/airflow/.local/lib/python3.12/site-packages/airflow/example_dags/example_display_name.py
[2025-07-02T23:55:33.861+0000] {processor.py:914} INFO - Processing file /home/airflow/.local/lib/python3.12/site-packages/airflow/example_dags/example_display_name.py for tasks to queue
[2025-07-02T23:55:33.864+0000] {logging_mixin.py:190} INFO - [2025-07-02T23:55:33.863+0000] {dagbag.py:588} INFO - Filling up the DagBag from /home/airflow/.local/lib/python3.12/site-packages/airflow/example_dags/example_display_name.py
[2025-07-02T23:55:33.871+0000] {processor.py:925} INFO - DAG(s) 'example_display_name' retrieved from /home/airflow/.local/lib/python3.12/site-packages/airflow/example_dags/example_display_name.py
[2025-07-02T23:55:33.891+0000] {logging_mixin.py:190} INFO - [2025-07-02T23:55:33.890+0000] {dag.py:3239} INFO - Sync 1 DAGs
[2025-07-02T23:55:33.905+0000] {logging_mixin.py:190} INFO - [2025-07-02T23:55:33.905+0000] {dag.py:4180} INFO - Setting next_dagrun for example_display_name to None, run_after=None
[2025-07-02T23:55:33.924+0000] {processor.py:208} INFO - Processing /home/airflow/.local/lib/python3.12/site-packages/airflow/example_dags/example_display_name.py took 0.069 seconds
[2025-07-02T23:56:04.540+0000] {processor.py:186} INFO - Started process (PID=3436) to work on /home/airflow/.local/lib/python3.12/site-packages/airflow/example_dags/example_display_name.py
[2025-07-02T23:56:04.541+0000] {processor.py:914} INFO - Processing file /home/airflow/.local/lib/python3.12/site-packages/airflow/example_dags/example_display_name.py for tasks to queue
[2025-07-02T23:56:04.543+0000] {logging_mixin.py:190} INFO - [2025-07-02T23:56:04.543+0000] {dagbag.py:588} INFO - Filling up the DagBag from /home/airflow/.local/lib/python3.12/site-packages/airflow/example_dags/example_display_name.py
[2025-07-02T23:56:04.550+0000] {processor.py:925} INFO - DAG(s) 'example_display_name' retrieved from /home/airflow/.local/lib/python3.12/site-packages/airflow/example_dags/example_display_name.py
[2025-07-02T23:56:04.572+0000] {logging_mixin.py:190} INFO - [2025-07-02T23:56:04.572+0000] {dag.py:3239} INFO - Sync 1 DAGs
[2025-07-02T23:56:04.587+0000] {logging_mixin.py:190} INFO - [2025-07-02T23:56:04.586+0000] {dag.py:4180} INFO - Setting next_dagrun for example_display_name to None, run_after=None
[2025-07-02T23:56:04.783+0000] {processor.py:208} INFO - Processing /home/airflow/.local/lib/python3.12/site-packages/airflow/example_dags/example_display_name.py took 0.249 seconds
[2025-07-02T23:56:34.920+0000] {processor.py:186} INFO - Started process (PID=3498) to work on /home/airflow/.local/lib/python3.12/site-packages/airflow/example_dags/example_display_name.py
[2025-07-02T23:56:34.921+0000] {processor.py:914} INFO - Processing file /home/airflow/.local/lib/python3.12/site-packages/airflow/example_dags/example_display_name.py for tasks to queue
[2025-07-02T23:56:34.926+0000] {logging_mixin.py:190} INFO - [2025-07-02T23:56:34.926+0000] {dagbag.py:588} INFO - Filling up the DagBag from /home/airflow/.local/lib/python3.12/site-packages/airflow/example_dags/example_display_name.py
[2025-07-02T23:56:34.938+0000] {processor.py:925} INFO - DAG(s) 'example_display_name' retrieved from /home/airflow/.local/lib/python3.12/site-packages/airflow/example_dags/example_display_name.py
[2025-07-02T23:56:34.967+0000] {logging_mixin.py:190} INFO - [2025-07-02T23:56:34.966+0000] {dag.py:3239} INFO - Sync 1 DAGs
[2025-07-02T23:56:34.990+0000] {logging_mixin.py:190} INFO - [2025-07-02T23:56:34.989+0000] {dag.py:4180} INFO - Setting next_dagrun for example_display_name to None, run_after=None
[2025-07-02T23:56:35.018+0000] {processor.py:208} INFO - Processing /home/airflow/.local/lib/python3.12/site-packages/airflow/example_dags/example_display_name.py took 0.107 seconds
[2025-07-02T23:57:05.180+0000] {processor.py:186} INFO - Started process (PID=3560) to work on /home/airflow/.local/lib/python3.12/site-packages/airflow/example_dags/example_display_name.py
[2025-07-02T23:57:05.181+0000] {processor.py:914} INFO - Processing file /home/airflow/.local/lib/python3.12/site-packages/airflow/example_dags/example_display_name.py for tasks to queue
[2025-07-02T23:57:05.184+0000] {logging_mixin.py:190} INFO - [2025-07-02T23:57:05.184+0000] {dagbag.py:588} INFO - Filling up the DagBag from /home/airflow/.local/lib/python3.12/site-packages/airflow/example_dags/example_display_name.py
[2025-07-02T23:57:05.191+0000] {processor.py:925} INFO - DAG(s) 'example_display_name' retrieved from /home/airflow/.local/lib/python3.12/site-packages/airflow/example_dags/example_display_name.py
[2025-07-02T23:57:05.210+0000] {logging_mixin.py:190} INFO - [2025-07-02T23:57:05.210+0000] {dag.py:3239} INFO - Sync 1 DAGs
[2025-07-02T23:57:05.223+0000] {logging_mixin.py:190} INFO - [2025-07-02T23:57:05.223+0000] {dag.py:4180} INFO - Setting next_dagrun for example_display_name to None, run_after=None
[2025-07-02T23:57:05.242+0000] {processor.py:208} INFO - Processing /home/airflow/.local/lib/python3.12/site-packages/airflow/example_dags/example_display_name.py took 0.067 seconds
[2025-07-02T23:57:35.894+0000] {processor.py:186} INFO - Started process (PID=3622) to work on /home/airflow/.local/lib/python3.12/site-packages/airflow/example_dags/example_display_name.py
[2025-07-02T23:57:35.895+0000] {processor.py:914} INFO - Processing file /home/airflow/.local/lib/python3.12/site-packages/airflow/example_dags/example_display_name.py for tasks to queue
[2025-07-02T23:57:35.898+0000] {logging_mixin.py:190} INFO - [2025-07-02T23:57:35.897+0000] {dagbag.py:588} INFO - Filling up the DagBag from /home/airflow/.local/lib/python3.12/site-packages/airflow/example_dags/example_display_name.py
[2025-07-02T23:57:35.905+0000] {processor.py:925} INFO - DAG(s) 'example_display_name' retrieved from /home/airflow/.local/lib/python3.12/site-packages/airflow/example_dags/example_display_name.py
[2025-07-02T23:57:35.927+0000] {logging_mixin.py:190} INFO - [2025-07-02T23:57:35.926+0000] {dag.py:3239} INFO - Sync 1 DAGs
[2025-07-02T23:57:35.940+0000] {logging_mixin.py:190} INFO - [2025-07-02T23:57:35.940+0000] {dag.py:4180} INFO - Setting next_dagrun for example_display_name to None, run_after=None
[2025-07-02T23:57:35.957+0000] {processor.py:208} INFO - Processing /home/airflow/.local/lib/python3.12/site-packages/airflow/example_dags/example_display_name.py took 0.069 seconds
[2025-07-02T23:58:06.499+0000] {processor.py:186} INFO - Started process (PID=3684) to work on /home/airflow/.local/lib/python3.12/site-packages/airflow/example_dags/example_display_name.py
[2025-07-02T23:58:06.500+0000] {processor.py:914} INFO - Processing file /home/airflow/.local/lib/python3.12/site-packages/airflow/example_dags/example_display_name.py for tasks to queue
[2025-07-02T23:58:06.503+0000] {logging_mixin.py:190} INFO - [2025-07-02T23:58:06.502+0000] {dagbag.py:588} INFO - Filling up the DagBag from /home/airflow/.local/lib/python3.12/site-packages/airflow/example_dags/example_display_name.py
[2025-07-02T23:58:06.509+0000] {processor.py:925} INFO - DAG(s) 'example_display_name' retrieved from /home/airflow/.local/lib/python3.12/site-packages/airflow/example_dags/example_display_name.py
[2025-07-02T23:58:06.529+0000] {logging_mixin.py:190} INFO - [2025-07-02T23:58:06.529+0000] {dag.py:3239} INFO - Sync 1 DAGs
[2025-07-02T23:58:06.542+0000] {logging_mixin.py:190} INFO - [2025-07-02T23:58:06.542+0000] {dag.py:4180} INFO - Setting next_dagrun for example_display_name to None, run_after=None
[2025-07-02T23:58:06.569+0000] {processor.py:208} INFO - Processing /home/airflow/.local/lib/python3.12/site-packages/airflow/example_dags/example_display_name.py took 0.076 seconds
[2025-07-02T23:58:36.862+0000] {processor.py:186} INFO - Started process (PID=3746) to work on /home/airflow/.local/lib/python3.12/site-packages/airflow/example_dags/example_display_name.py
[2025-07-02T23:58:36.864+0000] {processor.py:914} INFO - Processing file /home/airflow/.local/lib/python3.12/site-packages/airflow/example_dags/example_display_name.py for tasks to queue
[2025-07-02T23:58:36.866+0000] {logging_mixin.py:190} INFO - [2025-07-02T23:58:36.866+0000] {dagbag.py:588} INFO - Filling up the DagBag from /home/airflow/.local/lib/python3.12/site-packages/airflow/example_dags/example_display_name.py
[2025-07-02T23:58:36.873+0000] {processor.py:925} INFO - DAG(s) 'example_display_name' retrieved from /home/airflow/.local/lib/python3.12/site-packages/airflow/example_dags/example_display_name.py
[2025-07-02T23:58:36.894+0000] {logging_mixin.py:190} INFO - [2025-07-02T23:58:36.894+0000] {dag.py:3239} INFO - Sync 1 DAGs
[2025-07-02T23:58:36.908+0000] {logging_mixin.py:190} INFO - [2025-07-02T23:58:36.908+0000] {dag.py:4180} INFO - Setting next_dagrun for example_display_name to None, run_after=None
[2025-07-02T23:58:36.924+0000] {processor.py:208} INFO - Processing /home/airflow/.local/lib/python3.12/site-packages/airflow/example_dags/example_display_name.py took 0.068 seconds
[2025-07-02T23:59:07.349+0000] {processor.py:186} INFO - Started process (PID=3808) to work on /home/airflow/.local/lib/python3.12/site-packages/airflow/example_dags/example_display_name.py
[2025-07-02T23:59:07.350+0000] {processor.py:914} INFO - Processing file /home/airflow/.local/lib/python3.12/site-packages/airflow/example_dags/example_display_name.py for tasks to queue
[2025-07-02T23:59:07.353+0000] {logging_mixin.py:190} INFO - [2025-07-02T23:59:07.353+0000] {dagbag.py:588} INFO - Filling up the DagBag from /home/airflow/.local/lib/python3.12/site-packages/airflow/example_dags/example_display_name.py
[2025-07-02T23:59:07.360+0000] {processor.py:925} INFO - DAG(s) 'example_display_name' retrieved from /home/airflow/.local/lib/python3.12/site-packages/airflow/example_dags/example_display_name.py
[2025-07-02T23:59:07.380+0000] {logging_mixin.py:190} INFO - [2025-07-02T23:59:07.379+0000] {dag.py:3239} INFO - Sync 1 DAGs
[2025-07-02T23:59:07.393+0000] {logging_mixin.py:190} INFO - [2025-07-02T23:59:07.393+0000] {dag.py:4180} INFO - Setting next_dagrun for example_display_name to None, run_after=None
[2025-07-02T23:59:07.421+0000] {processor.py:208} INFO - Processing /home/airflow/.local/lib/python3.12/site-packages/airflow/example_dags/example_display_name.py took 0.077 seconds
[2025-07-02T23:59:37.982+0000] {processor.py:186} INFO - Started process (PID=3870) to work on /home/airflow/.local/lib/python3.12/site-packages/airflow/example_dags/example_display_name.py
[2025-07-02T23:59:37.983+0000] {processor.py:914} INFO - Processing file /home/airflow/.local/lib/python3.12/site-packages/airflow/example_dags/example_display_name.py for tasks to queue
[2025-07-02T23:59:37.987+0000] {logging_mixin.py:190} INFO - [2025-07-02T23:59:37.987+0000] {dagbag.py:588} INFO - Filling up the DagBag from /home/airflow/.local/lib/python3.12/site-packages/airflow/example_dags/example_display_name.py
[2025-07-02T23:59:37.996+0000] {processor.py:925} INFO - DAG(s) 'example_display_name' retrieved from /home/airflow/.local/lib/python3.12/site-packages/airflow/example_dags/example_display_name.py
[2025-07-02T23:59:38.019+0000] {logging_mixin.py:190} INFO - [2025-07-02T23:59:38.019+0000] {dag.py:3239} INFO - Sync 1 DAGs
[2025-07-02T23:59:38.033+0000] {logging_mixin.py:190} INFO - [2025-07-02T23:59:38.033+0000] {dag.py:4180} INFO - Setting next_dagrun for example_display_name to None, run_after=None
[2025-07-02T23:59:38.063+0000] {processor.py:208} INFO - Processing /home/airflow/.local/lib/python3.12/site-packages/airflow/example_dags/example_display_name.py took 0.090 seconds
