[2025-07-02T23:29:06.258+0000] {processor.py:186} INFO - Started process (PID=156) to work on /home/airflow/.local/lib/python3.12/site-packages/airflow/example_dags/example_complex.py
[2025-07-02T23:29:06.260+0000] {processor.py:914} INFO - Processing file /home/airflow/.local/lib/python3.12/site-packages/airflow/example_dags/example_complex.py for tasks to queue
[2025-07-02T23:29:06.282+0000] {logging_mixin.py:190} INFO - [2025-07-02T23:29:06.282+0000] {dagbag.py:588} INFO - Filling up the DagBag from /home/airflow/.local/lib/python3.12/site-packages/airflow/example_dags/example_complex.py
[2025-07-02T23:29:06.324+0000] {processor.py:925} INFO - DAG(s) 'example_complex' retrieved from /home/airflow/.local/lib/python3.12/site-packages/airflow/example_dags/example_complex.py
[2025-07-02T23:29:06.472+0000] {logging_mixin.py:190} INFO - [2025-07-02T23:29:06.471+0000] {dag.py:3239} INFO - Sync 1 DAGs
[2025-07-02T23:29:06.558+0000] {logging_mixin.py:190} INFO - [2025-07-02T23:29:06.557+0000] {dag.py:4180} INFO - Setting next_dagrun for example_complex to None, run_after=None
[2025-07-02T23:29:06.669+0000] {processor.py:208} INFO - Processing /home/airflow/.local/lib/python3.12/site-packages/airflow/example_dags/example_complex.py took 0.429 seconds
[2025-07-02T23:29:36.982+0000] {processor.py:186} INFO - Started process (PID=218) to work on /home/airflow/.local/lib/python3.12/site-packages/airflow/example_dags/example_complex.py
[2025-07-02T23:29:36.984+0000] {processor.py:914} INFO - Processing file /home/airflow/.local/lib/python3.12/site-packages/airflow/example_dags/example_complex.py for tasks to queue
[2025-07-02T23:29:36.988+0000] {logging_mixin.py:190} INFO - [2025-07-02T23:29:36.987+0000] {dagbag.py:588} INFO - Filling up the DagBag from /home/airflow/.local/lib/python3.12/site-packages/airflow/example_dags/example_complex.py
[2025-07-02T23:29:37.013+0000] {processor.py:925} INFO - DAG(s) 'example_complex' retrieved from /home/airflow/.local/lib/python3.12/site-packages/airflow/example_dags/example_complex.py
[2025-07-02T23:29:37.075+0000] {logging_mixin.py:190} INFO - [2025-07-02T23:29:37.075+0000] {dag.py:3239} INFO - Sync 1 DAGs
[2025-07-02T23:29:37.105+0000] {logging_mixin.py:190} INFO - [2025-07-02T23:29:37.105+0000] {dag.py:4180} INFO - Setting next_dagrun for example_complex to None, run_after=None
[2025-07-02T23:29:37.139+0000] {processor.py:208} INFO - Processing /home/airflow/.local/lib/python3.12/site-packages/airflow/example_dags/example_complex.py took 0.164 seconds
[2025-07-02T23:30:07.290+0000] {processor.py:186} INFO - Started process (PID=279) to work on /home/airflow/.local/lib/python3.12/site-packages/airflow/example_dags/example_complex.py
[2025-07-02T23:30:07.292+0000] {processor.py:914} INFO - Processing file /home/airflow/.local/lib/python3.12/site-packages/airflow/example_dags/example_complex.py for tasks to queue
[2025-07-02T23:30:07.295+0000] {logging_mixin.py:190} INFO - [2025-07-02T23:30:07.294+0000] {dagbag.py:588} INFO - Filling up the DagBag from /home/airflow/.local/lib/python3.12/site-packages/airflow/example_dags/example_complex.py
[2025-07-02T23:30:07.309+0000] {processor.py:925} INFO - DAG(s) 'example_complex' retrieved from /home/airflow/.local/lib/python3.12/site-packages/airflow/example_dags/example_complex.py
[2025-07-02T23:30:07.353+0000] {logging_mixin.py:190} INFO - [2025-07-02T23:30:07.352+0000] {dag.py:3239} INFO - Sync 1 DAGs
[2025-07-02T23:30:07.371+0000] {logging_mixin.py:190} INFO - [2025-07-02T23:30:07.371+0000] {dag.py:4180} INFO - Setting next_dagrun for example_complex to None, run_after=None
[2025-07-02T23:30:07.394+0000] {processor.py:208} INFO - Processing /home/airflow/.local/lib/python3.12/site-packages/airflow/example_dags/example_complex.py took 0.111 seconds
[2025-07-02T23:30:38.134+0000] {processor.py:186} INFO - Started process (PID=342) to work on /home/airflow/.local/lib/python3.12/site-packages/airflow/example_dags/example_complex.py
[2025-07-02T23:30:38.135+0000] {processor.py:914} INFO - Processing file /home/airflow/.local/lib/python3.12/site-packages/airflow/example_dags/example_complex.py for tasks to queue
[2025-07-02T23:30:38.138+0000] {logging_mixin.py:190} INFO - [2025-07-02T23:30:38.138+0000] {dagbag.py:588} INFO - Filling up the DagBag from /home/airflow/.local/lib/python3.12/site-packages/airflow/example_dags/example_complex.py
[2025-07-02T23:30:38.151+0000] {processor.py:925} INFO - DAG(s) 'example_complex' retrieved from /home/airflow/.local/lib/python3.12/site-packages/airflow/example_dags/example_complex.py
[2025-07-02T23:30:38.190+0000] {logging_mixin.py:190} INFO - [2025-07-02T23:30:38.189+0000] {dag.py:3239} INFO - Sync 1 DAGs
[2025-07-02T23:30:38.210+0000] {logging_mixin.py:190} INFO - [2025-07-02T23:30:38.210+0000] {dag.py:4180} INFO - Setting next_dagrun for example_complex to None, run_after=None
[2025-07-02T23:30:38.232+0000] {processor.py:208} INFO - Processing /home/airflow/.local/lib/python3.12/site-packages/airflow/example_dags/example_complex.py took 0.105 seconds
[2025-07-02T23:31:08.946+0000] {processor.py:186} INFO - Started process (PID=404) to work on /home/airflow/.local/lib/python3.12/site-packages/airflow/example_dags/example_complex.py
[2025-07-02T23:31:08.948+0000] {processor.py:914} INFO - Processing file /home/airflow/.local/lib/python3.12/site-packages/airflow/example_dags/example_complex.py for tasks to queue
[2025-07-02T23:31:08.950+0000] {logging_mixin.py:190} INFO - [2025-07-02T23:31:08.950+0000] {dagbag.py:588} INFO - Filling up the DagBag from /home/airflow/.local/lib/python3.12/site-packages/airflow/example_dags/example_complex.py
[2025-07-02T23:31:08.971+0000] {processor.py:925} INFO - DAG(s) 'example_complex' retrieved from /home/airflow/.local/lib/python3.12/site-packages/airflow/example_dags/example_complex.py
[2025-07-02T23:31:09.006+0000] {logging_mixin.py:190} INFO - [2025-07-02T23:31:09.006+0000] {dag.py:3239} INFO - Sync 1 DAGs
[2025-07-02T23:31:09.019+0000] {logging_mixin.py:190} INFO - [2025-07-02T23:31:09.019+0000] {dag.py:4180} INFO - Setting next_dagrun for example_complex to None, run_after=None
[2025-07-02T23:31:09.040+0000] {processor.py:208} INFO - Processing /home/airflow/.local/lib/python3.12/site-packages/airflow/example_dags/example_complex.py took 0.099 seconds
[2025-07-02T23:31:39.983+0000] {processor.py:186} INFO - Started process (PID=466) to work on /home/airflow/.local/lib/python3.12/site-packages/airflow/example_dags/example_complex.py
[2025-07-02T23:31:39.984+0000] {processor.py:914} INFO - Processing file /home/airflow/.local/lib/python3.12/site-packages/airflow/example_dags/example_complex.py for tasks to queue
[2025-07-02T23:31:39.987+0000] {logging_mixin.py:190} INFO - [2025-07-02T23:31:39.986+0000] {dagbag.py:588} INFO - Filling up the DagBag from /home/airflow/.local/lib/python3.12/site-packages/airflow/example_dags/example_complex.py
[2025-07-02T23:31:40.000+0000] {processor.py:925} INFO - DAG(s) 'example_complex' retrieved from /home/airflow/.local/lib/python3.12/site-packages/airflow/example_dags/example_complex.py
[2025-07-02T23:31:40.031+0000] {logging_mixin.py:190} INFO - [2025-07-02T23:31:40.031+0000] {dag.py:3239} INFO - Sync 1 DAGs
[2025-07-02T23:31:40.050+0000] {logging_mixin.py:190} INFO - [2025-07-02T23:31:40.050+0000] {dag.py:4180} INFO - Setting next_dagrun for example_complex to None, run_after=None
[2025-07-02T23:31:40.200+0000] {processor.py:208} INFO - Processing /home/airflow/.local/lib/python3.12/site-packages/airflow/example_dags/example_complex.py took 0.224 seconds
[2025-07-02T23:32:10.550+0000] {processor.py:186} INFO - Started process (PID=528) to work on /home/airflow/.local/lib/python3.12/site-packages/airflow/example_dags/example_complex.py
[2025-07-02T23:32:10.550+0000] {processor.py:914} INFO - Processing file /home/airflow/.local/lib/python3.12/site-packages/airflow/example_dags/example_complex.py for tasks to queue
[2025-07-02T23:32:10.553+0000] {logging_mixin.py:190} INFO - [2025-07-02T23:32:10.553+0000] {dagbag.py:588} INFO - Filling up the DagBag from /home/airflow/.local/lib/python3.12/site-packages/airflow/example_dags/example_complex.py
[2025-07-02T23:32:10.565+0000] {processor.py:925} INFO - DAG(s) 'example_complex' retrieved from /home/airflow/.local/lib/python3.12/site-packages/airflow/example_dags/example_complex.py
[2025-07-02T23:32:10.602+0000] {logging_mixin.py:190} INFO - [2025-07-02T23:32:10.601+0000] {dag.py:3239} INFO - Sync 1 DAGs
[2025-07-02T23:32:10.621+0000] {logging_mixin.py:190} INFO - [2025-07-02T23:32:10.621+0000] {dag.py:4180} INFO - Setting next_dagrun for example_complex to None, run_after=None
[2025-07-02T23:32:10.644+0000] {processor.py:208} INFO - Processing /home/airflow/.local/lib/python3.12/site-packages/airflow/example_dags/example_complex.py took 0.102 seconds
[2025-07-02T23:32:40.760+0000] {processor.py:186} INFO - Started process (PID=589) to work on /home/airflow/.local/lib/python3.12/site-packages/airflow/example_dags/example_complex.py
[2025-07-02T23:32:40.762+0000] {processor.py:914} INFO - Processing file /home/airflow/.local/lib/python3.12/site-packages/airflow/example_dags/example_complex.py for tasks to queue
[2025-07-02T23:32:40.765+0000] {logging_mixin.py:190} INFO - [2025-07-02T23:32:40.765+0000] {dagbag.py:588} INFO - Filling up the DagBag from /home/airflow/.local/lib/python3.12/site-packages/airflow/example_dags/example_complex.py
[2025-07-02T23:32:40.780+0000] {processor.py:925} INFO - DAG(s) 'example_complex' retrieved from /home/airflow/.local/lib/python3.12/site-packages/airflow/example_dags/example_complex.py
[2025-07-02T23:32:40.819+0000] {logging_mixin.py:190} INFO - [2025-07-02T23:32:40.818+0000] {dag.py:3239} INFO - Sync 1 DAGs
[2025-07-02T23:32:40.839+0000] {logging_mixin.py:190} INFO - [2025-07-02T23:32:40.839+0000] {dag.py:4180} INFO - Setting next_dagrun for example_complex to None, run_after=None
[2025-07-02T23:32:40.866+0000] {processor.py:208} INFO - Processing /home/airflow/.local/lib/python3.12/site-packages/airflow/example_dags/example_complex.py took 0.115 seconds
[2025-07-02T23:33:11.342+0000] {processor.py:186} INFO - Started process (PID=652) to work on /home/airflow/.local/lib/python3.12/site-packages/airflow/example_dags/example_complex.py
[2025-07-02T23:33:11.343+0000] {processor.py:914} INFO - Processing file /home/airflow/.local/lib/python3.12/site-packages/airflow/example_dags/example_complex.py for tasks to queue
[2025-07-02T23:33:11.347+0000] {logging_mixin.py:190} INFO - [2025-07-02T23:33:11.346+0000] {dagbag.py:588} INFO - Filling up the DagBag from /home/airflow/.local/lib/python3.12/site-packages/airflow/example_dags/example_complex.py
[2025-07-02T23:33:11.360+0000] {processor.py:925} INFO - DAG(s) 'example_complex' retrieved from /home/airflow/.local/lib/python3.12/site-packages/airflow/example_dags/example_complex.py
[2025-07-02T23:33:11.394+0000] {logging_mixin.py:190} INFO - [2025-07-02T23:33:11.394+0000] {dag.py:3239} INFO - Sync 1 DAGs
[2025-07-02T23:33:11.409+0000] {logging_mixin.py:190} INFO - [2025-07-02T23:33:11.408+0000] {dag.py:4180} INFO - Setting next_dagrun for example_complex to None, run_after=None
[2025-07-02T23:33:11.431+0000] {processor.py:208} INFO - Processing /home/airflow/.local/lib/python3.12/site-packages/airflow/example_dags/example_complex.py took 0.096 seconds
[2025-07-02T23:33:41.762+0000] {processor.py:186} INFO - Started process (PID=714) to work on /home/airflow/.local/lib/python3.12/site-packages/airflow/example_dags/example_complex.py
[2025-07-02T23:33:41.763+0000] {processor.py:914} INFO - Processing file /home/airflow/.local/lib/python3.12/site-packages/airflow/example_dags/example_complex.py for tasks to queue
[2025-07-02T23:33:41.766+0000] {logging_mixin.py:190} INFO - [2025-07-02T23:33:41.765+0000] {dagbag.py:588} INFO - Filling up the DagBag from /home/airflow/.local/lib/python3.12/site-packages/airflow/example_dags/example_complex.py
[2025-07-02T23:33:41.778+0000] {processor.py:925} INFO - DAG(s) 'example_complex' retrieved from /home/airflow/.local/lib/python3.12/site-packages/airflow/example_dags/example_complex.py
[2025-07-02T23:33:41.825+0000] {logging_mixin.py:190} INFO - [2025-07-02T23:33:41.825+0000] {dag.py:3239} INFO - Sync 1 DAGs
[2025-07-02T23:33:41.849+0000] {logging_mixin.py:190} INFO - [2025-07-02T23:33:41.848+0000] {dag.py:4180} INFO - Setting next_dagrun for example_complex to None, run_after=None
[2025-07-02T23:33:41.878+0000] {processor.py:208} INFO - Processing /home/airflow/.local/lib/python3.12/site-packages/airflow/example_dags/example_complex.py took 0.122 seconds
[2025-07-02T23:34:11.985+0000] {processor.py:186} INFO - Started process (PID=775) to work on /home/airflow/.local/lib/python3.12/site-packages/airflow/example_dags/example_complex.py
[2025-07-02T23:34:11.986+0000] {processor.py:914} INFO - Processing file /home/airflow/.local/lib/python3.12/site-packages/airflow/example_dags/example_complex.py for tasks to queue
[2025-07-02T23:34:11.989+0000] {logging_mixin.py:190} INFO - [2025-07-02T23:34:11.988+0000] {dagbag.py:588} INFO - Filling up the DagBag from /home/airflow/.local/lib/python3.12/site-packages/airflow/example_dags/example_complex.py
[2025-07-02T23:34:12.002+0000] {processor.py:925} INFO - DAG(s) 'example_complex' retrieved from /home/airflow/.local/lib/python3.12/site-packages/airflow/example_dags/example_complex.py
[2025-07-02T23:34:12.032+0000] {logging_mixin.py:190} INFO - [2025-07-02T23:34:12.031+0000] {dag.py:3239} INFO - Sync 1 DAGs
[2025-07-02T23:34:12.047+0000] {logging_mixin.py:190} INFO - [2025-07-02T23:34:12.047+0000] {dag.py:4180} INFO - Setting next_dagrun for example_complex to None, run_after=None
[2025-07-02T23:34:12.067+0000] {processor.py:208} INFO - Processing /home/airflow/.local/lib/python3.12/site-packages/airflow/example_dags/example_complex.py took 0.088 seconds
[2025-07-02T23:34:42.293+0000] {processor.py:186} INFO - Started process (PID=837) to work on /home/airflow/.local/lib/python3.12/site-packages/airflow/example_dags/example_complex.py
[2025-07-02T23:34:42.295+0000] {processor.py:914} INFO - Processing file /home/airflow/.local/lib/python3.12/site-packages/airflow/example_dags/example_complex.py for tasks to queue
[2025-07-02T23:34:42.299+0000] {logging_mixin.py:190} INFO - [2025-07-02T23:34:42.298+0000] {dagbag.py:588} INFO - Filling up the DagBag from /home/airflow/.local/lib/python3.12/site-packages/airflow/example_dags/example_complex.py
[2025-07-02T23:34:42.321+0000] {processor.py:925} INFO - DAG(s) 'example_complex' retrieved from /home/airflow/.local/lib/python3.12/site-packages/airflow/example_dags/example_complex.py
[2025-07-02T23:34:42.375+0000] {logging_mixin.py:190} INFO - [2025-07-02T23:34:42.375+0000] {dag.py:3239} INFO - Sync 1 DAGs
[2025-07-02T23:34:42.408+0000] {logging_mixin.py:190} INFO - [2025-07-02T23:34:42.407+0000] {dag.py:4180} INFO - Setting next_dagrun for example_complex to None, run_after=None
[2025-07-02T23:34:42.442+0000] {processor.py:208} INFO - Processing /home/airflow/.local/lib/python3.12/site-packages/airflow/example_dags/example_complex.py took 0.157 seconds
[2025-07-02T23:35:12.691+0000] {processor.py:186} INFO - Started process (PID=899) to work on /home/airflow/.local/lib/python3.12/site-packages/airflow/example_dags/example_complex.py
[2025-07-02T23:35:12.692+0000] {processor.py:914} INFO - Processing file /home/airflow/.local/lib/python3.12/site-packages/airflow/example_dags/example_complex.py for tasks to queue
[2025-07-02T23:35:12.695+0000] {logging_mixin.py:190} INFO - [2025-07-02T23:35:12.694+0000] {dagbag.py:588} INFO - Filling up the DagBag from /home/airflow/.local/lib/python3.12/site-packages/airflow/example_dags/example_complex.py
[2025-07-02T23:35:12.706+0000] {processor.py:925} INFO - DAG(s) 'example_complex' retrieved from /home/airflow/.local/lib/python3.12/site-packages/airflow/example_dags/example_complex.py
[2025-07-02T23:35:12.746+0000] {logging_mixin.py:190} INFO - [2025-07-02T23:35:12.746+0000] {dag.py:3239} INFO - Sync 1 DAGs
[2025-07-02T23:35:12.765+0000] {logging_mixin.py:190} INFO - [2025-07-02T23:35:12.765+0000] {dag.py:4180} INFO - Setting next_dagrun for example_complex to None, run_after=None
[2025-07-02T23:35:12.785+0000] {processor.py:208} INFO - Processing /home/airflow/.local/lib/python3.12/site-packages/airflow/example_dags/example_complex.py took 0.101 seconds
[2025-07-02T23:35:43.841+0000] {processor.py:186} INFO - Started process (PID=962) to work on /home/airflow/.local/lib/python3.12/site-packages/airflow/example_dags/example_complex.py
[2025-07-02T23:35:43.842+0000] {processor.py:914} INFO - Processing file /home/airflow/.local/lib/python3.12/site-packages/airflow/example_dags/example_complex.py for tasks to queue
[2025-07-02T23:35:43.844+0000] {logging_mixin.py:190} INFO - [2025-07-02T23:35:43.844+0000] {dagbag.py:588} INFO - Filling up the DagBag from /home/airflow/.local/lib/python3.12/site-packages/airflow/example_dags/example_complex.py
[2025-07-02T23:35:43.859+0000] {processor.py:925} INFO - DAG(s) 'example_complex' retrieved from /home/airflow/.local/lib/python3.12/site-packages/airflow/example_dags/example_complex.py
[2025-07-02T23:35:43.886+0000] {logging_mixin.py:190} INFO - [2025-07-02T23:35:43.886+0000] {dag.py:3239} INFO - Sync 1 DAGs
[2025-07-02T23:35:43.899+0000] {logging_mixin.py:190} INFO - [2025-07-02T23:35:43.899+0000] {dag.py:4180} INFO - Setting next_dagrun for example_complex to None, run_after=None
[2025-07-02T23:35:43.917+0000] {processor.py:208} INFO - Processing /home/airflow/.local/lib/python3.12/site-packages/airflow/example_dags/example_complex.py took 0.082 seconds
[2025-07-02T23:36:14.495+0000] {processor.py:186} INFO - Started process (PID=1024) to work on /home/airflow/.local/lib/python3.12/site-packages/airflow/example_dags/example_complex.py
[2025-07-02T23:36:14.497+0000] {processor.py:914} INFO - Processing file /home/airflow/.local/lib/python3.12/site-packages/airflow/example_dags/example_complex.py for tasks to queue
[2025-07-02T23:36:14.501+0000] {logging_mixin.py:190} INFO - [2025-07-02T23:36:14.501+0000] {dagbag.py:588} INFO - Filling up the DagBag from /home/airflow/.local/lib/python3.12/site-packages/airflow/example_dags/example_complex.py
[2025-07-02T23:36:14.524+0000] {processor.py:925} INFO - DAG(s) 'example_complex' retrieved from /home/airflow/.local/lib/python3.12/site-packages/airflow/example_dags/example_complex.py
[2025-07-02T23:36:14.560+0000] {logging_mixin.py:190} INFO - [2025-07-02T23:36:14.560+0000] {dag.py:3239} INFO - Sync 1 DAGs
[2025-07-02T23:36:14.577+0000] {logging_mixin.py:190} INFO - [2025-07-02T23:36:14.577+0000] {dag.py:4180} INFO - Setting next_dagrun for example_complex to None, run_after=None
[2025-07-02T23:36:14.595+0000] {processor.py:208} INFO - Processing /home/airflow/.local/lib/python3.12/site-packages/airflow/example_dags/example_complex.py took 0.108 seconds
[2025-07-02T23:36:45.126+0000] {processor.py:186} INFO - Started process (PID=1086) to work on /home/airflow/.local/lib/python3.12/site-packages/airflow/example_dags/example_complex.py
[2025-07-02T23:36:45.127+0000] {processor.py:914} INFO - Processing file /home/airflow/.local/lib/python3.12/site-packages/airflow/example_dags/example_complex.py for tasks to queue
[2025-07-02T23:36:45.130+0000] {logging_mixin.py:190} INFO - [2025-07-02T23:36:45.129+0000] {dagbag.py:588} INFO - Filling up the DagBag from /home/airflow/.local/lib/python3.12/site-packages/airflow/example_dags/example_complex.py
[2025-07-02T23:36:45.141+0000] {processor.py:925} INFO - DAG(s) 'example_complex' retrieved from /home/airflow/.local/lib/python3.12/site-packages/airflow/example_dags/example_complex.py
[2025-07-02T23:36:45.172+0000] {logging_mixin.py:190} INFO - [2025-07-02T23:36:45.172+0000] {dag.py:3239} INFO - Sync 1 DAGs
[2025-07-02T23:36:45.187+0000] {logging_mixin.py:190} INFO - [2025-07-02T23:36:45.186+0000] {dag.py:4180} INFO - Setting next_dagrun for example_complex to None, run_after=None
[2025-07-02T23:36:45.205+0000] {processor.py:208} INFO - Processing /home/airflow/.local/lib/python3.12/site-packages/airflow/example_dags/example_complex.py took 0.084 seconds
[2025-07-02T23:37:15.919+0000] {processor.py:186} INFO - Started process (PID=1148) to work on /home/airflow/.local/lib/python3.12/site-packages/airflow/example_dags/example_complex.py
[2025-07-02T23:37:15.920+0000] {processor.py:914} INFO - Processing file /home/airflow/.local/lib/python3.12/site-packages/airflow/example_dags/example_complex.py for tasks to queue
[2025-07-02T23:37:15.923+0000] {logging_mixin.py:190} INFO - [2025-07-02T23:37:15.922+0000] {dagbag.py:588} INFO - Filling up the DagBag from /home/airflow/.local/lib/python3.12/site-packages/airflow/example_dags/example_complex.py
[2025-07-02T23:37:15.936+0000] {processor.py:925} INFO - DAG(s) 'example_complex' retrieved from /home/airflow/.local/lib/python3.12/site-packages/airflow/example_dags/example_complex.py
[2025-07-02T23:37:15.968+0000] {logging_mixin.py:190} INFO - [2025-07-02T23:37:15.968+0000] {dag.py:3239} INFO - Sync 1 DAGs
[2025-07-02T23:37:15.982+0000] {logging_mixin.py:190} INFO - [2025-07-02T23:37:15.982+0000] {dag.py:4180} INFO - Setting next_dagrun for example_complex to None, run_after=None
[2025-07-02T23:37:16.001+0000] {processor.py:208} INFO - Processing /home/airflow/.local/lib/python3.12/site-packages/airflow/example_dags/example_complex.py took 0.088 seconds
[2025-07-02T23:37:46.690+0000] {processor.py:186} INFO - Started process (PID=1210) to work on /home/airflow/.local/lib/python3.12/site-packages/airflow/example_dags/example_complex.py
[2025-07-02T23:37:46.691+0000] {processor.py:914} INFO - Processing file /home/airflow/.local/lib/python3.12/site-packages/airflow/example_dags/example_complex.py for tasks to queue
[2025-07-02T23:37:46.693+0000] {logging_mixin.py:190} INFO - [2025-07-02T23:37:46.693+0000] {dagbag.py:588} INFO - Filling up the DagBag from /home/airflow/.local/lib/python3.12/site-packages/airflow/example_dags/example_complex.py
[2025-07-02T23:37:46.704+0000] {processor.py:925} INFO - DAG(s) 'example_complex' retrieved from /home/airflow/.local/lib/python3.12/site-packages/airflow/example_dags/example_complex.py
[2025-07-02T23:37:46.731+0000] {logging_mixin.py:190} INFO - [2025-07-02T23:37:46.731+0000] {dag.py:3239} INFO - Sync 1 DAGs
[2025-07-02T23:37:46.744+0000] {logging_mixin.py:190} INFO - [2025-07-02T23:37:46.744+0000] {dag.py:4180} INFO - Setting next_dagrun for example_complex to None, run_after=None
[2025-07-02T23:37:46.761+0000] {processor.py:208} INFO - Processing /home/airflow/.local/lib/python3.12/site-packages/airflow/example_dags/example_complex.py took 0.076 seconds
[2025-07-02T23:38:17.355+0000] {processor.py:186} INFO - Started process (PID=1272) to work on /home/airflow/.local/lib/python3.12/site-packages/airflow/example_dags/example_complex.py
[2025-07-02T23:38:17.357+0000] {processor.py:914} INFO - Processing file /home/airflow/.local/lib/python3.12/site-packages/airflow/example_dags/example_complex.py for tasks to queue
[2025-07-02T23:38:17.359+0000] {logging_mixin.py:190} INFO - [2025-07-02T23:38:17.359+0000] {dagbag.py:588} INFO - Filling up the DagBag from /home/airflow/.local/lib/python3.12/site-packages/airflow/example_dags/example_complex.py
[2025-07-02T23:38:17.372+0000] {processor.py:925} INFO - DAG(s) 'example_complex' retrieved from /home/airflow/.local/lib/python3.12/site-packages/airflow/example_dags/example_complex.py
[2025-07-02T23:38:17.406+0000] {logging_mixin.py:190} INFO - [2025-07-02T23:38:17.406+0000] {dag.py:3239} INFO - Sync 1 DAGs
[2025-07-02T23:38:17.421+0000] {logging_mixin.py:190} INFO - [2025-07-02T23:38:17.421+0000] {dag.py:4180} INFO - Setting next_dagrun for example_complex to None, run_after=None
[2025-07-02T23:38:17.438+0000] {processor.py:208} INFO - Processing /home/airflow/.local/lib/python3.12/site-packages/airflow/example_dags/example_complex.py took 0.089 seconds
[2025-07-02T23:38:48.248+0000] {processor.py:186} INFO - Started process (PID=1334) to work on /home/airflow/.local/lib/python3.12/site-packages/airflow/example_dags/example_complex.py
[2025-07-02T23:38:48.249+0000] {processor.py:914} INFO - Processing file /home/airflow/.local/lib/python3.12/site-packages/airflow/example_dags/example_complex.py for tasks to queue
[2025-07-02T23:38:48.251+0000] {logging_mixin.py:190} INFO - [2025-07-02T23:38:48.251+0000] {dagbag.py:588} INFO - Filling up the DagBag from /home/airflow/.local/lib/python3.12/site-packages/airflow/example_dags/example_complex.py
[2025-07-02T23:38:48.264+0000] {processor.py:925} INFO - DAG(s) 'example_complex' retrieved from /home/airflow/.local/lib/python3.12/site-packages/airflow/example_dags/example_complex.py
[2025-07-02T23:38:48.292+0000] {logging_mixin.py:190} INFO - [2025-07-02T23:38:48.292+0000] {dag.py:3239} INFO - Sync 1 DAGs
[2025-07-02T23:38:48.307+0000] {logging_mixin.py:190} INFO - [2025-07-02T23:38:48.307+0000] {dag.py:4180} INFO - Setting next_dagrun for example_complex to None, run_after=None
[2025-07-02T23:38:48.324+0000] {processor.py:208} INFO - Processing /home/airflow/.local/lib/python3.12/site-packages/airflow/example_dags/example_complex.py took 0.082 seconds
[2025-07-02T23:39:18.830+0000] {processor.py:186} INFO - Started process (PID=1396) to work on /home/airflow/.local/lib/python3.12/site-packages/airflow/example_dags/example_complex.py
[2025-07-02T23:39:18.831+0000] {processor.py:914} INFO - Processing file /home/airflow/.local/lib/python3.12/site-packages/airflow/example_dags/example_complex.py for tasks to queue
[2025-07-02T23:39:18.834+0000] {logging_mixin.py:190} INFO - [2025-07-02T23:39:18.834+0000] {dagbag.py:588} INFO - Filling up the DagBag from /home/airflow/.local/lib/python3.12/site-packages/airflow/example_dags/example_complex.py
[2025-07-02T23:39:18.848+0000] {processor.py:925} INFO - DAG(s) 'example_complex' retrieved from /home/airflow/.local/lib/python3.12/site-packages/airflow/example_dags/example_complex.py
[2025-07-02T23:39:18.905+0000] {logging_mixin.py:190} INFO - [2025-07-02T23:39:18.905+0000] {dag.py:3239} INFO - Sync 1 DAGs
[2025-07-02T23:39:18.919+0000] {logging_mixin.py:190} INFO - [2025-07-02T23:39:18.919+0000] {dag.py:4180} INFO - Setting next_dagrun for example_complex to None, run_after=None
[2025-07-02T23:39:18.937+0000] {processor.py:208} INFO - Processing /home/airflow/.local/lib/python3.12/site-packages/airflow/example_dags/example_complex.py took 0.115 seconds
[2025-07-02T23:39:49.408+0000] {processor.py:186} INFO - Started process (PID=1458) to work on /home/airflow/.local/lib/python3.12/site-packages/airflow/example_dags/example_complex.py
[2025-07-02T23:39:49.409+0000] {processor.py:914} INFO - Processing file /home/airflow/.local/lib/python3.12/site-packages/airflow/example_dags/example_complex.py for tasks to queue
[2025-07-02T23:39:49.412+0000] {logging_mixin.py:190} INFO - [2025-07-02T23:39:49.411+0000] {dagbag.py:588} INFO - Filling up the DagBag from /home/airflow/.local/lib/python3.12/site-packages/airflow/example_dags/example_complex.py
[2025-07-02T23:39:49.422+0000] {processor.py:925} INFO - DAG(s) 'example_complex' retrieved from /home/airflow/.local/lib/python3.12/site-packages/airflow/example_dags/example_complex.py
[2025-07-02T23:39:49.452+0000] {logging_mixin.py:190} INFO - [2025-07-02T23:39:49.451+0000] {dag.py:3239} INFO - Sync 1 DAGs
[2025-07-02T23:39:49.465+0000] {logging_mixin.py:190} INFO - [2025-07-02T23:39:49.464+0000] {dag.py:4180} INFO - Setting next_dagrun for example_complex to None, run_after=None
[2025-07-02T23:39:49.483+0000] {processor.py:208} INFO - Processing /home/airflow/.local/lib/python3.12/site-packages/airflow/example_dags/example_complex.py took 0.081 seconds
[2025-07-02T23:40:20.437+0000] {processor.py:186} INFO - Started process (PID=1520) to work on /home/airflow/.local/lib/python3.12/site-packages/airflow/example_dags/example_complex.py
[2025-07-02T23:40:20.439+0000] {processor.py:914} INFO - Processing file /home/airflow/.local/lib/python3.12/site-packages/airflow/example_dags/example_complex.py for tasks to queue
[2025-07-02T23:40:20.443+0000] {logging_mixin.py:190} INFO - [2025-07-02T23:40:20.443+0000] {dagbag.py:588} INFO - Filling up the DagBag from /home/airflow/.local/lib/python3.12/site-packages/airflow/example_dags/example_complex.py
[2025-07-02T23:40:20.464+0000] {processor.py:925} INFO - DAG(s) 'example_complex' retrieved from /home/airflow/.local/lib/python3.12/site-packages/airflow/example_dags/example_complex.py
[2025-07-02T23:40:20.500+0000] {logging_mixin.py:190} INFO - [2025-07-02T23:40:20.500+0000] {dag.py:3239} INFO - Sync 1 DAGs
[2025-07-02T23:40:20.516+0000] {logging_mixin.py:190} INFO - [2025-07-02T23:40:20.515+0000] {dag.py:4180} INFO - Setting next_dagrun for example_complex to None, run_after=None
[2025-07-02T23:40:20.540+0000] {processor.py:208} INFO - Processing /home/airflow/.local/lib/python3.12/site-packages/airflow/example_dags/example_complex.py took 0.111 seconds
[2025-07-02T23:40:51.544+0000] {processor.py:186} INFO - Started process (PID=1582) to work on /home/airflow/.local/lib/python3.12/site-packages/airflow/example_dags/example_complex.py
[2025-07-02T23:40:51.546+0000] {processor.py:914} INFO - Processing file /home/airflow/.local/lib/python3.12/site-packages/airflow/example_dags/example_complex.py for tasks to queue
[2025-07-02T23:40:51.548+0000] {logging_mixin.py:190} INFO - [2025-07-02T23:40:51.548+0000] {dagbag.py:588} INFO - Filling up the DagBag from /home/airflow/.local/lib/python3.12/site-packages/airflow/example_dags/example_complex.py
[2025-07-02T23:40:51.562+0000] {processor.py:925} INFO - DAG(s) 'example_complex' retrieved from /home/airflow/.local/lib/python3.12/site-packages/airflow/example_dags/example_complex.py
[2025-07-02T23:40:51.597+0000] {logging_mixin.py:190} INFO - [2025-07-02T23:40:51.597+0000] {dag.py:3239} INFO - Sync 1 DAGs
[2025-07-02T23:40:51.611+0000] {logging_mixin.py:190} INFO - [2025-07-02T23:40:51.611+0000] {dag.py:4180} INFO - Setting next_dagrun for example_complex to None, run_after=None
[2025-07-02T23:40:51.632+0000] {processor.py:208} INFO - Processing /home/airflow/.local/lib/python3.12/site-packages/airflow/example_dags/example_complex.py took 0.097 seconds
[2025-07-02T23:41:22.204+0000] {processor.py:186} INFO - Started process (PID=1644) to work on /home/airflow/.local/lib/python3.12/site-packages/airflow/example_dags/example_complex.py
[2025-07-02T23:41:22.206+0000] {processor.py:914} INFO - Processing file /home/airflow/.local/lib/python3.12/site-packages/airflow/example_dags/example_complex.py for tasks to queue
[2025-07-02T23:41:22.213+0000] {logging_mixin.py:190} INFO - [2025-07-02T23:41:22.212+0000] {dagbag.py:588} INFO - Filling up the DagBag from /home/airflow/.local/lib/python3.12/site-packages/airflow/example_dags/example_complex.py
[2025-07-02T23:41:22.234+0000] {processor.py:925} INFO - DAG(s) 'example_complex' retrieved from /home/airflow/.local/lib/python3.12/site-packages/airflow/example_dags/example_complex.py
[2025-07-02T23:41:22.280+0000] {logging_mixin.py:190} INFO - [2025-07-02T23:41:22.279+0000] {dag.py:3239} INFO - Sync 1 DAGs
[2025-07-02T23:41:22.300+0000] {logging_mixin.py:190} INFO - [2025-07-02T23:41:22.300+0000] {dag.py:4180} INFO - Setting next_dagrun for example_complex to None, run_after=None
[2025-07-02T23:41:22.321+0000] {processor.py:208} INFO - Processing /home/airflow/.local/lib/python3.12/site-packages/airflow/example_dags/example_complex.py took 0.127 seconds
[2025-07-02T23:41:53.015+0000] {processor.py:186} INFO - Started process (PID=1706) to work on /home/airflow/.local/lib/python3.12/site-packages/airflow/example_dags/example_complex.py
[2025-07-02T23:41:53.016+0000] {processor.py:914} INFO - Processing file /home/airflow/.local/lib/python3.12/site-packages/airflow/example_dags/example_complex.py for tasks to queue
[2025-07-02T23:41:53.018+0000] {logging_mixin.py:190} INFO - [2025-07-02T23:41:53.018+0000] {dagbag.py:588} INFO - Filling up the DagBag from /home/airflow/.local/lib/python3.12/site-packages/airflow/example_dags/example_complex.py
[2025-07-02T23:41:53.033+0000] {processor.py:925} INFO - DAG(s) 'example_complex' retrieved from /home/airflow/.local/lib/python3.12/site-packages/airflow/example_dags/example_complex.py
[2025-07-02T23:41:53.061+0000] {logging_mixin.py:190} INFO - [2025-07-02T23:41:53.061+0000] {dag.py:3239} INFO - Sync 1 DAGs
[2025-07-02T23:41:53.082+0000] {logging_mixin.py:190} INFO - [2025-07-02T23:41:53.082+0000] {dag.py:4180} INFO - Setting next_dagrun for example_complex to None, run_after=None
[2025-07-02T23:41:53.098+0000] {processor.py:208} INFO - Processing /home/airflow/.local/lib/python3.12/site-packages/airflow/example_dags/example_complex.py took 0.090 seconds
[2025-07-02T23:42:23.772+0000] {processor.py:186} INFO - Started process (PID=1768) to work on /home/airflow/.local/lib/python3.12/site-packages/airflow/example_dags/example_complex.py
[2025-07-02T23:42:23.773+0000] {processor.py:914} INFO - Processing file /home/airflow/.local/lib/python3.12/site-packages/airflow/example_dags/example_complex.py for tasks to queue
[2025-07-02T23:42:23.775+0000] {logging_mixin.py:190} INFO - [2025-07-02T23:42:23.775+0000] {dagbag.py:588} INFO - Filling up the DagBag from /home/airflow/.local/lib/python3.12/site-packages/airflow/example_dags/example_complex.py
[2025-07-02T23:42:23.790+0000] {processor.py:925} INFO - DAG(s) 'example_complex' retrieved from /home/airflow/.local/lib/python3.12/site-packages/airflow/example_dags/example_complex.py
[2025-07-02T23:42:23.822+0000] {logging_mixin.py:190} INFO - [2025-07-02T23:42:23.822+0000] {dag.py:3239} INFO - Sync 1 DAGs
[2025-07-02T23:42:23.838+0000] {logging_mixin.py:190} INFO - [2025-07-02T23:42:23.838+0000] {dag.py:4180} INFO - Setting next_dagrun for example_complex to None, run_after=None
[2025-07-02T23:42:23.856+0000] {processor.py:208} INFO - Processing /home/airflow/.local/lib/python3.12/site-packages/airflow/example_dags/example_complex.py took 0.092 seconds
[2025-07-02T23:42:54.219+0000] {processor.py:186} INFO - Started process (PID=1830) to work on /home/airflow/.local/lib/python3.12/site-packages/airflow/example_dags/example_complex.py
[2025-07-02T23:42:54.220+0000] {processor.py:914} INFO - Processing file /home/airflow/.local/lib/python3.12/site-packages/airflow/example_dags/example_complex.py for tasks to queue
[2025-07-02T23:42:54.224+0000] {logging_mixin.py:190} INFO - [2025-07-02T23:42:54.224+0000] {dagbag.py:588} INFO - Filling up the DagBag from /home/airflow/.local/lib/python3.12/site-packages/airflow/example_dags/example_complex.py
[2025-07-02T23:42:54.235+0000] {processor.py:925} INFO - DAG(s) 'example_complex' retrieved from /home/airflow/.local/lib/python3.12/site-packages/airflow/example_dags/example_complex.py
[2025-07-02T23:42:54.265+0000] {logging_mixin.py:190} INFO - [2025-07-02T23:42:54.265+0000] {dag.py:3239} INFO - Sync 1 DAGs
[2025-07-02T23:42:54.279+0000] {logging_mixin.py:190} INFO - [2025-07-02T23:42:54.279+0000] {dag.py:4180} INFO - Setting next_dagrun for example_complex to None, run_after=None
[2025-07-02T23:42:54.297+0000] {processor.py:208} INFO - Processing /home/airflow/.local/lib/python3.12/site-packages/airflow/example_dags/example_complex.py took 0.083 seconds
[2025-07-02T23:43:25.118+0000] {processor.py:186} INFO - Started process (PID=1892) to work on /home/airflow/.local/lib/python3.12/site-packages/airflow/example_dags/example_complex.py
[2025-07-02T23:43:25.119+0000] {processor.py:914} INFO - Processing file /home/airflow/.local/lib/python3.12/site-packages/airflow/example_dags/example_complex.py for tasks to queue
[2025-07-02T23:43:25.121+0000] {logging_mixin.py:190} INFO - [2025-07-02T23:43:25.121+0000] {dagbag.py:588} INFO - Filling up the DagBag from /home/airflow/.local/lib/python3.12/site-packages/airflow/example_dags/example_complex.py
[2025-07-02T23:43:25.132+0000] {processor.py:925} INFO - DAG(s) 'example_complex' retrieved from /home/airflow/.local/lib/python3.12/site-packages/airflow/example_dags/example_complex.py
[2025-07-02T23:43:25.164+0000] {logging_mixin.py:190} INFO - [2025-07-02T23:43:25.163+0000] {dag.py:3239} INFO - Sync 1 DAGs
[2025-07-02T23:43:25.178+0000] {logging_mixin.py:190} INFO - [2025-07-02T23:43:25.178+0000] {dag.py:4180} INFO - Setting next_dagrun for example_complex to None, run_after=None
[2025-07-02T23:43:25.197+0000] {processor.py:208} INFO - Processing /home/airflow/.local/lib/python3.12/site-packages/airflow/example_dags/example_complex.py took 0.084 seconds
[2025-07-02T23:43:57.565+0000] {processor.py:186} INFO - Started process (PID=1954) to work on /home/airflow/.local/lib/python3.12/site-packages/airflow/example_dags/example_complex.py
[2025-07-02T23:43:57.567+0000] {processor.py:914} INFO - Processing file /home/airflow/.local/lib/python3.12/site-packages/airflow/example_dags/example_complex.py for tasks to queue
[2025-07-02T23:43:57.570+0000] {logging_mixin.py:190} INFO - [2025-07-02T23:43:57.570+0000] {dagbag.py:588} INFO - Filling up the DagBag from /home/airflow/.local/lib/python3.12/site-packages/airflow/example_dags/example_complex.py
[2025-07-02T23:43:57.584+0000] {processor.py:925} INFO - DAG(s) 'example_complex' retrieved from /home/airflow/.local/lib/python3.12/site-packages/airflow/example_dags/example_complex.py
[2025-07-02T23:43:57.613+0000] {logging_mixin.py:190} INFO - [2025-07-02T23:43:57.613+0000] {dag.py:3239} INFO - Sync 1 DAGs
[2025-07-02T23:43:57.628+0000] {logging_mixin.py:190} INFO - [2025-07-02T23:43:57.628+0000] {dag.py:4180} INFO - Setting next_dagrun for example_complex to None, run_after=None
[2025-07-02T23:43:57.647+0000] {processor.py:208} INFO - Processing /home/airflow/.local/lib/python3.12/site-packages/airflow/example_dags/example_complex.py took 0.088 seconds
[2025-07-02T23:44:27.864+0000] {processor.py:186} INFO - Started process (PID=2016) to work on /home/airflow/.local/lib/python3.12/site-packages/airflow/example_dags/example_complex.py
[2025-07-02T23:44:27.865+0000] {processor.py:914} INFO - Processing file /home/airflow/.local/lib/python3.12/site-packages/airflow/example_dags/example_complex.py for tasks to queue
[2025-07-02T23:44:27.868+0000] {logging_mixin.py:190} INFO - [2025-07-02T23:44:27.868+0000] {dagbag.py:588} INFO - Filling up the DagBag from /home/airflow/.local/lib/python3.12/site-packages/airflow/example_dags/example_complex.py
[2025-07-02T23:44:27.881+0000] {processor.py:925} INFO - DAG(s) 'example_complex' retrieved from /home/airflow/.local/lib/python3.12/site-packages/airflow/example_dags/example_complex.py
[2025-07-02T23:44:27.915+0000] {logging_mixin.py:190} INFO - [2025-07-02T23:44:27.915+0000] {dag.py:3239} INFO - Sync 1 DAGs
[2025-07-02T23:44:27.933+0000] {logging_mixin.py:190} INFO - [2025-07-02T23:44:27.933+0000] {dag.py:4180} INFO - Setting next_dagrun for example_complex to None, run_after=None
[2025-07-02T23:44:27.957+0000] {processor.py:208} INFO - Processing /home/airflow/.local/lib/python3.12/site-packages/airflow/example_dags/example_complex.py took 0.099 seconds
[2025-07-02T23:44:58.016+0000] {processor.py:186} INFO - Started process (PID=2077) to work on /home/airflow/.local/lib/python3.12/site-packages/airflow/example_dags/example_complex.py
[2025-07-02T23:44:58.017+0000] {processor.py:914} INFO - Processing file /home/airflow/.local/lib/python3.12/site-packages/airflow/example_dags/example_complex.py for tasks to queue
[2025-07-02T23:44:58.020+0000] {logging_mixin.py:190} INFO - [2025-07-02T23:44:58.020+0000] {dagbag.py:588} INFO - Filling up the DagBag from /home/airflow/.local/lib/python3.12/site-packages/airflow/example_dags/example_complex.py
[2025-07-02T23:44:58.030+0000] {processor.py:925} INFO - DAG(s) 'example_complex' retrieved from /home/airflow/.local/lib/python3.12/site-packages/airflow/example_dags/example_complex.py
[2025-07-02T23:44:58.059+0000] {logging_mixin.py:190} INFO - [2025-07-02T23:44:58.058+0000] {dag.py:3239} INFO - Sync 1 DAGs
[2025-07-02T23:44:58.074+0000] {logging_mixin.py:190} INFO - [2025-07-02T23:44:58.074+0000] {dag.py:4180} INFO - Setting next_dagrun for example_complex to None, run_after=None
[2025-07-02T23:44:58.093+0000] {processor.py:208} INFO - Processing /home/airflow/.local/lib/python3.12/site-packages/airflow/example_dags/example_complex.py took 0.083 seconds
[2025-07-02T23:45:28.690+0000] {processor.py:186} INFO - Started process (PID=2140) to work on /home/airflow/.local/lib/python3.12/site-packages/airflow/example_dags/example_complex.py
[2025-07-02T23:45:28.691+0000] {processor.py:914} INFO - Processing file /home/airflow/.local/lib/python3.12/site-packages/airflow/example_dags/example_complex.py for tasks to queue
[2025-07-02T23:45:28.694+0000] {logging_mixin.py:190} INFO - [2025-07-02T23:45:28.694+0000] {dagbag.py:588} INFO - Filling up the DagBag from /home/airflow/.local/lib/python3.12/site-packages/airflow/example_dags/example_complex.py
[2025-07-02T23:45:28.707+0000] {processor.py:925} INFO - DAG(s) 'example_complex' retrieved from /home/airflow/.local/lib/python3.12/site-packages/airflow/example_dags/example_complex.py
[2025-07-02T23:45:28.738+0000] {logging_mixin.py:190} INFO - [2025-07-02T23:45:28.738+0000] {dag.py:3239} INFO - Sync 1 DAGs
[2025-07-02T23:45:28.756+0000] {logging_mixin.py:190} INFO - [2025-07-02T23:45:28.756+0000] {dag.py:4180} INFO - Setting next_dagrun for example_complex to None, run_after=None
[2025-07-02T23:45:28.776+0000] {processor.py:208} INFO - Processing /home/airflow/.local/lib/python3.12/site-packages/airflow/example_dags/example_complex.py took 0.092 seconds
[2025-07-02T23:45:59.791+0000] {processor.py:186} INFO - Started process (PID=2202) to work on /home/airflow/.local/lib/python3.12/site-packages/airflow/example_dags/example_complex.py
[2025-07-02T23:45:59.792+0000] {processor.py:914} INFO - Processing file /home/airflow/.local/lib/python3.12/site-packages/airflow/example_dags/example_complex.py for tasks to queue
[2025-07-02T23:45:59.795+0000] {logging_mixin.py:190} INFO - [2025-07-02T23:45:59.794+0000] {dagbag.py:588} INFO - Filling up the DagBag from /home/airflow/.local/lib/python3.12/site-packages/airflow/example_dags/example_complex.py
[2025-07-02T23:45:59.809+0000] {processor.py:925} INFO - DAG(s) 'example_complex' retrieved from /home/airflow/.local/lib/python3.12/site-packages/airflow/example_dags/example_complex.py
[2025-07-02T23:45:59.840+0000] {logging_mixin.py:190} INFO - [2025-07-02T23:45:59.840+0000] {dag.py:3239} INFO - Sync 1 DAGs
[2025-07-02T23:45:59.859+0000] {logging_mixin.py:190} INFO - [2025-07-02T23:45:59.859+0000] {dag.py:4180} INFO - Setting next_dagrun for example_complex to None, run_after=None
[2025-07-02T23:45:59.878+0000] {processor.py:208} INFO - Processing /home/airflow/.local/lib/python3.12/site-packages/airflow/example_dags/example_complex.py took 0.093 seconds
[2025-07-02T23:46:31.004+0000] {processor.py:186} INFO - Started process (PID=2264) to work on /home/airflow/.local/lib/python3.12/site-packages/airflow/example_dags/example_complex.py
[2025-07-02T23:46:31.006+0000] {processor.py:914} INFO - Processing file /home/airflow/.local/lib/python3.12/site-packages/airflow/example_dags/example_complex.py for tasks to queue
[2025-07-02T23:46:31.010+0000] {logging_mixin.py:190} INFO - [2025-07-02T23:46:31.009+0000] {dagbag.py:588} INFO - Filling up the DagBag from /home/airflow/.local/lib/python3.12/site-packages/airflow/example_dags/example_complex.py
[2025-07-02T23:46:31.030+0000] {processor.py:925} INFO - DAG(s) 'example_complex' retrieved from /home/airflow/.local/lib/python3.12/site-packages/airflow/example_dags/example_complex.py
[2025-07-02T23:46:31.082+0000] {logging_mixin.py:190} INFO - [2025-07-02T23:46:31.081+0000] {dag.py:3239} INFO - Sync 1 DAGs
[2025-07-02T23:46:31.104+0000] {logging_mixin.py:190} INFO - [2025-07-02T23:46:31.104+0000] {dag.py:4180} INFO - Setting next_dagrun for example_complex to None, run_after=None
[2025-07-02T23:46:31.129+0000] {processor.py:208} INFO - Processing /home/airflow/.local/lib/python3.12/site-packages/airflow/example_dags/example_complex.py took 0.135 seconds
[2025-07-02T23:47:01.828+0000] {processor.py:186} INFO - Started process (PID=2326) to work on /home/airflow/.local/lib/python3.12/site-packages/airflow/example_dags/example_complex.py
[2025-07-02T23:47:01.829+0000] {processor.py:914} INFO - Processing file /home/airflow/.local/lib/python3.12/site-packages/airflow/example_dags/example_complex.py for tasks to queue
[2025-07-02T23:47:01.833+0000] {logging_mixin.py:190} INFO - [2025-07-02T23:47:01.833+0000] {dagbag.py:588} INFO - Filling up the DagBag from /home/airflow/.local/lib/python3.12/site-packages/airflow/example_dags/example_complex.py
[2025-07-02T23:47:01.847+0000] {processor.py:925} INFO - DAG(s) 'example_complex' retrieved from /home/airflow/.local/lib/python3.12/site-packages/airflow/example_dags/example_complex.py
[2025-07-02T23:47:01.887+0000] {logging_mixin.py:190} INFO - [2025-07-02T23:47:01.887+0000] {dag.py:3239} INFO - Sync 1 DAGs
[2025-07-02T23:47:01.907+0000] {logging_mixin.py:190} INFO - [2025-07-02T23:47:01.907+0000] {dag.py:4180} INFO - Setting next_dagrun for example_complex to None, run_after=None
[2025-07-02T23:47:01.932+0000] {processor.py:208} INFO - Processing /home/airflow/.local/lib/python3.12/site-packages/airflow/example_dags/example_complex.py took 0.110 seconds
[2025-07-02T23:47:32.088+0000] {processor.py:186} INFO - Started process (PID=2388) to work on /home/airflow/.local/lib/python3.12/site-packages/airflow/example_dags/example_complex.py
[2025-07-02T23:47:32.089+0000] {processor.py:914} INFO - Processing file /home/airflow/.local/lib/python3.12/site-packages/airflow/example_dags/example_complex.py for tasks to queue
[2025-07-02T23:47:32.091+0000] {logging_mixin.py:190} INFO - [2025-07-02T23:47:32.091+0000] {dagbag.py:588} INFO - Filling up the DagBag from /home/airflow/.local/lib/python3.12/site-packages/airflow/example_dags/example_complex.py
[2025-07-02T23:47:32.103+0000] {processor.py:925} INFO - DAG(s) 'example_complex' retrieved from /home/airflow/.local/lib/python3.12/site-packages/airflow/example_dags/example_complex.py
[2025-07-02T23:47:32.135+0000] {logging_mixin.py:190} INFO - [2025-07-02T23:47:32.135+0000] {dag.py:3239} INFO - Sync 1 DAGs
[2025-07-02T23:47:32.151+0000] {logging_mixin.py:190} INFO - [2025-07-02T23:47:32.151+0000] {dag.py:4180} INFO - Setting next_dagrun for example_complex to None, run_after=None
[2025-07-02T23:47:32.171+0000] {processor.py:208} INFO - Processing /home/airflow/.local/lib/python3.12/site-packages/airflow/example_dags/example_complex.py took 0.088 seconds
[2025-07-02T23:48:02.688+0000] {processor.py:186} INFO - Started process (PID=2450) to work on /home/airflow/.local/lib/python3.12/site-packages/airflow/example_dags/example_complex.py
[2025-07-02T23:48:02.689+0000] {processor.py:914} INFO - Processing file /home/airflow/.local/lib/python3.12/site-packages/airflow/example_dags/example_complex.py for tasks to queue
[2025-07-02T23:48:02.692+0000] {logging_mixin.py:190} INFO - [2025-07-02T23:48:02.692+0000] {dagbag.py:588} INFO - Filling up the DagBag from /home/airflow/.local/lib/python3.12/site-packages/airflow/example_dags/example_complex.py
[2025-07-02T23:48:02.710+0000] {processor.py:925} INFO - DAG(s) 'example_complex' retrieved from /home/airflow/.local/lib/python3.12/site-packages/airflow/example_dags/example_complex.py
[2025-07-02T23:48:02.748+0000] {logging_mixin.py:190} INFO - [2025-07-02T23:48:02.748+0000] {dag.py:3239} INFO - Sync 1 DAGs
[2025-07-02T23:48:02.763+0000] {logging_mixin.py:190} INFO - [2025-07-02T23:48:02.763+0000] {dag.py:4180} INFO - Setting next_dagrun for example_complex to None, run_after=None
[2025-07-02T23:48:02.781+0000] {processor.py:208} INFO - Processing /home/airflow/.local/lib/python3.12/site-packages/airflow/example_dags/example_complex.py took 0.100 seconds
[2025-07-02T23:48:33.137+0000] {processor.py:186} INFO - Started process (PID=2512) to work on /home/airflow/.local/lib/python3.12/site-packages/airflow/example_dags/example_complex.py
[2025-07-02T23:48:33.138+0000] {processor.py:914} INFO - Processing file /home/airflow/.local/lib/python3.12/site-packages/airflow/example_dags/example_complex.py for tasks to queue
[2025-07-02T23:48:33.142+0000] {logging_mixin.py:190} INFO - [2025-07-02T23:48:33.141+0000] {dagbag.py:588} INFO - Filling up the DagBag from /home/airflow/.local/lib/python3.12/site-packages/airflow/example_dags/example_complex.py
[2025-07-02T23:48:33.154+0000] {processor.py:925} INFO - DAG(s) 'example_complex' retrieved from /home/airflow/.local/lib/python3.12/site-packages/airflow/example_dags/example_complex.py
[2025-07-02T23:48:33.184+0000] {logging_mixin.py:190} INFO - [2025-07-02T23:48:33.184+0000] {dag.py:3239} INFO - Sync 1 DAGs
[2025-07-02T23:48:33.199+0000] {logging_mixin.py:190} INFO - [2025-07-02T23:48:33.199+0000] {dag.py:4180} INFO - Setting next_dagrun for example_complex to None, run_after=None
[2025-07-02T23:48:33.219+0000] {processor.py:208} INFO - Processing /home/airflow/.local/lib/python3.12/site-packages/airflow/example_dags/example_complex.py took 0.087 seconds
[2025-07-02T23:49:03.464+0000] {processor.py:186} INFO - Started process (PID=2573) to work on /home/airflow/.local/lib/python3.12/site-packages/airflow/example_dags/example_complex.py
[2025-07-02T23:49:03.465+0000] {processor.py:914} INFO - Processing file /home/airflow/.local/lib/python3.12/site-packages/airflow/example_dags/example_complex.py for tasks to queue
[2025-07-02T23:49:03.468+0000] {logging_mixin.py:190} INFO - [2025-07-02T23:49:03.467+0000] {dagbag.py:588} INFO - Filling up the DagBag from /home/airflow/.local/lib/python3.12/site-packages/airflow/example_dags/example_complex.py
[2025-07-02T23:49:03.478+0000] {processor.py:925} INFO - DAG(s) 'example_complex' retrieved from /home/airflow/.local/lib/python3.12/site-packages/airflow/example_dags/example_complex.py
[2025-07-02T23:49:03.512+0000] {logging_mixin.py:190} INFO - [2025-07-02T23:49:03.512+0000] {dag.py:3239} INFO - Sync 1 DAGs
[2025-07-02T23:49:03.529+0000] {logging_mixin.py:190} INFO - [2025-07-02T23:49:03.528+0000] {dag.py:4180} INFO - Setting next_dagrun for example_complex to None, run_after=None
[2025-07-02T23:49:03.546+0000] {processor.py:208} INFO - Processing /home/airflow/.local/lib/python3.12/site-packages/airflow/example_dags/example_complex.py took 0.089 seconds
[2025-07-02T23:49:34.034+0000] {processor.py:186} INFO - Started process (PID=2641) to work on /home/airflow/.local/lib/python3.12/site-packages/airflow/example_dags/example_complex.py
[2025-07-02T23:49:34.035+0000] {processor.py:914} INFO - Processing file /home/airflow/.local/lib/python3.12/site-packages/airflow/example_dags/example_complex.py for tasks to queue
[2025-07-02T23:49:34.038+0000] {logging_mixin.py:190} INFO - [2025-07-02T23:49:34.037+0000] {dagbag.py:588} INFO - Filling up the DagBag from /home/airflow/.local/lib/python3.12/site-packages/airflow/example_dags/example_complex.py
[2025-07-02T23:49:34.052+0000] {processor.py:925} INFO - DAG(s) 'example_complex' retrieved from /home/airflow/.local/lib/python3.12/site-packages/airflow/example_dags/example_complex.py
[2025-07-02T23:49:34.086+0000] {logging_mixin.py:190} INFO - [2025-07-02T23:49:34.086+0000] {dag.py:3239} INFO - Sync 1 DAGs
[2025-07-02T23:49:34.103+0000] {logging_mixin.py:190} INFO - [2025-07-02T23:49:34.103+0000] {dag.py:4180} INFO - Setting next_dagrun for example_complex to None, run_after=None
[2025-07-02T23:49:34.126+0000] {processor.py:208} INFO - Processing /home/airflow/.local/lib/python3.12/site-packages/airflow/example_dags/example_complex.py took 0.098 seconds
[2025-07-02T23:50:04.247+0000] {processor.py:186} INFO - Started process (PID=2702) to work on /home/airflow/.local/lib/python3.12/site-packages/airflow/example_dags/example_complex.py
[2025-07-02T23:50:04.248+0000] {processor.py:914} INFO - Processing file /home/airflow/.local/lib/python3.12/site-packages/airflow/example_dags/example_complex.py for tasks to queue
[2025-07-02T23:50:04.251+0000] {logging_mixin.py:190} INFO - [2025-07-02T23:50:04.250+0000] {dagbag.py:588} INFO - Filling up the DagBag from /home/airflow/.local/lib/python3.12/site-packages/airflow/example_dags/example_complex.py
[2025-07-02T23:50:04.261+0000] {processor.py:925} INFO - DAG(s) 'example_complex' retrieved from /home/airflow/.local/lib/python3.12/site-packages/airflow/example_dags/example_complex.py
[2025-07-02T23:50:04.289+0000] {logging_mixin.py:190} INFO - [2025-07-02T23:50:04.289+0000] {dag.py:3239} INFO - Sync 1 DAGs
[2025-07-02T23:50:04.303+0000] {logging_mixin.py:190} INFO - [2025-07-02T23:50:04.303+0000] {dag.py:4180} INFO - Setting next_dagrun for example_complex to None, run_after=None
[2025-07-02T23:50:04.321+0000] {processor.py:208} INFO - Processing /home/airflow/.local/lib/python3.12/site-packages/airflow/example_dags/example_complex.py took 0.079 seconds
[2025-07-02T23:50:34.356+0000] {processor.py:186} INFO - Started process (PID=2764) to work on /home/airflow/.local/lib/python3.12/site-packages/airflow/example_dags/example_complex.py
[2025-07-02T23:50:34.357+0000] {processor.py:914} INFO - Processing file /home/airflow/.local/lib/python3.12/site-packages/airflow/example_dags/example_complex.py for tasks to queue
[2025-07-02T23:50:34.360+0000] {logging_mixin.py:190} INFO - [2025-07-02T23:50:34.360+0000] {dagbag.py:588} INFO - Filling up the DagBag from /home/airflow/.local/lib/python3.12/site-packages/airflow/example_dags/example_complex.py
[2025-07-02T23:50:34.371+0000] {processor.py:925} INFO - DAG(s) 'example_complex' retrieved from /home/airflow/.local/lib/python3.12/site-packages/airflow/example_dags/example_complex.py
[2025-07-02T23:50:34.405+0000] {logging_mixin.py:190} INFO - [2025-07-02T23:50:34.404+0000] {dag.py:3239} INFO - Sync 1 DAGs
[2025-07-02T23:50:34.418+0000] {logging_mixin.py:190} INFO - [2025-07-02T23:50:34.418+0000] {dag.py:4180} INFO - Setting next_dagrun for example_complex to None, run_after=None
[2025-07-02T23:50:34.436+0000] {processor.py:208} INFO - Processing /home/airflow/.local/lib/python3.12/site-packages/airflow/example_dags/example_complex.py took 0.086 seconds
[2025-07-02T23:51:05.042+0000] {processor.py:186} INFO - Started process (PID=2826) to work on /home/airflow/.local/lib/python3.12/site-packages/airflow/example_dags/example_complex.py
[2025-07-02T23:51:05.043+0000] {processor.py:914} INFO - Processing file /home/airflow/.local/lib/python3.12/site-packages/airflow/example_dags/example_complex.py for tasks to queue
[2025-07-02T23:51:05.047+0000] {logging_mixin.py:190} INFO - [2025-07-02T23:51:05.046+0000] {dagbag.py:588} INFO - Filling up the DagBag from /home/airflow/.local/lib/python3.12/site-packages/airflow/example_dags/example_complex.py
[2025-07-02T23:51:05.059+0000] {processor.py:925} INFO - DAG(s) 'example_complex' retrieved from /home/airflow/.local/lib/python3.12/site-packages/airflow/example_dags/example_complex.py
[2025-07-02T23:51:05.103+0000] {logging_mixin.py:190} INFO - [2025-07-02T23:51:05.102+0000] {dag.py:3239} INFO - Sync 1 DAGs
[2025-07-02T23:51:05.120+0000] {logging_mixin.py:190} INFO - [2025-07-02T23:51:05.120+0000] {dag.py:4180} INFO - Setting next_dagrun for example_complex to None, run_after=None
[2025-07-02T23:51:05.141+0000] {processor.py:208} INFO - Processing /home/airflow/.local/lib/python3.12/site-packages/airflow/example_dags/example_complex.py took 0.108 seconds
[2025-07-02T23:51:35.343+0000] {processor.py:186} INFO - Started process (PID=2888) to work on /home/airflow/.local/lib/python3.12/site-packages/airflow/example_dags/example_complex.py
[2025-07-02T23:51:35.344+0000] {processor.py:914} INFO - Processing file /home/airflow/.local/lib/python3.12/site-packages/airflow/example_dags/example_complex.py for tasks to queue
[2025-07-02T23:51:35.347+0000] {logging_mixin.py:190} INFO - [2025-07-02T23:51:35.346+0000] {dagbag.py:588} INFO - Filling up the DagBag from /home/airflow/.local/lib/python3.12/site-packages/airflow/example_dags/example_complex.py
[2025-07-02T23:51:35.358+0000] {processor.py:925} INFO - DAG(s) 'example_complex' retrieved from /home/airflow/.local/lib/python3.12/site-packages/airflow/example_dags/example_complex.py
[2025-07-02T23:51:35.388+0000] {logging_mixin.py:190} INFO - [2025-07-02T23:51:35.388+0000] {dag.py:3239} INFO - Sync 1 DAGs
[2025-07-02T23:51:35.403+0000] {logging_mixin.py:190} INFO - [2025-07-02T23:51:35.403+0000] {dag.py:4180} INFO - Setting next_dagrun for example_complex to None, run_after=None
[2025-07-02T23:51:35.422+0000] {processor.py:208} INFO - Processing /home/airflow/.local/lib/python3.12/site-packages/airflow/example_dags/example_complex.py took 0.084 seconds
[2025-07-02T23:52:05.992+0000] {processor.py:186} INFO - Started process (PID=2950) to work on /home/airflow/.local/lib/python3.12/site-packages/airflow/example_dags/example_complex.py
[2025-07-02T23:52:05.993+0000] {processor.py:914} INFO - Processing file /home/airflow/.local/lib/python3.12/site-packages/airflow/example_dags/example_complex.py for tasks to queue
[2025-07-02T23:52:05.996+0000] {logging_mixin.py:190} INFO - [2025-07-02T23:52:05.996+0000] {dagbag.py:588} INFO - Filling up the DagBag from /home/airflow/.local/lib/python3.12/site-packages/airflow/example_dags/example_complex.py
[2025-07-02T23:52:06.007+0000] {processor.py:925} INFO - DAG(s) 'example_complex' retrieved from /home/airflow/.local/lib/python3.12/site-packages/airflow/example_dags/example_complex.py
[2025-07-02T23:52:06.039+0000] {logging_mixin.py:190} INFO - [2025-07-02T23:52:06.039+0000] {dag.py:3239} INFO - Sync 1 DAGs
[2025-07-02T23:52:06.055+0000] {logging_mixin.py:190} INFO - [2025-07-02T23:52:06.055+0000] {dag.py:4180} INFO - Setting next_dagrun for example_complex to None, run_after=None
[2025-07-02T23:52:06.074+0000] {processor.py:208} INFO - Processing /home/airflow/.local/lib/python3.12/site-packages/airflow/example_dags/example_complex.py took 0.087 seconds
[2025-07-02T23:52:36.197+0000] {processor.py:186} INFO - Started process (PID=3012) to work on /home/airflow/.local/lib/python3.12/site-packages/airflow/example_dags/example_complex.py
[2025-07-02T23:52:36.198+0000] {processor.py:914} INFO - Processing file /home/airflow/.local/lib/python3.12/site-packages/airflow/example_dags/example_complex.py for tasks to queue
[2025-07-02T23:52:36.200+0000] {logging_mixin.py:190} INFO - [2025-07-02T23:52:36.200+0000] {dagbag.py:588} INFO - Filling up the DagBag from /home/airflow/.local/lib/python3.12/site-packages/airflow/example_dags/example_complex.py
[2025-07-02T23:52:36.211+0000] {processor.py:925} INFO - DAG(s) 'example_complex' retrieved from /home/airflow/.local/lib/python3.12/site-packages/airflow/example_dags/example_complex.py
[2025-07-02T23:52:36.239+0000] {logging_mixin.py:190} INFO - [2025-07-02T23:52:36.238+0000] {dag.py:3239} INFO - Sync 1 DAGs
[2025-07-02T23:52:36.252+0000] {logging_mixin.py:190} INFO - [2025-07-02T23:52:36.252+0000] {dag.py:4180} INFO - Setting next_dagrun for example_complex to None, run_after=None
[2025-07-02T23:52:36.268+0000] {processor.py:208} INFO - Processing /home/airflow/.local/lib/python3.12/site-packages/airflow/example_dags/example_complex.py took 0.077 seconds
[2025-07-02T23:53:06.489+0000] {processor.py:186} INFO - Started process (PID=3074) to work on /home/airflow/.local/lib/python3.12/site-packages/airflow/example_dags/example_complex.py
[2025-07-02T23:53:06.490+0000] {processor.py:914} INFO - Processing file /home/airflow/.local/lib/python3.12/site-packages/airflow/example_dags/example_complex.py for tasks to queue
[2025-07-02T23:53:06.492+0000] {logging_mixin.py:190} INFO - [2025-07-02T23:53:06.492+0000] {dagbag.py:588} INFO - Filling up the DagBag from /home/airflow/.local/lib/python3.12/site-packages/airflow/example_dags/example_complex.py
[2025-07-02T23:53:06.503+0000] {processor.py:925} INFO - DAG(s) 'example_complex' retrieved from /home/airflow/.local/lib/python3.12/site-packages/airflow/example_dags/example_complex.py
[2025-07-02T23:53:06.531+0000] {logging_mixin.py:190} INFO - [2025-07-02T23:53:06.530+0000] {dag.py:3239} INFO - Sync 1 DAGs
[2025-07-02T23:53:06.545+0000] {logging_mixin.py:190} INFO - [2025-07-02T23:53:06.545+0000] {dag.py:4180} INFO - Setting next_dagrun for example_complex to None, run_after=None
[2025-07-02T23:53:06.562+0000] {processor.py:208} INFO - Processing /home/airflow/.local/lib/python3.12/site-packages/airflow/example_dags/example_complex.py took 0.078 seconds
[2025-07-02T23:53:37.270+0000] {processor.py:186} INFO - Started process (PID=3136) to work on /home/airflow/.local/lib/python3.12/site-packages/airflow/example_dags/example_complex.py
[2025-07-02T23:53:37.271+0000] {processor.py:914} INFO - Processing file /home/airflow/.local/lib/python3.12/site-packages/airflow/example_dags/example_complex.py for tasks to queue
[2025-07-02T23:53:37.273+0000] {logging_mixin.py:190} INFO - [2025-07-02T23:53:37.273+0000] {dagbag.py:588} INFO - Filling up the DagBag from /home/airflow/.local/lib/python3.12/site-packages/airflow/example_dags/example_complex.py
[2025-07-02T23:53:37.284+0000] {processor.py:925} INFO - DAG(s) 'example_complex' retrieved from /home/airflow/.local/lib/python3.12/site-packages/airflow/example_dags/example_complex.py
[2025-07-02T23:53:37.315+0000] {logging_mixin.py:190} INFO - [2025-07-02T23:53:37.315+0000] {dag.py:3239} INFO - Sync 1 DAGs
[2025-07-02T23:53:37.330+0000] {logging_mixin.py:190} INFO - [2025-07-02T23:53:37.330+0000] {dag.py:4180} INFO - Setting next_dagrun for example_complex to None, run_after=None
[2025-07-02T23:53:37.353+0000] {processor.py:208} INFO - Processing /home/airflow/.local/lib/python3.12/site-packages/airflow/example_dags/example_complex.py took 0.089 seconds
[2025-07-02T23:54:07.573+0000] {processor.py:186} INFO - Started process (PID=3198) to work on /home/airflow/.local/lib/python3.12/site-packages/airflow/example_dags/example_complex.py
[2025-07-02T23:54:07.574+0000] {processor.py:914} INFO - Processing file /home/airflow/.local/lib/python3.12/site-packages/airflow/example_dags/example_complex.py for tasks to queue
[2025-07-02T23:54:07.577+0000] {logging_mixin.py:190} INFO - [2025-07-02T23:54:07.577+0000] {dagbag.py:588} INFO - Filling up the DagBag from /home/airflow/.local/lib/python3.12/site-packages/airflow/example_dags/example_complex.py
[2025-07-02T23:54:07.588+0000] {processor.py:925} INFO - DAG(s) 'example_complex' retrieved from /home/airflow/.local/lib/python3.12/site-packages/airflow/example_dags/example_complex.py
[2025-07-02T23:54:07.615+0000] {logging_mixin.py:190} INFO - [2025-07-02T23:54:07.614+0000] {dag.py:3239} INFO - Sync 1 DAGs
[2025-07-02T23:54:07.629+0000] {logging_mixin.py:190} INFO - [2025-07-02T23:54:07.629+0000] {dag.py:4180} INFO - Setting next_dagrun for example_complex to None, run_after=None
[2025-07-02T23:54:07.646+0000] {processor.py:208} INFO - Processing /home/airflow/.local/lib/python3.12/site-packages/airflow/example_dags/example_complex.py took 0.079 seconds
[2025-07-02T23:54:37.899+0000] {processor.py:186} INFO - Started process (PID=3260) to work on /home/airflow/.local/lib/python3.12/site-packages/airflow/example_dags/example_complex.py
[2025-07-02T23:54:37.900+0000] {processor.py:914} INFO - Processing file /home/airflow/.local/lib/python3.12/site-packages/airflow/example_dags/example_complex.py for tasks to queue
[2025-07-02T23:54:37.904+0000] {logging_mixin.py:190} INFO - [2025-07-02T23:54:37.903+0000] {dagbag.py:588} INFO - Filling up the DagBag from /home/airflow/.local/lib/python3.12/site-packages/airflow/example_dags/example_complex.py
[2025-07-02T23:54:37.917+0000] {processor.py:925} INFO - DAG(s) 'example_complex' retrieved from /home/airflow/.local/lib/python3.12/site-packages/airflow/example_dags/example_complex.py
[2025-07-02T23:54:37.946+0000] {logging_mixin.py:190} INFO - [2025-07-02T23:54:37.945+0000] {dag.py:3239} INFO - Sync 1 DAGs
[2025-07-02T23:54:37.960+0000] {logging_mixin.py:190} INFO - [2025-07-02T23:54:37.960+0000] {dag.py:4180} INFO - Setting next_dagrun for example_complex to None, run_after=None
[2025-07-02T23:54:37.981+0000] {processor.py:208} INFO - Processing /home/airflow/.local/lib/python3.12/site-packages/airflow/example_dags/example_complex.py took 0.090 seconds
[2025-07-02T23:55:08.179+0000] {processor.py:186} INFO - Started process (PID=3322) to work on /home/airflow/.local/lib/python3.12/site-packages/airflow/example_dags/example_complex.py
[2025-07-02T23:55:08.180+0000] {processor.py:914} INFO - Processing file /home/airflow/.local/lib/python3.12/site-packages/airflow/example_dags/example_complex.py for tasks to queue
[2025-07-02T23:55:08.183+0000] {logging_mixin.py:190} INFO - [2025-07-02T23:55:08.183+0000] {dagbag.py:588} INFO - Filling up the DagBag from /home/airflow/.local/lib/python3.12/site-packages/airflow/example_dags/example_complex.py
[2025-07-02T23:55:08.196+0000] {processor.py:925} INFO - DAG(s) 'example_complex' retrieved from /home/airflow/.local/lib/python3.12/site-packages/airflow/example_dags/example_complex.py
[2025-07-02T23:55:08.229+0000] {logging_mixin.py:190} INFO - [2025-07-02T23:55:08.229+0000] {dag.py:3239} INFO - Sync 1 DAGs
[2025-07-02T23:55:08.243+0000] {logging_mixin.py:190} INFO - [2025-07-02T23:55:08.242+0000] {dag.py:4180} INFO - Setting next_dagrun for example_complex to None, run_after=None
[2025-07-02T23:55:08.260+0000] {processor.py:208} INFO - Processing /home/airflow/.local/lib/python3.12/site-packages/airflow/example_dags/example_complex.py took 0.089 seconds
[2025-07-02T23:55:38.739+0000] {processor.py:186} INFO - Started process (PID=3384) to work on /home/airflow/.local/lib/python3.12/site-packages/airflow/example_dags/example_complex.py
[2025-07-02T23:55:38.740+0000] {processor.py:914} INFO - Processing file /home/airflow/.local/lib/python3.12/site-packages/airflow/example_dags/example_complex.py for tasks to queue
[2025-07-02T23:55:38.743+0000] {logging_mixin.py:190} INFO - [2025-07-02T23:55:38.742+0000] {dagbag.py:588} INFO - Filling up the DagBag from /home/airflow/.local/lib/python3.12/site-packages/airflow/example_dags/example_complex.py
[2025-07-02T23:55:38.754+0000] {processor.py:925} INFO - DAG(s) 'example_complex' retrieved from /home/airflow/.local/lib/python3.12/site-packages/airflow/example_dags/example_complex.py
[2025-07-02T23:55:38.782+0000] {logging_mixin.py:190} INFO - [2025-07-02T23:55:38.782+0000] {dag.py:3239} INFO - Sync 1 DAGs
[2025-07-02T23:55:38.796+0000] {logging_mixin.py:190} INFO - [2025-07-02T23:55:38.796+0000] {dag.py:4180} INFO - Setting next_dagrun for example_complex to None, run_after=None
[2025-07-02T23:55:38.812+0000] {processor.py:208} INFO - Processing /home/airflow/.local/lib/python3.12/site-packages/airflow/example_dags/example_complex.py took 0.078 seconds
[2025-07-02T23:56:09.916+0000] {processor.py:186} INFO - Started process (PID=3446) to work on /home/airflow/.local/lib/python3.12/site-packages/airflow/example_dags/example_complex.py
[2025-07-02T23:56:09.918+0000] {processor.py:914} INFO - Processing file /home/airflow/.local/lib/python3.12/site-packages/airflow/example_dags/example_complex.py for tasks to queue
[2025-07-02T23:56:09.921+0000] {logging_mixin.py:190} INFO - [2025-07-02T23:56:09.920+0000] {dagbag.py:588} INFO - Filling up the DagBag from /home/airflow/.local/lib/python3.12/site-packages/airflow/example_dags/example_complex.py
[2025-07-02T23:56:09.935+0000] {processor.py:925} INFO - DAG(s) 'example_complex' retrieved from /home/airflow/.local/lib/python3.12/site-packages/airflow/example_dags/example_complex.py
[2025-07-02T23:56:09.969+0000] {logging_mixin.py:190} INFO - [2025-07-02T23:56:09.968+0000] {dag.py:3239} INFO - Sync 1 DAGs
[2025-07-02T23:56:10.159+0000] {logging_mixin.py:190} INFO - [2025-07-02T23:56:10.158+0000] {dag.py:4180} INFO - Setting next_dagrun for example_complex to None, run_after=None
[2025-07-02T23:56:10.185+0000] {processor.py:208} INFO - Processing /home/airflow/.local/lib/python3.12/site-packages/airflow/example_dags/example_complex.py took 0.276 seconds
[2025-07-02T23:56:40.430+0000] {processor.py:186} INFO - Started process (PID=3508) to work on /home/airflow/.local/lib/python3.12/site-packages/airflow/example_dags/example_complex.py
[2025-07-02T23:56:40.432+0000] {processor.py:914} INFO - Processing file /home/airflow/.local/lib/python3.12/site-packages/airflow/example_dags/example_complex.py for tasks to queue
[2025-07-02T23:56:40.434+0000] {logging_mixin.py:190} INFO - [2025-07-02T23:56:40.434+0000] {dagbag.py:588} INFO - Filling up the DagBag from /home/airflow/.local/lib/python3.12/site-packages/airflow/example_dags/example_complex.py
[2025-07-02T23:56:40.445+0000] {processor.py:925} INFO - DAG(s) 'example_complex' retrieved from /home/airflow/.local/lib/python3.12/site-packages/airflow/example_dags/example_complex.py
[2025-07-02T23:56:40.473+0000] {logging_mixin.py:190} INFO - [2025-07-02T23:56:40.472+0000] {dag.py:3239} INFO - Sync 1 DAGs
[2025-07-02T23:56:40.653+0000] {logging_mixin.py:190} INFO - [2025-07-02T23:56:40.653+0000] {dag.py:4180} INFO - Setting next_dagrun for example_complex to None, run_after=None
[2025-07-02T23:56:40.672+0000] {processor.py:208} INFO - Processing /home/airflow/.local/lib/python3.12/site-packages/airflow/example_dags/example_complex.py took 0.248 seconds
[2025-07-02T23:57:10.831+0000] {processor.py:186} INFO - Started process (PID=3570) to work on /home/airflow/.local/lib/python3.12/site-packages/airflow/example_dags/example_complex.py
[2025-07-02T23:57:10.832+0000] {processor.py:914} INFO - Processing file /home/airflow/.local/lib/python3.12/site-packages/airflow/example_dags/example_complex.py for tasks to queue
[2025-07-02T23:57:10.834+0000] {logging_mixin.py:190} INFO - [2025-07-02T23:57:10.834+0000] {dagbag.py:588} INFO - Filling up the DagBag from /home/airflow/.local/lib/python3.12/site-packages/airflow/example_dags/example_complex.py
[2025-07-02T23:57:10.845+0000] {processor.py:925} INFO - DAG(s) 'example_complex' retrieved from /home/airflow/.local/lib/python3.12/site-packages/airflow/example_dags/example_complex.py
[2025-07-02T23:57:10.874+0000] {logging_mixin.py:190} INFO - [2025-07-02T23:57:10.873+0000] {dag.py:3239} INFO - Sync 1 DAGs
[2025-07-02T23:57:10.888+0000] {logging_mixin.py:190} INFO - [2025-07-02T23:57:10.888+0000] {dag.py:4180} INFO - Setting next_dagrun for example_complex to None, run_after=None
[2025-07-02T23:57:10.905+0000] {processor.py:208} INFO - Processing /home/airflow/.local/lib/python3.12/site-packages/airflow/example_dags/example_complex.py took 0.080 seconds
[2025-07-02T23:57:41.475+0000] {processor.py:186} INFO - Started process (PID=3632) to work on /home/airflow/.local/lib/python3.12/site-packages/airflow/example_dags/example_complex.py
[2025-07-02T23:57:41.476+0000] {processor.py:914} INFO - Processing file /home/airflow/.local/lib/python3.12/site-packages/airflow/example_dags/example_complex.py for tasks to queue
[2025-07-02T23:57:41.479+0000] {logging_mixin.py:190} INFO - [2025-07-02T23:57:41.479+0000] {dagbag.py:588} INFO - Filling up the DagBag from /home/airflow/.local/lib/python3.12/site-packages/airflow/example_dags/example_complex.py
[2025-07-02T23:57:41.490+0000] {processor.py:925} INFO - DAG(s) 'example_complex' retrieved from /home/airflow/.local/lib/python3.12/site-packages/airflow/example_dags/example_complex.py
[2025-07-02T23:57:41.518+0000] {logging_mixin.py:190} INFO - [2025-07-02T23:57:41.518+0000] {dag.py:3239} INFO - Sync 1 DAGs
[2025-07-02T23:57:41.532+0000] {logging_mixin.py:190} INFO - [2025-07-02T23:57:41.531+0000] {dag.py:4180} INFO - Setting next_dagrun for example_complex to None, run_after=None
[2025-07-02T23:57:41.548+0000] {processor.py:208} INFO - Processing /home/airflow/.local/lib/python3.12/site-packages/airflow/example_dags/example_complex.py took 0.079 seconds
[2025-07-02T23:58:12.154+0000] {processor.py:186} INFO - Started process (PID=3694) to work on /home/airflow/.local/lib/python3.12/site-packages/airflow/example_dags/example_complex.py
[2025-07-02T23:58:12.155+0000] {processor.py:914} INFO - Processing file /home/airflow/.local/lib/python3.12/site-packages/airflow/example_dags/example_complex.py for tasks to queue
[2025-07-02T23:58:12.158+0000] {logging_mixin.py:190} INFO - [2025-07-02T23:58:12.157+0000] {dagbag.py:588} INFO - Filling up the DagBag from /home/airflow/.local/lib/python3.12/site-packages/airflow/example_dags/example_complex.py
[2025-07-02T23:58:12.169+0000] {processor.py:925} INFO - DAG(s) 'example_complex' retrieved from /home/airflow/.local/lib/python3.12/site-packages/airflow/example_dags/example_complex.py
[2025-07-02T23:58:12.196+0000] {logging_mixin.py:190} INFO - [2025-07-02T23:58:12.196+0000] {dag.py:3239} INFO - Sync 1 DAGs
[2025-07-02T23:58:12.210+0000] {logging_mixin.py:190} INFO - [2025-07-02T23:58:12.210+0000] {dag.py:4180} INFO - Setting next_dagrun for example_complex to None, run_after=None
[2025-07-02T23:58:12.227+0000] {processor.py:208} INFO - Processing /home/airflow/.local/lib/python3.12/site-packages/airflow/example_dags/example_complex.py took 0.079 seconds
[2025-07-02T23:58:42.516+0000] {processor.py:186} INFO - Started process (PID=3756) to work on /home/airflow/.local/lib/python3.12/site-packages/airflow/example_dags/example_complex.py
[2025-07-02T23:58:42.518+0000] {processor.py:914} INFO - Processing file /home/airflow/.local/lib/python3.12/site-packages/airflow/example_dags/example_complex.py for tasks to queue
[2025-07-02T23:58:42.521+0000] {logging_mixin.py:190} INFO - [2025-07-02T23:58:42.521+0000] {dagbag.py:588} INFO - Filling up the DagBag from /home/airflow/.local/lib/python3.12/site-packages/airflow/example_dags/example_complex.py
[2025-07-02T23:58:42.535+0000] {processor.py:925} INFO - DAG(s) 'example_complex' retrieved from /home/airflow/.local/lib/python3.12/site-packages/airflow/example_dags/example_complex.py
[2025-07-02T23:58:42.569+0000] {logging_mixin.py:190} INFO - [2025-07-02T23:58:42.569+0000] {dag.py:3239} INFO - Sync 1 DAGs
[2025-07-02T23:58:42.586+0000] {logging_mixin.py:190} INFO - [2025-07-02T23:58:42.586+0000] {dag.py:4180} INFO - Setting next_dagrun for example_complex to None, run_after=None
[2025-07-02T23:58:42.607+0000] {processor.py:208} INFO - Processing /home/airflow/.local/lib/python3.12/site-packages/airflow/example_dags/example_complex.py took 0.097 seconds
[2025-07-02T23:59:13.046+0000] {processor.py:186} INFO - Started process (PID=3818) to work on /home/airflow/.local/lib/python3.12/site-packages/airflow/example_dags/example_complex.py
[2025-07-02T23:59:13.047+0000] {processor.py:914} INFO - Processing file /home/airflow/.local/lib/python3.12/site-packages/airflow/example_dags/example_complex.py for tasks to queue
[2025-07-02T23:59:13.050+0000] {logging_mixin.py:190} INFO - [2025-07-02T23:59:13.050+0000] {dagbag.py:588} INFO - Filling up the DagBag from /home/airflow/.local/lib/python3.12/site-packages/airflow/example_dags/example_complex.py
[2025-07-02T23:59:13.061+0000] {processor.py:925} INFO - DAG(s) 'example_complex' retrieved from /home/airflow/.local/lib/python3.12/site-packages/airflow/example_dags/example_complex.py
[2025-07-02T23:59:13.089+0000] {logging_mixin.py:190} INFO - [2025-07-02T23:59:13.088+0000] {dag.py:3239} INFO - Sync 1 DAGs
[2025-07-02T23:59:13.106+0000] {logging_mixin.py:190} INFO - [2025-07-02T23:59:13.105+0000] {dag.py:4180} INFO - Setting next_dagrun for example_complex to None, run_after=None
[2025-07-02T23:59:13.125+0000] {processor.py:208} INFO - Processing /home/airflow/.local/lib/python3.12/site-packages/airflow/example_dags/example_complex.py took 0.085 seconds
[2025-07-02T23:59:43.571+0000] {processor.py:186} INFO - Started process (PID=3880) to work on /home/airflow/.local/lib/python3.12/site-packages/airflow/example_dags/example_complex.py
[2025-07-02T23:59:43.572+0000] {processor.py:914} INFO - Processing file /home/airflow/.local/lib/python3.12/site-packages/airflow/example_dags/example_complex.py for tasks to queue
[2025-07-02T23:59:43.575+0000] {logging_mixin.py:190} INFO - [2025-07-02T23:59:43.574+0000] {dagbag.py:588} INFO - Filling up the DagBag from /home/airflow/.local/lib/python3.12/site-packages/airflow/example_dags/example_complex.py
[2025-07-02T23:59:43.586+0000] {processor.py:925} INFO - DAG(s) 'example_complex' retrieved from /home/airflow/.local/lib/python3.12/site-packages/airflow/example_dags/example_complex.py
[2025-07-02T23:59:43.614+0000] {logging_mixin.py:190} INFO - [2025-07-02T23:59:43.614+0000] {dag.py:3239} INFO - Sync 1 DAGs
[2025-07-02T23:59:43.629+0000] {logging_mixin.py:190} INFO - [2025-07-02T23:59:43.628+0000] {dag.py:4180} INFO - Setting next_dagrun for example_complex to None, run_after=None
[2025-07-02T23:59:43.646+0000] {processor.py:208} INFO - Processing /home/airflow/.local/lib/python3.12/site-packages/airflow/example_dags/example_complex.py took 0.080 seconds
