[2025-07-02T23:28:55.154+0000] {processor.py:186} INFO - Started process (PID=127) to work on /home/airflow/.local/lib/python3.12/site-packages/airflow/example_dags/example_setup_teardown.py
[2025-07-02T23:28:55.268+0000] {processor.py:914} INFO - Processing file /home/airflow/.local/lib/python3.12/site-packages/airflow/example_dags/example_setup_teardown.py for tasks to queue
[2025-07-02T23:28:55.329+0000] {logging_mixin.py:190} INFO - [2025-07-02T23:28:55.328+0000] {dagbag.py:588} INFO - Filling up the DagBag from /home/airflow/.local/lib/python3.12/site-packages/airflow/example_dags/example_setup_teardown.py
[2025-07-02T23:28:55.465+0000] {processor.py:925} INFO - DAG(s) 'example_setup_teardown' retrieved from /home/airflow/.local/lib/python3.12/site-packages/airflow/example_dags/example_setup_teardown.py
[2025-07-02T23:28:55.985+0000] {logging_mixin.py:190} INFO - [2025-07-02T23:28:55.984+0000] {dag.py:3239} INFO - Sync 1 DAGs
[2025-07-02T23:28:56.252+0000] {logging_mixin.py:190} INFO - [2025-07-02T23:28:56.252+0000] {dag.py:4180} INFO - Setting next_dagrun for example_setup_teardown to None, run_after=None
[2025-07-02T23:28:56.695+0000] {processor.py:208} INFO - Processing /home/airflow/.local/lib/python3.12/site-packages/airflow/example_dags/example_setup_teardown.py took 1.571 seconds
[2025-07-02T23:29:27.677+0000] {processor.py:186} INFO - Started process (PID=189) to work on /home/airflow/.local/lib/python3.12/site-packages/airflow/example_dags/example_setup_teardown.py
[2025-07-02T23:29:27.679+0000] {processor.py:914} INFO - Processing file /home/airflow/.local/lib/python3.12/site-packages/airflow/example_dags/example_setup_teardown.py for tasks to queue
[2025-07-02T23:29:27.686+0000] {logging_mixin.py:190} INFO - [2025-07-02T23:29:27.685+0000] {dagbag.py:588} INFO - Filling up the DagBag from /home/airflow/.local/lib/python3.12/site-packages/airflow/example_dags/example_setup_teardown.py
[2025-07-02T23:29:27.706+0000] {processor.py:925} INFO - DAG(s) 'example_setup_teardown' retrieved from /home/airflow/.local/lib/python3.12/site-packages/airflow/example_dags/example_setup_teardown.py
[2025-07-02T23:29:27.738+0000] {logging_mixin.py:190} INFO - [2025-07-02T23:29:27.737+0000] {dag.py:3239} INFO - Sync 1 DAGs
[2025-07-02T23:29:27.763+0000] {logging_mixin.py:190} INFO - [2025-07-02T23:29:27.763+0000] {dag.py:4180} INFO - Setting next_dagrun for example_setup_teardown to None, run_after=None
[2025-07-02T23:29:27.802+0000] {processor.py:208} INFO - Processing /home/airflow/.local/lib/python3.12/site-packages/airflow/example_dags/example_setup_teardown.py took 0.134 seconds
[2025-07-02T23:29:58.119+0000] {processor.py:186} INFO - Started process (PID=251) to work on /home/airflow/.local/lib/python3.12/site-packages/airflow/example_dags/example_setup_teardown.py
[2025-07-02T23:29:58.120+0000] {processor.py:914} INFO - Processing file /home/airflow/.local/lib/python3.12/site-packages/airflow/example_dags/example_setup_teardown.py for tasks to queue
[2025-07-02T23:29:58.129+0000] {logging_mixin.py:190} INFO - [2025-07-02T23:29:58.129+0000] {dagbag.py:588} INFO - Filling up the DagBag from /home/airflow/.local/lib/python3.12/site-packages/airflow/example_dags/example_setup_teardown.py
[2025-07-02T23:29:58.141+0000] {processor.py:925} INFO - DAG(s) 'example_setup_teardown' retrieved from /home/airflow/.local/lib/python3.12/site-packages/airflow/example_dags/example_setup_teardown.py
[2025-07-02T23:29:58.168+0000] {logging_mixin.py:190} INFO - [2025-07-02T23:29:58.167+0000] {dag.py:3239} INFO - Sync 1 DAGs
[2025-07-02T23:29:58.186+0000] {logging_mixin.py:190} INFO - [2025-07-02T23:29:58.186+0000] {dag.py:4180} INFO - Setting next_dagrun for example_setup_teardown to None, run_after=None
[2025-07-02T23:29:58.208+0000] {processor.py:208} INFO - Processing /home/airflow/.local/lib/python3.12/site-packages/airflow/example_dags/example_setup_teardown.py took 0.100 seconds
[2025-07-02T23:30:29.091+0000] {processor.py:186} INFO - Started process (PID=313) to work on /home/airflow/.local/lib/python3.12/site-packages/airflow/example_dags/example_setup_teardown.py
[2025-07-02T23:30:29.092+0000] {processor.py:914} INFO - Processing file /home/airflow/.local/lib/python3.12/site-packages/airflow/example_dags/example_setup_teardown.py for tasks to queue
[2025-07-02T23:30:29.097+0000] {logging_mixin.py:190} INFO - [2025-07-02T23:30:29.096+0000] {dagbag.py:588} INFO - Filling up the DagBag from /home/airflow/.local/lib/python3.12/site-packages/airflow/example_dags/example_setup_teardown.py
[2025-07-02T23:30:29.107+0000] {processor.py:925} INFO - DAG(s) 'example_setup_teardown' retrieved from /home/airflow/.local/lib/python3.12/site-packages/airflow/example_dags/example_setup_teardown.py
[2025-07-02T23:30:29.131+0000] {logging_mixin.py:190} INFO - [2025-07-02T23:30:29.131+0000] {dag.py:3239} INFO - Sync 1 DAGs
[2025-07-02T23:30:29.153+0000] {logging_mixin.py:190} INFO - [2025-07-02T23:30:29.153+0000] {dag.py:4180} INFO - Setting next_dagrun for example_setup_teardown to None, run_after=None
[2025-07-02T23:30:29.182+0000] {processor.py:208} INFO - Processing /home/airflow/.local/lib/python3.12/site-packages/airflow/example_dags/example_setup_teardown.py took 0.097 seconds
[2025-07-02T23:31:00.163+0000] {processor.py:186} INFO - Started process (PID=375) to work on /home/airflow/.local/lib/python3.12/site-packages/airflow/example_dags/example_setup_teardown.py
[2025-07-02T23:31:00.165+0000] {processor.py:914} INFO - Processing file /home/airflow/.local/lib/python3.12/site-packages/airflow/example_dags/example_setup_teardown.py for tasks to queue
[2025-07-02T23:31:00.170+0000] {logging_mixin.py:190} INFO - [2025-07-02T23:31:00.170+0000] {dagbag.py:588} INFO - Filling up the DagBag from /home/airflow/.local/lib/python3.12/site-packages/airflow/example_dags/example_setup_teardown.py
[2025-07-02T23:31:00.185+0000] {processor.py:925} INFO - DAG(s) 'example_setup_teardown' retrieved from /home/airflow/.local/lib/python3.12/site-packages/airflow/example_dags/example_setup_teardown.py
[2025-07-02T23:31:00.208+0000] {logging_mixin.py:190} INFO - [2025-07-02T23:31:00.208+0000] {dag.py:3239} INFO - Sync 1 DAGs
[2025-07-02T23:31:00.223+0000] {logging_mixin.py:190} INFO - [2025-07-02T23:31:00.222+0000] {dag.py:4180} INFO - Setting next_dagrun for example_setup_teardown to None, run_after=None
[2025-07-02T23:31:00.238+0000] {processor.py:208} INFO - Processing /home/airflow/.local/lib/python3.12/site-packages/airflow/example_dags/example_setup_teardown.py took 0.085 seconds
[2025-07-02T23:31:30.291+0000] {processor.py:186} INFO - Started process (PID=437) to work on /home/airflow/.local/lib/python3.12/site-packages/airflow/example_dags/example_setup_teardown.py
[2025-07-02T23:31:30.293+0000] {processor.py:914} INFO - Processing file /home/airflow/.local/lib/python3.12/site-packages/airflow/example_dags/example_setup_teardown.py for tasks to queue
[2025-07-02T23:31:30.298+0000] {logging_mixin.py:190} INFO - [2025-07-02T23:31:30.298+0000] {dagbag.py:588} INFO - Filling up the DagBag from /home/airflow/.local/lib/python3.12/site-packages/airflow/example_dags/example_setup_teardown.py
[2025-07-02T23:31:30.313+0000] {processor.py:925} INFO - DAG(s) 'example_setup_teardown' retrieved from /home/airflow/.local/lib/python3.12/site-packages/airflow/example_dags/example_setup_teardown.py
[2025-07-02T23:31:30.337+0000] {logging_mixin.py:190} INFO - [2025-07-02T23:31:30.337+0000] {dag.py:3239} INFO - Sync 1 DAGs
[2025-07-02T23:31:30.353+0000] {logging_mixin.py:190} INFO - [2025-07-02T23:31:30.353+0000] {dag.py:4180} INFO - Setting next_dagrun for example_setup_teardown to None, run_after=None
[2025-07-02T23:31:30.375+0000] {processor.py:208} INFO - Processing /home/airflow/.local/lib/python3.12/site-packages/airflow/example_dags/example_setup_teardown.py took 0.094 seconds
[2025-07-02T23:32:00.591+0000] {processor.py:186} INFO - Started process (PID=499) to work on /home/airflow/.local/lib/python3.12/site-packages/airflow/example_dags/example_setup_teardown.py
[2025-07-02T23:32:00.592+0000] {processor.py:914} INFO - Processing file /home/airflow/.local/lib/python3.12/site-packages/airflow/example_dags/example_setup_teardown.py for tasks to queue
[2025-07-02T23:32:00.595+0000] {logging_mixin.py:190} INFO - [2025-07-02T23:32:00.595+0000] {dagbag.py:588} INFO - Filling up the DagBag from /home/airflow/.local/lib/python3.12/site-packages/airflow/example_dags/example_setup_teardown.py
[2025-07-02T23:32:00.602+0000] {processor.py:925} INFO - DAG(s) 'example_setup_teardown' retrieved from /home/airflow/.local/lib/python3.12/site-packages/airflow/example_dags/example_setup_teardown.py
[2025-07-02T23:32:00.621+0000] {logging_mixin.py:190} INFO - [2025-07-02T23:32:00.621+0000] {dag.py:3239} INFO - Sync 1 DAGs
[2025-07-02T23:32:00.633+0000] {logging_mixin.py:190} INFO - [2025-07-02T23:32:00.633+0000] {dag.py:4180} INFO - Setting next_dagrun for example_setup_teardown to None, run_after=None
[2025-07-02T23:32:00.649+0000] {processor.py:208} INFO - Processing /home/airflow/.local/lib/python3.12/site-packages/airflow/example_dags/example_setup_teardown.py took 0.063 seconds
[2025-07-02T23:32:30.944+0000] {processor.py:186} INFO - Started process (PID=561) to work on /home/airflow/.local/lib/python3.12/site-packages/airflow/example_dags/example_setup_teardown.py
[2025-07-02T23:32:30.945+0000] {processor.py:914} INFO - Processing file /home/airflow/.local/lib/python3.12/site-packages/airflow/example_dags/example_setup_teardown.py for tasks to queue
[2025-07-02T23:32:30.948+0000] {logging_mixin.py:190} INFO - [2025-07-02T23:32:30.948+0000] {dagbag.py:588} INFO - Filling up the DagBag from /home/airflow/.local/lib/python3.12/site-packages/airflow/example_dags/example_setup_teardown.py
[2025-07-02T23:32:30.958+0000] {processor.py:925} INFO - DAG(s) 'example_setup_teardown' retrieved from /home/airflow/.local/lib/python3.12/site-packages/airflow/example_dags/example_setup_teardown.py
[2025-07-02T23:32:30.981+0000] {logging_mixin.py:190} INFO - [2025-07-02T23:32:30.981+0000] {dag.py:3239} INFO - Sync 1 DAGs
[2025-07-02T23:32:31.001+0000] {logging_mixin.py:190} INFO - [2025-07-02T23:32:31.001+0000] {dag.py:4180} INFO - Setting next_dagrun for example_setup_teardown to None, run_after=None
[2025-07-02T23:32:31.022+0000] {processor.py:208} INFO - Processing /home/airflow/.local/lib/python3.12/site-packages/airflow/example_dags/example_setup_teardown.py took 0.083 seconds
[2025-07-02T23:33:01.300+0000] {processor.py:186} INFO - Started process (PID=629) to work on /home/airflow/.local/lib/python3.12/site-packages/airflow/example_dags/example_setup_teardown.py
[2025-07-02T23:33:01.301+0000] {processor.py:914} INFO - Processing file /home/airflow/.local/lib/python3.12/site-packages/airflow/example_dags/example_setup_teardown.py for tasks to queue
[2025-07-02T23:33:01.304+0000] {logging_mixin.py:190} INFO - [2025-07-02T23:33:01.303+0000] {dagbag.py:588} INFO - Filling up the DagBag from /home/airflow/.local/lib/python3.12/site-packages/airflow/example_dags/example_setup_teardown.py
[2025-07-02T23:33:01.312+0000] {processor.py:925} INFO - DAG(s) 'example_setup_teardown' retrieved from /home/airflow/.local/lib/python3.12/site-packages/airflow/example_dags/example_setup_teardown.py
[2025-07-02T23:33:01.335+0000] {logging_mixin.py:190} INFO - [2025-07-02T23:33:01.335+0000] {dag.py:3239} INFO - Sync 1 DAGs
[2025-07-02T23:33:01.350+0000] {logging_mixin.py:190} INFO - [2025-07-02T23:33:01.350+0000] {dag.py:4180} INFO - Setting next_dagrun for example_setup_teardown to None, run_after=None
[2025-07-02T23:33:01.371+0000] {processor.py:208} INFO - Processing /home/airflow/.local/lib/python3.12/site-packages/airflow/example_dags/example_setup_teardown.py took 0.077 seconds
[2025-07-02T23:33:31.793+0000] {processor.py:186} INFO - Started process (PID=691) to work on /home/airflow/.local/lib/python3.12/site-packages/airflow/example_dags/example_setup_teardown.py
[2025-07-02T23:33:31.795+0000] {processor.py:914} INFO - Processing file /home/airflow/.local/lib/python3.12/site-packages/airflow/example_dags/example_setup_teardown.py for tasks to queue
[2025-07-02T23:33:31.800+0000] {logging_mixin.py:190} INFO - [2025-07-02T23:33:31.799+0000] {dagbag.py:588} INFO - Filling up the DagBag from /home/airflow/.local/lib/python3.12/site-packages/airflow/example_dags/example_setup_teardown.py
[2025-07-02T23:33:31.814+0000] {processor.py:925} INFO - DAG(s) 'example_setup_teardown' retrieved from /home/airflow/.local/lib/python3.12/site-packages/airflow/example_dags/example_setup_teardown.py
[2025-07-02T23:33:31.849+0000] {logging_mixin.py:190} INFO - [2025-07-02T23:33:31.849+0000] {dag.py:3239} INFO - Sync 1 DAGs
[2025-07-02T23:33:31.880+0000] {logging_mixin.py:190} INFO - [2025-07-02T23:33:31.879+0000] {dag.py:4180} INFO - Setting next_dagrun for example_setup_teardown to None, run_after=None
[2025-07-02T23:33:31.913+0000] {processor.py:208} INFO - Processing /home/airflow/.local/lib/python3.12/site-packages/airflow/example_dags/example_setup_teardown.py took 0.131 seconds
[2025-07-02T23:34:02.133+0000] {processor.py:186} INFO - Started process (PID=753) to work on /home/airflow/.local/lib/python3.12/site-packages/airflow/example_dags/example_setup_teardown.py
[2025-07-02T23:34:02.136+0000] {processor.py:914} INFO - Processing file /home/airflow/.local/lib/python3.12/site-packages/airflow/example_dags/example_setup_teardown.py for tasks to queue
[2025-07-02T23:34:02.142+0000] {logging_mixin.py:190} INFO - [2025-07-02T23:34:02.142+0000] {dagbag.py:588} INFO - Filling up the DagBag from /home/airflow/.local/lib/python3.12/site-packages/airflow/example_dags/example_setup_teardown.py
[2025-07-02T23:34:02.159+0000] {processor.py:925} INFO - DAG(s) 'example_setup_teardown' retrieved from /home/airflow/.local/lib/python3.12/site-packages/airflow/example_dags/example_setup_teardown.py
[2025-07-02T23:34:02.182+0000] {logging_mixin.py:190} INFO - [2025-07-02T23:34:02.182+0000] {dag.py:3239} INFO - Sync 1 DAGs
[2025-07-02T23:34:02.196+0000] {logging_mixin.py:190} INFO - [2025-07-02T23:34:02.196+0000] {dag.py:4180} INFO - Setting next_dagrun for example_setup_teardown to None, run_after=None
[2025-07-02T23:34:02.213+0000] {processor.py:208} INFO - Processing /home/airflow/.local/lib/python3.12/site-packages/airflow/example_dags/example_setup_teardown.py took 0.101 seconds
[2025-07-02T23:34:32.248+0000] {processor.py:186} INFO - Started process (PID=815) to work on /home/airflow/.local/lib/python3.12/site-packages/airflow/example_dags/example_setup_teardown.py
[2025-07-02T23:34:32.249+0000] {processor.py:914} INFO - Processing file /home/airflow/.local/lib/python3.12/site-packages/airflow/example_dags/example_setup_teardown.py for tasks to queue
[2025-07-02T23:34:32.252+0000] {logging_mixin.py:190} INFO - [2025-07-02T23:34:32.251+0000] {dagbag.py:588} INFO - Filling up the DagBag from /home/airflow/.local/lib/python3.12/site-packages/airflow/example_dags/example_setup_teardown.py
[2025-07-02T23:34:32.260+0000] {processor.py:925} INFO - DAG(s) 'example_setup_teardown' retrieved from /home/airflow/.local/lib/python3.12/site-packages/airflow/example_dags/example_setup_teardown.py
[2025-07-02T23:34:32.280+0000] {logging_mixin.py:190} INFO - [2025-07-02T23:34:32.280+0000] {dag.py:3239} INFO - Sync 1 DAGs
[2025-07-02T23:34:32.293+0000] {logging_mixin.py:190} INFO - [2025-07-02T23:34:32.293+0000] {dag.py:4180} INFO - Setting next_dagrun for example_setup_teardown to None, run_after=None
[2025-07-02T23:34:32.309+0000] {processor.py:208} INFO - Processing /home/airflow/.local/lib/python3.12/site-packages/airflow/example_dags/example_setup_teardown.py took 0.066 seconds
[2025-07-02T23:35:03.334+0000] {processor.py:186} INFO - Started process (PID=877) to work on /home/airflow/.local/lib/python3.12/site-packages/airflow/example_dags/example_setup_teardown.py
[2025-07-02T23:35:03.336+0000] {processor.py:914} INFO - Processing file /home/airflow/.local/lib/python3.12/site-packages/airflow/example_dags/example_setup_teardown.py for tasks to queue
[2025-07-02T23:35:03.339+0000] {logging_mixin.py:190} INFO - [2025-07-02T23:35:03.339+0000] {dagbag.py:588} INFO - Filling up the DagBag from /home/airflow/.local/lib/python3.12/site-packages/airflow/example_dags/example_setup_teardown.py
[2025-07-02T23:35:03.349+0000] {processor.py:925} INFO - DAG(s) 'example_setup_teardown' retrieved from /home/airflow/.local/lib/python3.12/site-packages/airflow/example_dags/example_setup_teardown.py
[2025-07-02T23:35:03.375+0000] {logging_mixin.py:190} INFO - [2025-07-02T23:35:03.374+0000] {dag.py:3239} INFO - Sync 1 DAGs
[2025-07-02T23:35:03.390+0000] {logging_mixin.py:190} INFO - [2025-07-02T23:35:03.389+0000] {dag.py:4180} INFO - Setting next_dagrun for example_setup_teardown to None, run_after=None
[2025-07-02T23:35:03.415+0000] {processor.py:208} INFO - Processing /home/airflow/.local/lib/python3.12/site-packages/airflow/example_dags/example_setup_teardown.py took 0.087 seconds
[2025-07-02T23:35:33.890+0000] {processor.py:186} INFO - Started process (PID=939) to work on /home/airflow/.local/lib/python3.12/site-packages/airflow/example_dags/example_setup_teardown.py
[2025-07-02T23:35:33.891+0000] {processor.py:914} INFO - Processing file /home/airflow/.local/lib/python3.12/site-packages/airflow/example_dags/example_setup_teardown.py for tasks to queue
[2025-07-02T23:35:33.894+0000] {logging_mixin.py:190} INFO - [2025-07-02T23:35:33.893+0000] {dagbag.py:588} INFO - Filling up the DagBag from /home/airflow/.local/lib/python3.12/site-packages/airflow/example_dags/example_setup_teardown.py
[2025-07-02T23:35:33.901+0000] {processor.py:925} INFO - DAG(s) 'example_setup_teardown' retrieved from /home/airflow/.local/lib/python3.12/site-packages/airflow/example_dags/example_setup_teardown.py
[2025-07-02T23:35:33.918+0000] {logging_mixin.py:190} INFO - [2025-07-02T23:35:33.918+0000] {dag.py:3239} INFO - Sync 1 DAGs
[2025-07-02T23:35:33.931+0000] {logging_mixin.py:190} INFO - [2025-07-02T23:35:33.931+0000] {dag.py:4180} INFO - Setting next_dagrun for example_setup_teardown to None, run_after=None
[2025-07-02T23:35:33.947+0000] {processor.py:208} INFO - Processing /home/airflow/.local/lib/python3.12/site-packages/airflow/example_dags/example_setup_teardown.py took 0.062 seconds
[2025-07-02T23:36:04.724+0000] {processor.py:186} INFO - Started process (PID=1001) to work on /home/airflow/.local/lib/python3.12/site-packages/airflow/example_dags/example_setup_teardown.py
[2025-07-02T23:36:04.725+0000] {processor.py:914} INFO - Processing file /home/airflow/.local/lib/python3.12/site-packages/airflow/example_dags/example_setup_teardown.py for tasks to queue
[2025-07-02T23:36:04.728+0000] {logging_mixin.py:190} INFO - [2025-07-02T23:36:04.728+0000] {dagbag.py:588} INFO - Filling up the DagBag from /home/airflow/.local/lib/python3.12/site-packages/airflow/example_dags/example_setup_teardown.py
[2025-07-02T23:36:04.735+0000] {processor.py:925} INFO - DAG(s) 'example_setup_teardown' retrieved from /home/airflow/.local/lib/python3.12/site-packages/airflow/example_dags/example_setup_teardown.py
[2025-07-02T23:36:04.755+0000] {logging_mixin.py:190} INFO - [2025-07-02T23:36:04.754+0000] {dag.py:3239} INFO - Sync 1 DAGs
[2025-07-02T23:36:04.768+0000] {logging_mixin.py:190} INFO - [2025-07-02T23:36:04.768+0000] {dag.py:4180} INFO - Setting next_dagrun for example_setup_teardown to None, run_after=None
[2025-07-02T23:36:04.786+0000] {processor.py:208} INFO - Processing /home/airflow/.local/lib/python3.12/site-packages/airflow/example_dags/example_setup_teardown.py took 0.067 seconds
[2025-07-02T23:36:35.431+0000] {processor.py:186} INFO - Started process (PID=1063) to work on /home/airflow/.local/lib/python3.12/site-packages/airflow/example_dags/example_setup_teardown.py
[2025-07-02T23:36:35.432+0000] {processor.py:914} INFO - Processing file /home/airflow/.local/lib/python3.12/site-packages/airflow/example_dags/example_setup_teardown.py for tasks to queue
[2025-07-02T23:36:35.434+0000] {logging_mixin.py:190} INFO - [2025-07-02T23:36:35.434+0000] {dagbag.py:588} INFO - Filling up the DagBag from /home/airflow/.local/lib/python3.12/site-packages/airflow/example_dags/example_setup_teardown.py
[2025-07-02T23:36:35.442+0000] {processor.py:925} INFO - DAG(s) 'example_setup_teardown' retrieved from /home/airflow/.local/lib/python3.12/site-packages/airflow/example_dags/example_setup_teardown.py
[2025-07-02T23:36:35.463+0000] {logging_mixin.py:190} INFO - [2025-07-02T23:36:35.463+0000] {dag.py:3239} INFO - Sync 1 DAGs
[2025-07-02T23:36:35.476+0000] {logging_mixin.py:190} INFO - [2025-07-02T23:36:35.476+0000] {dag.py:4180} INFO - Setting next_dagrun for example_setup_teardown to None, run_after=None
[2025-07-02T23:36:35.494+0000] {processor.py:208} INFO - Processing /home/airflow/.local/lib/python3.12/site-packages/airflow/example_dags/example_setup_teardown.py took 0.068 seconds
[2025-07-02T23:37:06.214+0000] {processor.py:186} INFO - Started process (PID=1125) to work on /home/airflow/.local/lib/python3.12/site-packages/airflow/example_dags/example_setup_teardown.py
[2025-07-02T23:37:06.215+0000] {processor.py:914} INFO - Processing file /home/airflow/.local/lib/python3.12/site-packages/airflow/example_dags/example_setup_teardown.py for tasks to queue
[2025-07-02T23:37:06.218+0000] {logging_mixin.py:190} INFO - [2025-07-02T23:37:06.218+0000] {dagbag.py:588} INFO - Filling up the DagBag from /home/airflow/.local/lib/python3.12/site-packages/airflow/example_dags/example_setup_teardown.py
[2025-07-02T23:37:06.225+0000] {processor.py:925} INFO - DAG(s) 'example_setup_teardown' retrieved from /home/airflow/.local/lib/python3.12/site-packages/airflow/example_dags/example_setup_teardown.py
[2025-07-02T23:37:06.243+0000] {logging_mixin.py:190} INFO - [2025-07-02T23:37:06.243+0000] {dag.py:3239} INFO - Sync 1 DAGs
[2025-07-02T23:37:06.257+0000] {logging_mixin.py:190} INFO - [2025-07-02T23:37:06.256+0000] {dag.py:4180} INFO - Setting next_dagrun for example_setup_teardown to None, run_after=None
[2025-07-02T23:37:06.283+0000] {processor.py:208} INFO - Processing /home/airflow/.local/lib/python3.12/site-packages/airflow/example_dags/example_setup_teardown.py took 0.073 seconds
[2025-07-02T23:37:36.879+0000] {processor.py:186} INFO - Started process (PID=1187) to work on /home/airflow/.local/lib/python3.12/site-packages/airflow/example_dags/example_setup_teardown.py
[2025-07-02T23:37:36.880+0000] {processor.py:914} INFO - Processing file /home/airflow/.local/lib/python3.12/site-packages/airflow/example_dags/example_setup_teardown.py for tasks to queue
[2025-07-02T23:37:36.884+0000] {logging_mixin.py:190} INFO - [2025-07-02T23:37:36.884+0000] {dagbag.py:588} INFO - Filling up the DagBag from /home/airflow/.local/lib/python3.12/site-packages/airflow/example_dags/example_setup_teardown.py
[2025-07-02T23:37:36.895+0000] {processor.py:925} INFO - DAG(s) 'example_setup_teardown' retrieved from /home/airflow/.local/lib/python3.12/site-packages/airflow/example_dags/example_setup_teardown.py
[2025-07-02T23:37:36.917+0000] {logging_mixin.py:190} INFO - [2025-07-02T23:37:36.917+0000] {dag.py:3239} INFO - Sync 1 DAGs
[2025-07-02T23:37:36.932+0000] {logging_mixin.py:190} INFO - [2025-07-02T23:37:36.932+0000] {dag.py:4180} INFO - Setting next_dagrun for example_setup_teardown to None, run_after=None
[2025-07-02T23:37:36.951+0000] {processor.py:208} INFO - Processing /home/airflow/.local/lib/python3.12/site-packages/airflow/example_dags/example_setup_teardown.py took 0.080 seconds
[2025-07-02T23:38:07.571+0000] {processor.py:186} INFO - Started process (PID=1249) to work on /home/airflow/.local/lib/python3.12/site-packages/airflow/example_dags/example_setup_teardown.py
[2025-07-02T23:38:07.572+0000] {processor.py:914} INFO - Processing file /home/airflow/.local/lib/python3.12/site-packages/airflow/example_dags/example_setup_teardown.py for tasks to queue
[2025-07-02T23:38:07.575+0000] {logging_mixin.py:190} INFO - [2025-07-02T23:38:07.574+0000] {dagbag.py:588} INFO - Filling up the DagBag from /home/airflow/.local/lib/python3.12/site-packages/airflow/example_dags/example_setup_teardown.py
[2025-07-02T23:38:07.582+0000] {processor.py:925} INFO - DAG(s) 'example_setup_teardown' retrieved from /home/airflow/.local/lib/python3.12/site-packages/airflow/example_dags/example_setup_teardown.py
[2025-07-02T23:38:07.604+0000] {logging_mixin.py:190} INFO - [2025-07-02T23:38:07.604+0000] {dag.py:3239} INFO - Sync 1 DAGs
[2025-07-02T23:38:07.619+0000] {logging_mixin.py:190} INFO - [2025-07-02T23:38:07.618+0000] {dag.py:4180} INFO - Setting next_dagrun for example_setup_teardown to None, run_after=None
[2025-07-02T23:38:07.638+0000] {processor.py:208} INFO - Processing /home/airflow/.local/lib/python3.12/site-packages/airflow/example_dags/example_setup_teardown.py took 0.073 seconds
[2025-07-02T23:38:38.436+0000] {processor.py:186} INFO - Started process (PID=1311) to work on /home/airflow/.local/lib/python3.12/site-packages/airflow/example_dags/example_setup_teardown.py
[2025-07-02T23:38:38.437+0000] {processor.py:914} INFO - Processing file /home/airflow/.local/lib/python3.12/site-packages/airflow/example_dags/example_setup_teardown.py for tasks to queue
[2025-07-02T23:38:38.440+0000] {logging_mixin.py:190} INFO - [2025-07-02T23:38:38.440+0000] {dagbag.py:588} INFO - Filling up the DagBag from /home/airflow/.local/lib/python3.12/site-packages/airflow/example_dags/example_setup_teardown.py
[2025-07-02T23:38:38.447+0000] {processor.py:925} INFO - DAG(s) 'example_setup_teardown' retrieved from /home/airflow/.local/lib/python3.12/site-packages/airflow/example_dags/example_setup_teardown.py
[2025-07-02T23:38:38.467+0000] {logging_mixin.py:190} INFO - [2025-07-02T23:38:38.467+0000] {dag.py:3239} INFO - Sync 1 DAGs
[2025-07-02T23:38:38.480+0000] {logging_mixin.py:190} INFO - [2025-07-02T23:38:38.480+0000] {dag.py:4180} INFO - Setting next_dagrun for example_setup_teardown to None, run_after=None
[2025-07-02T23:38:38.498+0000] {processor.py:208} INFO - Processing /home/airflow/.local/lib/python3.12/site-packages/airflow/example_dags/example_setup_teardown.py took 0.067 seconds
[2025-07-02T23:39:09.112+0000] {processor.py:186} INFO - Started process (PID=1373) to work on /home/airflow/.local/lib/python3.12/site-packages/airflow/example_dags/example_setup_teardown.py
[2025-07-02T23:39:09.113+0000] {processor.py:914} INFO - Processing file /home/airflow/.local/lib/python3.12/site-packages/airflow/example_dags/example_setup_teardown.py for tasks to queue
[2025-07-02T23:39:09.116+0000] {logging_mixin.py:190} INFO - [2025-07-02T23:39:09.116+0000] {dagbag.py:588} INFO - Filling up the DagBag from /home/airflow/.local/lib/python3.12/site-packages/airflow/example_dags/example_setup_teardown.py
[2025-07-02T23:39:09.124+0000] {processor.py:925} INFO - DAG(s) 'example_setup_teardown' retrieved from /home/airflow/.local/lib/python3.12/site-packages/airflow/example_dags/example_setup_teardown.py
[2025-07-02T23:39:09.143+0000] {logging_mixin.py:190} INFO - [2025-07-02T23:39:09.143+0000] {dag.py:3239} INFO - Sync 1 DAGs
[2025-07-02T23:39:09.157+0000] {logging_mixin.py:190} INFO - [2025-07-02T23:39:09.156+0000] {dag.py:4180} INFO - Setting next_dagrun for example_setup_teardown to None, run_after=None
[2025-07-02T23:39:09.174+0000] {processor.py:208} INFO - Processing /home/airflow/.local/lib/python3.12/site-packages/airflow/example_dags/example_setup_teardown.py took 0.067 seconds
[2025-07-02T23:39:39.706+0000] {processor.py:186} INFO - Started process (PID=1435) to work on /home/airflow/.local/lib/python3.12/site-packages/airflow/example_dags/example_setup_teardown.py
[2025-07-02T23:39:39.707+0000] {processor.py:914} INFO - Processing file /home/airflow/.local/lib/python3.12/site-packages/airflow/example_dags/example_setup_teardown.py for tasks to queue
[2025-07-02T23:39:39.710+0000] {logging_mixin.py:190} INFO - [2025-07-02T23:39:39.709+0000] {dagbag.py:588} INFO - Filling up the DagBag from /home/airflow/.local/lib/python3.12/site-packages/airflow/example_dags/example_setup_teardown.py
[2025-07-02T23:39:39.717+0000] {processor.py:925} INFO - DAG(s) 'example_setup_teardown' retrieved from /home/airflow/.local/lib/python3.12/site-packages/airflow/example_dags/example_setup_teardown.py
[2025-07-02T23:39:39.736+0000] {logging_mixin.py:190} INFO - [2025-07-02T23:39:39.736+0000] {dag.py:3239} INFO - Sync 1 DAGs
[2025-07-02T23:39:39.749+0000] {logging_mixin.py:190} INFO - [2025-07-02T23:39:39.749+0000] {dag.py:4180} INFO - Setting next_dagrun for example_setup_teardown to None, run_after=None
[2025-07-02T23:39:39.765+0000] {processor.py:208} INFO - Processing /home/airflow/.local/lib/python3.12/site-packages/airflow/example_dags/example_setup_teardown.py took 0.065 seconds
[2025-07-02T23:40:10.400+0000] {processor.py:186} INFO - Started process (PID=1497) to work on /home/airflow/.local/lib/python3.12/site-packages/airflow/example_dags/example_setup_teardown.py
[2025-07-02T23:40:10.401+0000] {processor.py:914} INFO - Processing file /home/airflow/.local/lib/python3.12/site-packages/airflow/example_dags/example_setup_teardown.py for tasks to queue
[2025-07-02T23:40:10.405+0000] {logging_mixin.py:190} INFO - [2025-07-02T23:40:10.404+0000] {dagbag.py:588} INFO - Filling up the DagBag from /home/airflow/.local/lib/python3.12/site-packages/airflow/example_dags/example_setup_teardown.py
[2025-07-02T23:40:10.413+0000] {processor.py:925} INFO - DAG(s) 'example_setup_teardown' retrieved from /home/airflow/.local/lib/python3.12/site-packages/airflow/example_dags/example_setup_teardown.py
[2025-07-02T23:40:10.434+0000] {logging_mixin.py:190} INFO - [2025-07-02T23:40:10.433+0000] {dag.py:3239} INFO - Sync 1 DAGs
[2025-07-02T23:40:10.450+0000] {logging_mixin.py:190} INFO - [2025-07-02T23:40:10.450+0000] {dag.py:4180} INFO - Setting next_dagrun for example_setup_teardown to None, run_after=None
[2025-07-02T23:40:10.480+0000] {processor.py:208} INFO - Processing /home/airflow/.local/lib/python3.12/site-packages/airflow/example_dags/example_setup_teardown.py took 0.086 seconds
[2025-07-02T23:40:40.775+0000] {processor.py:186} INFO - Started process (PID=1559) to work on /home/airflow/.local/lib/python3.12/site-packages/airflow/example_dags/example_setup_teardown.py
[2025-07-02T23:40:40.776+0000] {processor.py:914} INFO - Processing file /home/airflow/.local/lib/python3.12/site-packages/airflow/example_dags/example_setup_teardown.py for tasks to queue
[2025-07-02T23:40:40.779+0000] {logging_mixin.py:190} INFO - [2025-07-02T23:40:40.778+0000] {dagbag.py:588} INFO - Filling up the DagBag from /home/airflow/.local/lib/python3.12/site-packages/airflow/example_dags/example_setup_teardown.py
[2025-07-02T23:40:40.786+0000] {processor.py:925} INFO - DAG(s) 'example_setup_teardown' retrieved from /home/airflow/.local/lib/python3.12/site-packages/airflow/example_dags/example_setup_teardown.py
[2025-07-02T23:40:40.807+0000] {logging_mixin.py:190} INFO - [2025-07-02T23:40:40.807+0000] {dag.py:3239} INFO - Sync 1 DAGs
[2025-07-02T23:40:40.822+0000] {logging_mixin.py:190} INFO - [2025-07-02T23:40:40.822+0000] {dag.py:4180} INFO - Setting next_dagrun for example_setup_teardown to None, run_after=None
[2025-07-02T23:40:40.842+0000] {processor.py:208} INFO - Processing /home/airflow/.local/lib/python3.12/site-packages/airflow/example_dags/example_setup_teardown.py took 0.072 seconds
[2025-07-02T23:41:11.361+0000] {processor.py:186} INFO - Started process (PID=1621) to work on /home/airflow/.local/lib/python3.12/site-packages/airflow/example_dags/example_setup_teardown.py
[2025-07-02T23:41:11.362+0000] {processor.py:914} INFO - Processing file /home/airflow/.local/lib/python3.12/site-packages/airflow/example_dags/example_setup_teardown.py for tasks to queue
[2025-07-02T23:41:11.366+0000] {logging_mixin.py:190} INFO - [2025-07-02T23:41:11.365+0000] {dagbag.py:588} INFO - Filling up the DagBag from /home/airflow/.local/lib/python3.12/site-packages/airflow/example_dags/example_setup_teardown.py
[2025-07-02T23:41:11.376+0000] {processor.py:925} INFO - DAG(s) 'example_setup_teardown' retrieved from /home/airflow/.local/lib/python3.12/site-packages/airflow/example_dags/example_setup_teardown.py
[2025-07-02T23:41:11.395+0000] {logging_mixin.py:190} INFO - [2025-07-02T23:41:11.394+0000] {dag.py:3239} INFO - Sync 1 DAGs
[2025-07-02T23:41:11.408+0000] {logging_mixin.py:190} INFO - [2025-07-02T23:41:11.408+0000] {dag.py:4180} INFO - Setting next_dagrun for example_setup_teardown to None, run_after=None
[2025-07-02T23:41:11.424+0000] {processor.py:208} INFO - Processing /home/airflow/.local/lib/python3.12/site-packages/airflow/example_dags/example_setup_teardown.py took 0.070 seconds
[2025-07-02T23:41:42.277+0000] {processor.py:186} INFO - Started process (PID=1683) to work on /home/airflow/.local/lib/python3.12/site-packages/airflow/example_dags/example_setup_teardown.py
[2025-07-02T23:41:42.278+0000] {processor.py:914} INFO - Processing file /home/airflow/.local/lib/python3.12/site-packages/airflow/example_dags/example_setup_teardown.py for tasks to queue
[2025-07-02T23:41:42.284+0000] {logging_mixin.py:190} INFO - [2025-07-02T23:41:42.283+0000] {dagbag.py:588} INFO - Filling up the DagBag from /home/airflow/.local/lib/python3.12/site-packages/airflow/example_dags/example_setup_teardown.py
[2025-07-02T23:41:42.292+0000] {processor.py:925} INFO - DAG(s) 'example_setup_teardown' retrieved from /home/airflow/.local/lib/python3.12/site-packages/airflow/example_dags/example_setup_teardown.py
[2025-07-02T23:41:42.316+0000] {logging_mixin.py:190} INFO - [2025-07-02T23:41:42.316+0000] {dag.py:3239} INFO - Sync 1 DAGs
[2025-07-02T23:41:42.331+0000] {logging_mixin.py:190} INFO - [2025-07-02T23:41:42.330+0000] {dag.py:4180} INFO - Setting next_dagrun for example_setup_teardown to None, run_after=None
[2025-07-02T23:41:42.359+0000] {processor.py:208} INFO - Processing /home/airflow/.local/lib/python3.12/site-packages/airflow/example_dags/example_setup_teardown.py took 0.089 seconds
[2025-07-02T23:42:13.015+0000] {processor.py:186} INFO - Started process (PID=1745) to work on /home/airflow/.local/lib/python3.12/site-packages/airflow/example_dags/example_setup_teardown.py
[2025-07-02T23:42:13.016+0000] {processor.py:914} INFO - Processing file /home/airflow/.local/lib/python3.12/site-packages/airflow/example_dags/example_setup_teardown.py for tasks to queue
[2025-07-02T23:42:13.019+0000] {logging_mixin.py:190} INFO - [2025-07-02T23:42:13.019+0000] {dagbag.py:588} INFO - Filling up the DagBag from /home/airflow/.local/lib/python3.12/site-packages/airflow/example_dags/example_setup_teardown.py
[2025-07-02T23:42:13.026+0000] {processor.py:925} INFO - DAG(s) 'example_setup_teardown' retrieved from /home/airflow/.local/lib/python3.12/site-packages/airflow/example_dags/example_setup_teardown.py
[2025-07-02T23:42:13.046+0000] {logging_mixin.py:190} INFO - [2025-07-02T23:42:13.046+0000] {dag.py:3239} INFO - Sync 1 DAGs
[2025-07-02T23:42:13.060+0000] {logging_mixin.py:190} INFO - [2025-07-02T23:42:13.059+0000] {dag.py:4180} INFO - Setting next_dagrun for example_setup_teardown to None, run_after=None
[2025-07-02T23:42:13.075+0000] {processor.py:208} INFO - Processing /home/airflow/.local/lib/python3.12/site-packages/airflow/example_dags/example_setup_teardown.py took 0.066 seconds
[2025-07-02T23:42:43.628+0000] {processor.py:186} INFO - Started process (PID=1807) to work on /home/airflow/.local/lib/python3.12/site-packages/airflow/example_dags/example_setup_teardown.py
[2025-07-02T23:42:43.629+0000] {processor.py:914} INFO - Processing file /home/airflow/.local/lib/python3.12/site-packages/airflow/example_dags/example_setup_teardown.py for tasks to queue
[2025-07-02T23:42:43.631+0000] {logging_mixin.py:190} INFO - [2025-07-02T23:42:43.631+0000] {dagbag.py:588} INFO - Filling up the DagBag from /home/airflow/.local/lib/python3.12/site-packages/airflow/example_dags/example_setup_teardown.py
[2025-07-02T23:42:43.638+0000] {processor.py:925} INFO - DAG(s) 'example_setup_teardown' retrieved from /home/airflow/.local/lib/python3.12/site-packages/airflow/example_dags/example_setup_teardown.py
[2025-07-02T23:42:43.657+0000] {logging_mixin.py:190} INFO - [2025-07-02T23:42:43.657+0000] {dag.py:3239} INFO - Sync 1 DAGs
[2025-07-02T23:42:43.670+0000] {logging_mixin.py:190} INFO - [2025-07-02T23:42:43.670+0000] {dag.py:4180} INFO - Setting next_dagrun for example_setup_teardown to None, run_after=None
[2025-07-02T23:42:43.696+0000] {processor.py:208} INFO - Processing /home/airflow/.local/lib/python3.12/site-packages/airflow/example_dags/example_setup_teardown.py took 0.074 seconds
[2025-07-02T23:43:14.148+0000] {processor.py:186} INFO - Started process (PID=1869) to work on /home/airflow/.local/lib/python3.12/site-packages/airflow/example_dags/example_setup_teardown.py
[2025-07-02T23:43:14.149+0000] {processor.py:914} INFO - Processing file /home/airflow/.local/lib/python3.12/site-packages/airflow/example_dags/example_setup_teardown.py for tasks to queue
[2025-07-02T23:43:14.152+0000] {logging_mixin.py:190} INFO - [2025-07-02T23:43:14.152+0000] {dagbag.py:588} INFO - Filling up the DagBag from /home/airflow/.local/lib/python3.12/site-packages/airflow/example_dags/example_setup_teardown.py
[2025-07-02T23:43:14.160+0000] {processor.py:925} INFO - DAG(s) 'example_setup_teardown' retrieved from /home/airflow/.local/lib/python3.12/site-packages/airflow/example_dags/example_setup_teardown.py
[2025-07-02T23:43:14.196+0000] {logging_mixin.py:190} INFO - [2025-07-02T23:43:14.196+0000] {dag.py:3239} INFO - Sync 1 DAGs
[2025-07-02T23:43:14.217+0000] {logging_mixin.py:190} INFO - [2025-07-02T23:43:14.217+0000] {dag.py:4180} INFO - Setting next_dagrun for example_setup_teardown to None, run_after=None
[2025-07-02T23:43:14.236+0000] {processor.py:208} INFO - Processing /home/airflow/.local/lib/python3.12/site-packages/airflow/example_dags/example_setup_teardown.py took 0.094 seconds
[2025-07-02T23:43:44.502+0000] {processor.py:186} INFO - Started process (PID=1931) to work on /home/airflow/.local/lib/python3.12/site-packages/airflow/example_dags/example_setup_teardown.py
[2025-07-02T23:43:44.503+0000] {processor.py:914} INFO - Processing file /home/airflow/.local/lib/python3.12/site-packages/airflow/example_dags/example_setup_teardown.py for tasks to queue
[2025-07-02T23:43:44.506+0000] {logging_mixin.py:190} INFO - [2025-07-02T23:43:44.505+0000] {dagbag.py:588} INFO - Filling up the DagBag from /home/airflow/.local/lib/python3.12/site-packages/airflow/example_dags/example_setup_teardown.py
[2025-07-02T23:43:44.513+0000] {processor.py:925} INFO - DAG(s) 'example_setup_teardown' retrieved from /home/airflow/.local/lib/python3.12/site-packages/airflow/example_dags/example_setup_teardown.py
[2025-07-02T23:43:44.533+0000] {logging_mixin.py:190} INFO - [2025-07-02T23:43:44.533+0000] {dag.py:3239} INFO - Sync 1 DAGs
[2025-07-02T23:43:44.546+0000] {logging_mixin.py:190} INFO - [2025-07-02T23:43:44.545+0000] {dag.py:4180} INFO - Setting next_dagrun for example_setup_teardown to None, run_after=None
[2025-07-02T23:43:44.572+0000] {processor.py:208} INFO - Processing /home/airflow/.local/lib/python3.12/site-packages/airflow/example_dags/example_setup_teardown.py took 0.076 seconds
[2025-07-02T23:44:14.633+0000] {processor.py:186} INFO - Started process (PID=1993) to work on /home/airflow/.local/lib/python3.12/site-packages/airflow/example_dags/example_setup_teardown.py
[2025-07-02T23:44:14.635+0000] {processor.py:914} INFO - Processing file /home/airflow/.local/lib/python3.12/site-packages/airflow/example_dags/example_setup_teardown.py for tasks to queue
[2025-07-02T23:44:14.638+0000] {logging_mixin.py:190} INFO - [2025-07-02T23:44:14.638+0000] {dagbag.py:588} INFO - Filling up the DagBag from /home/airflow/.local/lib/python3.12/site-packages/airflow/example_dags/example_setup_teardown.py
[2025-07-02T23:44:14.647+0000] {processor.py:925} INFO - DAG(s) 'example_setup_teardown' retrieved from /home/airflow/.local/lib/python3.12/site-packages/airflow/example_dags/example_setup_teardown.py
[2025-07-02T23:44:14.669+0000] {logging_mixin.py:190} INFO - [2025-07-02T23:44:14.669+0000] {dag.py:3239} INFO - Sync 1 DAGs
[2025-07-02T23:44:14.685+0000] {logging_mixin.py:190} INFO - [2025-07-02T23:44:14.685+0000] {dag.py:4180} INFO - Setting next_dagrun for example_setup_teardown to None, run_after=None
[2025-07-02T23:44:14.703+0000] {processor.py:208} INFO - Processing /home/airflow/.local/lib/python3.12/site-packages/airflow/example_dags/example_setup_teardown.py took 0.078 seconds
[2025-07-02T23:44:45.391+0000] {processor.py:186} INFO - Started process (PID=2055) to work on /home/airflow/.local/lib/python3.12/site-packages/airflow/example_dags/example_setup_teardown.py
[2025-07-02T23:44:45.392+0000] {processor.py:914} INFO - Processing file /home/airflow/.local/lib/python3.12/site-packages/airflow/example_dags/example_setup_teardown.py for tasks to queue
[2025-07-02T23:44:45.395+0000] {logging_mixin.py:190} INFO - [2025-07-02T23:44:45.394+0000] {dagbag.py:588} INFO - Filling up the DagBag from /home/airflow/.local/lib/python3.12/site-packages/airflow/example_dags/example_setup_teardown.py
[2025-07-02T23:44:45.403+0000] {processor.py:925} INFO - DAG(s) 'example_setup_teardown' retrieved from /home/airflow/.local/lib/python3.12/site-packages/airflow/example_dags/example_setup_teardown.py
[2025-07-02T23:44:45.424+0000] {logging_mixin.py:190} INFO - [2025-07-02T23:44:45.424+0000] {dag.py:3239} INFO - Sync 1 DAGs
[2025-07-02T23:44:45.438+0000] {logging_mixin.py:190} INFO - [2025-07-02T23:44:45.438+0000] {dag.py:4180} INFO - Setting next_dagrun for example_setup_teardown to None, run_after=None
[2025-07-02T23:44:45.457+0000] {processor.py:208} INFO - Processing /home/airflow/.local/lib/python3.12/site-packages/airflow/example_dags/example_setup_teardown.py took 0.072 seconds
[2025-07-02T23:45:15.577+0000] {processor.py:186} INFO - Started process (PID=2117) to work on /home/airflow/.local/lib/python3.12/site-packages/airflow/example_dags/example_setup_teardown.py
[2025-07-02T23:45:15.579+0000] {processor.py:914} INFO - Processing file /home/airflow/.local/lib/python3.12/site-packages/airflow/example_dags/example_setup_teardown.py for tasks to queue
[2025-07-02T23:45:15.583+0000] {logging_mixin.py:190} INFO - [2025-07-02T23:45:15.583+0000] {dagbag.py:588} INFO - Filling up the DagBag from /home/airflow/.local/lib/python3.12/site-packages/airflow/example_dags/example_setup_teardown.py
[2025-07-02T23:45:15.598+0000] {processor.py:925} INFO - DAG(s) 'example_setup_teardown' retrieved from /home/airflow/.local/lib/python3.12/site-packages/airflow/example_dags/example_setup_teardown.py
[2025-07-02T23:45:15.636+0000] {logging_mixin.py:190} INFO - [2025-07-02T23:45:15.636+0000] {dag.py:3239} INFO - Sync 1 DAGs
[2025-07-02T23:45:15.658+0000] {logging_mixin.py:190} INFO - [2025-07-02T23:45:15.658+0000] {dag.py:4180} INFO - Setting next_dagrun for example_setup_teardown to None, run_after=None
[2025-07-02T23:45:15.684+0000] {processor.py:208} INFO - Processing /home/airflow/.local/lib/python3.12/site-packages/airflow/example_dags/example_setup_teardown.py took 0.120 seconds
[2025-07-02T23:45:45.892+0000] {processor.py:186} INFO - Started process (PID=2179) to work on /home/airflow/.local/lib/python3.12/site-packages/airflow/example_dags/example_setup_teardown.py
[2025-07-02T23:45:45.893+0000] {processor.py:914} INFO - Processing file /home/airflow/.local/lib/python3.12/site-packages/airflow/example_dags/example_setup_teardown.py for tasks to queue
[2025-07-02T23:45:45.896+0000] {logging_mixin.py:190} INFO - [2025-07-02T23:45:45.895+0000] {dagbag.py:588} INFO - Filling up the DagBag from /home/airflow/.local/lib/python3.12/site-packages/airflow/example_dags/example_setup_teardown.py
[2025-07-02T23:45:45.904+0000] {processor.py:925} INFO - DAG(s) 'example_setup_teardown' retrieved from /home/airflow/.local/lib/python3.12/site-packages/airflow/example_dags/example_setup_teardown.py
[2025-07-02T23:45:45.923+0000] {logging_mixin.py:190} INFO - [2025-07-02T23:45:45.923+0000] {dag.py:3239} INFO - Sync 1 DAGs
[2025-07-02T23:45:45.938+0000] {logging_mixin.py:190} INFO - [2025-07-02T23:45:45.937+0000] {dag.py:4180} INFO - Setting next_dagrun for example_setup_teardown to None, run_after=None
[2025-07-02T23:45:45.957+0000] {processor.py:208} INFO - Processing /home/airflow/.local/lib/python3.12/site-packages/airflow/example_dags/example_setup_teardown.py took 0.070 seconds
[2025-07-02T23:46:16.344+0000] {processor.py:186} INFO - Started process (PID=2241) to work on /home/airflow/.local/lib/python3.12/site-packages/airflow/example_dags/example_setup_teardown.py
[2025-07-02T23:46:16.346+0000] {processor.py:914} INFO - Processing file /home/airflow/.local/lib/python3.12/site-packages/airflow/example_dags/example_setup_teardown.py for tasks to queue
[2025-07-02T23:46:16.350+0000] {logging_mixin.py:190} INFO - [2025-07-02T23:46:16.350+0000] {dagbag.py:588} INFO - Filling up the DagBag from /home/airflow/.local/lib/python3.12/site-packages/airflow/example_dags/example_setup_teardown.py
[2025-07-02T23:46:16.358+0000] {processor.py:925} INFO - DAG(s) 'example_setup_teardown' retrieved from /home/airflow/.local/lib/python3.12/site-packages/airflow/example_dags/example_setup_teardown.py
[2025-07-02T23:46:16.377+0000] {logging_mixin.py:190} INFO - [2025-07-02T23:46:16.376+0000] {dag.py:3239} INFO - Sync 1 DAGs
[2025-07-02T23:46:16.390+0000] {logging_mixin.py:190} INFO - [2025-07-02T23:46:16.390+0000] {dag.py:4180} INFO - Setting next_dagrun for example_setup_teardown to None, run_after=None
[2025-07-02T23:46:16.406+0000] {processor.py:208} INFO - Processing /home/airflow/.local/lib/python3.12/site-packages/airflow/example_dags/example_setup_teardown.py took 0.068 seconds
[2025-07-02T23:46:46.982+0000] {processor.py:186} INFO - Started process (PID=2303) to work on /home/airflow/.local/lib/python3.12/site-packages/airflow/example_dags/example_setup_teardown.py
[2025-07-02T23:46:46.983+0000] {processor.py:914} INFO - Processing file /home/airflow/.local/lib/python3.12/site-packages/airflow/example_dags/example_setup_teardown.py for tasks to queue
[2025-07-02T23:46:46.986+0000] {logging_mixin.py:190} INFO - [2025-07-02T23:46:46.985+0000] {dagbag.py:588} INFO - Filling up the DagBag from /home/airflow/.local/lib/python3.12/site-packages/airflow/example_dags/example_setup_teardown.py
[2025-07-02T23:46:46.994+0000] {processor.py:925} INFO - DAG(s) 'example_setup_teardown' retrieved from /home/airflow/.local/lib/python3.12/site-packages/airflow/example_dags/example_setup_teardown.py
[2025-07-02T23:46:47.013+0000] {logging_mixin.py:190} INFO - [2025-07-02T23:46:47.013+0000] {dag.py:3239} INFO - Sync 1 DAGs
[2025-07-02T23:46:47.027+0000] {logging_mixin.py:190} INFO - [2025-07-02T23:46:47.027+0000] {dag.py:4180} INFO - Setting next_dagrun for example_setup_teardown to None, run_after=None
[2025-07-02T23:46:47.044+0000] {processor.py:208} INFO - Processing /home/airflow/.local/lib/python3.12/site-packages/airflow/example_dags/example_setup_teardown.py took 0.067 seconds
[2025-07-02T23:47:17.180+0000] {processor.py:186} INFO - Started process (PID=2365) to work on /home/airflow/.local/lib/python3.12/site-packages/airflow/example_dags/example_setup_teardown.py
[2025-07-02T23:47:17.181+0000] {processor.py:914} INFO - Processing file /home/airflow/.local/lib/python3.12/site-packages/airflow/example_dags/example_setup_teardown.py for tasks to queue
[2025-07-02T23:47:17.185+0000] {logging_mixin.py:190} INFO - [2025-07-02T23:47:17.184+0000] {dagbag.py:588} INFO - Filling up the DagBag from /home/airflow/.local/lib/python3.12/site-packages/airflow/example_dags/example_setup_teardown.py
[2025-07-02T23:47:17.194+0000] {processor.py:925} INFO - DAG(s) 'example_setup_teardown' retrieved from /home/airflow/.local/lib/python3.12/site-packages/airflow/example_dags/example_setup_teardown.py
[2025-07-02T23:47:17.219+0000] {logging_mixin.py:190} INFO - [2025-07-02T23:47:17.219+0000] {dag.py:3239} INFO - Sync 1 DAGs
[2025-07-02T23:47:17.237+0000] {logging_mixin.py:190} INFO - [2025-07-02T23:47:17.237+0000] {dag.py:4180} INFO - Setting next_dagrun for example_setup_teardown to None, run_after=None
[2025-07-02T23:47:17.260+0000] {processor.py:208} INFO - Processing /home/airflow/.local/lib/python3.12/site-packages/airflow/example_dags/example_setup_teardown.py took 0.086 seconds
[2025-07-02T23:47:47.516+0000] {processor.py:186} INFO - Started process (PID=2427) to work on /home/airflow/.local/lib/python3.12/site-packages/airflow/example_dags/example_setup_teardown.py
[2025-07-02T23:47:47.518+0000] {processor.py:914} INFO - Processing file /home/airflow/.local/lib/python3.12/site-packages/airflow/example_dags/example_setup_teardown.py for tasks to queue
[2025-07-02T23:47:47.521+0000] {logging_mixin.py:190} INFO - [2025-07-02T23:47:47.520+0000] {dagbag.py:588} INFO - Filling up the DagBag from /home/airflow/.local/lib/python3.12/site-packages/airflow/example_dags/example_setup_teardown.py
[2025-07-02T23:47:47.530+0000] {processor.py:925} INFO - DAG(s) 'example_setup_teardown' retrieved from /home/airflow/.local/lib/python3.12/site-packages/airflow/example_dags/example_setup_teardown.py
[2025-07-02T23:47:47.548+0000] {logging_mixin.py:190} INFO - [2025-07-02T23:47:47.547+0000] {dag.py:3239} INFO - Sync 1 DAGs
[2025-07-02T23:47:47.563+0000] {logging_mixin.py:190} INFO - [2025-07-02T23:47:47.563+0000] {dag.py:4180} INFO - Setting next_dagrun for example_setup_teardown to None, run_after=None
[2025-07-02T23:47:47.581+0000] {processor.py:208} INFO - Processing /home/airflow/.local/lib/python3.12/site-packages/airflow/example_dags/example_setup_teardown.py took 0.071 seconds
[2025-07-02T23:48:17.861+0000] {processor.py:186} INFO - Started process (PID=2489) to work on /home/airflow/.local/lib/python3.12/site-packages/airflow/example_dags/example_setup_teardown.py
[2025-07-02T23:48:17.862+0000] {processor.py:914} INFO - Processing file /home/airflow/.local/lib/python3.12/site-packages/airflow/example_dags/example_setup_teardown.py for tasks to queue
[2025-07-02T23:48:17.864+0000] {logging_mixin.py:190} INFO - [2025-07-02T23:48:17.864+0000] {dagbag.py:588} INFO - Filling up the DagBag from /home/airflow/.local/lib/python3.12/site-packages/airflow/example_dags/example_setup_teardown.py
[2025-07-02T23:48:17.871+0000] {processor.py:925} INFO - DAG(s) 'example_setup_teardown' retrieved from /home/airflow/.local/lib/python3.12/site-packages/airflow/example_dags/example_setup_teardown.py
[2025-07-02T23:48:17.890+0000] {logging_mixin.py:190} INFO - [2025-07-02T23:48:17.890+0000] {dag.py:3239} INFO - Sync 1 DAGs
[2025-07-02T23:48:17.903+0000] {logging_mixin.py:190} INFO - [2025-07-02T23:48:17.903+0000] {dag.py:4180} INFO - Setting next_dagrun for example_setup_teardown to None, run_after=None
[2025-07-02T23:48:17.919+0000] {processor.py:208} INFO - Processing /home/airflow/.local/lib/python3.12/site-packages/airflow/example_dags/example_setup_teardown.py took 0.064 seconds
[2025-07-02T23:48:48.067+0000] {processor.py:186} INFO - Started process (PID=2551) to work on /home/airflow/.local/lib/python3.12/site-packages/airflow/example_dags/example_setup_teardown.py
[2025-07-02T23:48:48.068+0000] {processor.py:914} INFO - Processing file /home/airflow/.local/lib/python3.12/site-packages/airflow/example_dags/example_setup_teardown.py for tasks to queue
[2025-07-02T23:48:48.072+0000] {logging_mixin.py:190} INFO - [2025-07-02T23:48:48.071+0000] {dagbag.py:588} INFO - Filling up the DagBag from /home/airflow/.local/lib/python3.12/site-packages/airflow/example_dags/example_setup_teardown.py
[2025-07-02T23:48:48.082+0000] {processor.py:925} INFO - DAG(s) 'example_setup_teardown' retrieved from /home/airflow/.local/lib/python3.12/site-packages/airflow/example_dags/example_setup_teardown.py
[2025-07-02T23:48:48.102+0000] {logging_mixin.py:190} INFO - [2025-07-02T23:48:48.102+0000] {dag.py:3239} INFO - Sync 1 DAGs
[2025-07-02T23:48:48.118+0000] {logging_mixin.py:190} INFO - [2025-07-02T23:48:48.117+0000] {dag.py:4180} INFO - Setting next_dagrun for example_setup_teardown to None, run_after=None
[2025-07-02T23:48:48.136+0000] {processor.py:208} INFO - Processing /home/airflow/.local/lib/python3.12/site-packages/airflow/example_dags/example_setup_teardown.py took 0.077 seconds
[2025-07-02T23:49:18.440+0000] {processor.py:186} INFO - Started process (PID=2613) to work on /home/airflow/.local/lib/python3.12/site-packages/airflow/example_dags/example_setup_teardown.py
[2025-07-02T23:49:18.442+0000] {processor.py:914} INFO - Processing file /home/airflow/.local/lib/python3.12/site-packages/airflow/example_dags/example_setup_teardown.py for tasks to queue
[2025-07-02T23:49:18.446+0000] {logging_mixin.py:190} INFO - [2025-07-02T23:49:18.445+0000] {dagbag.py:588} INFO - Filling up the DagBag from /home/airflow/.local/lib/python3.12/site-packages/airflow/example_dags/example_setup_teardown.py
[2025-07-02T23:49:18.456+0000] {processor.py:925} INFO - DAG(s) 'example_setup_teardown' retrieved from /home/airflow/.local/lib/python3.12/site-packages/airflow/example_dags/example_setup_teardown.py
[2025-07-02T23:49:18.484+0000] {logging_mixin.py:190} INFO - [2025-07-02T23:49:18.484+0000] {dag.py:3239} INFO - Sync 1 DAGs
[2025-07-02T23:49:18.508+0000] {logging_mixin.py:190} INFO - [2025-07-02T23:49:18.508+0000] {dag.py:4180} INFO - Setting next_dagrun for example_setup_teardown to None, run_after=None
[2025-07-02T23:49:18.541+0000] {processor.py:208} INFO - Processing /home/airflow/.local/lib/python3.12/site-packages/airflow/example_dags/example_setup_teardown.py took 0.111 seconds
[2025-07-02T23:49:48.803+0000] {processor.py:186} INFO - Started process (PID=2675) to work on /home/airflow/.local/lib/python3.12/site-packages/airflow/example_dags/example_setup_teardown.py
[2025-07-02T23:49:48.804+0000] {processor.py:914} INFO - Processing file /home/airflow/.local/lib/python3.12/site-packages/airflow/example_dags/example_setup_teardown.py for tasks to queue
[2025-07-02T23:49:48.807+0000] {logging_mixin.py:190} INFO - [2025-07-02T23:49:48.807+0000] {dagbag.py:588} INFO - Filling up the DagBag from /home/airflow/.local/lib/python3.12/site-packages/airflow/example_dags/example_setup_teardown.py
[2025-07-02T23:49:48.815+0000] {processor.py:925} INFO - DAG(s) 'example_setup_teardown' retrieved from /home/airflow/.local/lib/python3.12/site-packages/airflow/example_dags/example_setup_teardown.py
[2025-07-02T23:49:48.835+0000] {logging_mixin.py:190} INFO - [2025-07-02T23:49:48.835+0000] {dag.py:3239} INFO - Sync 1 DAGs
[2025-07-02T23:49:48.848+0000] {logging_mixin.py:190} INFO - [2025-07-02T23:49:48.848+0000] {dag.py:4180} INFO - Setting next_dagrun for example_setup_teardown to None, run_after=None
[2025-07-02T23:49:48.865+0000] {processor.py:208} INFO - Processing /home/airflow/.local/lib/python3.12/site-packages/airflow/example_dags/example_setup_teardown.py took 0.068 seconds
[2025-07-02T23:50:19.242+0000] {processor.py:186} INFO - Started process (PID=2737) to work on /home/airflow/.local/lib/python3.12/site-packages/airflow/example_dags/example_setup_teardown.py
[2025-07-02T23:50:19.243+0000] {processor.py:914} INFO - Processing file /home/airflow/.local/lib/python3.12/site-packages/airflow/example_dags/example_setup_teardown.py for tasks to queue
[2025-07-02T23:50:19.246+0000] {logging_mixin.py:190} INFO - [2025-07-02T23:50:19.246+0000] {dagbag.py:588} INFO - Filling up the DagBag from /home/airflow/.local/lib/python3.12/site-packages/airflow/example_dags/example_setup_teardown.py
[2025-07-02T23:50:19.255+0000] {processor.py:925} INFO - DAG(s) 'example_setup_teardown' retrieved from /home/airflow/.local/lib/python3.12/site-packages/airflow/example_dags/example_setup_teardown.py
[2025-07-02T23:50:19.275+0000] {logging_mixin.py:190} INFO - [2025-07-02T23:50:19.275+0000] {dag.py:3239} INFO - Sync 1 DAGs
[2025-07-02T23:50:19.291+0000] {logging_mixin.py:190} INFO - [2025-07-02T23:50:19.291+0000] {dag.py:4180} INFO - Setting next_dagrun for example_setup_teardown to None, run_after=None
[2025-07-02T23:50:19.308+0000] {processor.py:208} INFO - Processing /home/airflow/.local/lib/python3.12/site-packages/airflow/example_dags/example_setup_teardown.py took 0.074 seconds
[2025-07-02T23:50:49.613+0000] {processor.py:186} INFO - Started process (PID=2799) to work on /home/airflow/.local/lib/python3.12/site-packages/airflow/example_dags/example_setup_teardown.py
[2025-07-02T23:50:49.614+0000] {processor.py:914} INFO - Processing file /home/airflow/.local/lib/python3.12/site-packages/airflow/example_dags/example_setup_teardown.py for tasks to queue
[2025-07-02T23:50:49.616+0000] {logging_mixin.py:190} INFO - [2025-07-02T23:50:49.616+0000] {dagbag.py:588} INFO - Filling up the DagBag from /home/airflow/.local/lib/python3.12/site-packages/airflow/example_dags/example_setup_teardown.py
[2025-07-02T23:50:49.625+0000] {processor.py:925} INFO - DAG(s) 'example_setup_teardown' retrieved from /home/airflow/.local/lib/python3.12/site-packages/airflow/example_dags/example_setup_teardown.py
[2025-07-02T23:50:49.645+0000] {logging_mixin.py:190} INFO - [2025-07-02T23:50:49.645+0000] {dag.py:3239} INFO - Sync 1 DAGs
[2025-07-02T23:50:49.659+0000] {logging_mixin.py:190} INFO - [2025-07-02T23:50:49.659+0000] {dag.py:4180} INFO - Setting next_dagrun for example_setup_teardown to None, run_after=None
[2025-07-02T23:50:49.687+0000] {processor.py:208} INFO - Processing /home/airflow/.local/lib/python3.12/site-packages/airflow/example_dags/example_setup_teardown.py took 0.079 seconds
[2025-07-02T23:51:19.830+0000] {processor.py:186} INFO - Started process (PID=2861) to work on /home/airflow/.local/lib/python3.12/site-packages/airflow/example_dags/example_setup_teardown.py
[2025-07-02T23:51:19.831+0000] {processor.py:914} INFO - Processing file /home/airflow/.local/lib/python3.12/site-packages/airflow/example_dags/example_setup_teardown.py for tasks to queue
[2025-07-02T23:51:19.833+0000] {logging_mixin.py:190} INFO - [2025-07-02T23:51:19.833+0000] {dagbag.py:588} INFO - Filling up the DagBag from /home/airflow/.local/lib/python3.12/site-packages/airflow/example_dags/example_setup_teardown.py
[2025-07-02T23:51:19.842+0000] {processor.py:925} INFO - DAG(s) 'example_setup_teardown' retrieved from /home/airflow/.local/lib/python3.12/site-packages/airflow/example_dags/example_setup_teardown.py
[2025-07-02T23:51:19.865+0000] {logging_mixin.py:190} INFO - [2025-07-02T23:51:19.865+0000] {dag.py:3239} INFO - Sync 1 DAGs
[2025-07-02T23:51:19.884+0000] {logging_mixin.py:190} INFO - [2025-07-02T23:51:19.883+0000] {dag.py:4180} INFO - Setting next_dagrun for example_setup_teardown to None, run_after=None
[2025-07-02T23:51:19.904+0000] {processor.py:208} INFO - Processing /home/airflow/.local/lib/python3.12/site-packages/airflow/example_dags/example_setup_teardown.py took 0.080 seconds
[2025-07-02T23:51:50.257+0000] {processor.py:186} INFO - Started process (PID=2924) to work on /home/airflow/.local/lib/python3.12/site-packages/airflow/example_dags/example_setup_teardown.py
[2025-07-02T23:51:50.258+0000] {processor.py:914} INFO - Processing file /home/airflow/.local/lib/python3.12/site-packages/airflow/example_dags/example_setup_teardown.py for tasks to queue
[2025-07-02T23:51:50.260+0000] {logging_mixin.py:190} INFO - [2025-07-02T23:51:50.260+0000] {dagbag.py:588} INFO - Filling up the DagBag from /home/airflow/.local/lib/python3.12/site-packages/airflow/example_dags/example_setup_teardown.py
[2025-07-02T23:51:50.268+0000] {processor.py:925} INFO - DAG(s) 'example_setup_teardown' retrieved from /home/airflow/.local/lib/python3.12/site-packages/airflow/example_dags/example_setup_teardown.py
[2025-07-02T23:51:50.297+0000] {logging_mixin.py:190} INFO - [2025-07-02T23:51:50.297+0000] {dag.py:3239} INFO - Sync 1 DAGs
[2025-07-02T23:51:50.323+0000] {logging_mixin.py:190} INFO - [2025-07-02T23:51:50.322+0000] {dag.py:4180} INFO - Setting next_dagrun for example_setup_teardown to None, run_after=None
[2025-07-02T23:51:50.342+0000] {processor.py:208} INFO - Processing /home/airflow/.local/lib/python3.12/site-packages/airflow/example_dags/example_setup_teardown.py took 0.090 seconds
[2025-07-02T23:52:20.470+0000] {processor.py:186} INFO - Started process (PID=2986) to work on /home/airflow/.local/lib/python3.12/site-packages/airflow/example_dags/example_setup_teardown.py
[2025-07-02T23:52:20.471+0000] {processor.py:914} INFO - Processing file /home/airflow/.local/lib/python3.12/site-packages/airflow/example_dags/example_setup_teardown.py for tasks to queue
[2025-07-02T23:52:20.474+0000] {logging_mixin.py:190} INFO - [2025-07-02T23:52:20.474+0000] {dagbag.py:588} INFO - Filling up the DagBag from /home/airflow/.local/lib/python3.12/site-packages/airflow/example_dags/example_setup_teardown.py
[2025-07-02T23:52:20.482+0000] {processor.py:925} INFO - DAG(s) 'example_setup_teardown' retrieved from /home/airflow/.local/lib/python3.12/site-packages/airflow/example_dags/example_setup_teardown.py
[2025-07-02T23:52:20.501+0000] {logging_mixin.py:190} INFO - [2025-07-02T23:52:20.501+0000] {dag.py:3239} INFO - Sync 1 DAGs
[2025-07-02T23:52:20.515+0000] {logging_mixin.py:190} INFO - [2025-07-02T23:52:20.515+0000] {dag.py:4180} INFO - Setting next_dagrun for example_setup_teardown to None, run_after=None
[2025-07-02T23:52:20.532+0000] {processor.py:208} INFO - Processing /home/airflow/.local/lib/python3.12/site-packages/airflow/example_dags/example_setup_teardown.py took 0.068 seconds
[2025-07-02T23:52:51.097+0000] {processor.py:186} INFO - Started process (PID=3048) to work on /home/airflow/.local/lib/python3.12/site-packages/airflow/example_dags/example_setup_teardown.py
[2025-07-02T23:52:51.098+0000] {processor.py:914} INFO - Processing file /home/airflow/.local/lib/python3.12/site-packages/airflow/example_dags/example_setup_teardown.py for tasks to queue
[2025-07-02T23:52:51.100+0000] {logging_mixin.py:190} INFO - [2025-07-02T23:52:51.100+0000] {dagbag.py:588} INFO - Filling up the DagBag from /home/airflow/.local/lib/python3.12/site-packages/airflow/example_dags/example_setup_teardown.py
[2025-07-02T23:52:51.108+0000] {processor.py:925} INFO - DAG(s) 'example_setup_teardown' retrieved from /home/airflow/.local/lib/python3.12/site-packages/airflow/example_dags/example_setup_teardown.py
[2025-07-02T23:52:51.127+0000] {logging_mixin.py:190} INFO - [2025-07-02T23:52:51.126+0000] {dag.py:3239} INFO - Sync 1 DAGs
[2025-07-02T23:52:51.139+0000] {logging_mixin.py:190} INFO - [2025-07-02T23:52:51.139+0000] {dag.py:4180} INFO - Setting next_dagrun for example_setup_teardown to None, run_after=None
[2025-07-02T23:52:51.157+0000] {processor.py:208} INFO - Processing /home/airflow/.local/lib/python3.12/site-packages/airflow/example_dags/example_setup_teardown.py took 0.065 seconds
[2025-07-02T23:53:21.797+0000] {processor.py:186} INFO - Started process (PID=3110) to work on /home/airflow/.local/lib/python3.12/site-packages/airflow/example_dags/example_setup_teardown.py
[2025-07-02T23:53:21.798+0000] {processor.py:914} INFO - Processing file /home/airflow/.local/lib/python3.12/site-packages/airflow/example_dags/example_setup_teardown.py for tasks to queue
[2025-07-02T23:53:21.801+0000] {logging_mixin.py:190} INFO - [2025-07-02T23:53:21.800+0000] {dagbag.py:588} INFO - Filling up the DagBag from /home/airflow/.local/lib/python3.12/site-packages/airflow/example_dags/example_setup_teardown.py
[2025-07-02T23:53:21.809+0000] {processor.py:925} INFO - DAG(s) 'example_setup_teardown' retrieved from /home/airflow/.local/lib/python3.12/site-packages/airflow/example_dags/example_setup_teardown.py
[2025-07-02T23:53:21.829+0000] {logging_mixin.py:190} INFO - [2025-07-02T23:53:21.829+0000] {dag.py:3239} INFO - Sync 1 DAGs
[2025-07-02T23:53:21.842+0000] {logging_mixin.py:190} INFO - [2025-07-02T23:53:21.842+0000] {dag.py:4180} INFO - Setting next_dagrun for example_setup_teardown to None, run_after=None
[2025-07-02T23:53:21.858+0000] {processor.py:208} INFO - Processing /home/airflow/.local/lib/python3.12/site-packages/airflow/example_dags/example_setup_teardown.py took 0.066 seconds
[2025-07-02T23:53:51.998+0000] {processor.py:186} INFO - Started process (PID=3172) to work on /home/airflow/.local/lib/python3.12/site-packages/airflow/example_dags/example_setup_teardown.py
[2025-07-02T23:53:51.999+0000] {processor.py:914} INFO - Processing file /home/airflow/.local/lib/python3.12/site-packages/airflow/example_dags/example_setup_teardown.py for tasks to queue
[2025-07-02T23:53:52.003+0000] {logging_mixin.py:190} INFO - [2025-07-02T23:53:52.003+0000] {dagbag.py:588} INFO - Filling up the DagBag from /home/airflow/.local/lib/python3.12/site-packages/airflow/example_dags/example_setup_teardown.py
[2025-07-02T23:53:52.016+0000] {processor.py:925} INFO - DAG(s) 'example_setup_teardown' retrieved from /home/airflow/.local/lib/python3.12/site-packages/airflow/example_dags/example_setup_teardown.py
[2025-07-02T23:53:52.038+0000] {logging_mixin.py:190} INFO - [2025-07-02T23:53:52.038+0000] {dag.py:3239} INFO - Sync 1 DAGs
[2025-07-02T23:53:52.053+0000] {logging_mixin.py:190} INFO - [2025-07-02T23:53:52.053+0000] {dag.py:4180} INFO - Setting next_dagrun for example_setup_teardown to None, run_after=None
[2025-07-02T23:53:52.069+0000] {processor.py:208} INFO - Processing /home/airflow/.local/lib/python3.12/site-packages/airflow/example_dags/example_setup_teardown.py took 0.082 seconds
[2025-07-02T23:54:22.269+0000] {processor.py:186} INFO - Started process (PID=3234) to work on /home/airflow/.local/lib/python3.12/site-packages/airflow/example_dags/example_setup_teardown.py
[2025-07-02T23:54:22.270+0000] {processor.py:914} INFO - Processing file /home/airflow/.local/lib/python3.12/site-packages/airflow/example_dags/example_setup_teardown.py for tasks to queue
[2025-07-02T23:54:22.273+0000] {logging_mixin.py:190} INFO - [2025-07-02T23:54:22.272+0000] {dagbag.py:588} INFO - Filling up the DagBag from /home/airflow/.local/lib/python3.12/site-packages/airflow/example_dags/example_setup_teardown.py
[2025-07-02T23:54:22.280+0000] {processor.py:925} INFO - DAG(s) 'example_setup_teardown' retrieved from /home/airflow/.local/lib/python3.12/site-packages/airflow/example_dags/example_setup_teardown.py
[2025-07-02T23:54:22.298+0000] {logging_mixin.py:190} INFO - [2025-07-02T23:54:22.298+0000] {dag.py:3239} INFO - Sync 1 DAGs
[2025-07-02T23:54:22.312+0000] {logging_mixin.py:190} INFO - [2025-07-02T23:54:22.312+0000] {dag.py:4180} INFO - Setting next_dagrun for example_setup_teardown to None, run_after=None
[2025-07-02T23:54:22.331+0000] {processor.py:208} INFO - Processing /home/airflow/.local/lib/python3.12/site-packages/airflow/example_dags/example_setup_teardown.py took 0.066 seconds
[2025-07-02T23:54:52.960+0000] {processor.py:186} INFO - Started process (PID=3296) to work on /home/airflow/.local/lib/python3.12/site-packages/airflow/example_dags/example_setup_teardown.py
[2025-07-02T23:54:52.962+0000] {processor.py:914} INFO - Processing file /home/airflow/.local/lib/python3.12/site-packages/airflow/example_dags/example_setup_teardown.py for tasks to queue
[2025-07-02T23:54:52.965+0000] {logging_mixin.py:190} INFO - [2025-07-02T23:54:52.964+0000] {dagbag.py:588} INFO - Filling up the DagBag from /home/airflow/.local/lib/python3.12/site-packages/airflow/example_dags/example_setup_teardown.py
[2025-07-02T23:54:52.976+0000] {processor.py:925} INFO - DAG(s) 'example_setup_teardown' retrieved from /home/airflow/.local/lib/python3.12/site-packages/airflow/example_dags/example_setup_teardown.py
[2025-07-02T23:54:52.994+0000] {logging_mixin.py:190} INFO - [2025-07-02T23:54:52.994+0000] {dag.py:3239} INFO - Sync 1 DAGs
[2025-07-02T23:54:53.008+0000] {logging_mixin.py:190} INFO - [2025-07-02T23:54:53.008+0000] {dag.py:4180} INFO - Setting next_dagrun for example_setup_teardown to None, run_after=None
[2025-07-02T23:54:53.024+0000] {processor.py:208} INFO - Processing /home/airflow/.local/lib/python3.12/site-packages/airflow/example_dags/example_setup_teardown.py took 0.070 seconds
[2025-07-02T23:55:23.199+0000] {processor.py:186} INFO - Started process (PID=3358) to work on /home/airflow/.local/lib/python3.12/site-packages/airflow/example_dags/example_setup_teardown.py
[2025-07-02T23:55:23.200+0000] {processor.py:914} INFO - Processing file /home/airflow/.local/lib/python3.12/site-packages/airflow/example_dags/example_setup_teardown.py for tasks to queue
[2025-07-02T23:55:23.202+0000] {logging_mixin.py:190} INFO - [2025-07-02T23:55:23.202+0000] {dagbag.py:588} INFO - Filling up the DagBag from /home/airflow/.local/lib/python3.12/site-packages/airflow/example_dags/example_setup_teardown.py
[2025-07-02T23:55:23.210+0000] {processor.py:925} INFO - DAG(s) 'example_setup_teardown' retrieved from /home/airflow/.local/lib/python3.12/site-packages/airflow/example_dags/example_setup_teardown.py
[2025-07-02T23:55:23.230+0000] {logging_mixin.py:190} INFO - [2025-07-02T23:55:23.230+0000] {dag.py:3239} INFO - Sync 1 DAGs
[2025-07-02T23:55:23.244+0000] {logging_mixin.py:190} INFO - [2025-07-02T23:55:23.244+0000] {dag.py:4180} INFO - Setting next_dagrun for example_setup_teardown to None, run_after=None
[2025-07-02T23:55:23.409+0000] {processor.py:208} INFO - Processing /home/airflow/.local/lib/python3.12/site-packages/airflow/example_dags/example_setup_teardown.py took 0.215 seconds
[2025-07-02T23:55:53.655+0000] {processor.py:186} INFO - Started process (PID=3420) to work on /home/airflow/.local/lib/python3.12/site-packages/airflow/example_dags/example_setup_teardown.py
[2025-07-02T23:55:53.656+0000] {processor.py:914} INFO - Processing file /home/airflow/.local/lib/python3.12/site-packages/airflow/example_dags/example_setup_teardown.py for tasks to queue
[2025-07-02T23:55:53.659+0000] {logging_mixin.py:190} INFO - [2025-07-02T23:55:53.658+0000] {dagbag.py:588} INFO - Filling up the DagBag from /home/airflow/.local/lib/python3.12/site-packages/airflow/example_dags/example_setup_teardown.py
[2025-07-02T23:55:53.666+0000] {processor.py:925} INFO - DAG(s) 'example_setup_teardown' retrieved from /home/airflow/.local/lib/python3.12/site-packages/airflow/example_dags/example_setup_teardown.py
[2025-07-02T23:55:53.685+0000] {logging_mixin.py:190} INFO - [2025-07-02T23:55:53.685+0000] {dag.py:3239} INFO - Sync 1 DAGs
[2025-07-02T23:55:53.700+0000] {logging_mixin.py:190} INFO - [2025-07-02T23:55:53.700+0000] {dag.py:4180} INFO - Setting next_dagrun for example_setup_teardown to None, run_after=None
[2025-07-02T23:55:53.720+0000] {processor.py:208} INFO - Processing /home/airflow/.local/lib/python3.12/site-packages/airflow/example_dags/example_setup_teardown.py took 0.071 seconds
[2025-07-02T23:56:23.982+0000] {processor.py:186} INFO - Started process (PID=3482) to work on /home/airflow/.local/lib/python3.12/site-packages/airflow/example_dags/example_setup_teardown.py
[2025-07-02T23:56:23.983+0000] {processor.py:914} INFO - Processing file /home/airflow/.local/lib/python3.12/site-packages/airflow/example_dags/example_setup_teardown.py for tasks to queue
[2025-07-02T23:56:23.985+0000] {logging_mixin.py:190} INFO - [2025-07-02T23:56:23.985+0000] {dagbag.py:588} INFO - Filling up the DagBag from /home/airflow/.local/lib/python3.12/site-packages/airflow/example_dags/example_setup_teardown.py
[2025-07-02T23:56:23.994+0000] {processor.py:925} INFO - DAG(s) 'example_setup_teardown' retrieved from /home/airflow/.local/lib/python3.12/site-packages/airflow/example_dags/example_setup_teardown.py
[2025-07-02T23:56:24.013+0000] {logging_mixin.py:190} INFO - [2025-07-02T23:56:24.012+0000] {dag.py:3239} INFO - Sync 1 DAGs
[2025-07-02T23:56:24.026+0000] {logging_mixin.py:190} INFO - [2025-07-02T23:56:24.025+0000] {dag.py:4180} INFO - Setting next_dagrun for example_setup_teardown to None, run_after=None
[2025-07-02T23:56:24.042+0000] {processor.py:208} INFO - Processing /home/airflow/.local/lib/python3.12/site-packages/airflow/example_dags/example_setup_teardown.py took 0.065 seconds
[2025-07-02T23:56:54.609+0000] {processor.py:186} INFO - Started process (PID=3544) to work on /home/airflow/.local/lib/python3.12/site-packages/airflow/example_dags/example_setup_teardown.py
[2025-07-02T23:56:54.610+0000] {processor.py:914} INFO - Processing file /home/airflow/.local/lib/python3.12/site-packages/airflow/example_dags/example_setup_teardown.py for tasks to queue
[2025-07-02T23:56:54.614+0000] {logging_mixin.py:190} INFO - [2025-07-02T23:56:54.613+0000] {dagbag.py:588} INFO - Filling up the DagBag from /home/airflow/.local/lib/python3.12/site-packages/airflow/example_dags/example_setup_teardown.py
[2025-07-02T23:56:54.624+0000] {processor.py:925} INFO - DAG(s) 'example_setup_teardown' retrieved from /home/airflow/.local/lib/python3.12/site-packages/airflow/example_dags/example_setup_teardown.py
[2025-07-02T23:56:54.643+0000] {logging_mixin.py:190} INFO - [2025-07-02T23:56:54.643+0000] {dag.py:3239} INFO - Sync 1 DAGs
[2025-07-02T23:56:54.656+0000] {logging_mixin.py:190} INFO - [2025-07-02T23:56:54.655+0000] {dag.py:4180} INFO - Setting next_dagrun for example_setup_teardown to None, run_after=None
[2025-07-02T23:56:54.672+0000] {processor.py:208} INFO - Processing /home/airflow/.local/lib/python3.12/site-packages/airflow/example_dags/example_setup_teardown.py took 0.068 seconds
[2025-07-02T23:57:25.331+0000] {processor.py:186} INFO - Started process (PID=3606) to work on /home/airflow/.local/lib/python3.12/site-packages/airflow/example_dags/example_setup_teardown.py
[2025-07-02T23:57:25.332+0000] {processor.py:914} INFO - Processing file /home/airflow/.local/lib/python3.12/site-packages/airflow/example_dags/example_setup_teardown.py for tasks to queue
[2025-07-02T23:57:25.334+0000] {logging_mixin.py:190} INFO - [2025-07-02T23:57:25.334+0000] {dagbag.py:588} INFO - Filling up the DagBag from /home/airflow/.local/lib/python3.12/site-packages/airflow/example_dags/example_setup_teardown.py
[2025-07-02T23:57:25.343+0000] {processor.py:925} INFO - DAG(s) 'example_setup_teardown' retrieved from /home/airflow/.local/lib/python3.12/site-packages/airflow/example_dags/example_setup_teardown.py
[2025-07-02T23:57:25.363+0000] {logging_mixin.py:190} INFO - [2025-07-02T23:57:25.363+0000] {dag.py:3239} INFO - Sync 1 DAGs
[2025-07-02T23:57:25.382+0000] {logging_mixin.py:190} INFO - [2025-07-02T23:57:25.381+0000] {dag.py:4180} INFO - Setting next_dagrun for example_setup_teardown to None, run_after=None
[2025-07-02T23:57:25.404+0000] {processor.py:208} INFO - Processing /home/airflow/.local/lib/python3.12/site-packages/airflow/example_dags/example_setup_teardown.py took 0.079 seconds
[2025-07-02T23:57:55.917+0000] {processor.py:186} INFO - Started process (PID=3668) to work on /home/airflow/.local/lib/python3.12/site-packages/airflow/example_dags/example_setup_teardown.py
[2025-07-02T23:57:55.918+0000] {processor.py:914} INFO - Processing file /home/airflow/.local/lib/python3.12/site-packages/airflow/example_dags/example_setup_teardown.py for tasks to queue
[2025-07-02T23:57:55.921+0000] {logging_mixin.py:190} INFO - [2025-07-02T23:57:55.921+0000] {dagbag.py:588} INFO - Filling up the DagBag from /home/airflow/.local/lib/python3.12/site-packages/airflow/example_dags/example_setup_teardown.py
[2025-07-02T23:57:55.930+0000] {processor.py:925} INFO - DAG(s) 'example_setup_teardown' retrieved from /home/airflow/.local/lib/python3.12/site-packages/airflow/example_dags/example_setup_teardown.py
[2025-07-02T23:57:55.951+0000] {logging_mixin.py:190} INFO - [2025-07-02T23:57:55.950+0000] {dag.py:3239} INFO - Sync 1 DAGs
[2025-07-02T23:57:55.965+0000] {logging_mixin.py:190} INFO - [2025-07-02T23:57:55.965+0000] {dag.py:4180} INFO - Setting next_dagrun for example_setup_teardown to None, run_after=None
[2025-07-02T23:57:55.988+0000] {processor.py:208} INFO - Processing /home/airflow/.local/lib/python3.12/site-packages/airflow/example_dags/example_setup_teardown.py took 0.076 seconds
[2025-07-02T23:58:26.343+0000] {processor.py:186} INFO - Started process (PID=3730) to work on /home/airflow/.local/lib/python3.12/site-packages/airflow/example_dags/example_setup_teardown.py
[2025-07-02T23:58:26.345+0000] {processor.py:914} INFO - Processing file /home/airflow/.local/lib/python3.12/site-packages/airflow/example_dags/example_setup_teardown.py for tasks to queue
[2025-07-02T23:58:26.348+0000] {logging_mixin.py:190} INFO - [2025-07-02T23:58:26.347+0000] {dagbag.py:588} INFO - Filling up the DagBag from /home/airflow/.local/lib/python3.12/site-packages/airflow/example_dags/example_setup_teardown.py
[2025-07-02T23:58:26.358+0000] {processor.py:925} INFO - DAG(s) 'example_setup_teardown' retrieved from /home/airflow/.local/lib/python3.12/site-packages/airflow/example_dags/example_setup_teardown.py
[2025-07-02T23:58:26.380+0000] {logging_mixin.py:190} INFO - [2025-07-02T23:58:26.379+0000] {dag.py:3239} INFO - Sync 1 DAGs
[2025-07-02T23:58:26.395+0000] {logging_mixin.py:190} INFO - [2025-07-02T23:58:26.395+0000] {dag.py:4180} INFO - Setting next_dagrun for example_setup_teardown to None, run_after=None
[2025-07-02T23:58:26.414+0000] {processor.py:208} INFO - Processing /home/airflow/.local/lib/python3.12/site-packages/airflow/example_dags/example_setup_teardown.py took 0.076 seconds
[2025-07-02T23:58:56.837+0000] {processor.py:186} INFO - Started process (PID=3792) to work on /home/airflow/.local/lib/python3.12/site-packages/airflow/example_dags/example_setup_teardown.py
[2025-07-02T23:58:56.838+0000] {processor.py:914} INFO - Processing file /home/airflow/.local/lib/python3.12/site-packages/airflow/example_dags/example_setup_teardown.py for tasks to queue
[2025-07-02T23:58:56.840+0000] {logging_mixin.py:190} INFO - [2025-07-02T23:58:56.840+0000] {dagbag.py:588} INFO - Filling up the DagBag from /home/airflow/.local/lib/python3.12/site-packages/airflow/example_dags/example_setup_teardown.py
[2025-07-02T23:58:56.848+0000] {processor.py:925} INFO - DAG(s) 'example_setup_teardown' retrieved from /home/airflow/.local/lib/python3.12/site-packages/airflow/example_dags/example_setup_teardown.py
[2025-07-02T23:58:56.866+0000] {logging_mixin.py:190} INFO - [2025-07-02T23:58:56.866+0000] {dag.py:3239} INFO - Sync 1 DAGs
[2025-07-02T23:58:56.879+0000] {logging_mixin.py:190} INFO - [2025-07-02T23:58:56.879+0000] {dag.py:4180} INFO - Setting next_dagrun for example_setup_teardown to None, run_after=None
[2025-07-02T23:58:56.896+0000] {processor.py:208} INFO - Processing /home/airflow/.local/lib/python3.12/site-packages/airflow/example_dags/example_setup_teardown.py took 0.064 seconds
[2025-07-02T23:59:27.339+0000] {processor.py:186} INFO - Started process (PID=3854) to work on /home/airflow/.local/lib/python3.12/site-packages/airflow/example_dags/example_setup_teardown.py
[2025-07-02T23:59:27.341+0000] {processor.py:914} INFO - Processing file /home/airflow/.local/lib/python3.12/site-packages/airflow/example_dags/example_setup_teardown.py for tasks to queue
[2025-07-02T23:59:27.344+0000] {logging_mixin.py:190} INFO - [2025-07-02T23:59:27.344+0000] {dagbag.py:588} INFO - Filling up the DagBag from /home/airflow/.local/lib/python3.12/site-packages/airflow/example_dags/example_setup_teardown.py
[2025-07-02T23:59:27.354+0000] {processor.py:925} INFO - DAG(s) 'example_setup_teardown' retrieved from /home/airflow/.local/lib/python3.12/site-packages/airflow/example_dags/example_setup_teardown.py
[2025-07-02T23:59:27.377+0000] {logging_mixin.py:190} INFO - [2025-07-02T23:59:27.377+0000] {dag.py:3239} INFO - Sync 1 DAGs
[2025-07-02T23:59:27.392+0000] {logging_mixin.py:190} INFO - [2025-07-02T23:59:27.392+0000] {dag.py:4180} INFO - Setting next_dagrun for example_setup_teardown to None, run_after=None
[2025-07-02T23:59:27.412+0000] {processor.py:208} INFO - Processing /home/airflow/.local/lib/python3.12/site-packages/airflow/example_dags/example_setup_teardown.py took 0.079 seconds
[2025-07-02T23:59:57.861+0000] {processor.py:186} INFO - Started process (PID=3916) to work on /home/airflow/.local/lib/python3.12/site-packages/airflow/example_dags/example_setup_teardown.py
[2025-07-02T23:59:57.862+0000] {processor.py:914} INFO - Processing file /home/airflow/.local/lib/python3.12/site-packages/airflow/example_dags/example_setup_teardown.py for tasks to queue
[2025-07-02T23:59:57.864+0000] {logging_mixin.py:190} INFO - [2025-07-02T23:59:57.864+0000] {dagbag.py:588} INFO - Filling up the DagBag from /home/airflow/.local/lib/python3.12/site-packages/airflow/example_dags/example_setup_teardown.py
[2025-07-02T23:59:57.873+0000] {processor.py:925} INFO - DAG(s) 'example_setup_teardown' retrieved from /home/airflow/.local/lib/python3.12/site-packages/airflow/example_dags/example_setup_teardown.py
[2025-07-02T23:59:57.893+0000] {logging_mixin.py:190} INFO - [2025-07-02T23:59:57.893+0000] {dag.py:3239} INFO - Sync 1 DAGs
[2025-07-02T23:59:57.905+0000] {logging_mixin.py:190} INFO - [2025-07-02T23:59:57.905+0000] {dag.py:4180} INFO - Setting next_dagrun for example_setup_teardown to None, run_after=None
[2025-07-02T23:59:57.921+0000] {processor.py:208} INFO - Processing /home/airflow/.local/lib/python3.12/site-packages/airflow/example_dags/example_setup_teardown.py took 0.066 seconds
