[2025-07-02T23:29:06.813+0000] {processor.py:186} INFO - Started process (PID=158) to work on /home/airflow/.local/lib/python3.12/site-packages/airflow/example_dags/example_latest_only_with_trigger.py
[2025-07-02T23:29:06.833+0000] {processor.py:914} INFO - Processing file /home/airflow/.local/lib/python3.12/site-packages/airflow/example_dags/example_latest_only_with_trigger.py for tasks to queue
[2025-07-02T23:29:06.846+0000] {logging_mixin.py:190} INFO - [2025-07-02T23:29:06.845+0000] {dagbag.py:588} INFO - Filling up the DagBag from /home/airflow/.local/lib/python3.12/site-packages/airflow/example_dags/example_latest_only_with_trigger.py
[2025-07-02T23:29:06.879+0000] {processor.py:925} INFO - DAG(s) 'latest_only_with_trigger' retrieved from /home/airflow/.local/lib/python3.12/site-packages/airflow/example_dags/example_latest_only_with_trigger.py
[2025-07-02T23:29:06.942+0000] {logging_mixin.py:190} INFO - [2025-07-02T23:29:06.942+0000] {dag.py:3239} INFO - Sync 1 DAGs
[2025-07-02T23:29:07.033+0000] {logging_mixin.py:190} INFO - [2025-07-02T23:29:07.032+0000] {dag.py:4180} INFO - Setting next_dagrun for latest_only_with_trigger to 2025-07-02 16:00:00+00:00, run_after=2025-07-02 20:00:00+00:00
[2025-07-02T23:29:07.113+0000] {processor.py:208} INFO - Processing /home/airflow/.local/lib/python3.12/site-packages/airflow/example_dags/example_latest_only_with_trigger.py took 0.310 seconds
[2025-07-02T23:29:37.357+0000] {processor.py:186} INFO - Started process (PID=220) to work on /home/airflow/.local/lib/python3.12/site-packages/airflow/example_dags/example_latest_only_with_trigger.py
[2025-07-02T23:29:37.359+0000] {processor.py:914} INFO - Processing file /home/airflow/.local/lib/python3.12/site-packages/airflow/example_dags/example_latest_only_with_trigger.py for tasks to queue
[2025-07-02T23:29:37.362+0000] {logging_mixin.py:190} INFO - [2025-07-02T23:29:37.362+0000] {dagbag.py:588} INFO - Filling up the DagBag from /home/airflow/.local/lib/python3.12/site-packages/airflow/example_dags/example_latest_only_with_trigger.py
[2025-07-02T23:29:37.373+0000] {processor.py:925} INFO - DAG(s) 'latest_only_with_trigger' retrieved from /home/airflow/.local/lib/python3.12/site-packages/airflow/example_dags/example_latest_only_with_trigger.py
[2025-07-02T23:29:37.398+0000] {logging_mixin.py:190} INFO - [2025-07-02T23:29:37.398+0000] {dag.py:3239} INFO - Sync 1 DAGs
[2025-07-02T23:29:37.431+0000] {logging_mixin.py:190} INFO - [2025-07-02T23:29:37.431+0000] {dag.py:4180} INFO - Setting next_dagrun for latest_only_with_trigger to 2025-07-02 16:00:00+00:00, run_after=2025-07-02 20:00:00+00:00
[2025-07-02T23:29:37.452+0000] {processor.py:208} INFO - Processing /home/airflow/.local/lib/python3.12/site-packages/airflow/example_dags/example_latest_only_with_trigger.py took 0.104 seconds
[2025-07-02T23:30:07.606+0000] {processor.py:186} INFO - Started process (PID=282) to work on /home/airflow/.local/lib/python3.12/site-packages/airflow/example_dags/example_latest_only_with_trigger.py
[2025-07-02T23:30:07.607+0000] {processor.py:914} INFO - Processing file /home/airflow/.local/lib/python3.12/site-packages/airflow/example_dags/example_latest_only_with_trigger.py for tasks to queue
[2025-07-02T23:30:07.611+0000] {logging_mixin.py:190} INFO - [2025-07-02T23:30:07.611+0000] {dagbag.py:588} INFO - Filling up the DagBag from /home/airflow/.local/lib/python3.12/site-packages/airflow/example_dags/example_latest_only_with_trigger.py
[2025-07-02T23:30:07.620+0000] {processor.py:925} INFO - DAG(s) 'latest_only_with_trigger' retrieved from /home/airflow/.local/lib/python3.12/site-packages/airflow/example_dags/example_latest_only_with_trigger.py
[2025-07-02T23:30:07.644+0000] {logging_mixin.py:190} INFO - [2025-07-02T23:30:07.643+0000] {dag.py:3239} INFO - Sync 1 DAGs
[2025-07-02T23:30:07.671+0000] {logging_mixin.py:190} INFO - [2025-07-02T23:30:07.671+0000] {dag.py:4180} INFO - Setting next_dagrun for latest_only_with_trigger to 2025-07-02 16:00:00+00:00, run_after=2025-07-02 20:00:00+00:00
[2025-07-02T23:30:07.697+0000] {processor.py:208} INFO - Processing /home/airflow/.local/lib/python3.12/site-packages/airflow/example_dags/example_latest_only_with_trigger.py took 0.101 seconds
[2025-07-02T23:30:38.292+0000] {processor.py:186} INFO - Started process (PID=344) to work on /home/airflow/.local/lib/python3.12/site-packages/airflow/example_dags/example_latest_only_with_trigger.py
[2025-07-02T23:30:38.294+0000] {processor.py:914} INFO - Processing file /home/airflow/.local/lib/python3.12/site-packages/airflow/example_dags/example_latest_only_with_trigger.py for tasks to queue
[2025-07-02T23:30:38.298+0000] {logging_mixin.py:190} INFO - [2025-07-02T23:30:38.297+0000] {dagbag.py:588} INFO - Filling up the DagBag from /home/airflow/.local/lib/python3.12/site-packages/airflow/example_dags/example_latest_only_with_trigger.py
[2025-07-02T23:30:38.311+0000] {processor.py:925} INFO - DAG(s) 'latest_only_with_trigger' retrieved from /home/airflow/.local/lib/python3.12/site-packages/airflow/example_dags/example_latest_only_with_trigger.py
[2025-07-02T23:30:38.334+0000] {logging_mixin.py:190} INFO - [2025-07-02T23:30:38.333+0000] {dag.py:3239} INFO - Sync 1 DAGs
[2025-07-02T23:30:38.363+0000] {logging_mixin.py:190} INFO - [2025-07-02T23:30:38.363+0000] {dag.py:4180} INFO - Setting next_dagrun for latest_only_with_trigger to 2025-07-02 16:00:00+00:00, run_after=2025-07-02 20:00:00+00:00
[2025-07-02T23:30:38.381+0000] {processor.py:208} INFO - Processing /home/airflow/.local/lib/python3.12/site-packages/airflow/example_dags/example_latest_only_with_trigger.py took 0.095 seconds
[2025-07-02T23:31:09.098+0000] {processor.py:186} INFO - Started process (PID=406) to work on /home/airflow/.local/lib/python3.12/site-packages/airflow/example_dags/example_latest_only_with_trigger.py
[2025-07-02T23:31:09.099+0000] {processor.py:914} INFO - Processing file /home/airflow/.local/lib/python3.12/site-packages/airflow/example_dags/example_latest_only_with_trigger.py for tasks to queue
[2025-07-02T23:31:09.102+0000] {logging_mixin.py:190} INFO - [2025-07-02T23:31:09.102+0000] {dagbag.py:588} INFO - Filling up the DagBag from /home/airflow/.local/lib/python3.12/site-packages/airflow/example_dags/example_latest_only_with_trigger.py
[2025-07-02T23:31:09.111+0000] {processor.py:925} INFO - DAG(s) 'latest_only_with_trigger' retrieved from /home/airflow/.local/lib/python3.12/site-packages/airflow/example_dags/example_latest_only_with_trigger.py
[2025-07-02T23:31:09.140+0000] {logging_mixin.py:190} INFO - [2025-07-02T23:31:09.139+0000] {dag.py:3239} INFO - Sync 1 DAGs
[2025-07-02T23:31:09.162+0000] {logging_mixin.py:190} INFO - [2025-07-02T23:31:09.162+0000] {dag.py:4180} INFO - Setting next_dagrun for latest_only_with_trigger to 2025-07-02 16:00:00+00:00, run_after=2025-07-02 20:00:00+00:00
[2025-07-02T23:31:09.183+0000] {processor.py:208} INFO - Processing /home/airflow/.local/lib/python3.12/site-packages/airflow/example_dags/example_latest_only_with_trigger.py took 0.093 seconds
[2025-07-02T23:31:40.356+0000] {processor.py:186} INFO - Started process (PID=468) to work on /home/airflow/.local/lib/python3.12/site-packages/airflow/example_dags/example_latest_only_with_trigger.py
[2025-07-02T23:31:40.358+0000] {processor.py:914} INFO - Processing file /home/airflow/.local/lib/python3.12/site-packages/airflow/example_dags/example_latest_only_with_trigger.py for tasks to queue
[2025-07-02T23:31:40.361+0000] {logging_mixin.py:190} INFO - [2025-07-02T23:31:40.360+0000] {dagbag.py:588} INFO - Filling up the DagBag from /home/airflow/.local/lib/python3.12/site-packages/airflow/example_dags/example_latest_only_with_trigger.py
[2025-07-02T23:31:40.369+0000] {processor.py:925} INFO - DAG(s) 'latest_only_with_trigger' retrieved from /home/airflow/.local/lib/python3.12/site-packages/airflow/example_dags/example_latest_only_with_trigger.py
[2025-07-02T23:31:40.390+0000] {logging_mixin.py:190} INFO - [2025-07-02T23:31:40.390+0000] {dag.py:3239} INFO - Sync 1 DAGs
[2025-07-02T23:31:40.416+0000] {logging_mixin.py:190} INFO - [2025-07-02T23:31:40.416+0000] {dag.py:4180} INFO - Setting next_dagrun for latest_only_with_trigger to 2025-07-02 16:00:00+00:00, run_after=2025-07-02 20:00:00+00:00
[2025-07-02T23:31:40.440+0000] {processor.py:208} INFO - Processing /home/airflow/.local/lib/python3.12/site-packages/airflow/example_dags/example_latest_only_with_trigger.py took 0.089 seconds
[2025-07-02T23:32:10.858+0000] {processor.py:186} INFO - Started process (PID=530) to work on /home/airflow/.local/lib/python3.12/site-packages/airflow/example_dags/example_latest_only_with_trigger.py
[2025-07-02T23:32:10.860+0000] {processor.py:914} INFO - Processing file /home/airflow/.local/lib/python3.12/site-packages/airflow/example_dags/example_latest_only_with_trigger.py for tasks to queue
[2025-07-02T23:32:10.863+0000] {logging_mixin.py:190} INFO - [2025-07-02T23:32:10.863+0000] {dagbag.py:588} INFO - Filling up the DagBag from /home/airflow/.local/lib/python3.12/site-packages/airflow/example_dags/example_latest_only_with_trigger.py
[2025-07-02T23:32:10.875+0000] {processor.py:925} INFO - DAG(s) 'latest_only_with_trigger' retrieved from /home/airflow/.local/lib/python3.12/site-packages/airflow/example_dags/example_latest_only_with_trigger.py
[2025-07-02T23:32:10.904+0000] {logging_mixin.py:190} INFO - [2025-07-02T23:32:10.903+0000] {dag.py:3239} INFO - Sync 1 DAGs
[2025-07-02T23:32:10.937+0000] {logging_mixin.py:190} INFO - [2025-07-02T23:32:10.937+0000] {dag.py:4180} INFO - Setting next_dagrun for latest_only_with_trigger to 2025-07-02 16:00:00+00:00, run_after=2025-07-02 20:00:00+00:00
[2025-07-02T23:32:10.966+0000] {processor.py:208} INFO - Processing /home/airflow/.local/lib/python3.12/site-packages/airflow/example_dags/example_latest_only_with_trigger.py took 0.116 seconds
[2025-07-02T23:32:41.210+0000] {processor.py:186} INFO - Started process (PID=592) to work on /home/airflow/.local/lib/python3.12/site-packages/airflow/example_dags/example_latest_only_with_trigger.py
[2025-07-02T23:32:41.212+0000] {processor.py:914} INFO - Processing file /home/airflow/.local/lib/python3.12/site-packages/airflow/example_dags/example_latest_only_with_trigger.py for tasks to queue
[2025-07-02T23:32:41.216+0000] {logging_mixin.py:190} INFO - [2025-07-02T23:32:41.216+0000] {dagbag.py:588} INFO - Filling up the DagBag from /home/airflow/.local/lib/python3.12/site-packages/airflow/example_dags/example_latest_only_with_trigger.py
[2025-07-02T23:32:41.226+0000] {processor.py:925} INFO - DAG(s) 'latest_only_with_trigger' retrieved from /home/airflow/.local/lib/python3.12/site-packages/airflow/example_dags/example_latest_only_with_trigger.py
[2025-07-02T23:32:41.251+0000] {logging_mixin.py:190} INFO - [2025-07-02T23:32:41.251+0000] {dag.py:3239} INFO - Sync 1 DAGs
[2025-07-02T23:32:41.280+0000] {logging_mixin.py:190} INFO - [2025-07-02T23:32:41.280+0000] {dag.py:4180} INFO - Setting next_dagrun for latest_only_with_trigger to 2025-07-02 16:00:00+00:00, run_after=2025-07-02 20:00:00+00:00
[2025-07-02T23:32:41.302+0000] {processor.py:208} INFO - Processing /home/airflow/.local/lib/python3.12/site-packages/airflow/example_dags/example_latest_only_with_trigger.py took 0.102 seconds
[2025-07-02T23:33:11.590+0000] {processor.py:186} INFO - Started process (PID=654) to work on /home/airflow/.local/lib/python3.12/site-packages/airflow/example_dags/example_latest_only_with_trigger.py
[2025-07-02T23:33:11.592+0000] {processor.py:914} INFO - Processing file /home/airflow/.local/lib/python3.12/site-packages/airflow/example_dags/example_latest_only_with_trigger.py for tasks to queue
[2025-07-02T23:33:11.597+0000] {logging_mixin.py:190} INFO - [2025-07-02T23:33:11.596+0000] {dagbag.py:588} INFO - Filling up the DagBag from /home/airflow/.local/lib/python3.12/site-packages/airflow/example_dags/example_latest_only_with_trigger.py
[2025-07-02T23:33:11.608+0000] {processor.py:925} INFO - DAG(s) 'latest_only_with_trigger' retrieved from /home/airflow/.local/lib/python3.12/site-packages/airflow/example_dags/example_latest_only_with_trigger.py
[2025-07-02T23:33:11.636+0000] {logging_mixin.py:190} INFO - [2025-07-02T23:33:11.635+0000] {dag.py:3239} INFO - Sync 1 DAGs
[2025-07-02T23:33:11.670+0000] {logging_mixin.py:190} INFO - [2025-07-02T23:33:11.669+0000] {dag.py:4180} INFO - Setting next_dagrun for latest_only_with_trigger to 2025-07-02 16:00:00+00:00, run_after=2025-07-02 20:00:00+00:00
[2025-07-02T23:33:11.694+0000] {processor.py:208} INFO - Processing /home/airflow/.local/lib/python3.12/site-packages/airflow/example_dags/example_latest_only_with_trigger.py took 0.110 seconds
[2025-07-02T23:33:42.030+0000] {processor.py:186} INFO - Started process (PID=716) to work on /home/airflow/.local/lib/python3.12/site-packages/airflow/example_dags/example_latest_only_with_trigger.py
[2025-07-02T23:33:42.031+0000] {processor.py:914} INFO - Processing file /home/airflow/.local/lib/python3.12/site-packages/airflow/example_dags/example_latest_only_with_trigger.py for tasks to queue
[2025-07-02T23:33:42.033+0000] {logging_mixin.py:190} INFO - [2025-07-02T23:33:42.033+0000] {dagbag.py:588} INFO - Filling up the DagBag from /home/airflow/.local/lib/python3.12/site-packages/airflow/example_dags/example_latest_only_with_trigger.py
[2025-07-02T23:33:42.040+0000] {processor.py:925} INFO - DAG(s) 'latest_only_with_trigger' retrieved from /home/airflow/.local/lib/python3.12/site-packages/airflow/example_dags/example_latest_only_with_trigger.py
[2025-07-02T23:33:42.059+0000] {logging_mixin.py:190} INFO - [2025-07-02T23:33:42.059+0000] {dag.py:3239} INFO - Sync 1 DAGs
[2025-07-02T23:33:42.082+0000] {logging_mixin.py:190} INFO - [2025-07-02T23:33:42.082+0000] {dag.py:4180} INFO - Setting next_dagrun for latest_only_with_trigger to 2025-07-02 16:00:00+00:00, run_after=2025-07-02 20:00:00+00:00
[2025-07-02T23:33:42.100+0000] {processor.py:208} INFO - Processing /home/airflow/.local/lib/python3.12/site-packages/airflow/example_dags/example_latest_only_with_trigger.py took 0.076 seconds
[2025-07-02T23:34:12.166+0000] {processor.py:186} INFO - Started process (PID=778) to work on /home/airflow/.local/lib/python3.12/site-packages/airflow/example_dags/example_latest_only_with_trigger.py
[2025-07-02T23:34:12.168+0000] {processor.py:914} INFO - Processing file /home/airflow/.local/lib/python3.12/site-packages/airflow/example_dags/example_latest_only_with_trigger.py for tasks to queue
[2025-07-02T23:34:12.170+0000] {logging_mixin.py:190} INFO - [2025-07-02T23:34:12.170+0000] {dagbag.py:588} INFO - Filling up the DagBag from /home/airflow/.local/lib/python3.12/site-packages/airflow/example_dags/example_latest_only_with_trigger.py
[2025-07-02T23:34:12.178+0000] {processor.py:925} INFO - DAG(s) 'latest_only_with_trigger' retrieved from /home/airflow/.local/lib/python3.12/site-packages/airflow/example_dags/example_latest_only_with_trigger.py
[2025-07-02T23:34:12.198+0000] {logging_mixin.py:190} INFO - [2025-07-02T23:34:12.198+0000] {dag.py:3239} INFO - Sync 1 DAGs
[2025-07-02T23:34:12.220+0000] {logging_mixin.py:190} INFO - [2025-07-02T23:34:12.219+0000] {dag.py:4180} INFO - Setting next_dagrun for latest_only_with_trigger to 2025-07-02 16:00:00+00:00, run_after=2025-07-02 20:00:00+00:00
[2025-07-02T23:34:12.237+0000] {processor.py:208} INFO - Processing /home/airflow/.local/lib/python3.12/site-packages/airflow/example_dags/example_latest_only_with_trigger.py took 0.076 seconds
[2025-07-02T23:34:42.802+0000] {processor.py:186} INFO - Started process (PID=840) to work on /home/airflow/.local/lib/python3.12/site-packages/airflow/example_dags/example_latest_only_with_trigger.py
[2025-07-02T23:34:42.803+0000] {processor.py:914} INFO - Processing file /home/airflow/.local/lib/python3.12/site-packages/airflow/example_dags/example_latest_only_with_trigger.py for tasks to queue
[2025-07-02T23:34:42.806+0000] {logging_mixin.py:190} INFO - [2025-07-02T23:34:42.806+0000] {dagbag.py:588} INFO - Filling up the DagBag from /home/airflow/.local/lib/python3.12/site-packages/airflow/example_dags/example_latest_only_with_trigger.py
[2025-07-02T23:34:42.815+0000] {processor.py:925} INFO - DAG(s) 'latest_only_with_trigger' retrieved from /home/airflow/.local/lib/python3.12/site-packages/airflow/example_dags/example_latest_only_with_trigger.py
[2025-07-02T23:34:42.847+0000] {logging_mixin.py:190} INFO - [2025-07-02T23:34:42.847+0000] {dag.py:3239} INFO - Sync 1 DAGs
[2025-07-02T23:34:42.893+0000] {logging_mixin.py:190} INFO - [2025-07-02T23:34:42.893+0000] {dag.py:4180} INFO - Setting next_dagrun for latest_only_with_trigger to 2025-07-02 16:00:00+00:00, run_after=2025-07-02 20:00:00+00:00
[2025-07-02T23:34:42.923+0000] {processor.py:208} INFO - Processing /home/airflow/.local/lib/python3.12/site-packages/airflow/example_dags/example_latest_only_with_trigger.py took 0.128 seconds
[2025-07-02T23:35:13.045+0000] {processor.py:186} INFO - Started process (PID=902) to work on /home/airflow/.local/lib/python3.12/site-packages/airflow/example_dags/example_latest_only_with_trigger.py
[2025-07-02T23:35:13.046+0000] {processor.py:914} INFO - Processing file /home/airflow/.local/lib/python3.12/site-packages/airflow/example_dags/example_latest_only_with_trigger.py for tasks to queue
[2025-07-02T23:35:13.049+0000] {logging_mixin.py:190} INFO - [2025-07-02T23:35:13.048+0000] {dagbag.py:588} INFO - Filling up the DagBag from /home/airflow/.local/lib/python3.12/site-packages/airflow/example_dags/example_latest_only_with_trigger.py
[2025-07-02T23:35:13.056+0000] {processor.py:925} INFO - DAG(s) 'latest_only_with_trigger' retrieved from /home/airflow/.local/lib/python3.12/site-packages/airflow/example_dags/example_latest_only_with_trigger.py
[2025-07-02T23:35:13.075+0000] {logging_mixin.py:190} INFO - [2025-07-02T23:35:13.075+0000] {dag.py:3239} INFO - Sync 1 DAGs
[2025-07-02T23:35:13.099+0000] {logging_mixin.py:190} INFO - [2025-07-02T23:35:13.098+0000] {dag.py:4180} INFO - Setting next_dagrun for latest_only_with_trigger to 2025-07-02 16:00:00+00:00, run_after=2025-07-02 20:00:00+00:00
[2025-07-02T23:35:13.119+0000] {processor.py:208} INFO - Processing /home/airflow/.local/lib/python3.12/site-packages/airflow/example_dags/example_latest_only_with_trigger.py took 0.079 seconds
[2025-07-02T23:35:43.957+0000] {processor.py:186} INFO - Started process (PID=964) to work on /home/airflow/.local/lib/python3.12/site-packages/airflow/example_dags/example_latest_only_with_trigger.py
[2025-07-02T23:35:43.958+0000] {processor.py:914} INFO - Processing file /home/airflow/.local/lib/python3.12/site-packages/airflow/example_dags/example_latest_only_with_trigger.py for tasks to queue
[2025-07-02T23:35:43.960+0000] {logging_mixin.py:190} INFO - [2025-07-02T23:35:43.960+0000] {dagbag.py:588} INFO - Filling up the DagBag from /home/airflow/.local/lib/python3.12/site-packages/airflow/example_dags/example_latest_only_with_trigger.py
[2025-07-02T23:35:43.968+0000] {processor.py:925} INFO - DAG(s) 'latest_only_with_trigger' retrieved from /home/airflow/.local/lib/python3.12/site-packages/airflow/example_dags/example_latest_only_with_trigger.py
[2025-07-02T23:35:43.986+0000] {logging_mixin.py:190} INFO - [2025-07-02T23:35:43.986+0000] {dag.py:3239} INFO - Sync 1 DAGs
[2025-07-02T23:35:44.007+0000] {logging_mixin.py:190} INFO - [2025-07-02T23:35:44.007+0000] {dag.py:4180} INFO - Setting next_dagrun for latest_only_with_trigger to 2025-07-02 16:00:00+00:00, run_after=2025-07-02 20:00:00+00:00
[2025-07-02T23:35:44.023+0000] {processor.py:208} INFO - Processing /home/airflow/.local/lib/python3.12/site-packages/airflow/example_dags/example_latest_only_with_trigger.py took 0.071 seconds
[2025-07-02T23:36:14.630+0000] {processor.py:186} INFO - Started process (PID=1026) to work on /home/airflow/.local/lib/python3.12/site-packages/airflow/example_dags/example_latest_only_with_trigger.py
[2025-07-02T23:36:14.631+0000] {processor.py:914} INFO - Processing file /home/airflow/.local/lib/python3.12/site-packages/airflow/example_dags/example_latest_only_with_trigger.py for tasks to queue
[2025-07-02T23:36:14.634+0000] {logging_mixin.py:190} INFO - [2025-07-02T23:36:14.633+0000] {dagbag.py:588} INFO - Filling up the DagBag from /home/airflow/.local/lib/python3.12/site-packages/airflow/example_dags/example_latest_only_with_trigger.py
[2025-07-02T23:36:14.645+0000] {processor.py:925} INFO - DAG(s) 'latest_only_with_trigger' retrieved from /home/airflow/.local/lib/python3.12/site-packages/airflow/example_dags/example_latest_only_with_trigger.py
[2025-07-02T23:36:14.665+0000] {logging_mixin.py:190} INFO - [2025-07-02T23:36:14.665+0000] {dag.py:3239} INFO - Sync 1 DAGs
[2025-07-02T23:36:14.689+0000] {logging_mixin.py:190} INFO - [2025-07-02T23:36:14.688+0000] {dag.py:4180} INFO - Setting next_dagrun for latest_only_with_trigger to 2025-07-02 16:00:00+00:00, run_after=2025-07-02 20:00:00+00:00
[2025-07-02T23:36:14.706+0000] {processor.py:208} INFO - Processing /home/airflow/.local/lib/python3.12/site-packages/airflow/example_dags/example_latest_only_with_trigger.py took 0.083 seconds
[2025-07-02T23:36:45.246+0000] {processor.py:186} INFO - Started process (PID=1088) to work on /home/airflow/.local/lib/python3.12/site-packages/airflow/example_dags/example_latest_only_with_trigger.py
[2025-07-02T23:36:45.247+0000] {processor.py:914} INFO - Processing file /home/airflow/.local/lib/python3.12/site-packages/airflow/example_dags/example_latest_only_with_trigger.py for tasks to queue
[2025-07-02T23:36:45.250+0000] {logging_mixin.py:190} INFO - [2025-07-02T23:36:45.249+0000] {dagbag.py:588} INFO - Filling up the DagBag from /home/airflow/.local/lib/python3.12/site-packages/airflow/example_dags/example_latest_only_with_trigger.py
[2025-07-02T23:36:45.258+0000] {processor.py:925} INFO - DAG(s) 'latest_only_with_trigger' retrieved from /home/airflow/.local/lib/python3.12/site-packages/airflow/example_dags/example_latest_only_with_trigger.py
[2025-07-02T23:36:45.281+0000] {logging_mixin.py:190} INFO - [2025-07-02T23:36:45.280+0000] {dag.py:3239} INFO - Sync 1 DAGs
[2025-07-02T23:36:45.305+0000] {logging_mixin.py:190} INFO - [2025-07-02T23:36:45.305+0000] {dag.py:4180} INFO - Setting next_dagrun for latest_only_with_trigger to 2025-07-02 16:00:00+00:00, run_after=2025-07-02 20:00:00+00:00
[2025-07-02T23:36:45.320+0000] {processor.py:208} INFO - Processing /home/airflow/.local/lib/python3.12/site-packages/airflow/example_dags/example_latest_only_with_trigger.py took 0.079 seconds
[2025-07-02T23:37:16.046+0000] {processor.py:186} INFO - Started process (PID=1150) to work on /home/airflow/.local/lib/python3.12/site-packages/airflow/example_dags/example_latest_only_with_trigger.py
[2025-07-02T23:37:16.048+0000] {processor.py:914} INFO - Processing file /home/airflow/.local/lib/python3.12/site-packages/airflow/example_dags/example_latest_only_with_trigger.py for tasks to queue
[2025-07-02T23:37:16.052+0000] {logging_mixin.py:190} INFO - [2025-07-02T23:37:16.051+0000] {dagbag.py:588} INFO - Filling up the DagBag from /home/airflow/.local/lib/python3.12/site-packages/airflow/example_dags/example_latest_only_with_trigger.py
[2025-07-02T23:37:16.062+0000] {processor.py:925} INFO - DAG(s) 'latest_only_with_trigger' retrieved from /home/airflow/.local/lib/python3.12/site-packages/airflow/example_dags/example_latest_only_with_trigger.py
[2025-07-02T23:37:16.083+0000] {logging_mixin.py:190} INFO - [2025-07-02T23:37:16.083+0000] {dag.py:3239} INFO - Sync 1 DAGs
[2025-07-02T23:37:16.107+0000] {logging_mixin.py:190} INFO - [2025-07-02T23:37:16.107+0000] {dag.py:4180} INFO - Setting next_dagrun for latest_only_with_trigger to 2025-07-02 16:00:00+00:00, run_after=2025-07-02 20:00:00+00:00
[2025-07-02T23:37:16.124+0000] {processor.py:208} INFO - Processing /home/airflow/.local/lib/python3.12/site-packages/airflow/example_dags/example_latest_only_with_trigger.py took 0.087 seconds
[2025-07-02T23:37:46.798+0000] {processor.py:186} INFO - Started process (PID=1212) to work on /home/airflow/.local/lib/python3.12/site-packages/airflow/example_dags/example_latest_only_with_trigger.py
[2025-07-02T23:37:46.799+0000] {processor.py:914} INFO - Processing file /home/airflow/.local/lib/python3.12/site-packages/airflow/example_dags/example_latest_only_with_trigger.py for tasks to queue
[2025-07-02T23:37:46.802+0000] {logging_mixin.py:190} INFO - [2025-07-02T23:37:46.801+0000] {dagbag.py:588} INFO - Filling up the DagBag from /home/airflow/.local/lib/python3.12/site-packages/airflow/example_dags/example_latest_only_with_trigger.py
[2025-07-02T23:37:46.808+0000] {processor.py:925} INFO - DAG(s) 'latest_only_with_trigger' retrieved from /home/airflow/.local/lib/python3.12/site-packages/airflow/example_dags/example_latest_only_with_trigger.py
[2025-07-02T23:37:46.830+0000] {logging_mixin.py:190} INFO - [2025-07-02T23:37:46.829+0000] {dag.py:3239} INFO - Sync 1 DAGs
[2025-07-02T23:37:46.852+0000] {logging_mixin.py:190} INFO - [2025-07-02T23:37:46.852+0000] {dag.py:4180} INFO - Setting next_dagrun for latest_only_with_trigger to 2025-07-02 16:00:00+00:00, run_after=2025-07-02 20:00:00+00:00
[2025-07-02T23:37:46.869+0000] {processor.py:208} INFO - Processing /home/airflow/.local/lib/python3.12/site-packages/airflow/example_dags/example_latest_only_with_trigger.py took 0.076 seconds
[2025-07-02T23:38:17.485+0000] {processor.py:186} INFO - Started process (PID=1274) to work on /home/airflow/.local/lib/python3.12/site-packages/airflow/example_dags/example_latest_only_with_trigger.py
[2025-07-02T23:38:17.486+0000] {processor.py:914} INFO - Processing file /home/airflow/.local/lib/python3.12/site-packages/airflow/example_dags/example_latest_only_with_trigger.py for tasks to queue
[2025-07-02T23:38:17.490+0000] {logging_mixin.py:190} INFO - [2025-07-02T23:38:17.489+0000] {dagbag.py:588} INFO - Filling up the DagBag from /home/airflow/.local/lib/python3.12/site-packages/airflow/example_dags/example_latest_only_with_trigger.py
[2025-07-02T23:38:17.498+0000] {processor.py:925} INFO - DAG(s) 'latest_only_with_trigger' retrieved from /home/airflow/.local/lib/python3.12/site-packages/airflow/example_dags/example_latest_only_with_trigger.py
[2025-07-02T23:38:17.519+0000] {logging_mixin.py:190} INFO - [2025-07-02T23:38:17.519+0000] {dag.py:3239} INFO - Sync 1 DAGs
[2025-07-02T23:38:17.543+0000] {logging_mixin.py:190} INFO - [2025-07-02T23:38:17.543+0000] {dag.py:4180} INFO - Setting next_dagrun for latest_only_with_trigger to 2025-07-02 16:00:00+00:00, run_after=2025-07-02 20:00:00+00:00
[2025-07-02T23:38:17.562+0000] {processor.py:208} INFO - Processing /home/airflow/.local/lib/python3.12/site-packages/airflow/example_dags/example_latest_only_with_trigger.py took 0.084 seconds
[2025-07-02T23:38:48.355+0000] {processor.py:186} INFO - Started process (PID=1336) to work on /home/airflow/.local/lib/python3.12/site-packages/airflow/example_dags/example_latest_only_with_trigger.py
[2025-07-02T23:38:48.356+0000] {processor.py:914} INFO - Processing file /home/airflow/.local/lib/python3.12/site-packages/airflow/example_dags/example_latest_only_with_trigger.py for tasks to queue
[2025-07-02T23:38:48.359+0000] {logging_mixin.py:190} INFO - [2025-07-02T23:38:48.359+0000] {dagbag.py:588} INFO - Filling up the DagBag from /home/airflow/.local/lib/python3.12/site-packages/airflow/example_dags/example_latest_only_with_trigger.py
[2025-07-02T23:38:48.366+0000] {processor.py:925} INFO - DAG(s) 'latest_only_with_trigger' retrieved from /home/airflow/.local/lib/python3.12/site-packages/airflow/example_dags/example_latest_only_with_trigger.py
[2025-07-02T23:38:48.386+0000] {logging_mixin.py:190} INFO - [2025-07-02T23:38:48.386+0000] {dag.py:3239} INFO - Sync 1 DAGs
[2025-07-02T23:38:48.408+0000] {logging_mixin.py:190} INFO - [2025-07-02T23:38:48.408+0000] {dag.py:4180} INFO - Setting next_dagrun for latest_only_with_trigger to 2025-07-02 16:00:00+00:00, run_after=2025-07-02 20:00:00+00:00
[2025-07-02T23:38:48.424+0000] {processor.py:208} INFO - Processing /home/airflow/.local/lib/python3.12/site-packages/airflow/example_dags/example_latest_only_with_trigger.py took 0.074 seconds
[2025-07-02T23:39:18.970+0000] {processor.py:186} INFO - Started process (PID=1398) to work on /home/airflow/.local/lib/python3.12/site-packages/airflow/example_dags/example_latest_only_with_trigger.py
[2025-07-02T23:39:18.971+0000] {processor.py:914} INFO - Processing file /home/airflow/.local/lib/python3.12/site-packages/airflow/example_dags/example_latest_only_with_trigger.py for tasks to queue
[2025-07-02T23:39:18.974+0000] {logging_mixin.py:190} INFO - [2025-07-02T23:39:18.974+0000] {dagbag.py:588} INFO - Filling up the DagBag from /home/airflow/.local/lib/python3.12/site-packages/airflow/example_dags/example_latest_only_with_trigger.py
[2025-07-02T23:39:18.985+0000] {processor.py:925} INFO - DAG(s) 'latest_only_with_trigger' retrieved from /home/airflow/.local/lib/python3.12/site-packages/airflow/example_dags/example_latest_only_with_trigger.py
[2025-07-02T23:39:19.006+0000] {logging_mixin.py:190} INFO - [2025-07-02T23:39:19.006+0000] {dag.py:3239} INFO - Sync 1 DAGs
[2025-07-02T23:39:19.031+0000] {logging_mixin.py:190} INFO - [2025-07-02T23:39:19.031+0000] {dag.py:4180} INFO - Setting next_dagrun for latest_only_with_trigger to 2025-07-02 16:00:00+00:00, run_after=2025-07-02 20:00:00+00:00
[2025-07-02T23:39:19.051+0000] {processor.py:208} INFO - Processing /home/airflow/.local/lib/python3.12/site-packages/airflow/example_dags/example_latest_only_with_trigger.py took 0.087 seconds
[2025-07-02T23:39:49.519+0000] {processor.py:186} INFO - Started process (PID=1460) to work on /home/airflow/.local/lib/python3.12/site-packages/airflow/example_dags/example_latest_only_with_trigger.py
[2025-07-02T23:39:49.520+0000] {processor.py:914} INFO - Processing file /home/airflow/.local/lib/python3.12/site-packages/airflow/example_dags/example_latest_only_with_trigger.py for tasks to queue
[2025-07-02T23:39:49.522+0000] {logging_mixin.py:190} INFO - [2025-07-02T23:39:49.522+0000] {dagbag.py:588} INFO - Filling up the DagBag from /home/airflow/.local/lib/python3.12/site-packages/airflow/example_dags/example_latest_only_with_trigger.py
[2025-07-02T23:39:49.529+0000] {processor.py:925} INFO - DAG(s) 'latest_only_with_trigger' retrieved from /home/airflow/.local/lib/python3.12/site-packages/airflow/example_dags/example_latest_only_with_trigger.py
[2025-07-02T23:39:49.549+0000] {logging_mixin.py:190} INFO - [2025-07-02T23:39:49.549+0000] {dag.py:3239} INFO - Sync 1 DAGs
[2025-07-02T23:39:49.570+0000] {logging_mixin.py:190} INFO - [2025-07-02T23:39:49.570+0000] {dag.py:4180} INFO - Setting next_dagrun for latest_only_with_trigger to 2025-07-02 16:00:00+00:00, run_after=2025-07-02 20:00:00+00:00
[2025-07-02T23:39:49.589+0000] {processor.py:208} INFO - Processing /home/airflow/.local/lib/python3.12/site-packages/airflow/example_dags/example_latest_only_with_trigger.py took 0.075 seconds
[2025-07-02T23:40:20.587+0000] {processor.py:186} INFO - Started process (PID=1522) to work on /home/airflow/.local/lib/python3.12/site-packages/airflow/example_dags/example_latest_only_with_trigger.py
[2025-07-02T23:40:20.589+0000] {processor.py:914} INFO - Processing file /home/airflow/.local/lib/python3.12/site-packages/airflow/example_dags/example_latest_only_with_trigger.py for tasks to queue
[2025-07-02T23:40:20.594+0000] {logging_mixin.py:190} INFO - [2025-07-02T23:40:20.593+0000] {dagbag.py:588} INFO - Filling up the DagBag from /home/airflow/.local/lib/python3.12/site-packages/airflow/example_dags/example_latest_only_with_trigger.py
[2025-07-02T23:40:20.606+0000] {processor.py:925} INFO - DAG(s) 'latest_only_with_trigger' retrieved from /home/airflow/.local/lib/python3.12/site-packages/airflow/example_dags/example_latest_only_with_trigger.py
[2025-07-02T23:40:20.635+0000] {logging_mixin.py:190} INFO - [2025-07-02T23:40:20.634+0000] {dag.py:3239} INFO - Sync 1 DAGs
[2025-07-02T23:40:20.668+0000] {logging_mixin.py:190} INFO - [2025-07-02T23:40:20.668+0000] {dag.py:4180} INFO - Setting next_dagrun for latest_only_with_trigger to 2025-07-02 16:00:00+00:00, run_after=2025-07-02 20:00:00+00:00
[2025-07-02T23:40:20.693+0000] {processor.py:208} INFO - Processing /home/airflow/.local/lib/python3.12/site-packages/airflow/example_dags/example_latest_only_with_trigger.py took 0.114 seconds
[2025-07-02T23:40:51.669+0000] {processor.py:186} INFO - Started process (PID=1584) to work on /home/airflow/.local/lib/python3.12/site-packages/airflow/example_dags/example_latest_only_with_trigger.py
[2025-07-02T23:40:51.671+0000] {processor.py:914} INFO - Processing file /home/airflow/.local/lib/python3.12/site-packages/airflow/example_dags/example_latest_only_with_trigger.py for tasks to queue
[2025-07-02T23:40:51.673+0000] {logging_mixin.py:190} INFO - [2025-07-02T23:40:51.673+0000] {dagbag.py:588} INFO - Filling up the DagBag from /home/airflow/.local/lib/python3.12/site-packages/airflow/example_dags/example_latest_only_with_trigger.py
[2025-07-02T23:40:51.682+0000] {processor.py:925} INFO - DAG(s) 'latest_only_with_trigger' retrieved from /home/airflow/.local/lib/python3.12/site-packages/airflow/example_dags/example_latest_only_with_trigger.py
[2025-07-02T23:40:51.705+0000] {logging_mixin.py:190} INFO - [2025-07-02T23:40:51.704+0000] {dag.py:3239} INFO - Sync 1 DAGs
[2025-07-02T23:40:51.730+0000] {logging_mixin.py:190} INFO - [2025-07-02T23:40:51.730+0000] {dag.py:4180} INFO - Setting next_dagrun for latest_only_with_trigger to 2025-07-02 16:00:00+00:00, run_after=2025-07-02 20:00:00+00:00
[2025-07-02T23:40:51.748+0000] {processor.py:208} INFO - Processing /home/airflow/.local/lib/python3.12/site-packages/airflow/example_dags/example_latest_only_with_trigger.py took 0.086 seconds
[2025-07-02T23:41:22.366+0000] {processor.py:186} INFO - Started process (PID=1646) to work on /home/airflow/.local/lib/python3.12/site-packages/airflow/example_dags/example_latest_only_with_trigger.py
[2025-07-02T23:41:22.367+0000] {processor.py:914} INFO - Processing file /home/airflow/.local/lib/python3.12/site-packages/airflow/example_dags/example_latest_only_with_trigger.py for tasks to queue
[2025-07-02T23:41:22.370+0000] {logging_mixin.py:190} INFO - [2025-07-02T23:41:22.370+0000] {dagbag.py:588} INFO - Filling up the DagBag from /home/airflow/.local/lib/python3.12/site-packages/airflow/example_dags/example_latest_only_with_trigger.py
[2025-07-02T23:41:22.378+0000] {processor.py:925} INFO - DAG(s) 'latest_only_with_trigger' retrieved from /home/airflow/.local/lib/python3.12/site-packages/airflow/example_dags/example_latest_only_with_trigger.py
[2025-07-02T23:41:22.400+0000] {logging_mixin.py:190} INFO - [2025-07-02T23:41:22.400+0000] {dag.py:3239} INFO - Sync 1 DAGs
[2025-07-02T23:41:22.424+0000] {logging_mixin.py:190} INFO - [2025-07-02T23:41:22.424+0000] {dag.py:4180} INFO - Setting next_dagrun for latest_only_with_trigger to 2025-07-02 16:00:00+00:00, run_after=2025-07-02 20:00:00+00:00
[2025-07-02T23:41:22.443+0000] {processor.py:208} INFO - Processing /home/airflow/.local/lib/python3.12/site-packages/airflow/example_dags/example_latest_only_with_trigger.py took 0.084 seconds
[2025-07-02T23:41:53.132+0000] {processor.py:186} INFO - Started process (PID=1708) to work on /home/airflow/.local/lib/python3.12/site-packages/airflow/example_dags/example_latest_only_with_trigger.py
[2025-07-02T23:41:53.133+0000] {processor.py:914} INFO - Processing file /home/airflow/.local/lib/python3.12/site-packages/airflow/example_dags/example_latest_only_with_trigger.py for tasks to queue
[2025-07-02T23:41:53.135+0000] {logging_mixin.py:190} INFO - [2025-07-02T23:41:53.135+0000] {dagbag.py:588} INFO - Filling up the DagBag from /home/airflow/.local/lib/python3.12/site-packages/airflow/example_dags/example_latest_only_with_trigger.py
[2025-07-02T23:41:53.142+0000] {processor.py:925} INFO - DAG(s) 'latest_only_with_trigger' retrieved from /home/airflow/.local/lib/python3.12/site-packages/airflow/example_dags/example_latest_only_with_trigger.py
[2025-07-02T23:41:53.160+0000] {logging_mixin.py:190} INFO - [2025-07-02T23:41:53.160+0000] {dag.py:3239} INFO - Sync 1 DAGs
[2025-07-02T23:41:53.182+0000] {logging_mixin.py:190} INFO - [2025-07-02T23:41:53.182+0000] {dag.py:4180} INFO - Setting next_dagrun for latest_only_with_trigger to 2025-07-02 16:00:00+00:00, run_after=2025-07-02 20:00:00+00:00
[2025-07-02T23:41:53.198+0000] {processor.py:208} INFO - Processing /home/airflow/.local/lib/python3.12/site-packages/airflow/example_dags/example_latest_only_with_trigger.py took 0.071 seconds
[2025-07-02T23:42:23.896+0000] {processor.py:186} INFO - Started process (PID=1770) to work on /home/airflow/.local/lib/python3.12/site-packages/airflow/example_dags/example_latest_only_with_trigger.py
[2025-07-02T23:42:23.898+0000] {processor.py:914} INFO - Processing file /home/airflow/.local/lib/python3.12/site-packages/airflow/example_dags/example_latest_only_with_trigger.py for tasks to queue
[2025-07-02T23:42:23.902+0000] {logging_mixin.py:190} INFO - [2025-07-02T23:42:23.901+0000] {dagbag.py:588} INFO - Filling up the DagBag from /home/airflow/.local/lib/python3.12/site-packages/airflow/example_dags/example_latest_only_with_trigger.py
[2025-07-02T23:42:23.912+0000] {processor.py:925} INFO - DAG(s) 'latest_only_with_trigger' retrieved from /home/airflow/.local/lib/python3.12/site-packages/airflow/example_dags/example_latest_only_with_trigger.py
[2025-07-02T23:42:23.935+0000] {logging_mixin.py:190} INFO - [2025-07-02T23:42:23.935+0000] {dag.py:3239} INFO - Sync 1 DAGs
[2025-07-02T23:42:23.961+0000] {logging_mixin.py:190} INFO - [2025-07-02T23:42:23.960+0000] {dag.py:4180} INFO - Setting next_dagrun for latest_only_with_trigger to 2025-07-02 16:00:00+00:00, run_after=2025-07-02 20:00:00+00:00
[2025-07-02T23:42:23.980+0000] {processor.py:208} INFO - Processing /home/airflow/.local/lib/python3.12/site-packages/airflow/example_dags/example_latest_only_with_trigger.py took 0.093 seconds
[2025-07-02T23:42:54.337+0000] {processor.py:186} INFO - Started process (PID=1832) to work on /home/airflow/.local/lib/python3.12/site-packages/airflow/example_dags/example_latest_only_with_trigger.py
[2025-07-02T23:42:54.338+0000] {processor.py:914} INFO - Processing file /home/airflow/.local/lib/python3.12/site-packages/airflow/example_dags/example_latest_only_with_trigger.py for tasks to queue
[2025-07-02T23:42:54.340+0000] {logging_mixin.py:190} INFO - [2025-07-02T23:42:54.340+0000] {dagbag.py:588} INFO - Filling up the DagBag from /home/airflow/.local/lib/python3.12/site-packages/airflow/example_dags/example_latest_only_with_trigger.py
[2025-07-02T23:42:54.347+0000] {processor.py:925} INFO - DAG(s) 'latest_only_with_trigger' retrieved from /home/airflow/.local/lib/python3.12/site-packages/airflow/example_dags/example_latest_only_with_trigger.py
[2025-07-02T23:42:54.366+0000] {logging_mixin.py:190} INFO - [2025-07-02T23:42:54.366+0000] {dag.py:3239} INFO - Sync 1 DAGs
[2025-07-02T23:42:54.390+0000] {logging_mixin.py:190} INFO - [2025-07-02T23:42:54.390+0000] {dag.py:4180} INFO - Setting next_dagrun for latest_only_with_trigger to 2025-07-02 16:00:00+00:00, run_after=2025-07-02 20:00:00+00:00
[2025-07-02T23:42:54.409+0000] {processor.py:208} INFO - Processing /home/airflow/.local/lib/python3.12/site-packages/airflow/example_dags/example_latest_only_with_trigger.py took 0.078 seconds
[2025-07-02T23:43:25.241+0000] {processor.py:186} INFO - Started process (PID=1894) to work on /home/airflow/.local/lib/python3.12/site-packages/airflow/example_dags/example_latest_only_with_trigger.py
[2025-07-02T23:43:25.242+0000] {processor.py:914} INFO - Processing file /home/airflow/.local/lib/python3.12/site-packages/airflow/example_dags/example_latest_only_with_trigger.py for tasks to queue
[2025-07-02T23:43:25.245+0000] {logging_mixin.py:190} INFO - [2025-07-02T23:43:25.245+0000] {dagbag.py:588} INFO - Filling up the DagBag from /home/airflow/.local/lib/python3.12/site-packages/airflow/example_dags/example_latest_only_with_trigger.py
[2025-07-02T23:43:25.256+0000] {processor.py:925} INFO - DAG(s) 'latest_only_with_trigger' retrieved from /home/airflow/.local/lib/python3.12/site-packages/airflow/example_dags/example_latest_only_with_trigger.py
[2025-07-02T23:43:25.283+0000] {logging_mixin.py:190} INFO - [2025-07-02T23:43:25.282+0000] {dag.py:3239} INFO - Sync 1 DAGs
[2025-07-02T23:43:25.314+0000] {logging_mixin.py:190} INFO - [2025-07-02T23:43:25.314+0000] {dag.py:4180} INFO - Setting next_dagrun for latest_only_with_trigger to 2025-07-02 16:00:00+00:00, run_after=2025-07-02 20:00:00+00:00
[2025-07-02T23:43:25.343+0000] {processor.py:208} INFO - Processing /home/airflow/.local/lib/python3.12/site-packages/airflow/example_dags/example_latest_only_with_trigger.py took 0.111 seconds
[2025-07-02T23:43:57.687+0000] {processor.py:186} INFO - Started process (PID=1956) to work on /home/airflow/.local/lib/python3.12/site-packages/airflow/example_dags/example_latest_only_with_trigger.py
[2025-07-02T23:43:57.688+0000] {processor.py:914} INFO - Processing file /home/airflow/.local/lib/python3.12/site-packages/airflow/example_dags/example_latest_only_with_trigger.py for tasks to queue
[2025-07-02T23:43:57.691+0000] {logging_mixin.py:190} INFO - [2025-07-02T23:43:57.690+0000] {dagbag.py:588} INFO - Filling up the DagBag from /home/airflow/.local/lib/python3.12/site-packages/airflow/example_dags/example_latest_only_with_trigger.py
[2025-07-02T23:43:57.698+0000] {processor.py:925} INFO - DAG(s) 'latest_only_with_trigger' retrieved from /home/airflow/.local/lib/python3.12/site-packages/airflow/example_dags/example_latest_only_with_trigger.py
[2025-07-02T23:43:57.718+0000] {logging_mixin.py:190} INFO - [2025-07-02T23:43:57.718+0000] {dag.py:3239} INFO - Sync 1 DAGs
[2025-07-02T23:43:57.744+0000] {logging_mixin.py:190} INFO - [2025-07-02T23:43:57.743+0000] {dag.py:4180} INFO - Setting next_dagrun for latest_only_with_trigger to 2025-07-02 16:00:00+00:00, run_after=2025-07-02 20:00:00+00:00
[2025-07-02T23:43:57.767+0000] {processor.py:208} INFO - Processing /home/airflow/.local/lib/python3.12/site-packages/airflow/example_dags/example_latest_only_with_trigger.py took 0.087 seconds
[2025-07-02T23:44:28.131+0000] {processor.py:186} INFO - Started process (PID=2018) to work on /home/airflow/.local/lib/python3.12/site-packages/airflow/example_dags/example_latest_only_with_trigger.py
[2025-07-02T23:44:28.132+0000] {processor.py:914} INFO - Processing file /home/airflow/.local/lib/python3.12/site-packages/airflow/example_dags/example_latest_only_with_trigger.py for tasks to queue
[2025-07-02T23:44:28.136+0000] {logging_mixin.py:190} INFO - [2025-07-02T23:44:28.136+0000] {dagbag.py:588} INFO - Filling up the DagBag from /home/airflow/.local/lib/python3.12/site-packages/airflow/example_dags/example_latest_only_with_trigger.py
[2025-07-02T23:44:28.148+0000] {processor.py:925} INFO - DAG(s) 'latest_only_with_trigger' retrieved from /home/airflow/.local/lib/python3.12/site-packages/airflow/example_dags/example_latest_only_with_trigger.py
[2025-07-02T23:44:28.181+0000] {logging_mixin.py:190} INFO - [2025-07-02T23:44:28.180+0000] {dag.py:3239} INFO - Sync 1 DAGs
[2025-07-02T23:44:28.222+0000] {logging_mixin.py:190} INFO - [2025-07-02T23:44:28.222+0000] {dag.py:4180} INFO - Setting next_dagrun for latest_only_with_trigger to 2025-07-02 16:00:00+00:00, run_after=2025-07-02 20:00:00+00:00
[2025-07-02T23:44:28.247+0000] {processor.py:208} INFO - Processing /home/airflow/.local/lib/python3.12/site-packages/airflow/example_dags/example_latest_only_with_trigger.py took 0.125 seconds
[2025-07-02T23:44:58.421+0000] {processor.py:186} INFO - Started process (PID=2080) to work on /home/airflow/.local/lib/python3.12/site-packages/airflow/example_dags/example_latest_only_with_trigger.py
[2025-07-02T23:44:58.422+0000] {processor.py:914} INFO - Processing file /home/airflow/.local/lib/python3.12/site-packages/airflow/example_dags/example_latest_only_with_trigger.py for tasks to queue
[2025-07-02T23:44:58.424+0000] {logging_mixin.py:190} INFO - [2025-07-02T23:44:58.424+0000] {dagbag.py:588} INFO - Filling up the DagBag from /home/airflow/.local/lib/python3.12/site-packages/airflow/example_dags/example_latest_only_with_trigger.py
[2025-07-02T23:44:58.431+0000] {processor.py:925} INFO - DAG(s) 'latest_only_with_trigger' retrieved from /home/airflow/.local/lib/python3.12/site-packages/airflow/example_dags/example_latest_only_with_trigger.py
[2025-07-02T23:44:58.453+0000] {logging_mixin.py:190} INFO - [2025-07-02T23:44:58.452+0000] {dag.py:3239} INFO - Sync 1 DAGs
[2025-07-02T23:44:58.475+0000] {logging_mixin.py:190} INFO - [2025-07-02T23:44:58.475+0000] {dag.py:4180} INFO - Setting next_dagrun for latest_only_with_trigger to 2025-07-02 16:00:00+00:00, run_after=2025-07-02 20:00:00+00:00
[2025-07-02T23:44:58.495+0000] {processor.py:208} INFO - Processing /home/airflow/.local/lib/python3.12/site-packages/airflow/example_dags/example_latest_only_with_trigger.py took 0.080 seconds
[2025-07-02T23:45:28.808+0000] {processor.py:186} INFO - Started process (PID=2142) to work on /home/airflow/.local/lib/python3.12/site-packages/airflow/example_dags/example_latest_only_with_trigger.py
[2025-07-02T23:45:28.809+0000] {processor.py:914} INFO - Processing file /home/airflow/.local/lib/python3.12/site-packages/airflow/example_dags/example_latest_only_with_trigger.py for tasks to queue
[2025-07-02T23:45:28.812+0000] {logging_mixin.py:190} INFO - [2025-07-02T23:45:28.812+0000] {dagbag.py:588} INFO - Filling up the DagBag from /home/airflow/.local/lib/python3.12/site-packages/airflow/example_dags/example_latest_only_with_trigger.py
[2025-07-02T23:45:28.820+0000] {processor.py:925} INFO - DAG(s) 'latest_only_with_trigger' retrieved from /home/airflow/.local/lib/python3.12/site-packages/airflow/example_dags/example_latest_only_with_trigger.py
[2025-07-02T23:45:28.841+0000] {logging_mixin.py:190} INFO - [2025-07-02T23:45:28.840+0000] {dag.py:3239} INFO - Sync 1 DAGs
[2025-07-02T23:45:28.862+0000] {logging_mixin.py:190} INFO - [2025-07-02T23:45:28.862+0000] {dag.py:4180} INFO - Setting next_dagrun for latest_only_with_trigger to 2025-07-02 16:00:00+00:00, run_after=2025-07-02 20:00:00+00:00
[2025-07-02T23:45:28.879+0000] {processor.py:208} INFO - Processing /home/airflow/.local/lib/python3.12/site-packages/airflow/example_dags/example_latest_only_with_trigger.py took 0.078 seconds
[2025-07-02T23:45:59.931+0000] {processor.py:186} INFO - Started process (PID=2204) to work on /home/airflow/.local/lib/python3.12/site-packages/airflow/example_dags/example_latest_only_with_trigger.py
[2025-07-02T23:45:59.933+0000] {processor.py:914} INFO - Processing file /home/airflow/.local/lib/python3.12/site-packages/airflow/example_dags/example_latest_only_with_trigger.py for tasks to queue
[2025-07-02T23:45:59.937+0000] {logging_mixin.py:190} INFO - [2025-07-02T23:45:59.936+0000] {dagbag.py:588} INFO - Filling up the DagBag from /home/airflow/.local/lib/python3.12/site-packages/airflow/example_dags/example_latest_only_with_trigger.py
[2025-07-02T23:45:59.948+0000] {processor.py:925} INFO - DAG(s) 'latest_only_with_trigger' retrieved from /home/airflow/.local/lib/python3.12/site-packages/airflow/example_dags/example_latest_only_with_trigger.py
[2025-07-02T23:45:59.976+0000] {logging_mixin.py:190} INFO - [2025-07-02T23:45:59.976+0000] {dag.py:3239} INFO - Sync 1 DAGs
[2025-07-02T23:46:00.009+0000] {logging_mixin.py:190} INFO - [2025-07-02T23:46:00.008+0000] {dag.py:4180} INFO - Setting next_dagrun for latest_only_with_trigger to 2025-07-02 16:00:00+00:00, run_after=2025-07-02 20:00:00+00:00
[2025-07-02T23:46:00.032+0000] {processor.py:208} INFO - Processing /home/airflow/.local/lib/python3.12/site-packages/airflow/example_dags/example_latest_only_with_trigger.py took 0.111 seconds
[2025-07-02T23:46:31.183+0000] {processor.py:186} INFO - Started process (PID=2266) to work on /home/airflow/.local/lib/python3.12/site-packages/airflow/example_dags/example_latest_only_with_trigger.py
[2025-07-02T23:46:31.184+0000] {processor.py:914} INFO - Processing file /home/airflow/.local/lib/python3.12/site-packages/airflow/example_dags/example_latest_only_with_trigger.py for tasks to queue
[2025-07-02T23:46:31.188+0000] {logging_mixin.py:190} INFO - [2025-07-02T23:46:31.188+0000] {dagbag.py:588} INFO - Filling up the DagBag from /home/airflow/.local/lib/python3.12/site-packages/airflow/example_dags/example_latest_only_with_trigger.py
[2025-07-02T23:46:31.202+0000] {processor.py:925} INFO - DAG(s) 'latest_only_with_trigger' retrieved from /home/airflow/.local/lib/python3.12/site-packages/airflow/example_dags/example_latest_only_with_trigger.py
[2025-07-02T23:46:31.232+0000] {logging_mixin.py:190} INFO - [2025-07-02T23:46:31.232+0000] {dag.py:3239} INFO - Sync 1 DAGs
[2025-07-02T23:46:31.262+0000] {logging_mixin.py:190} INFO - [2025-07-02T23:46:31.262+0000] {dag.py:4180} INFO - Setting next_dagrun for latest_only_with_trigger to 2025-07-02 16:00:00+00:00, run_after=2025-07-02 20:00:00+00:00
[2025-07-02T23:46:31.282+0000] {processor.py:208} INFO - Processing /home/airflow/.local/lib/python3.12/site-packages/airflow/example_dags/example_latest_only_with_trigger.py took 0.107 seconds
[2025-07-02T23:47:02.045+0000] {processor.py:186} INFO - Started process (PID=2328) to work on /home/airflow/.local/lib/python3.12/site-packages/airflow/example_dags/example_latest_only_with_trigger.py
[2025-07-02T23:47:02.046+0000] {processor.py:914} INFO - Processing file /home/airflow/.local/lib/python3.12/site-packages/airflow/example_dags/example_latest_only_with_trigger.py for tasks to queue
[2025-07-02T23:47:02.049+0000] {logging_mixin.py:190} INFO - [2025-07-02T23:47:02.048+0000] {dagbag.py:588} INFO - Filling up the DagBag from /home/airflow/.local/lib/python3.12/site-packages/airflow/example_dags/example_latest_only_with_trigger.py
[2025-07-02T23:47:02.057+0000] {processor.py:925} INFO - DAG(s) 'latest_only_with_trigger' retrieved from /home/airflow/.local/lib/python3.12/site-packages/airflow/example_dags/example_latest_only_with_trigger.py
[2025-07-02T23:47:02.086+0000] {logging_mixin.py:190} INFO - [2025-07-02T23:47:02.086+0000] {dag.py:3239} INFO - Sync 1 DAGs
[2025-07-02T23:47:02.110+0000] {logging_mixin.py:190} INFO - [2025-07-02T23:47:02.110+0000] {dag.py:4180} INFO - Setting next_dagrun for latest_only_with_trigger to 2025-07-02 16:00:00+00:00, run_after=2025-07-02 20:00:00+00:00
[2025-07-02T23:47:02.127+0000] {processor.py:208} INFO - Processing /home/airflow/.local/lib/python3.12/site-packages/airflow/example_dags/example_latest_only_with_trigger.py took 0.088 seconds
[2025-07-02T23:47:32.325+0000] {processor.py:186} INFO - Started process (PID=2390) to work on /home/airflow/.local/lib/python3.12/site-packages/airflow/example_dags/example_latest_only_with_trigger.py
[2025-07-02T23:47:32.327+0000] {processor.py:914} INFO - Processing file /home/airflow/.local/lib/python3.12/site-packages/airflow/example_dags/example_latest_only_with_trigger.py for tasks to queue
[2025-07-02T23:47:32.332+0000] {logging_mixin.py:190} INFO - [2025-07-02T23:47:32.332+0000] {dagbag.py:588} INFO - Filling up the DagBag from /home/airflow/.local/lib/python3.12/site-packages/airflow/example_dags/example_latest_only_with_trigger.py
[2025-07-02T23:47:32.342+0000] {processor.py:925} INFO - DAG(s) 'latest_only_with_trigger' retrieved from /home/airflow/.local/lib/python3.12/site-packages/airflow/example_dags/example_latest_only_with_trigger.py
[2025-07-02T23:47:32.369+0000] {logging_mixin.py:190} INFO - [2025-07-02T23:47:32.369+0000] {dag.py:3239} INFO - Sync 1 DAGs
[2025-07-02T23:47:32.397+0000] {logging_mixin.py:190} INFO - [2025-07-02T23:47:32.396+0000] {dag.py:4180} INFO - Setting next_dagrun for latest_only_with_trigger to 2025-07-02 16:00:00+00:00, run_after=2025-07-02 20:00:00+00:00
[2025-07-02T23:47:32.418+0000] {processor.py:208} INFO - Processing /home/airflow/.local/lib/python3.12/site-packages/airflow/example_dags/example_latest_only_with_trigger.py took 0.100 seconds
[2025-07-02T23:48:02.931+0000] {processor.py:186} INFO - Started process (PID=2452) to work on /home/airflow/.local/lib/python3.12/site-packages/airflow/example_dags/example_latest_only_with_trigger.py
[2025-07-02T23:48:02.932+0000] {processor.py:914} INFO - Processing file /home/airflow/.local/lib/python3.12/site-packages/airflow/example_dags/example_latest_only_with_trigger.py for tasks to queue
[2025-07-02T23:48:02.935+0000] {logging_mixin.py:190} INFO - [2025-07-02T23:48:02.935+0000] {dagbag.py:588} INFO - Filling up the DagBag from /home/airflow/.local/lib/python3.12/site-packages/airflow/example_dags/example_latest_only_with_trigger.py
[2025-07-02T23:48:02.946+0000] {processor.py:925} INFO - DAG(s) 'latest_only_with_trigger' retrieved from /home/airflow/.local/lib/python3.12/site-packages/airflow/example_dags/example_latest_only_with_trigger.py
[2025-07-02T23:48:02.969+0000] {logging_mixin.py:190} INFO - [2025-07-02T23:48:02.969+0000] {dag.py:3239} INFO - Sync 1 DAGs
[2025-07-02T23:48:03.003+0000] {logging_mixin.py:190} INFO - [2025-07-02T23:48:03.003+0000] {dag.py:4180} INFO - Setting next_dagrun for latest_only_with_trigger to 2025-07-02 16:00:00+00:00, run_after=2025-07-02 20:00:00+00:00
[2025-07-02T23:48:03.025+0000] {processor.py:208} INFO - Processing /home/airflow/.local/lib/python3.12/site-packages/airflow/example_dags/example_latest_only_with_trigger.py took 0.101 seconds
[2025-07-02T23:48:33.408+0000] {processor.py:186} INFO - Started process (PID=2520) to work on /home/airflow/.local/lib/python3.12/site-packages/airflow/example_dags/example_latest_only_with_trigger.py
[2025-07-02T23:48:33.410+0000] {processor.py:914} INFO - Processing file /home/airflow/.local/lib/python3.12/site-packages/airflow/example_dags/example_latest_only_with_trigger.py for tasks to queue
[2025-07-02T23:48:33.415+0000] {logging_mixin.py:190} INFO - [2025-07-02T23:48:33.414+0000] {dagbag.py:588} INFO - Filling up the DagBag from /home/airflow/.local/lib/python3.12/site-packages/airflow/example_dags/example_latest_only_with_trigger.py
[2025-07-02T23:48:33.431+0000] {processor.py:925} INFO - DAG(s) 'latest_only_with_trigger' retrieved from /home/airflow/.local/lib/python3.12/site-packages/airflow/example_dags/example_latest_only_with_trigger.py
[2025-07-02T23:48:33.461+0000] {logging_mixin.py:190} INFO - [2025-07-02T23:48:33.461+0000] {dag.py:3239} INFO - Sync 1 DAGs
[2025-07-02T23:48:33.496+0000] {logging_mixin.py:190} INFO - [2025-07-02T23:48:33.496+0000] {dag.py:4180} INFO - Setting next_dagrun for latest_only_with_trigger to 2025-07-02 16:00:00+00:00, run_after=2025-07-02 20:00:00+00:00
[2025-07-02T23:48:33.521+0000] {processor.py:208} INFO - Processing /home/airflow/.local/lib/python3.12/site-packages/airflow/example_dags/example_latest_only_with_trigger.py took 0.124 seconds
[2025-07-02T23:49:03.906+0000] {processor.py:186} INFO - Started process (PID=2582) to work on /home/airflow/.local/lib/python3.12/site-packages/airflow/example_dags/example_latest_only_with_trigger.py
[2025-07-02T23:49:03.907+0000] {processor.py:914} INFO - Processing file /home/airflow/.local/lib/python3.12/site-packages/airflow/example_dags/example_latest_only_with_trigger.py for tasks to queue
[2025-07-02T23:49:03.910+0000] {logging_mixin.py:190} INFO - [2025-07-02T23:49:03.909+0000] {dagbag.py:588} INFO - Filling up the DagBag from /home/airflow/.local/lib/python3.12/site-packages/airflow/example_dags/example_latest_only_with_trigger.py
[2025-07-02T23:49:03.918+0000] {processor.py:925} INFO - DAG(s) 'latest_only_with_trigger' retrieved from /home/airflow/.local/lib/python3.12/site-packages/airflow/example_dags/example_latest_only_with_trigger.py
[2025-07-02T23:49:03.939+0000] {logging_mixin.py:190} INFO - [2025-07-02T23:49:03.939+0000] {dag.py:3239} INFO - Sync 1 DAGs
[2025-07-02T23:49:03.963+0000] {logging_mixin.py:190} INFO - [2025-07-02T23:49:03.963+0000] {dag.py:4180} INFO - Setting next_dagrun for latest_only_with_trigger to 2025-07-02 16:00:00+00:00, run_after=2025-07-02 20:00:00+00:00
[2025-07-02T23:49:03.983+0000] {processor.py:208} INFO - Processing /home/airflow/.local/lib/python3.12/site-packages/airflow/example_dags/example_latest_only_with_trigger.py took 0.084 seconds
[2025-07-02T23:49:34.301+0000] {processor.py:186} INFO - Started process (PID=2643) to work on /home/airflow/.local/lib/python3.12/site-packages/airflow/example_dags/example_latest_only_with_trigger.py
[2025-07-02T23:49:34.302+0000] {processor.py:914} INFO - Processing file /home/airflow/.local/lib/python3.12/site-packages/airflow/example_dags/example_latest_only_with_trigger.py for tasks to queue
[2025-07-02T23:49:34.306+0000] {logging_mixin.py:190} INFO - [2025-07-02T23:49:34.306+0000] {dagbag.py:588} INFO - Filling up the DagBag from /home/airflow/.local/lib/python3.12/site-packages/airflow/example_dags/example_latest_only_with_trigger.py
[2025-07-02T23:49:34.317+0000] {processor.py:925} INFO - DAG(s) 'latest_only_with_trigger' retrieved from /home/airflow/.local/lib/python3.12/site-packages/airflow/example_dags/example_latest_only_with_trigger.py
[2025-07-02T23:49:34.339+0000] {logging_mixin.py:190} INFO - [2025-07-02T23:49:34.339+0000] {dag.py:3239} INFO - Sync 1 DAGs
[2025-07-02T23:49:34.363+0000] {logging_mixin.py:190} INFO - [2025-07-02T23:49:34.362+0000] {dag.py:4180} INFO - Setting next_dagrun for latest_only_with_trigger to 2025-07-02 16:00:00+00:00, run_after=2025-07-02 20:00:00+00:00
[2025-07-02T23:49:34.384+0000] {processor.py:208} INFO - Processing /home/airflow/.local/lib/python3.12/site-packages/airflow/example_dags/example_latest_only_with_trigger.py took 0.091 seconds
[2025-07-02T23:50:04.467+0000] {processor.py:186} INFO - Started process (PID=2704) to work on /home/airflow/.local/lib/python3.12/site-packages/airflow/example_dags/example_latest_only_with_trigger.py
[2025-07-02T23:50:04.469+0000] {processor.py:914} INFO - Processing file /home/airflow/.local/lib/python3.12/site-packages/airflow/example_dags/example_latest_only_with_trigger.py for tasks to queue
[2025-07-02T23:50:04.472+0000] {logging_mixin.py:190} INFO - [2025-07-02T23:50:04.472+0000] {dagbag.py:588} INFO - Filling up the DagBag from /home/airflow/.local/lib/python3.12/site-packages/airflow/example_dags/example_latest_only_with_trigger.py
[2025-07-02T23:50:04.480+0000] {processor.py:925} INFO - DAG(s) 'latest_only_with_trigger' retrieved from /home/airflow/.local/lib/python3.12/site-packages/airflow/example_dags/example_latest_only_with_trigger.py
[2025-07-02T23:50:04.499+0000] {logging_mixin.py:190} INFO - [2025-07-02T23:50:04.499+0000] {dag.py:3239} INFO - Sync 1 DAGs
[2025-07-02T23:50:04.521+0000] {logging_mixin.py:190} INFO - [2025-07-02T23:50:04.521+0000] {dag.py:4180} INFO - Setting next_dagrun for latest_only_with_trigger to 2025-07-02 16:00:00+00:00, run_after=2025-07-02 20:00:00+00:00
[2025-07-02T23:50:04.537+0000] {processor.py:208} INFO - Processing /home/airflow/.local/lib/python3.12/site-packages/airflow/example_dags/example_latest_only_with_trigger.py took 0.080 seconds
[2025-07-02T23:50:34.581+0000] {processor.py:186} INFO - Started process (PID=2766) to work on /home/airflow/.local/lib/python3.12/site-packages/airflow/example_dags/example_latest_only_with_trigger.py
[2025-07-02T23:50:34.582+0000] {processor.py:914} INFO - Processing file /home/airflow/.local/lib/python3.12/site-packages/airflow/example_dags/example_latest_only_with_trigger.py for tasks to queue
[2025-07-02T23:50:34.584+0000] {logging_mixin.py:190} INFO - [2025-07-02T23:50:34.584+0000] {dagbag.py:588} INFO - Filling up the DagBag from /home/airflow/.local/lib/python3.12/site-packages/airflow/example_dags/example_latest_only_with_trigger.py
[2025-07-02T23:50:34.591+0000] {processor.py:925} INFO - DAG(s) 'latest_only_with_trigger' retrieved from /home/airflow/.local/lib/python3.12/site-packages/airflow/example_dags/example_latest_only_with_trigger.py
[2025-07-02T23:50:34.611+0000] {logging_mixin.py:190} INFO - [2025-07-02T23:50:34.610+0000] {dag.py:3239} INFO - Sync 1 DAGs
[2025-07-02T23:50:34.632+0000] {logging_mixin.py:190} INFO - [2025-07-02T23:50:34.632+0000] {dag.py:4180} INFO - Setting next_dagrun for latest_only_with_trigger to 2025-07-02 16:00:00+00:00, run_after=2025-07-02 20:00:00+00:00
[2025-07-02T23:50:34.649+0000] {processor.py:208} INFO - Processing /home/airflow/.local/lib/python3.12/site-packages/airflow/example_dags/example_latest_only_with_trigger.py took 0.073 seconds
[2025-07-02T23:51:05.286+0000] {processor.py:186} INFO - Started process (PID=2828) to work on /home/airflow/.local/lib/python3.12/site-packages/airflow/example_dags/example_latest_only_with_trigger.py
[2025-07-02T23:51:05.287+0000] {processor.py:914} INFO - Processing file /home/airflow/.local/lib/python3.12/site-packages/airflow/example_dags/example_latest_only_with_trigger.py for tasks to queue
[2025-07-02T23:51:05.290+0000] {logging_mixin.py:190} INFO - [2025-07-02T23:51:05.290+0000] {dagbag.py:588} INFO - Filling up the DagBag from /home/airflow/.local/lib/python3.12/site-packages/airflow/example_dags/example_latest_only_with_trigger.py
[2025-07-02T23:51:05.300+0000] {processor.py:925} INFO - DAG(s) 'latest_only_with_trigger' retrieved from /home/airflow/.local/lib/python3.12/site-packages/airflow/example_dags/example_latest_only_with_trigger.py
[2025-07-02T23:51:05.326+0000] {logging_mixin.py:190} INFO - [2025-07-02T23:51:05.325+0000] {dag.py:3239} INFO - Sync 1 DAGs
[2025-07-02T23:51:05.358+0000] {logging_mixin.py:190} INFO - [2025-07-02T23:51:05.358+0000] {dag.py:4180} INFO - Setting next_dagrun for latest_only_with_trigger to 2025-07-02 16:00:00+00:00, run_after=2025-07-02 20:00:00+00:00
[2025-07-02T23:51:05.383+0000] {processor.py:208} INFO - Processing /home/airflow/.local/lib/python3.12/site-packages/airflow/example_dags/example_latest_only_with_trigger.py took 0.103 seconds
[2025-07-02T23:51:35.456+0000] {processor.py:186} INFO - Started process (PID=2890) to work on /home/airflow/.local/lib/python3.12/site-packages/airflow/example_dags/example_latest_only_with_trigger.py
[2025-07-02T23:51:35.457+0000] {processor.py:914} INFO - Processing file /home/airflow/.local/lib/python3.12/site-packages/airflow/example_dags/example_latest_only_with_trigger.py for tasks to queue
[2025-07-02T23:51:35.460+0000] {logging_mixin.py:190} INFO - [2025-07-02T23:51:35.459+0000] {dagbag.py:588} INFO - Filling up the DagBag from /home/airflow/.local/lib/python3.12/site-packages/airflow/example_dags/example_latest_only_with_trigger.py
[2025-07-02T23:51:35.467+0000] {processor.py:925} INFO - DAG(s) 'latest_only_with_trigger' retrieved from /home/airflow/.local/lib/python3.12/site-packages/airflow/example_dags/example_latest_only_with_trigger.py
[2025-07-02T23:51:35.487+0000] {logging_mixin.py:190} INFO - [2025-07-02T23:51:35.487+0000] {dag.py:3239} INFO - Sync 1 DAGs
[2025-07-02T23:51:35.510+0000] {logging_mixin.py:190} INFO - [2025-07-02T23:51:35.510+0000] {dag.py:4180} INFO - Setting next_dagrun for latest_only_with_trigger to 2025-07-02 16:00:00+00:00, run_after=2025-07-02 20:00:00+00:00
[2025-07-02T23:51:35.528+0000] {processor.py:208} INFO - Processing /home/airflow/.local/lib/python3.12/site-packages/airflow/example_dags/example_latest_only_with_trigger.py took 0.077 seconds
[2025-07-02T23:52:06.112+0000] {processor.py:186} INFO - Started process (PID=2952) to work on /home/airflow/.local/lib/python3.12/site-packages/airflow/example_dags/example_latest_only_with_trigger.py
[2025-07-02T23:52:06.113+0000] {processor.py:914} INFO - Processing file /home/airflow/.local/lib/python3.12/site-packages/airflow/example_dags/example_latest_only_with_trigger.py for tasks to queue
[2025-07-02T23:52:06.115+0000] {logging_mixin.py:190} INFO - [2025-07-02T23:52:06.115+0000] {dagbag.py:588} INFO - Filling up the DagBag from /home/airflow/.local/lib/python3.12/site-packages/airflow/example_dags/example_latest_only_with_trigger.py
[2025-07-02T23:52:06.122+0000] {processor.py:925} INFO - DAG(s) 'latest_only_with_trigger' retrieved from /home/airflow/.local/lib/python3.12/site-packages/airflow/example_dags/example_latest_only_with_trigger.py
[2025-07-02T23:52:06.143+0000] {logging_mixin.py:190} INFO - [2025-07-02T23:52:06.142+0000] {dag.py:3239} INFO - Sync 1 DAGs
[2025-07-02T23:52:06.166+0000] {logging_mixin.py:190} INFO - [2025-07-02T23:52:06.166+0000] {dag.py:4180} INFO - Setting next_dagrun for latest_only_with_trigger to 2025-07-02 16:00:00+00:00, run_after=2025-07-02 20:00:00+00:00
[2025-07-02T23:52:06.182+0000] {processor.py:208} INFO - Processing /home/airflow/.local/lib/python3.12/site-packages/airflow/example_dags/example_latest_only_with_trigger.py took 0.076 seconds
[2025-07-02T23:52:36.304+0000] {processor.py:186} INFO - Started process (PID=3014) to work on /home/airflow/.local/lib/python3.12/site-packages/airflow/example_dags/example_latest_only_with_trigger.py
[2025-07-02T23:52:36.305+0000] {processor.py:914} INFO - Processing file /home/airflow/.local/lib/python3.12/site-packages/airflow/example_dags/example_latest_only_with_trigger.py for tasks to queue
[2025-07-02T23:52:36.308+0000] {logging_mixin.py:190} INFO - [2025-07-02T23:52:36.308+0000] {dagbag.py:588} INFO - Filling up the DagBag from /home/airflow/.local/lib/python3.12/site-packages/airflow/example_dags/example_latest_only_with_trigger.py
[2025-07-02T23:52:36.317+0000] {processor.py:925} INFO - DAG(s) 'latest_only_with_trigger' retrieved from /home/airflow/.local/lib/python3.12/site-packages/airflow/example_dags/example_latest_only_with_trigger.py
[2025-07-02T23:52:36.337+0000] {logging_mixin.py:190} INFO - [2025-07-02T23:52:36.337+0000] {dag.py:3239} INFO - Sync 1 DAGs
[2025-07-02T23:52:36.358+0000] {logging_mixin.py:190} INFO - [2025-07-02T23:52:36.358+0000] {dag.py:4180} INFO - Setting next_dagrun for latest_only_with_trigger to 2025-07-02 16:00:00+00:00, run_after=2025-07-02 20:00:00+00:00
[2025-07-02T23:52:36.374+0000] {processor.py:208} INFO - Processing /home/airflow/.local/lib/python3.12/site-packages/airflow/example_dags/example_latest_only_with_trigger.py took 0.077 seconds
[2025-07-02T23:53:06.591+0000] {processor.py:186} INFO - Started process (PID=3076) to work on /home/airflow/.local/lib/python3.12/site-packages/airflow/example_dags/example_latest_only_with_trigger.py
[2025-07-02T23:53:06.592+0000] {processor.py:914} INFO - Processing file /home/airflow/.local/lib/python3.12/site-packages/airflow/example_dags/example_latest_only_with_trigger.py for tasks to queue
[2025-07-02T23:53:06.594+0000] {logging_mixin.py:190} INFO - [2025-07-02T23:53:06.594+0000] {dagbag.py:588} INFO - Filling up the DagBag from /home/airflow/.local/lib/python3.12/site-packages/airflow/example_dags/example_latest_only_with_trigger.py
[2025-07-02T23:53:06.601+0000] {processor.py:925} INFO - DAG(s) 'latest_only_with_trigger' retrieved from /home/airflow/.local/lib/python3.12/site-packages/airflow/example_dags/example_latest_only_with_trigger.py
[2025-07-02T23:53:06.620+0000] {logging_mixin.py:190} INFO - [2025-07-02T23:53:06.620+0000] {dag.py:3239} INFO - Sync 1 DAGs
[2025-07-02T23:53:06.642+0000] {logging_mixin.py:190} INFO - [2025-07-02T23:53:06.642+0000] {dag.py:4180} INFO - Setting next_dagrun for latest_only_with_trigger to 2025-07-02 16:00:00+00:00, run_after=2025-07-02 20:00:00+00:00
[2025-07-02T23:53:06.658+0000] {processor.py:208} INFO - Processing /home/airflow/.local/lib/python3.12/site-packages/airflow/example_dags/example_latest_only_with_trigger.py took 0.072 seconds
[2025-07-02T23:53:37.389+0000] {processor.py:186} INFO - Started process (PID=3138) to work on /home/airflow/.local/lib/python3.12/site-packages/airflow/example_dags/example_latest_only_with_trigger.py
[2025-07-02T23:53:37.390+0000] {processor.py:914} INFO - Processing file /home/airflow/.local/lib/python3.12/site-packages/airflow/example_dags/example_latest_only_with_trigger.py for tasks to queue
[2025-07-02T23:53:37.393+0000] {logging_mixin.py:190} INFO - [2025-07-02T23:53:37.392+0000] {dagbag.py:588} INFO - Filling up the DagBag from /home/airflow/.local/lib/python3.12/site-packages/airflow/example_dags/example_latest_only_with_trigger.py
[2025-07-02T23:53:37.400+0000] {processor.py:925} INFO - DAG(s) 'latest_only_with_trigger' retrieved from /home/airflow/.local/lib/python3.12/site-packages/airflow/example_dags/example_latest_only_with_trigger.py
[2025-07-02T23:53:37.420+0000] {logging_mixin.py:190} INFO - [2025-07-02T23:53:37.419+0000] {dag.py:3239} INFO - Sync 1 DAGs
[2025-07-02T23:53:37.443+0000] {logging_mixin.py:190} INFO - [2025-07-02T23:53:37.443+0000] {dag.py:4180} INFO - Setting next_dagrun for latest_only_with_trigger to 2025-07-02 16:00:00+00:00, run_after=2025-07-02 20:00:00+00:00
[2025-07-02T23:53:37.458+0000] {processor.py:208} INFO - Processing /home/airflow/.local/lib/python3.12/site-packages/airflow/example_dags/example_latest_only_with_trigger.py took 0.074 seconds
[2025-07-02T23:54:07.678+0000] {processor.py:186} INFO - Started process (PID=3200) to work on /home/airflow/.local/lib/python3.12/site-packages/airflow/example_dags/example_latest_only_with_trigger.py
[2025-07-02T23:54:07.679+0000] {processor.py:914} INFO - Processing file /home/airflow/.local/lib/python3.12/site-packages/airflow/example_dags/example_latest_only_with_trigger.py for tasks to queue
[2025-07-02T23:54:07.682+0000] {logging_mixin.py:190} INFO - [2025-07-02T23:54:07.681+0000] {dagbag.py:588} INFO - Filling up the DagBag from /home/airflow/.local/lib/python3.12/site-packages/airflow/example_dags/example_latest_only_with_trigger.py
[2025-07-02T23:54:07.690+0000] {processor.py:925} INFO - DAG(s) 'latest_only_with_trigger' retrieved from /home/airflow/.local/lib/python3.12/site-packages/airflow/example_dags/example_latest_only_with_trigger.py
[2025-07-02T23:54:07.709+0000] {logging_mixin.py:190} INFO - [2025-07-02T23:54:07.709+0000] {dag.py:3239} INFO - Sync 1 DAGs
[2025-07-02T23:54:07.732+0000] {logging_mixin.py:190} INFO - [2025-07-02T23:54:07.732+0000] {dag.py:4180} INFO - Setting next_dagrun for latest_only_with_trigger to 2025-07-02 16:00:00+00:00, run_after=2025-07-02 20:00:00+00:00
[2025-07-02T23:54:07.751+0000] {processor.py:208} INFO - Processing /home/airflow/.local/lib/python3.12/site-packages/airflow/example_dags/example_latest_only_with_trigger.py took 0.079 seconds
[2025-07-02T23:54:38.020+0000] {processor.py:186} INFO - Started process (PID=3262) to work on /home/airflow/.local/lib/python3.12/site-packages/airflow/example_dags/example_latest_only_with_trigger.py
[2025-07-02T23:54:38.021+0000] {processor.py:914} INFO - Processing file /home/airflow/.local/lib/python3.12/site-packages/airflow/example_dags/example_latest_only_with_trigger.py for tasks to queue
[2025-07-02T23:54:38.024+0000] {logging_mixin.py:190} INFO - [2025-07-02T23:54:38.024+0000] {dagbag.py:588} INFO - Filling up the DagBag from /home/airflow/.local/lib/python3.12/site-packages/airflow/example_dags/example_latest_only_with_trigger.py
[2025-07-02T23:54:38.032+0000] {processor.py:925} INFO - DAG(s) 'latest_only_with_trigger' retrieved from /home/airflow/.local/lib/python3.12/site-packages/airflow/example_dags/example_latest_only_with_trigger.py
[2025-07-02T23:54:38.053+0000] {logging_mixin.py:190} INFO - [2025-07-02T23:54:38.052+0000] {dag.py:3239} INFO - Sync 1 DAGs
[2025-07-02T23:54:38.078+0000] {logging_mixin.py:190} INFO - [2025-07-02T23:54:38.078+0000] {dag.py:4180} INFO - Setting next_dagrun for latest_only_with_trigger to 2025-07-02 16:00:00+00:00, run_after=2025-07-02 20:00:00+00:00
[2025-07-02T23:54:38.286+0000] {processor.py:208} INFO - Processing /home/airflow/.local/lib/python3.12/site-packages/airflow/example_dags/example_latest_only_with_trigger.py took 0.271 seconds
[2025-07-02T23:55:08.353+0000] {processor.py:186} INFO - Started process (PID=3324) to work on /home/airflow/.local/lib/python3.12/site-packages/airflow/example_dags/example_latest_only_with_trigger.py
[2025-07-02T23:55:08.354+0000] {processor.py:914} INFO - Processing file /home/airflow/.local/lib/python3.12/site-packages/airflow/example_dags/example_latest_only_with_trigger.py for tasks to queue
[2025-07-02T23:55:08.356+0000] {logging_mixin.py:190} INFO - [2025-07-02T23:55:08.356+0000] {dagbag.py:588} INFO - Filling up the DagBag from /home/airflow/.local/lib/python3.12/site-packages/airflow/example_dags/example_latest_only_with_trigger.py
[2025-07-02T23:55:08.363+0000] {processor.py:925} INFO - DAG(s) 'latest_only_with_trigger' retrieved from /home/airflow/.local/lib/python3.12/site-packages/airflow/example_dags/example_latest_only_with_trigger.py
[2025-07-02T23:55:08.384+0000] {logging_mixin.py:190} INFO - [2025-07-02T23:55:08.384+0000] {dag.py:3239} INFO - Sync 1 DAGs
[2025-07-02T23:55:08.406+0000] {logging_mixin.py:190} INFO - [2025-07-02T23:55:08.406+0000] {dag.py:4180} INFO - Setting next_dagrun for latest_only_with_trigger to 2025-07-02 16:00:00+00:00, run_after=2025-07-02 20:00:00+00:00
[2025-07-02T23:55:08.424+0000] {processor.py:208} INFO - Processing /home/airflow/.local/lib/python3.12/site-packages/airflow/example_dags/example_latest_only_with_trigger.py took 0.077 seconds
[2025-07-02T23:55:38.844+0000] {processor.py:186} INFO - Started process (PID=3386) to work on /home/airflow/.local/lib/python3.12/site-packages/airflow/example_dags/example_latest_only_with_trigger.py
[2025-07-02T23:55:38.845+0000] {processor.py:914} INFO - Processing file /home/airflow/.local/lib/python3.12/site-packages/airflow/example_dags/example_latest_only_with_trigger.py for tasks to queue
[2025-07-02T23:55:38.848+0000] {logging_mixin.py:190} INFO - [2025-07-02T23:55:38.847+0000] {dagbag.py:588} INFO - Filling up the DagBag from /home/airflow/.local/lib/python3.12/site-packages/airflow/example_dags/example_latest_only_with_trigger.py
[2025-07-02T23:55:38.855+0000] {processor.py:925} INFO - DAG(s) 'latest_only_with_trigger' retrieved from /home/airflow/.local/lib/python3.12/site-packages/airflow/example_dags/example_latest_only_with_trigger.py
[2025-07-02T23:55:38.875+0000] {logging_mixin.py:190} INFO - [2025-07-02T23:55:38.875+0000] {dag.py:3239} INFO - Sync 1 DAGs
[2025-07-02T23:55:38.897+0000] {logging_mixin.py:190} INFO - [2025-07-02T23:55:38.897+0000] {dag.py:4180} INFO - Setting next_dagrun for latest_only_with_trigger to 2025-07-02 16:00:00+00:00, run_after=2025-07-02 20:00:00+00:00
[2025-07-02T23:55:38.914+0000] {processor.py:208} INFO - Processing /home/airflow/.local/lib/python3.12/site-packages/airflow/example_dags/example_latest_only_with_trigger.py took 0.076 seconds
[2025-07-02T23:56:10.251+0000] {processor.py:186} INFO - Started process (PID=3448) to work on /home/airflow/.local/lib/python3.12/site-packages/airflow/example_dags/example_latest_only_with_trigger.py
[2025-07-02T23:56:10.252+0000] {processor.py:914} INFO - Processing file /home/airflow/.local/lib/python3.12/site-packages/airflow/example_dags/example_latest_only_with_trigger.py for tasks to queue
[2025-07-02T23:56:10.256+0000] {logging_mixin.py:190} INFO - [2025-07-02T23:56:10.255+0000] {dagbag.py:588} INFO - Filling up the DagBag from /home/airflow/.local/lib/python3.12/site-packages/airflow/example_dags/example_latest_only_with_trigger.py
[2025-07-02T23:56:10.266+0000] {processor.py:925} INFO - DAG(s) 'latest_only_with_trigger' retrieved from /home/airflow/.local/lib/python3.12/site-packages/airflow/example_dags/example_latest_only_with_trigger.py
[2025-07-02T23:56:10.290+0000] {logging_mixin.py:190} INFO - [2025-07-02T23:56:10.289+0000] {dag.py:3239} INFO - Sync 1 DAGs
[2025-07-02T23:56:10.476+0000] {logging_mixin.py:190} INFO - [2025-07-02T23:56:10.475+0000] {dag.py:4180} INFO - Setting next_dagrun for latest_only_with_trigger to 2025-07-02 16:00:00+00:00, run_after=2025-07-02 20:00:00+00:00
[2025-07-02T23:56:10.495+0000] {processor.py:208} INFO - Processing /home/airflow/.local/lib/python3.12/site-packages/airflow/example_dags/example_latest_only_with_trigger.py took 0.258 seconds
[2025-07-02T23:56:40.715+0000] {processor.py:186} INFO - Started process (PID=3510) to work on /home/airflow/.local/lib/python3.12/site-packages/airflow/example_dags/example_latest_only_with_trigger.py
[2025-07-02T23:56:40.716+0000] {processor.py:914} INFO - Processing file /home/airflow/.local/lib/python3.12/site-packages/airflow/example_dags/example_latest_only_with_trigger.py for tasks to queue
[2025-07-02T23:56:40.719+0000] {logging_mixin.py:190} INFO - [2025-07-02T23:56:40.718+0000] {dagbag.py:588} INFO - Filling up the DagBag from /home/airflow/.local/lib/python3.12/site-packages/airflow/example_dags/example_latest_only_with_trigger.py
[2025-07-02T23:56:40.726+0000] {processor.py:925} INFO - DAG(s) 'latest_only_with_trigger' retrieved from /home/airflow/.local/lib/python3.12/site-packages/airflow/example_dags/example_latest_only_with_trigger.py
[2025-07-02T23:56:40.745+0000] {logging_mixin.py:190} INFO - [2025-07-02T23:56:40.745+0000] {dag.py:3239} INFO - Sync 1 DAGs
[2025-07-02T23:56:40.903+0000] {logging_mixin.py:190} INFO - [2025-07-02T23:56:40.903+0000] {dag.py:4180} INFO - Setting next_dagrun for latest_only_with_trigger to 2025-07-02 16:00:00+00:00, run_after=2025-07-02 20:00:00+00:00
[2025-07-02T23:56:40.920+0000] {processor.py:208} INFO - Processing /home/airflow/.local/lib/python3.12/site-packages/airflow/example_dags/example_latest_only_with_trigger.py took 0.210 seconds
[2025-07-02T23:57:10.987+0000] {processor.py:186} INFO - Started process (PID=3572) to work on /home/airflow/.local/lib/python3.12/site-packages/airflow/example_dags/example_latest_only_with_trigger.py
[2025-07-02T23:57:10.988+0000] {processor.py:914} INFO - Processing file /home/airflow/.local/lib/python3.12/site-packages/airflow/example_dags/example_latest_only_with_trigger.py for tasks to queue
[2025-07-02T23:57:10.990+0000] {logging_mixin.py:190} INFO - [2025-07-02T23:57:10.990+0000] {dagbag.py:588} INFO - Filling up the DagBag from /home/airflow/.local/lib/python3.12/site-packages/airflow/example_dags/example_latest_only_with_trigger.py
[2025-07-02T23:57:10.998+0000] {processor.py:925} INFO - DAG(s) 'latest_only_with_trigger' retrieved from /home/airflow/.local/lib/python3.12/site-packages/airflow/example_dags/example_latest_only_with_trigger.py
[2025-07-02T23:57:11.018+0000] {logging_mixin.py:190} INFO - [2025-07-02T23:57:11.018+0000] {dag.py:3239} INFO - Sync 1 DAGs
[2025-07-02T23:57:11.039+0000] {logging_mixin.py:190} INFO - [2025-07-02T23:57:11.039+0000] {dag.py:4180} INFO - Setting next_dagrun for latest_only_with_trigger to 2025-07-02 16:00:00+00:00, run_after=2025-07-02 20:00:00+00:00
[2025-07-02T23:57:11.055+0000] {processor.py:208} INFO - Processing /home/airflow/.local/lib/python3.12/site-packages/airflow/example_dags/example_latest_only_with_trigger.py took 0.075 seconds
[2025-07-02T23:57:41.580+0000] {processor.py:186} INFO - Started process (PID=3634) to work on /home/airflow/.local/lib/python3.12/site-packages/airflow/example_dags/example_latest_only_with_trigger.py
[2025-07-02T23:57:41.581+0000] {processor.py:914} INFO - Processing file /home/airflow/.local/lib/python3.12/site-packages/airflow/example_dags/example_latest_only_with_trigger.py for tasks to queue
[2025-07-02T23:57:41.585+0000] {logging_mixin.py:190} INFO - [2025-07-02T23:57:41.585+0000] {dagbag.py:588} INFO - Filling up the DagBag from /home/airflow/.local/lib/python3.12/site-packages/airflow/example_dags/example_latest_only_with_trigger.py
[2025-07-02T23:57:41.593+0000] {processor.py:925} INFO - DAG(s) 'latest_only_with_trigger' retrieved from /home/airflow/.local/lib/python3.12/site-packages/airflow/example_dags/example_latest_only_with_trigger.py
[2025-07-02T23:57:41.612+0000] {logging_mixin.py:190} INFO - [2025-07-02T23:57:41.612+0000] {dag.py:3239} INFO - Sync 1 DAGs
[2025-07-02T23:57:41.633+0000] {logging_mixin.py:190} INFO - [2025-07-02T23:57:41.633+0000] {dag.py:4180} INFO - Setting next_dagrun for latest_only_with_trigger to 2025-07-02 16:00:00+00:00, run_after=2025-07-02 20:00:00+00:00
[2025-07-02T23:57:41.648+0000] {processor.py:208} INFO - Processing /home/airflow/.local/lib/python3.12/site-packages/airflow/example_dags/example_latest_only_with_trigger.py took 0.075 seconds
[2025-07-02T23:58:12.260+0000] {processor.py:186} INFO - Started process (PID=3696) to work on /home/airflow/.local/lib/python3.12/site-packages/airflow/example_dags/example_latest_only_with_trigger.py
[2025-07-02T23:58:12.261+0000] {processor.py:914} INFO - Processing file /home/airflow/.local/lib/python3.12/site-packages/airflow/example_dags/example_latest_only_with_trigger.py for tasks to queue
[2025-07-02T23:58:12.264+0000] {logging_mixin.py:190} INFO - [2025-07-02T23:58:12.263+0000] {dagbag.py:588} INFO - Filling up the DagBag from /home/airflow/.local/lib/python3.12/site-packages/airflow/example_dags/example_latest_only_with_trigger.py
[2025-07-02T23:58:12.272+0000] {processor.py:925} INFO - DAG(s) 'latest_only_with_trigger' retrieved from /home/airflow/.local/lib/python3.12/site-packages/airflow/example_dags/example_latest_only_with_trigger.py
[2025-07-02T23:58:12.290+0000] {logging_mixin.py:190} INFO - [2025-07-02T23:58:12.290+0000] {dag.py:3239} INFO - Sync 1 DAGs
[2025-07-02T23:58:12.310+0000] {logging_mixin.py:190} INFO - [2025-07-02T23:58:12.310+0000] {dag.py:4180} INFO - Setting next_dagrun for latest_only_with_trigger to 2025-07-02 16:00:00+00:00, run_after=2025-07-02 20:00:00+00:00
[2025-07-02T23:58:12.325+0000] {processor.py:208} INFO - Processing /home/airflow/.local/lib/python3.12/site-packages/airflow/example_dags/example_latest_only_with_trigger.py took 0.071 seconds
[2025-07-02T23:58:42.643+0000] {processor.py:186} INFO - Started process (PID=3758) to work on /home/airflow/.local/lib/python3.12/site-packages/airflow/example_dags/example_latest_only_with_trigger.py
[2025-07-02T23:58:42.644+0000] {processor.py:914} INFO - Processing file /home/airflow/.local/lib/python3.12/site-packages/airflow/example_dags/example_latest_only_with_trigger.py for tasks to queue
[2025-07-02T23:58:42.646+0000] {logging_mixin.py:190} INFO - [2025-07-02T23:58:42.646+0000] {dagbag.py:588} INFO - Filling up the DagBag from /home/airflow/.local/lib/python3.12/site-packages/airflow/example_dags/example_latest_only_with_trigger.py
[2025-07-02T23:58:42.654+0000] {processor.py:925} INFO - DAG(s) 'latest_only_with_trigger' retrieved from /home/airflow/.local/lib/python3.12/site-packages/airflow/example_dags/example_latest_only_with_trigger.py
[2025-07-02T23:58:42.674+0000] {logging_mixin.py:190} INFO - [2025-07-02T23:58:42.674+0000] {dag.py:3239} INFO - Sync 1 DAGs
[2025-07-02T23:58:42.695+0000] {logging_mixin.py:190} INFO - [2025-07-02T23:58:42.695+0000] {dag.py:4180} INFO - Setting next_dagrun for latest_only_with_trigger to 2025-07-02 16:00:00+00:00, run_after=2025-07-02 20:00:00+00:00
[2025-07-02T23:58:42.713+0000] {processor.py:208} INFO - Processing /home/airflow/.local/lib/python3.12/site-packages/airflow/example_dags/example_latest_only_with_trigger.py took 0.076 seconds
[2025-07-02T23:59:13.175+0000] {processor.py:186} INFO - Started process (PID=3820) to work on /home/airflow/.local/lib/python3.12/site-packages/airflow/example_dags/example_latest_only_with_trigger.py
[2025-07-02T23:59:13.177+0000] {processor.py:914} INFO - Processing file /home/airflow/.local/lib/python3.12/site-packages/airflow/example_dags/example_latest_only_with_trigger.py for tasks to queue
[2025-07-02T23:59:13.180+0000] {logging_mixin.py:190} INFO - [2025-07-02T23:59:13.180+0000] {dagbag.py:588} INFO - Filling up the DagBag from /home/airflow/.local/lib/python3.12/site-packages/airflow/example_dags/example_latest_only_with_trigger.py
[2025-07-02T23:59:13.190+0000] {processor.py:925} INFO - DAG(s) 'latest_only_with_trigger' retrieved from /home/airflow/.local/lib/python3.12/site-packages/airflow/example_dags/example_latest_only_with_trigger.py
[2025-07-02T23:59:13.217+0000] {logging_mixin.py:190} INFO - [2025-07-02T23:59:13.217+0000] {dag.py:3239} INFO - Sync 1 DAGs
[2025-07-02T23:59:13.242+0000] {logging_mixin.py:190} INFO - [2025-07-02T23:59:13.242+0000] {dag.py:4180} INFO - Setting next_dagrun for latest_only_with_trigger to 2025-07-02 16:00:00+00:00, run_after=2025-07-02 20:00:00+00:00
[2025-07-02T23:59:13.260+0000] {processor.py:208} INFO - Processing /home/airflow/.local/lib/python3.12/site-packages/airflow/example_dags/example_latest_only_with_trigger.py took 0.093 seconds
[2025-07-02T23:59:43.678+0000] {processor.py:186} INFO - Started process (PID=3882) to work on /home/airflow/.local/lib/python3.12/site-packages/airflow/example_dags/example_latest_only_with_trigger.py
[2025-07-02T23:59:43.679+0000] {processor.py:914} INFO - Processing file /home/airflow/.local/lib/python3.12/site-packages/airflow/example_dags/example_latest_only_with_trigger.py for tasks to queue
[2025-07-02T23:59:43.682+0000] {logging_mixin.py:190} INFO - [2025-07-02T23:59:43.682+0000] {dagbag.py:588} INFO - Filling up the DagBag from /home/airflow/.local/lib/python3.12/site-packages/airflow/example_dags/example_latest_only_with_trigger.py
[2025-07-02T23:59:43.690+0000] {processor.py:925} INFO - DAG(s) 'latest_only_with_trigger' retrieved from /home/airflow/.local/lib/python3.12/site-packages/airflow/example_dags/example_latest_only_with_trigger.py
[2025-07-02T23:59:43.708+0000] {logging_mixin.py:190} INFO - [2025-07-02T23:59:43.708+0000] {dag.py:3239} INFO - Sync 1 DAGs
[2025-07-02T23:59:43.728+0000] {logging_mixin.py:190} INFO - [2025-07-02T23:59:43.728+0000] {dag.py:4180} INFO - Setting next_dagrun for latest_only_with_trigger to 2025-07-02 16:00:00+00:00, run_after=2025-07-02 20:00:00+00:00
[2025-07-02T23:59:43.744+0000] {processor.py:208} INFO - Processing /home/airflow/.local/lib/python3.12/site-packages/airflow/example_dags/example_latest_only_with_trigger.py took 0.072 seconds
