[2025-07-02T23:28:52.731+0000] {processor.py:186} INFO - Started process (PID=126) to work on /home/airflow/.local/lib/python3.12/site-packages/airflow/example_dags/example_branch_python_dop_operator_3.py
[2025-07-02T23:28:52.757+0000] {processor.py:914} INFO - Processing file /home/airflow/.local/lib/python3.12/site-packages/airflow/example_dags/example_branch_python_dop_operator_3.py for tasks to queue
[2025-07-02T23:28:52.775+0000] {logging_mixin.py:190} INFO - [2025-07-02T23:28:52.774+0000] {dagbag.py:588} INFO - Filling up the DagBag from /home/airflow/.local/lib/python3.12/site-packages/airflow/example_dags/example_branch_python_dop_operator_3.py
[2025-07-02T23:28:52.821+0000] {processor.py:925} INFO - DAG(s) 'example_branch_dop_operator_v3' retrieved from /home/airflow/.local/lib/python3.12/site-packages/airflow/example_dags/example_branch_python_dop_operator_3.py
[2025-07-02T23:28:53.165+0000] {logging_mixin.py:190} INFO - [2025-07-02T23:28:53.164+0000] {dag.py:3239} INFO - Sync 1 DAGs
[2025-07-02T23:28:53.316+0000] {logging_mixin.py:190} INFO - [2025-07-02T23:28:53.315+0000] {dag.py:4180} INFO - Setting next_dagrun for example_branch_dop_operator_v3 to 2025-07-02 23:27:00+00:00, run_after=2025-07-02 23:28:00+00:00
[2025-07-02T23:28:53.406+0000] {processor.py:208} INFO - Processing /home/airflow/.local/lib/python3.12/site-packages/airflow/example_dags/example_branch_python_dop_operator_3.py took 0.695 seconds
[2025-07-02T23:29:23.601+0000] {processor.py:186} INFO - Started process (PID=188) to work on /home/airflow/.local/lib/python3.12/site-packages/airflow/example_dags/example_branch_python_dop_operator_3.py
[2025-07-02T23:29:23.603+0000] {processor.py:914} INFO - Processing file /home/airflow/.local/lib/python3.12/site-packages/airflow/example_dags/example_branch_python_dop_operator_3.py for tasks to queue
[2025-07-02T23:29:23.607+0000] {logging_mixin.py:190} INFO - [2025-07-02T23:29:23.606+0000] {dagbag.py:588} INFO - Filling up the DagBag from /home/airflow/.local/lib/python3.12/site-packages/airflow/example_dags/example_branch_python_dop_operator_3.py
[2025-07-02T23:29:23.622+0000] {processor.py:925} INFO - DAG(s) 'example_branch_dop_operator_v3' retrieved from /home/airflow/.local/lib/python3.12/site-packages/airflow/example_dags/example_branch_python_dop_operator_3.py
[2025-07-02T23:29:23.658+0000] {logging_mixin.py:190} INFO - [2025-07-02T23:29:23.658+0000] {dag.py:3239} INFO - Sync 1 DAGs
[2025-07-02T23:29:23.701+0000] {logging_mixin.py:190} INFO - [2025-07-02T23:29:23.700+0000] {dag.py:4180} INFO - Setting next_dagrun for example_branch_dop_operator_v3 to 2025-07-02 23:28:00+00:00, run_after=2025-07-02 23:29:00+00:00
[2025-07-02T23:29:23.731+0000] {processor.py:208} INFO - Processing /home/airflow/.local/lib/python3.12/site-packages/airflow/example_dags/example_branch_python_dop_operator_3.py took 0.137 seconds
[2025-07-02T23:29:54.073+0000] {processor.py:186} INFO - Started process (PID=250) to work on /home/airflow/.local/lib/python3.12/site-packages/airflow/example_dags/example_branch_python_dop_operator_3.py
[2025-07-02T23:29:54.076+0000] {processor.py:914} INFO - Processing file /home/airflow/.local/lib/python3.12/site-packages/airflow/example_dags/example_branch_python_dop_operator_3.py for tasks to queue
[2025-07-02T23:29:54.087+0000] {logging_mixin.py:190} INFO - [2025-07-02T23:29:54.086+0000] {dagbag.py:588} INFO - Filling up the DagBag from /home/airflow/.local/lib/python3.12/site-packages/airflow/example_dags/example_branch_python_dop_operator_3.py
[2025-07-02T23:29:54.108+0000] {processor.py:925} INFO - DAG(s) 'example_branch_dop_operator_v3' retrieved from /home/airflow/.local/lib/python3.12/site-packages/airflow/example_dags/example_branch_python_dop_operator_3.py
[2025-07-02T23:29:54.146+0000] {logging_mixin.py:190} INFO - [2025-07-02T23:29:54.145+0000] {dag.py:3239} INFO - Sync 1 DAGs
[2025-07-02T23:29:54.187+0000] {logging_mixin.py:190} INFO - [2025-07-02T23:29:54.187+0000] {dag.py:4180} INFO - Setting next_dagrun for example_branch_dop_operator_v3 to 2025-07-02 23:28:00+00:00, run_after=2025-07-02 23:29:00+00:00
[2025-07-02T23:29:54.233+0000] {processor.py:208} INFO - Processing /home/airflow/.local/lib/python3.12/site-packages/airflow/example_dags/example_branch_python_dop_operator_3.py took 0.171 seconds
[2025-07-02T23:30:24.995+0000] {processor.py:186} INFO - Started process (PID=312) to work on /home/airflow/.local/lib/python3.12/site-packages/airflow/example_dags/example_branch_python_dop_operator_3.py
[2025-07-02T23:30:24.998+0000] {processor.py:914} INFO - Processing file /home/airflow/.local/lib/python3.12/site-packages/airflow/example_dags/example_branch_python_dop_operator_3.py for tasks to queue
[2025-07-02T23:30:25.002+0000] {logging_mixin.py:190} INFO - [2025-07-02T23:30:25.001+0000] {dagbag.py:588} INFO - Filling up the DagBag from /home/airflow/.local/lib/python3.12/site-packages/airflow/example_dags/example_branch_python_dop_operator_3.py
[2025-07-02T23:30:25.023+0000] {processor.py:925} INFO - DAG(s) 'example_branch_dop_operator_v3' retrieved from /home/airflow/.local/lib/python3.12/site-packages/airflow/example_dags/example_branch_python_dop_operator_3.py
[2025-07-02T23:30:25.057+0000] {logging_mixin.py:190} INFO - [2025-07-02T23:30:25.057+0000] {dag.py:3239} INFO - Sync 1 DAGs
[2025-07-02T23:30:25.108+0000] {logging_mixin.py:190} INFO - [2025-07-02T23:30:25.107+0000] {dag.py:4180} INFO - Setting next_dagrun for example_branch_dop_operator_v3 to 2025-07-02 23:29:00+00:00, run_after=2025-07-02 23:30:00+00:00
[2025-07-02T23:30:25.135+0000] {processor.py:208} INFO - Processing /home/airflow/.local/lib/python3.12/site-packages/airflow/example_dags/example_branch_python_dop_operator_3.py took 0.149 seconds
[2025-07-02T23:30:56.029+0000] {processor.py:186} INFO - Started process (PID=374) to work on /home/airflow/.local/lib/python3.12/site-packages/airflow/example_dags/example_branch_python_dop_operator_3.py
[2025-07-02T23:30:56.030+0000] {processor.py:914} INFO - Processing file /home/airflow/.local/lib/python3.12/site-packages/airflow/example_dags/example_branch_python_dop_operator_3.py for tasks to queue
[2025-07-02T23:30:56.033+0000] {logging_mixin.py:190} INFO - [2025-07-02T23:30:56.033+0000] {dagbag.py:588} INFO - Filling up the DagBag from /home/airflow/.local/lib/python3.12/site-packages/airflow/example_dags/example_branch_python_dop_operator_3.py
[2025-07-02T23:30:56.043+0000] {processor.py:925} INFO - DAG(s) 'example_branch_dop_operator_v3' retrieved from /home/airflow/.local/lib/python3.12/site-packages/airflow/example_dags/example_branch_python_dop_operator_3.py
[2025-07-02T23:30:56.069+0000] {logging_mixin.py:190} INFO - [2025-07-02T23:30:56.069+0000] {dag.py:3239} INFO - Sync 1 DAGs
[2025-07-02T23:30:56.108+0000] {logging_mixin.py:190} INFO - [2025-07-02T23:30:56.108+0000] {dag.py:4180} INFO - Setting next_dagrun for example_branch_dop_operator_v3 to 2025-07-02 23:29:00+00:00, run_after=2025-07-02 23:30:00+00:00
[2025-07-02T23:30:56.130+0000] {processor.py:208} INFO - Processing /home/airflow/.local/lib/python3.12/site-packages/airflow/example_dags/example_branch_python_dop_operator_3.py took 0.107 seconds
[2025-07-02T23:31:26.229+0000] {processor.py:186} INFO - Started process (PID=436) to work on /home/airflow/.local/lib/python3.12/site-packages/airflow/example_dags/example_branch_python_dop_operator_3.py
[2025-07-02T23:31:26.230+0000] {processor.py:914} INFO - Processing file /home/airflow/.local/lib/python3.12/site-packages/airflow/example_dags/example_branch_python_dop_operator_3.py for tasks to queue
[2025-07-02T23:31:26.232+0000] {logging_mixin.py:190} INFO - [2025-07-02T23:31:26.232+0000] {dagbag.py:588} INFO - Filling up the DagBag from /home/airflow/.local/lib/python3.12/site-packages/airflow/example_dags/example_branch_python_dop_operator_3.py
[2025-07-02T23:31:26.243+0000] {processor.py:925} INFO - DAG(s) 'example_branch_dop_operator_v3' retrieved from /home/airflow/.local/lib/python3.12/site-packages/airflow/example_dags/example_branch_python_dop_operator_3.py
[2025-07-02T23:31:26.268+0000] {logging_mixin.py:190} INFO - [2025-07-02T23:31:26.267+0000] {dag.py:3239} INFO - Sync 1 DAGs
[2025-07-02T23:31:26.298+0000] {logging_mixin.py:190} INFO - [2025-07-02T23:31:26.298+0000] {dag.py:4180} INFO - Setting next_dagrun for example_branch_dop_operator_v3 to 2025-07-02 23:30:00+00:00, run_after=2025-07-02 23:31:00+00:00
[2025-07-02T23:31:26.322+0000] {processor.py:208} INFO - Processing /home/airflow/.local/lib/python3.12/site-packages/airflow/example_dags/example_branch_python_dop_operator_3.py took 0.099 seconds
[2025-07-02T23:31:56.521+0000] {processor.py:186} INFO - Started process (PID=498) to work on /home/airflow/.local/lib/python3.12/site-packages/airflow/example_dags/example_branch_python_dop_operator_3.py
[2025-07-02T23:31:56.522+0000] {processor.py:914} INFO - Processing file /home/airflow/.local/lib/python3.12/site-packages/airflow/example_dags/example_branch_python_dop_operator_3.py for tasks to queue
[2025-07-02T23:31:56.524+0000] {logging_mixin.py:190} INFO - [2025-07-02T23:31:56.524+0000] {dagbag.py:588} INFO - Filling up the DagBag from /home/airflow/.local/lib/python3.12/site-packages/airflow/example_dags/example_branch_python_dop_operator_3.py
[2025-07-02T23:31:56.533+0000] {processor.py:925} INFO - DAG(s) 'example_branch_dop_operator_v3' retrieved from /home/airflow/.local/lib/python3.12/site-packages/airflow/example_dags/example_branch_python_dop_operator_3.py
[2025-07-02T23:31:56.553+0000] {logging_mixin.py:190} INFO - [2025-07-02T23:31:56.553+0000] {dag.py:3239} INFO - Sync 1 DAGs
[2025-07-02T23:31:56.577+0000] {logging_mixin.py:190} INFO - [2025-07-02T23:31:56.577+0000] {dag.py:4180} INFO - Setting next_dagrun for example_branch_dop_operator_v3 to 2025-07-02 23:30:00+00:00, run_after=2025-07-02 23:31:00+00:00
[2025-07-02T23:31:56.596+0000] {processor.py:208} INFO - Processing /home/airflow/.local/lib/python3.12/site-packages/airflow/example_dags/example_branch_python_dop_operator_3.py took 0.080 seconds
[2025-07-02T23:32:26.901+0000] {processor.py:186} INFO - Started process (PID=560) to work on /home/airflow/.local/lib/python3.12/site-packages/airflow/example_dags/example_branch_python_dop_operator_3.py
[2025-07-02T23:32:26.902+0000] {processor.py:914} INFO - Processing file /home/airflow/.local/lib/python3.12/site-packages/airflow/example_dags/example_branch_python_dop_operator_3.py for tasks to queue
[2025-07-02T23:32:26.904+0000] {logging_mixin.py:190} INFO - [2025-07-02T23:32:26.904+0000] {dagbag.py:588} INFO - Filling up the DagBag from /home/airflow/.local/lib/python3.12/site-packages/airflow/example_dags/example_branch_python_dop_operator_3.py
[2025-07-02T23:32:26.913+0000] {processor.py:925} INFO - DAG(s) 'example_branch_dop_operator_v3' retrieved from /home/airflow/.local/lib/python3.12/site-packages/airflow/example_dags/example_branch_python_dop_operator_3.py
[2025-07-02T23:32:26.932+0000] {logging_mixin.py:190} INFO - [2025-07-02T23:32:26.932+0000] {dag.py:3239} INFO - Sync 1 DAGs
[2025-07-02T23:32:26.956+0000] {logging_mixin.py:190} INFO - [2025-07-02T23:32:26.955+0000] {dag.py:4180} INFO - Setting next_dagrun for example_branch_dop_operator_v3 to 2025-07-02 23:31:00+00:00, run_after=2025-07-02 23:32:00+00:00
[2025-07-02T23:32:26.972+0000] {processor.py:208} INFO - Processing /home/airflow/.local/lib/python3.12/site-packages/airflow/example_dags/example_branch_python_dop_operator_3.py took 0.076 seconds
[2025-07-02T23:32:57.249+0000] {processor.py:186} INFO - Started process (PID=622) to work on /home/airflow/.local/lib/python3.12/site-packages/airflow/example_dags/example_branch_python_dop_operator_3.py
[2025-07-02T23:32:57.250+0000] {processor.py:914} INFO - Processing file /home/airflow/.local/lib/python3.12/site-packages/airflow/example_dags/example_branch_python_dop_operator_3.py for tasks to queue
[2025-07-02T23:32:57.253+0000] {logging_mixin.py:190} INFO - [2025-07-02T23:32:57.252+0000] {dagbag.py:588} INFO - Filling up the DagBag from /home/airflow/.local/lib/python3.12/site-packages/airflow/example_dags/example_branch_python_dop_operator_3.py
[2025-07-02T23:32:57.262+0000] {processor.py:925} INFO - DAG(s) 'example_branch_dop_operator_v3' retrieved from /home/airflow/.local/lib/python3.12/site-packages/airflow/example_dags/example_branch_python_dop_operator_3.py
[2025-07-02T23:32:57.285+0000] {logging_mixin.py:190} INFO - [2025-07-02T23:32:57.285+0000] {dag.py:3239} INFO - Sync 1 DAGs
[2025-07-02T23:32:57.312+0000] {logging_mixin.py:190} INFO - [2025-07-02T23:32:57.311+0000] {dag.py:4180} INFO - Setting next_dagrun for example_branch_dop_operator_v3 to 2025-07-02 23:31:00+00:00, run_after=2025-07-02 23:32:00+00:00
[2025-07-02T23:32:57.327+0000] {processor.py:208} INFO - Processing /home/airflow/.local/lib/python3.12/site-packages/airflow/example_dags/example_branch_python_dop_operator_3.py took 0.083 seconds
[2025-07-02T23:33:27.699+0000] {processor.py:186} INFO - Started process (PID=684) to work on /home/airflow/.local/lib/python3.12/site-packages/airflow/example_dags/example_branch_python_dop_operator_3.py
[2025-07-02T23:33:27.700+0000] {processor.py:914} INFO - Processing file /home/airflow/.local/lib/python3.12/site-packages/airflow/example_dags/example_branch_python_dop_operator_3.py for tasks to queue
[2025-07-02T23:33:27.703+0000] {logging_mixin.py:190} INFO - [2025-07-02T23:33:27.703+0000] {dagbag.py:588} INFO - Filling up the DagBag from /home/airflow/.local/lib/python3.12/site-packages/airflow/example_dags/example_branch_python_dop_operator_3.py
[2025-07-02T23:33:27.713+0000] {processor.py:925} INFO - DAG(s) 'example_branch_dop_operator_v3' retrieved from /home/airflow/.local/lib/python3.12/site-packages/airflow/example_dags/example_branch_python_dop_operator_3.py
[2025-07-02T23:33:27.731+0000] {logging_mixin.py:190} INFO - [2025-07-02T23:33:27.731+0000] {dag.py:3239} INFO - Sync 1 DAGs
[2025-07-02T23:33:27.756+0000] {logging_mixin.py:190} INFO - [2025-07-02T23:33:27.756+0000] {dag.py:4180} INFO - Setting next_dagrun for example_branch_dop_operator_v3 to 2025-07-02 23:32:00+00:00, run_after=2025-07-02 23:33:00+00:00
[2025-07-02T23:33:27.772+0000] {processor.py:208} INFO - Processing /home/airflow/.local/lib/python3.12/site-packages/airflow/example_dags/example_branch_python_dop_operator_3.py took 0.081 seconds
[2025-07-02T23:33:57.978+0000] {processor.py:186} INFO - Started process (PID=746) to work on /home/airflow/.local/lib/python3.12/site-packages/airflow/example_dags/example_branch_python_dop_operator_3.py
[2025-07-02T23:33:57.979+0000] {processor.py:914} INFO - Processing file /home/airflow/.local/lib/python3.12/site-packages/airflow/example_dags/example_branch_python_dop_operator_3.py for tasks to queue
[2025-07-02T23:33:57.981+0000] {logging_mixin.py:190} INFO - [2025-07-02T23:33:57.981+0000] {dagbag.py:588} INFO - Filling up the DagBag from /home/airflow/.local/lib/python3.12/site-packages/airflow/example_dags/example_branch_python_dop_operator_3.py
[2025-07-02T23:33:57.991+0000] {processor.py:925} INFO - DAG(s) 'example_branch_dop_operator_v3' retrieved from /home/airflow/.local/lib/python3.12/site-packages/airflow/example_dags/example_branch_python_dop_operator_3.py
[2025-07-02T23:33:58.015+0000] {logging_mixin.py:190} INFO - [2025-07-02T23:33:58.015+0000] {dag.py:3239} INFO - Sync 1 DAGs
[2025-07-02T23:33:58.046+0000] {logging_mixin.py:190} INFO - [2025-07-02T23:33:58.046+0000] {dag.py:4180} INFO - Setting next_dagrun for example_branch_dop_operator_v3 to 2025-07-02 23:32:00+00:00, run_after=2025-07-02 23:33:00+00:00
[2025-07-02T23:33:58.064+0000] {processor.py:208} INFO - Processing /home/airflow/.local/lib/python3.12/site-packages/airflow/example_dags/example_branch_python_dop_operator_3.py took 0.092 seconds
[2025-07-02T23:34:28.110+0000] {processor.py:186} INFO - Started process (PID=808) to work on /home/airflow/.local/lib/python3.12/site-packages/airflow/example_dags/example_branch_python_dop_operator_3.py
[2025-07-02T23:34:28.111+0000] {processor.py:914} INFO - Processing file /home/airflow/.local/lib/python3.12/site-packages/airflow/example_dags/example_branch_python_dop_operator_3.py for tasks to queue
[2025-07-02T23:34:28.114+0000] {logging_mixin.py:190} INFO - [2025-07-02T23:34:28.114+0000] {dagbag.py:588} INFO - Filling up the DagBag from /home/airflow/.local/lib/python3.12/site-packages/airflow/example_dags/example_branch_python_dop_operator_3.py
[2025-07-02T23:34:28.124+0000] {processor.py:925} INFO - DAG(s) 'example_branch_dop_operator_v3' retrieved from /home/airflow/.local/lib/python3.12/site-packages/airflow/example_dags/example_branch_python_dop_operator_3.py
[2025-07-02T23:34:28.144+0000] {logging_mixin.py:190} INFO - [2025-07-02T23:34:28.144+0000] {dag.py:3239} INFO - Sync 1 DAGs
[2025-07-02T23:34:28.168+0000] {logging_mixin.py:190} INFO - [2025-07-02T23:34:28.168+0000] {dag.py:4180} INFO - Setting next_dagrun for example_branch_dop_operator_v3 to 2025-07-02 23:33:00+00:00, run_after=2025-07-02 23:34:00+00:00
[2025-07-02T23:34:28.186+0000] {processor.py:208} INFO - Processing /home/airflow/.local/lib/python3.12/site-packages/airflow/example_dags/example_branch_python_dop_operator_3.py took 0.082 seconds
[2025-07-02T23:34:59.166+0000] {processor.py:186} INFO - Started process (PID=870) to work on /home/airflow/.local/lib/python3.12/site-packages/airflow/example_dags/example_branch_python_dop_operator_3.py
[2025-07-02T23:34:59.168+0000] {processor.py:914} INFO - Processing file /home/airflow/.local/lib/python3.12/site-packages/airflow/example_dags/example_branch_python_dop_operator_3.py for tasks to queue
[2025-07-02T23:34:59.171+0000] {logging_mixin.py:190} INFO - [2025-07-02T23:34:59.170+0000] {dagbag.py:588} INFO - Filling up the DagBag from /home/airflow/.local/lib/python3.12/site-packages/airflow/example_dags/example_branch_python_dop_operator_3.py
[2025-07-02T23:34:59.182+0000] {processor.py:925} INFO - DAG(s) 'example_branch_dop_operator_v3' retrieved from /home/airflow/.local/lib/python3.12/site-packages/airflow/example_dags/example_branch_python_dop_operator_3.py
[2025-07-02T23:34:59.206+0000] {logging_mixin.py:190} INFO - [2025-07-02T23:34:59.206+0000] {dag.py:3239} INFO - Sync 1 DAGs
[2025-07-02T23:34:59.238+0000] {logging_mixin.py:190} INFO - [2025-07-02T23:34:59.238+0000] {dag.py:4180} INFO - Setting next_dagrun for example_branch_dop_operator_v3 to 2025-07-02 23:33:00+00:00, run_after=2025-07-02 23:34:00+00:00
[2025-07-02T23:34:59.259+0000] {processor.py:208} INFO - Processing /home/airflow/.local/lib/python3.12/site-packages/airflow/example_dags/example_branch_python_dop_operator_3.py took 0.101 seconds
[2025-07-02T23:35:29.733+0000] {processor.py:186} INFO - Started process (PID=932) to work on /home/airflow/.local/lib/python3.12/site-packages/airflow/example_dags/example_branch_python_dop_operator_3.py
[2025-07-02T23:35:29.734+0000] {processor.py:914} INFO - Processing file /home/airflow/.local/lib/python3.12/site-packages/airflow/example_dags/example_branch_python_dop_operator_3.py for tasks to queue
[2025-07-02T23:35:29.736+0000] {logging_mixin.py:190} INFO - [2025-07-02T23:35:29.736+0000] {dagbag.py:588} INFO - Filling up the DagBag from /home/airflow/.local/lib/python3.12/site-packages/airflow/example_dags/example_branch_python_dop_operator_3.py
[2025-07-02T23:35:29.745+0000] {processor.py:925} INFO - DAG(s) 'example_branch_dop_operator_v3' retrieved from /home/airflow/.local/lib/python3.12/site-packages/airflow/example_dags/example_branch_python_dop_operator_3.py
[2025-07-02T23:35:29.768+0000] {logging_mixin.py:190} INFO - [2025-07-02T23:35:29.768+0000] {dag.py:3239} INFO - Sync 1 DAGs
[2025-07-02T23:35:29.791+0000] {logging_mixin.py:190} INFO - [2025-07-02T23:35:29.791+0000] {dag.py:4180} INFO - Setting next_dagrun for example_branch_dop_operator_v3 to 2025-07-02 23:34:00+00:00, run_after=2025-07-02 23:35:00+00:00
[2025-07-02T23:35:29.815+0000] {processor.py:208} INFO - Processing /home/airflow/.local/lib/python3.12/site-packages/airflow/example_dags/example_branch_python_dop_operator_3.py took 0.088 seconds
[2025-07-02T23:36:00.646+0000] {processor.py:186} INFO - Started process (PID=994) to work on /home/airflow/.local/lib/python3.12/site-packages/airflow/example_dags/example_branch_python_dop_operator_3.py
[2025-07-02T23:36:00.646+0000] {processor.py:914} INFO - Processing file /home/airflow/.local/lib/python3.12/site-packages/airflow/example_dags/example_branch_python_dop_operator_3.py for tasks to queue
[2025-07-02T23:36:00.649+0000] {logging_mixin.py:190} INFO - [2025-07-02T23:36:00.649+0000] {dagbag.py:588} INFO - Filling up the DagBag from /home/airflow/.local/lib/python3.12/site-packages/airflow/example_dags/example_branch_python_dop_operator_3.py
[2025-07-02T23:36:00.658+0000] {processor.py:925} INFO - DAG(s) 'example_branch_dop_operator_v3' retrieved from /home/airflow/.local/lib/python3.12/site-packages/airflow/example_dags/example_branch_python_dop_operator_3.py
[2025-07-02T23:36:00.677+0000] {logging_mixin.py:190} INFO - [2025-07-02T23:36:00.677+0000] {dag.py:3239} INFO - Sync 1 DAGs
[2025-07-02T23:36:00.701+0000] {logging_mixin.py:190} INFO - [2025-07-02T23:36:00.701+0000] {dag.py:4180} INFO - Setting next_dagrun for example_branch_dop_operator_v3 to 2025-07-02 23:35:00+00:00, run_after=2025-07-02 23:36:00+00:00
[2025-07-02T23:36:00.721+0000] {processor.py:208} INFO - Processing /home/airflow/.local/lib/python3.12/site-packages/airflow/example_dags/example_branch_python_dop_operator_3.py took 0.080 seconds
[2025-07-02T23:36:31.377+0000] {processor.py:186} INFO - Started process (PID=1056) to work on /home/airflow/.local/lib/python3.12/site-packages/airflow/example_dags/example_branch_python_dop_operator_3.py
[2025-07-02T23:36:31.378+0000] {processor.py:914} INFO - Processing file /home/airflow/.local/lib/python3.12/site-packages/airflow/example_dags/example_branch_python_dop_operator_3.py for tasks to queue
[2025-07-02T23:36:31.382+0000] {logging_mixin.py:190} INFO - [2025-07-02T23:36:31.382+0000] {dagbag.py:588} INFO - Filling up the DagBag from /home/airflow/.local/lib/python3.12/site-packages/airflow/example_dags/example_branch_python_dop_operator_3.py
[2025-07-02T23:36:31.395+0000] {processor.py:925} INFO - DAG(s) 'example_branch_dop_operator_v3' retrieved from /home/airflow/.local/lib/python3.12/site-packages/airflow/example_dags/example_branch_python_dop_operator_3.py
[2025-07-02T23:36:31.421+0000] {logging_mixin.py:190} INFO - [2025-07-02T23:36:31.420+0000] {dag.py:3239} INFO - Sync 1 DAGs
[2025-07-02T23:36:31.458+0000] {logging_mixin.py:190} INFO - [2025-07-02T23:36:31.458+0000] {dag.py:4180} INFO - Setting next_dagrun for example_branch_dop_operator_v3 to 2025-07-02 23:35:00+00:00, run_after=2025-07-02 23:36:00+00:00
[2025-07-02T23:36:31.488+0000] {processor.py:208} INFO - Processing /home/airflow/.local/lib/python3.12/site-packages/airflow/example_dags/example_branch_python_dop_operator_3.py took 0.118 seconds
[2025-07-02T23:37:02.023+0000] {processor.py:186} INFO - Started process (PID=1124) to work on /home/airflow/.local/lib/python3.12/site-packages/airflow/example_dags/example_branch_python_dop_operator_3.py
[2025-07-02T23:37:02.025+0000] {processor.py:914} INFO - Processing file /home/airflow/.local/lib/python3.12/site-packages/airflow/example_dags/example_branch_python_dop_operator_3.py for tasks to queue
[2025-07-02T23:37:02.028+0000] {logging_mixin.py:190} INFO - [2025-07-02T23:37:02.028+0000] {dagbag.py:588} INFO - Filling up the DagBag from /home/airflow/.local/lib/python3.12/site-packages/airflow/example_dags/example_branch_python_dop_operator_3.py
[2025-07-02T23:37:02.042+0000] {processor.py:925} INFO - DAG(s) 'example_branch_dop_operator_v3' retrieved from /home/airflow/.local/lib/python3.12/site-packages/airflow/example_dags/example_branch_python_dop_operator_3.py
[2025-07-02T23:37:02.069+0000] {logging_mixin.py:190} INFO - [2025-07-02T23:37:02.068+0000] {dag.py:3239} INFO - Sync 1 DAGs
[2025-07-02T23:37:02.106+0000] {logging_mixin.py:190} INFO - [2025-07-02T23:37:02.106+0000] {dag.py:4180} INFO - Setting next_dagrun for example_branch_dop_operator_v3 to 2025-07-02 23:36:00+00:00, run_after=2025-07-02 23:37:00+00:00
[2025-07-02T23:37:02.129+0000] {processor.py:208} INFO - Processing /home/airflow/.local/lib/python3.12/site-packages/airflow/example_dags/example_branch_python_dop_operator_3.py took 0.114 seconds
[2025-07-02T23:37:32.825+0000] {processor.py:186} INFO - Started process (PID=1186) to work on /home/airflow/.local/lib/python3.12/site-packages/airflow/example_dags/example_branch_python_dop_operator_3.py
[2025-07-02T23:37:32.826+0000] {processor.py:914} INFO - Processing file /home/airflow/.local/lib/python3.12/site-packages/airflow/example_dags/example_branch_python_dop_operator_3.py for tasks to queue
[2025-07-02T23:37:32.830+0000] {logging_mixin.py:190} INFO - [2025-07-02T23:37:32.830+0000] {dagbag.py:588} INFO - Filling up the DagBag from /home/airflow/.local/lib/python3.12/site-packages/airflow/example_dags/example_branch_python_dop_operator_3.py
[2025-07-02T23:37:32.848+0000] {processor.py:925} INFO - DAG(s) 'example_branch_dop_operator_v3' retrieved from /home/airflow/.local/lib/python3.12/site-packages/airflow/example_dags/example_branch_python_dop_operator_3.py
[2025-07-02T23:37:32.873+0000] {logging_mixin.py:190} INFO - [2025-07-02T23:37:32.873+0000] {dag.py:3239} INFO - Sync 1 DAGs
[2025-07-02T23:37:32.904+0000] {logging_mixin.py:190} INFO - [2025-07-02T23:37:32.904+0000] {dag.py:4180} INFO - Setting next_dagrun for example_branch_dop_operator_v3 to 2025-07-02 23:36:00+00:00, run_after=2025-07-02 23:37:00+00:00
[2025-07-02T23:37:32.920+0000] {processor.py:208} INFO - Processing /home/airflow/.local/lib/python3.12/site-packages/airflow/example_dags/example_branch_python_dop_operator_3.py took 0.101 seconds
[2025-07-02T23:38:03.518+0000] {processor.py:186} INFO - Started process (PID=1248) to work on /home/airflow/.local/lib/python3.12/site-packages/airflow/example_dags/example_branch_python_dop_operator_3.py
[2025-07-02T23:38:03.519+0000] {processor.py:914} INFO - Processing file /home/airflow/.local/lib/python3.12/site-packages/airflow/example_dags/example_branch_python_dop_operator_3.py for tasks to queue
[2025-07-02T23:38:03.521+0000] {logging_mixin.py:190} INFO - [2025-07-02T23:38:03.521+0000] {dagbag.py:588} INFO - Filling up the DagBag from /home/airflow/.local/lib/python3.12/site-packages/airflow/example_dags/example_branch_python_dop_operator_3.py
[2025-07-02T23:38:03.532+0000] {processor.py:925} INFO - DAG(s) 'example_branch_dop_operator_v3' retrieved from /home/airflow/.local/lib/python3.12/site-packages/airflow/example_dags/example_branch_python_dop_operator_3.py
[2025-07-02T23:38:03.552+0000] {logging_mixin.py:190} INFO - [2025-07-02T23:38:03.552+0000] {dag.py:3239} INFO - Sync 1 DAGs
[2025-07-02T23:38:03.577+0000] {logging_mixin.py:190} INFO - [2025-07-02T23:38:03.576+0000] {dag.py:4180} INFO - Setting next_dagrun for example_branch_dop_operator_v3 to 2025-07-02 23:37:00+00:00, run_after=2025-07-02 23:38:00+00:00
[2025-07-02T23:38:03.595+0000] {processor.py:208} INFO - Processing /home/airflow/.local/lib/python3.12/site-packages/airflow/example_dags/example_branch_python_dop_operator_3.py took 0.083 seconds
[2025-07-02T23:38:34.367+0000] {processor.py:186} INFO - Started process (PID=1310) to work on /home/airflow/.local/lib/python3.12/site-packages/airflow/example_dags/example_branch_python_dop_operator_3.py
[2025-07-02T23:38:34.368+0000] {processor.py:914} INFO - Processing file /home/airflow/.local/lib/python3.12/site-packages/airflow/example_dags/example_branch_python_dop_operator_3.py for tasks to queue
[2025-07-02T23:38:34.370+0000] {logging_mixin.py:190} INFO - [2025-07-02T23:38:34.370+0000] {dagbag.py:588} INFO - Filling up the DagBag from /home/airflow/.local/lib/python3.12/site-packages/airflow/example_dags/example_branch_python_dop_operator_3.py
[2025-07-02T23:38:34.380+0000] {processor.py:925} INFO - DAG(s) 'example_branch_dop_operator_v3' retrieved from /home/airflow/.local/lib/python3.12/site-packages/airflow/example_dags/example_branch_python_dop_operator_3.py
[2025-07-02T23:38:34.400+0000] {logging_mixin.py:190} INFO - [2025-07-02T23:38:34.400+0000] {dag.py:3239} INFO - Sync 1 DAGs
[2025-07-02T23:38:34.426+0000] {logging_mixin.py:190} INFO - [2025-07-02T23:38:34.426+0000] {dag.py:4180} INFO - Setting next_dagrun for example_branch_dop_operator_v3 to 2025-07-02 23:37:00+00:00, run_after=2025-07-02 23:38:00+00:00
[2025-07-02T23:38:34.454+0000] {processor.py:208} INFO - Processing /home/airflow/.local/lib/python3.12/site-packages/airflow/example_dags/example_branch_python_dop_operator_3.py took 0.093 seconds
[2025-07-02T23:39:05.035+0000] {processor.py:186} INFO - Started process (PID=1372) to work on /home/airflow/.local/lib/python3.12/site-packages/airflow/example_dags/example_branch_python_dop_operator_3.py
[2025-07-02T23:39:05.037+0000] {processor.py:914} INFO - Processing file /home/airflow/.local/lib/python3.12/site-packages/airflow/example_dags/example_branch_python_dop_operator_3.py for tasks to queue
[2025-07-02T23:39:05.040+0000] {logging_mixin.py:190} INFO - [2025-07-02T23:39:05.039+0000] {dagbag.py:588} INFO - Filling up the DagBag from /home/airflow/.local/lib/python3.12/site-packages/airflow/example_dags/example_branch_python_dop_operator_3.py
[2025-07-02T23:39:05.054+0000] {processor.py:925} INFO - DAG(s) 'example_branch_dop_operator_v3' retrieved from /home/airflow/.local/lib/python3.12/site-packages/airflow/example_dags/example_branch_python_dop_operator_3.py
[2025-07-02T23:39:05.078+0000] {logging_mixin.py:190} INFO - [2025-07-02T23:39:05.078+0000] {dag.py:3239} INFO - Sync 1 DAGs
[2025-07-02T23:39:05.115+0000] {logging_mixin.py:190} INFO - [2025-07-02T23:39:05.114+0000] {dag.py:4180} INFO - Setting next_dagrun for example_branch_dop_operator_v3 to 2025-07-02 23:38:00+00:00, run_after=2025-07-02 23:39:00+00:00
[2025-07-02T23:39:05.138+0000] {processor.py:208} INFO - Processing /home/airflow/.local/lib/python3.12/site-packages/airflow/example_dags/example_branch_python_dop_operator_3.py took 0.109 seconds
[2025-07-02T23:39:35.663+0000] {processor.py:186} INFO - Started process (PID=1434) to work on /home/airflow/.local/lib/python3.12/site-packages/airflow/example_dags/example_branch_python_dop_operator_3.py
[2025-07-02T23:39:35.665+0000] {processor.py:914} INFO - Processing file /home/airflow/.local/lib/python3.12/site-packages/airflow/example_dags/example_branch_python_dop_operator_3.py for tasks to queue
[2025-07-02T23:39:35.668+0000] {logging_mixin.py:190} INFO - [2025-07-02T23:39:35.667+0000] {dagbag.py:588} INFO - Filling up the DagBag from /home/airflow/.local/lib/python3.12/site-packages/airflow/example_dags/example_branch_python_dop_operator_3.py
[2025-07-02T23:39:35.678+0000] {processor.py:925} INFO - DAG(s) 'example_branch_dop_operator_v3' retrieved from /home/airflow/.local/lib/python3.12/site-packages/airflow/example_dags/example_branch_python_dop_operator_3.py
[2025-07-02T23:39:35.703+0000] {logging_mixin.py:190} INFO - [2025-07-02T23:39:35.703+0000] {dag.py:3239} INFO - Sync 1 DAGs
[2025-07-02T23:39:35.736+0000] {logging_mixin.py:190} INFO - [2025-07-02T23:39:35.736+0000] {dag.py:4180} INFO - Setting next_dagrun for example_branch_dop_operator_v3 to 2025-07-02 23:38:00+00:00, run_after=2025-07-02 23:39:00+00:00
[2025-07-02T23:39:35.758+0000] {processor.py:208} INFO - Processing /home/airflow/.local/lib/python3.12/site-packages/airflow/example_dags/example_branch_python_dop_operator_3.py took 0.104 seconds
[2025-07-02T23:40:06.350+0000] {processor.py:186} INFO - Started process (PID=1496) to work on /home/airflow/.local/lib/python3.12/site-packages/airflow/example_dags/example_branch_python_dop_operator_3.py
[2025-07-02T23:40:06.351+0000] {processor.py:914} INFO - Processing file /home/airflow/.local/lib/python3.12/site-packages/airflow/example_dags/example_branch_python_dop_operator_3.py for tasks to queue
[2025-07-02T23:40:06.353+0000] {logging_mixin.py:190} INFO - [2025-07-02T23:40:06.353+0000] {dagbag.py:588} INFO - Filling up the DagBag from /home/airflow/.local/lib/python3.12/site-packages/airflow/example_dags/example_branch_python_dop_operator_3.py
[2025-07-02T23:40:06.362+0000] {processor.py:925} INFO - DAG(s) 'example_branch_dop_operator_v3' retrieved from /home/airflow/.local/lib/python3.12/site-packages/airflow/example_dags/example_branch_python_dop_operator_3.py
[2025-07-02T23:40:06.381+0000] {logging_mixin.py:190} INFO - [2025-07-02T23:40:06.381+0000] {dag.py:3239} INFO - Sync 1 DAGs
[2025-07-02T23:40:06.404+0000] {logging_mixin.py:190} INFO - [2025-07-02T23:40:06.404+0000] {dag.py:4180} INFO - Setting next_dagrun for example_branch_dop_operator_v3 to 2025-07-02 23:39:00+00:00, run_after=2025-07-02 23:40:00+00:00
[2025-07-02T23:40:06.421+0000] {processor.py:208} INFO - Processing /home/airflow/.local/lib/python3.12/site-packages/airflow/example_dags/example_branch_python_dop_operator_3.py took 0.076 seconds
[2025-07-02T23:40:36.693+0000] {processor.py:186} INFO - Started process (PID=1558) to work on /home/airflow/.local/lib/python3.12/site-packages/airflow/example_dags/example_branch_python_dop_operator_3.py
[2025-07-02T23:40:36.694+0000] {processor.py:914} INFO - Processing file /home/airflow/.local/lib/python3.12/site-packages/airflow/example_dags/example_branch_python_dop_operator_3.py for tasks to queue
[2025-07-02T23:40:36.696+0000] {logging_mixin.py:190} INFO - [2025-07-02T23:40:36.696+0000] {dagbag.py:588} INFO - Filling up the DagBag from /home/airflow/.local/lib/python3.12/site-packages/airflow/example_dags/example_branch_python_dop_operator_3.py
[2025-07-02T23:40:36.705+0000] {processor.py:925} INFO - DAG(s) 'example_branch_dop_operator_v3' retrieved from /home/airflow/.local/lib/python3.12/site-packages/airflow/example_dags/example_branch_python_dop_operator_3.py
[2025-07-02T23:40:36.724+0000] {logging_mixin.py:190} INFO - [2025-07-02T23:40:36.724+0000] {dag.py:3239} INFO - Sync 1 DAGs
[2025-07-02T23:40:36.750+0000] {logging_mixin.py:190} INFO - [2025-07-02T23:40:36.750+0000] {dag.py:4180} INFO - Setting next_dagrun for example_branch_dop_operator_v3 to 2025-07-02 23:39:00+00:00, run_after=2025-07-02 23:40:00+00:00
[2025-07-02T23:40:36.766+0000] {processor.py:208} INFO - Processing /home/airflow/.local/lib/python3.12/site-packages/airflow/example_dags/example_branch_python_dop_operator_3.py took 0.078 seconds
[2025-07-02T23:41:07.309+0000] {processor.py:186} INFO - Started process (PID=1620) to work on /home/airflow/.local/lib/python3.12/site-packages/airflow/example_dags/example_branch_python_dop_operator_3.py
[2025-07-02T23:41:07.310+0000] {processor.py:914} INFO - Processing file /home/airflow/.local/lib/python3.12/site-packages/airflow/example_dags/example_branch_python_dop_operator_3.py for tasks to queue
[2025-07-02T23:41:07.313+0000] {logging_mixin.py:190} INFO - [2025-07-02T23:41:07.313+0000] {dagbag.py:588} INFO - Filling up the DagBag from /home/airflow/.local/lib/python3.12/site-packages/airflow/example_dags/example_branch_python_dop_operator_3.py
[2025-07-02T23:41:07.327+0000] {processor.py:925} INFO - DAG(s) 'example_branch_dop_operator_v3' retrieved from /home/airflow/.local/lib/python3.12/site-packages/airflow/example_dags/example_branch_python_dop_operator_3.py
[2025-07-02T23:41:07.349+0000] {logging_mixin.py:190} INFO - [2025-07-02T23:41:07.349+0000] {dag.py:3239} INFO - Sync 1 DAGs
[2025-07-02T23:41:07.375+0000] {logging_mixin.py:190} INFO - [2025-07-02T23:41:07.375+0000] {dag.py:4180} INFO - Setting next_dagrun for example_branch_dop_operator_v3 to 2025-07-02 23:40:00+00:00, run_after=2025-07-02 23:41:00+00:00
[2025-07-02T23:41:07.392+0000] {processor.py:208} INFO - Processing /home/airflow/.local/lib/python3.12/site-packages/airflow/example_dags/example_branch_python_dop_operator_3.py took 0.088 seconds
[2025-07-02T23:41:38.208+0000] {processor.py:186} INFO - Started process (PID=1682) to work on /home/airflow/.local/lib/python3.12/site-packages/airflow/example_dags/example_branch_python_dop_operator_3.py
[2025-07-02T23:41:38.210+0000] {processor.py:914} INFO - Processing file /home/airflow/.local/lib/python3.12/site-packages/airflow/example_dags/example_branch_python_dop_operator_3.py for tasks to queue
[2025-07-02T23:41:38.212+0000] {logging_mixin.py:190} INFO - [2025-07-02T23:41:38.212+0000] {dagbag.py:588} INFO - Filling up the DagBag from /home/airflow/.local/lib/python3.12/site-packages/airflow/example_dags/example_branch_python_dop_operator_3.py
[2025-07-02T23:41:38.226+0000] {processor.py:925} INFO - DAG(s) 'example_branch_dop_operator_v3' retrieved from /home/airflow/.local/lib/python3.12/site-packages/airflow/example_dags/example_branch_python_dop_operator_3.py
[2025-07-02T23:41:38.245+0000] {logging_mixin.py:190} INFO - [2025-07-02T23:41:38.245+0000] {dag.py:3239} INFO - Sync 1 DAGs
[2025-07-02T23:41:38.271+0000] {logging_mixin.py:190} INFO - [2025-07-02T23:41:38.271+0000] {dag.py:4180} INFO - Setting next_dagrun for example_branch_dop_operator_v3 to 2025-07-02 23:40:00+00:00, run_after=2025-07-02 23:41:00+00:00
[2025-07-02T23:41:38.290+0000] {processor.py:208} INFO - Processing /home/airflow/.local/lib/python3.12/site-packages/airflow/example_dags/example_branch_python_dop_operator_3.py took 0.087 seconds
[2025-07-02T23:42:08.975+0000] {processor.py:186} INFO - Started process (PID=1744) to work on /home/airflow/.local/lib/python3.12/site-packages/airflow/example_dags/example_branch_python_dop_operator_3.py
[2025-07-02T23:42:08.976+0000] {processor.py:914} INFO - Processing file /home/airflow/.local/lib/python3.12/site-packages/airflow/example_dags/example_branch_python_dop_operator_3.py for tasks to queue
[2025-07-02T23:42:08.978+0000] {logging_mixin.py:190} INFO - [2025-07-02T23:42:08.978+0000] {dagbag.py:588} INFO - Filling up the DagBag from /home/airflow/.local/lib/python3.12/site-packages/airflow/example_dags/example_branch_python_dop_operator_3.py
[2025-07-02T23:42:08.988+0000] {processor.py:925} INFO - DAG(s) 'example_branch_dop_operator_v3' retrieved from /home/airflow/.local/lib/python3.12/site-packages/airflow/example_dags/example_branch_python_dop_operator_3.py
[2025-07-02T23:42:09.008+0000] {logging_mixin.py:190} INFO - [2025-07-02T23:42:09.007+0000] {dag.py:3239} INFO - Sync 1 DAGs
[2025-07-02T23:42:09.032+0000] {logging_mixin.py:190} INFO - [2025-07-02T23:42:09.032+0000] {dag.py:4180} INFO - Setting next_dagrun for example_branch_dop_operator_v3 to 2025-07-02 23:41:00+00:00, run_after=2025-07-02 23:42:00+00:00
[2025-07-02T23:42:09.051+0000] {processor.py:208} INFO - Processing /home/airflow/.local/lib/python3.12/site-packages/airflow/example_dags/example_branch_python_dop_operator_3.py took 0.081 seconds
[2025-07-02T23:42:39.584+0000] {processor.py:186} INFO - Started process (PID=1806) to work on /home/airflow/.local/lib/python3.12/site-packages/airflow/example_dags/example_branch_python_dop_operator_3.py
[2025-07-02T23:42:39.585+0000] {processor.py:914} INFO - Processing file /home/airflow/.local/lib/python3.12/site-packages/airflow/example_dags/example_branch_python_dop_operator_3.py for tasks to queue
[2025-07-02T23:42:39.587+0000] {logging_mixin.py:190} INFO - [2025-07-02T23:42:39.587+0000] {dagbag.py:588} INFO - Filling up the DagBag from /home/airflow/.local/lib/python3.12/site-packages/airflow/example_dags/example_branch_python_dop_operator_3.py
[2025-07-02T23:42:39.596+0000] {processor.py:925} INFO - DAG(s) 'example_branch_dop_operator_v3' retrieved from /home/airflow/.local/lib/python3.12/site-packages/airflow/example_dags/example_branch_python_dop_operator_3.py
[2025-07-02T23:42:39.615+0000] {logging_mixin.py:190} INFO - [2025-07-02T23:42:39.615+0000] {dag.py:3239} INFO - Sync 1 DAGs
[2025-07-02T23:42:39.638+0000] {logging_mixin.py:190} INFO - [2025-07-02T23:42:39.638+0000] {dag.py:4180} INFO - Setting next_dagrun for example_branch_dop_operator_v3 to 2025-07-02 23:41:00+00:00, run_after=2025-07-02 23:42:00+00:00
[2025-07-02T23:42:39.666+0000] {processor.py:208} INFO - Processing /home/airflow/.local/lib/python3.12/site-packages/airflow/example_dags/example_branch_python_dop_operator_3.py took 0.087 seconds
[2025-07-02T23:43:10.102+0000] {processor.py:186} INFO - Started process (PID=1868) to work on /home/airflow/.local/lib/python3.12/site-packages/airflow/example_dags/example_branch_python_dop_operator_3.py
[2025-07-02T23:43:10.103+0000] {processor.py:914} INFO - Processing file /home/airflow/.local/lib/python3.12/site-packages/airflow/example_dags/example_branch_python_dop_operator_3.py for tasks to queue
[2025-07-02T23:43:10.105+0000] {logging_mixin.py:190} INFO - [2025-07-02T23:43:10.105+0000] {dagbag.py:588} INFO - Filling up the DagBag from /home/airflow/.local/lib/python3.12/site-packages/airflow/example_dags/example_branch_python_dop_operator_3.py
[2025-07-02T23:43:10.115+0000] {processor.py:925} INFO - DAG(s) 'example_branch_dop_operator_v3' retrieved from /home/airflow/.local/lib/python3.12/site-packages/airflow/example_dags/example_branch_python_dop_operator_3.py
[2025-07-02T23:43:10.137+0000] {logging_mixin.py:190} INFO - [2025-07-02T23:43:10.137+0000] {dag.py:3239} INFO - Sync 1 DAGs
[2025-07-02T23:43:10.162+0000] {logging_mixin.py:190} INFO - [2025-07-02T23:43:10.162+0000] {dag.py:4180} INFO - Setting next_dagrun for example_branch_dop_operator_v3 to 2025-07-02 23:42:00+00:00, run_after=2025-07-02 23:43:00+00:00
[2025-07-02T23:43:10.188+0000] {processor.py:208} INFO - Processing /home/airflow/.local/lib/python3.12/site-packages/airflow/example_dags/example_branch_python_dop_operator_3.py took 0.092 seconds
[2025-07-02T23:43:40.428+0000] {processor.py:186} INFO - Started process (PID=1930) to work on /home/airflow/.local/lib/python3.12/site-packages/airflow/example_dags/example_branch_python_dop_operator_3.py
[2025-07-02T23:43:40.429+0000] {processor.py:914} INFO - Processing file /home/airflow/.local/lib/python3.12/site-packages/airflow/example_dags/example_branch_python_dop_operator_3.py for tasks to queue
[2025-07-02T23:43:40.432+0000] {logging_mixin.py:190} INFO - [2025-07-02T23:43:40.432+0000] {dagbag.py:588} INFO - Filling up the DagBag from /home/airflow/.local/lib/python3.12/site-packages/airflow/example_dags/example_branch_python_dop_operator_3.py
[2025-07-02T23:43:40.441+0000] {processor.py:925} INFO - DAG(s) 'example_branch_dop_operator_v3' retrieved from /home/airflow/.local/lib/python3.12/site-packages/airflow/example_dags/example_branch_python_dop_operator_3.py
[2025-07-02T23:43:40.461+0000] {logging_mixin.py:190} INFO - [2025-07-02T23:43:40.461+0000] {dag.py:3239} INFO - Sync 1 DAGs
[2025-07-02T23:43:40.484+0000] {logging_mixin.py:190} INFO - [2025-07-02T23:43:40.484+0000] {dag.py:4180} INFO - Setting next_dagrun for example_branch_dop_operator_v3 to 2025-07-02 23:42:00+00:00, run_after=2025-07-02 23:43:00+00:00
[2025-07-02T23:43:40.503+0000] {processor.py:208} INFO - Processing /home/airflow/.local/lib/python3.12/site-packages/airflow/example_dags/example_branch_python_dop_operator_3.py took 0.084 seconds
[2025-07-02T23:44:11.495+0000] {processor.py:186} INFO - Started process (PID=1992) to work on /home/airflow/.local/lib/python3.12/site-packages/airflow/example_dags/example_branch_python_dop_operator_3.py
[2025-07-02T23:44:11.496+0000] {processor.py:914} INFO - Processing file /home/airflow/.local/lib/python3.12/site-packages/airflow/example_dags/example_branch_python_dop_operator_3.py for tasks to queue
[2025-07-02T23:44:11.499+0000] {logging_mixin.py:190} INFO - [2025-07-02T23:44:11.499+0000] {dagbag.py:588} INFO - Filling up the DagBag from /home/airflow/.local/lib/python3.12/site-packages/airflow/example_dags/example_branch_python_dop_operator_3.py
[2025-07-02T23:44:11.510+0000] {processor.py:925} INFO - DAG(s) 'example_branch_dop_operator_v3' retrieved from /home/airflow/.local/lib/python3.12/site-packages/airflow/example_dags/example_branch_python_dop_operator_3.py
[2025-07-02T23:44:11.530+0000] {logging_mixin.py:190} INFO - [2025-07-02T23:44:11.530+0000] {dag.py:3239} INFO - Sync 1 DAGs
[2025-07-02T23:44:11.556+0000] {logging_mixin.py:190} INFO - [2025-07-02T23:44:11.556+0000] {dag.py:4180} INFO - Setting next_dagrun for example_branch_dop_operator_v3 to 2025-07-02 23:43:00+00:00, run_after=2025-07-02 23:44:00+00:00
[2025-07-02T23:44:11.576+0000] {processor.py:208} INFO - Processing /home/airflow/.local/lib/python3.12/site-packages/airflow/example_dags/example_branch_python_dop_operator_3.py took 0.087 seconds
[2025-07-02T23:44:42.361+0000] {processor.py:186} INFO - Started process (PID=2054) to work on /home/airflow/.local/lib/python3.12/site-packages/airflow/example_dags/example_branch_python_dop_operator_3.py
[2025-07-02T23:44:42.364+0000] {processor.py:914} INFO - Processing file /home/airflow/.local/lib/python3.12/site-packages/airflow/example_dags/example_branch_python_dop_operator_3.py for tasks to queue
[2025-07-02T23:44:42.369+0000] {logging_mixin.py:190} INFO - [2025-07-02T23:44:42.368+0000] {dagbag.py:588} INFO - Filling up the DagBag from /home/airflow/.local/lib/python3.12/site-packages/airflow/example_dags/example_branch_python_dop_operator_3.py
[2025-07-02T23:44:42.387+0000] {processor.py:925} INFO - DAG(s) 'example_branch_dop_operator_v3' retrieved from /home/airflow/.local/lib/python3.12/site-packages/airflow/example_dags/example_branch_python_dop_operator_3.py
[2025-07-02T23:44:42.422+0000] {logging_mixin.py:190} INFO - [2025-07-02T23:44:42.422+0000] {dag.py:3239} INFO - Sync 1 DAGs
[2025-07-02T23:44:42.462+0000] {logging_mixin.py:190} INFO - [2025-07-02T23:44:42.462+0000] {dag.py:4180} INFO - Setting next_dagrun for example_branch_dop_operator_v3 to 2025-07-02 23:43:00+00:00, run_after=2025-07-02 23:44:00+00:00
[2025-07-02T23:44:42.486+0000] {processor.py:208} INFO - Processing /home/airflow/.local/lib/python3.12/site-packages/airflow/example_dags/example_branch_python_dop_operator_3.py took 0.135 seconds
[2025-07-02T23:45:12.538+0000] {processor.py:186} INFO - Started process (PID=2116) to work on /home/airflow/.local/lib/python3.12/site-packages/airflow/example_dags/example_branch_python_dop_operator_3.py
[2025-07-02T23:45:12.539+0000] {processor.py:914} INFO - Processing file /home/airflow/.local/lib/python3.12/site-packages/airflow/example_dags/example_branch_python_dop_operator_3.py for tasks to queue
[2025-07-02T23:45:12.543+0000] {logging_mixin.py:190} INFO - [2025-07-02T23:45:12.542+0000] {dagbag.py:588} INFO - Filling up the DagBag from /home/airflow/.local/lib/python3.12/site-packages/airflow/example_dags/example_branch_python_dop_operator_3.py
[2025-07-02T23:45:12.557+0000] {processor.py:925} INFO - DAG(s) 'example_branch_dop_operator_v3' retrieved from /home/airflow/.local/lib/python3.12/site-packages/airflow/example_dags/example_branch_python_dop_operator_3.py
[2025-07-02T23:45:12.578+0000] {logging_mixin.py:190} INFO - [2025-07-02T23:45:12.578+0000] {dag.py:3239} INFO - Sync 1 DAGs
[2025-07-02T23:45:12.603+0000] {logging_mixin.py:190} INFO - [2025-07-02T23:45:12.603+0000] {dag.py:4180} INFO - Setting next_dagrun for example_branch_dop_operator_v3 to 2025-07-02 23:44:00+00:00, run_after=2025-07-02 23:45:00+00:00
[2025-07-02T23:45:12.619+0000] {processor.py:208} INFO - Processing /home/airflow/.local/lib/python3.12/site-packages/airflow/example_dags/example_branch_python_dop_operator_3.py took 0.086 seconds
[2025-07-02T23:45:42.784+0000] {processor.py:186} INFO - Started process (PID=2178) to work on /home/airflow/.local/lib/python3.12/site-packages/airflow/example_dags/example_branch_python_dop_operator_3.py
[2025-07-02T23:45:42.785+0000] {processor.py:914} INFO - Processing file /home/airflow/.local/lib/python3.12/site-packages/airflow/example_dags/example_branch_python_dop_operator_3.py for tasks to queue
[2025-07-02T23:45:42.787+0000] {logging_mixin.py:190} INFO - [2025-07-02T23:45:42.787+0000] {dagbag.py:588} INFO - Filling up the DagBag from /home/airflow/.local/lib/python3.12/site-packages/airflow/example_dags/example_branch_python_dop_operator_3.py
[2025-07-02T23:45:42.797+0000] {processor.py:925} INFO - DAG(s) 'example_branch_dop_operator_v3' retrieved from /home/airflow/.local/lib/python3.12/site-packages/airflow/example_dags/example_branch_python_dop_operator_3.py
[2025-07-02T23:45:42.819+0000] {logging_mixin.py:190} INFO - [2025-07-02T23:45:42.818+0000] {dag.py:3239} INFO - Sync 1 DAGs
[2025-07-02T23:45:42.846+0000] {logging_mixin.py:190} INFO - [2025-07-02T23:45:42.846+0000] {dag.py:4180} INFO - Setting next_dagrun for example_branch_dop_operator_v3 to 2025-07-02 23:44:00+00:00, run_after=2025-07-02 23:45:00+00:00
[2025-07-02T23:45:42.861+0000] {processor.py:208} INFO - Processing /home/airflow/.local/lib/python3.12/site-packages/airflow/example_dags/example_branch_python_dop_operator_3.py took 0.083 seconds
[2025-07-02T23:46:13.216+0000] {processor.py:186} INFO - Started process (PID=2240) to work on /home/airflow/.local/lib/python3.12/site-packages/airflow/example_dags/example_branch_python_dop_operator_3.py
[2025-07-02T23:46:13.217+0000] {processor.py:914} INFO - Processing file /home/airflow/.local/lib/python3.12/site-packages/airflow/example_dags/example_branch_python_dop_operator_3.py for tasks to queue
[2025-07-02T23:46:13.220+0000] {logging_mixin.py:190} INFO - [2025-07-02T23:46:13.219+0000] {dagbag.py:588} INFO - Filling up the DagBag from /home/airflow/.local/lib/python3.12/site-packages/airflow/example_dags/example_branch_python_dop_operator_3.py
[2025-07-02T23:46:13.230+0000] {processor.py:925} INFO - DAG(s) 'example_branch_dop_operator_v3' retrieved from /home/airflow/.local/lib/python3.12/site-packages/airflow/example_dags/example_branch_python_dop_operator_3.py
[2025-07-02T23:46:13.253+0000] {logging_mixin.py:190} INFO - [2025-07-02T23:46:13.253+0000] {dag.py:3239} INFO - Sync 1 DAGs
[2025-07-02T23:46:13.286+0000] {logging_mixin.py:190} INFO - [2025-07-02T23:46:13.286+0000] {dag.py:4180} INFO - Setting next_dagrun for example_branch_dop_operator_v3 to 2025-07-02 23:45:00+00:00, run_after=2025-07-02 23:46:00+00:00
[2025-07-02T23:46:13.311+0000] {processor.py:208} INFO - Processing /home/airflow/.local/lib/python3.12/site-packages/airflow/example_dags/example_branch_python_dop_operator_3.py took 0.100 seconds
[2025-07-02T23:46:43.843+0000] {processor.py:186} INFO - Started process (PID=2302) to work on /home/airflow/.local/lib/python3.12/site-packages/airflow/example_dags/example_branch_python_dop_operator_3.py
[2025-07-02T23:46:43.844+0000] {processor.py:914} INFO - Processing file /home/airflow/.local/lib/python3.12/site-packages/airflow/example_dags/example_branch_python_dop_operator_3.py for tasks to queue
[2025-07-02T23:46:43.848+0000] {logging_mixin.py:190} INFO - [2025-07-02T23:46:43.847+0000] {dagbag.py:588} INFO - Filling up the DagBag from /home/airflow/.local/lib/python3.12/site-packages/airflow/example_dags/example_branch_python_dop_operator_3.py
[2025-07-02T23:46:43.864+0000] {processor.py:925} INFO - DAG(s) 'example_branch_dop_operator_v3' retrieved from /home/airflow/.local/lib/python3.12/site-packages/airflow/example_dags/example_branch_python_dop_operator_3.py
[2025-07-02T23:46:43.890+0000] {logging_mixin.py:190} INFO - [2025-07-02T23:46:43.889+0000] {dag.py:3239} INFO - Sync 1 DAGs
[2025-07-02T23:46:43.932+0000] {logging_mixin.py:190} INFO - [2025-07-02T23:46:43.932+0000] {dag.py:4180} INFO - Setting next_dagrun for example_branch_dop_operator_v3 to 2025-07-02 23:45:00+00:00, run_after=2025-07-02 23:46:00+00:00
[2025-07-02T23:46:43.952+0000] {processor.py:208} INFO - Processing /home/airflow/.local/lib/python3.12/site-packages/airflow/example_dags/example_branch_python_dop_operator_3.py took 0.118 seconds
[2025-07-02T23:47:14.052+0000] {processor.py:186} INFO - Started process (PID=2364) to work on /home/airflow/.local/lib/python3.12/site-packages/airflow/example_dags/example_branch_python_dop_operator_3.py
[2025-07-02T23:47:14.053+0000] {processor.py:914} INFO - Processing file /home/airflow/.local/lib/python3.12/site-packages/airflow/example_dags/example_branch_python_dop_operator_3.py for tasks to queue
[2025-07-02T23:47:14.056+0000] {logging_mixin.py:190} INFO - [2025-07-02T23:47:14.055+0000] {dagbag.py:588} INFO - Filling up the DagBag from /home/airflow/.local/lib/python3.12/site-packages/airflow/example_dags/example_branch_python_dop_operator_3.py
[2025-07-02T23:47:14.069+0000] {processor.py:925} INFO - DAG(s) 'example_branch_dop_operator_v3' retrieved from /home/airflow/.local/lib/python3.12/site-packages/airflow/example_dags/example_branch_python_dop_operator_3.py
[2025-07-02T23:47:14.090+0000] {logging_mixin.py:190} INFO - [2025-07-02T23:47:14.090+0000] {dag.py:3239} INFO - Sync 1 DAGs
[2025-07-02T23:47:14.121+0000] {logging_mixin.py:190} INFO - [2025-07-02T23:47:14.120+0000] {dag.py:4180} INFO - Setting next_dagrun for example_branch_dop_operator_v3 to 2025-07-02 23:46:00+00:00, run_after=2025-07-02 23:47:00+00:00
[2025-07-02T23:47:14.141+0000] {processor.py:208} INFO - Processing /home/airflow/.local/lib/python3.12/site-packages/airflow/example_dags/example_branch_python_dop_operator_3.py took 0.096 seconds
[2025-07-02T23:47:44.402+0000] {processor.py:186} INFO - Started process (PID=2426) to work on /home/airflow/.local/lib/python3.12/site-packages/airflow/example_dags/example_branch_python_dop_operator_3.py
[2025-07-02T23:47:44.403+0000] {processor.py:914} INFO - Processing file /home/airflow/.local/lib/python3.12/site-packages/airflow/example_dags/example_branch_python_dop_operator_3.py for tasks to queue
[2025-07-02T23:47:44.406+0000] {logging_mixin.py:190} INFO - [2025-07-02T23:47:44.405+0000] {dagbag.py:588} INFO - Filling up the DagBag from /home/airflow/.local/lib/python3.12/site-packages/airflow/example_dags/example_branch_python_dop_operator_3.py
[2025-07-02T23:47:44.418+0000] {processor.py:925} INFO - DAG(s) 'example_branch_dop_operator_v3' retrieved from /home/airflow/.local/lib/python3.12/site-packages/airflow/example_dags/example_branch_python_dop_operator_3.py
[2025-07-02T23:47:44.437+0000] {logging_mixin.py:190} INFO - [2025-07-02T23:47:44.437+0000] {dag.py:3239} INFO - Sync 1 DAGs
[2025-07-02T23:47:44.462+0000] {logging_mixin.py:190} INFO - [2025-07-02T23:47:44.462+0000] {dag.py:4180} INFO - Setting next_dagrun for example_branch_dop_operator_v3 to 2025-07-02 23:46:00+00:00, run_after=2025-07-02 23:47:00+00:00
[2025-07-02T23:47:44.479+0000] {processor.py:208} INFO - Processing /home/airflow/.local/lib/python3.12/site-packages/airflow/example_dags/example_branch_python_dop_operator_3.py took 0.083 seconds
[2025-07-02T23:48:14.693+0000] {processor.py:186} INFO - Started process (PID=2488) to work on /home/airflow/.local/lib/python3.12/site-packages/airflow/example_dags/example_branch_python_dop_operator_3.py
[2025-07-02T23:48:14.695+0000] {processor.py:914} INFO - Processing file /home/airflow/.local/lib/python3.12/site-packages/airflow/example_dags/example_branch_python_dop_operator_3.py for tasks to queue
[2025-07-02T23:48:14.697+0000] {logging_mixin.py:190} INFO - [2025-07-02T23:48:14.697+0000] {dagbag.py:588} INFO - Filling up the DagBag from /home/airflow/.local/lib/python3.12/site-packages/airflow/example_dags/example_branch_python_dop_operator_3.py
[2025-07-02T23:48:14.710+0000] {processor.py:925} INFO - DAG(s) 'example_branch_dop_operator_v3' retrieved from /home/airflow/.local/lib/python3.12/site-packages/airflow/example_dags/example_branch_python_dop_operator_3.py
[2025-07-02T23:48:14.739+0000] {logging_mixin.py:190} INFO - [2025-07-02T23:48:14.738+0000] {dag.py:3239} INFO - Sync 1 DAGs
[2025-07-02T23:48:14.772+0000] {logging_mixin.py:190} INFO - [2025-07-02T23:48:14.771+0000] {dag.py:4180} INFO - Setting next_dagrun for example_branch_dop_operator_v3 to 2025-07-02 23:47:00+00:00, run_after=2025-07-02 23:48:00+00:00
[2025-07-02T23:48:14.797+0000] {processor.py:208} INFO - Processing /home/airflow/.local/lib/python3.12/site-packages/airflow/example_dags/example_branch_python_dop_operator_3.py took 0.110 seconds
[2025-07-02T23:48:44.888+0000] {processor.py:186} INFO - Started process (PID=2550) to work on /home/airflow/.local/lib/python3.12/site-packages/airflow/example_dags/example_branch_python_dop_operator_3.py
[2025-07-02T23:48:44.889+0000] {processor.py:914} INFO - Processing file /home/airflow/.local/lib/python3.12/site-packages/airflow/example_dags/example_branch_python_dop_operator_3.py for tasks to queue
[2025-07-02T23:48:44.893+0000] {logging_mixin.py:190} INFO - [2025-07-02T23:48:44.893+0000] {dagbag.py:588} INFO - Filling up the DagBag from /home/airflow/.local/lib/python3.12/site-packages/airflow/example_dags/example_branch_python_dop_operator_3.py
[2025-07-02T23:48:44.907+0000] {processor.py:925} INFO - DAG(s) 'example_branch_dop_operator_v3' retrieved from /home/airflow/.local/lib/python3.12/site-packages/airflow/example_dags/example_branch_python_dop_operator_3.py
[2025-07-02T23:48:44.928+0000] {logging_mixin.py:190} INFO - [2025-07-02T23:48:44.928+0000] {dag.py:3239} INFO - Sync 1 DAGs
[2025-07-02T23:48:44.967+0000] {logging_mixin.py:190} INFO - [2025-07-02T23:48:44.966+0000] {dag.py:4180} INFO - Setting next_dagrun for example_branch_dop_operator_v3 to 2025-07-02 23:47:00+00:00, run_after=2025-07-02 23:48:00+00:00
[2025-07-02T23:48:45.007+0000] {processor.py:208} INFO - Processing /home/airflow/.local/lib/python3.12/site-packages/airflow/example_dags/example_branch_python_dop_operator_3.py took 0.126 seconds
[2025-07-02T23:49:15.276+0000] {processor.py:186} INFO - Started process (PID=2612) to work on /home/airflow/.local/lib/python3.12/site-packages/airflow/example_dags/example_branch_python_dop_operator_3.py
[2025-07-02T23:49:15.277+0000] {processor.py:914} INFO - Processing file /home/airflow/.local/lib/python3.12/site-packages/airflow/example_dags/example_branch_python_dop_operator_3.py for tasks to queue
[2025-07-02T23:49:15.280+0000] {logging_mixin.py:190} INFO - [2025-07-02T23:49:15.280+0000] {dagbag.py:588} INFO - Filling up the DagBag from /home/airflow/.local/lib/python3.12/site-packages/airflow/example_dags/example_branch_python_dop_operator_3.py
[2025-07-02T23:49:15.291+0000] {processor.py:925} INFO - DAG(s) 'example_branch_dop_operator_v3' retrieved from /home/airflow/.local/lib/python3.12/site-packages/airflow/example_dags/example_branch_python_dop_operator_3.py
[2025-07-02T23:49:15.311+0000] {logging_mixin.py:190} INFO - [2025-07-02T23:49:15.310+0000] {dag.py:3239} INFO - Sync 1 DAGs
[2025-07-02T23:49:15.352+0000] {logging_mixin.py:190} INFO - [2025-07-02T23:49:15.352+0000] {dag.py:4180} INFO - Setting next_dagrun for example_branch_dop_operator_v3 to 2025-07-02 23:48:00+00:00, run_after=2025-07-02 23:49:00+00:00
[2025-07-02T23:49:15.379+0000] {processor.py:208} INFO - Processing /home/airflow/.local/lib/python3.12/site-packages/airflow/example_dags/example_branch_python_dop_operator_3.py took 0.109 seconds
[2025-07-02T23:49:45.693+0000] {processor.py:186} INFO - Started process (PID=2674) to work on /home/airflow/.local/lib/python3.12/site-packages/airflow/example_dags/example_branch_python_dop_operator_3.py
[2025-07-02T23:49:45.694+0000] {processor.py:914} INFO - Processing file /home/airflow/.local/lib/python3.12/site-packages/airflow/example_dags/example_branch_python_dop_operator_3.py for tasks to queue
[2025-07-02T23:49:45.697+0000] {logging_mixin.py:190} INFO - [2025-07-02T23:49:45.696+0000] {dagbag.py:588} INFO - Filling up the DagBag from /home/airflow/.local/lib/python3.12/site-packages/airflow/example_dags/example_branch_python_dop_operator_3.py
[2025-07-02T23:49:45.706+0000] {processor.py:925} INFO - DAG(s) 'example_branch_dop_operator_v3' retrieved from /home/airflow/.local/lib/python3.12/site-packages/airflow/example_dags/example_branch_python_dop_operator_3.py
[2025-07-02T23:49:45.728+0000] {logging_mixin.py:190} INFO - [2025-07-02T23:49:45.728+0000] {dag.py:3239} INFO - Sync 1 DAGs
[2025-07-02T23:49:45.756+0000] {logging_mixin.py:190} INFO - [2025-07-02T23:49:45.756+0000] {dag.py:4180} INFO - Setting next_dagrun for example_branch_dop_operator_v3 to 2025-07-02 23:48:00+00:00, run_after=2025-07-02 23:49:00+00:00
[2025-07-02T23:49:45.775+0000] {processor.py:208} INFO - Processing /home/airflow/.local/lib/python3.12/site-packages/airflow/example_dags/example_branch_python_dop_operator_3.py took 0.088 seconds
[2025-07-02T23:50:16.110+0000] {processor.py:186} INFO - Started process (PID=2736) to work on /home/airflow/.local/lib/python3.12/site-packages/airflow/example_dags/example_branch_python_dop_operator_3.py
[2025-07-02T23:50:16.111+0000] {processor.py:914} INFO - Processing file /home/airflow/.local/lib/python3.12/site-packages/airflow/example_dags/example_branch_python_dop_operator_3.py for tasks to queue
[2025-07-02T23:50:16.114+0000] {logging_mixin.py:190} INFO - [2025-07-02T23:50:16.113+0000] {dagbag.py:588} INFO - Filling up the DagBag from /home/airflow/.local/lib/python3.12/site-packages/airflow/example_dags/example_branch_python_dop_operator_3.py
[2025-07-02T23:50:16.123+0000] {processor.py:925} INFO - DAG(s) 'example_branch_dop_operator_v3' retrieved from /home/airflow/.local/lib/python3.12/site-packages/airflow/example_dags/example_branch_python_dop_operator_3.py
[2025-07-02T23:50:16.141+0000] {logging_mixin.py:190} INFO - [2025-07-02T23:50:16.141+0000] {dag.py:3239} INFO - Sync 1 DAGs
[2025-07-02T23:50:16.168+0000] {logging_mixin.py:190} INFO - [2025-07-02T23:50:16.168+0000] {dag.py:4180} INFO - Setting next_dagrun for example_branch_dop_operator_v3 to 2025-07-02 23:49:00+00:00, run_after=2025-07-02 23:50:00+00:00
[2025-07-02T23:50:16.184+0000] {processor.py:208} INFO - Processing /home/airflow/.local/lib/python3.12/site-packages/airflow/example_dags/example_branch_python_dop_operator_3.py took 0.080 seconds
[2025-07-02T23:50:46.506+0000] {processor.py:186} INFO - Started process (PID=2798) to work on /home/airflow/.local/lib/python3.12/site-packages/airflow/example_dags/example_branch_python_dop_operator_3.py
[2025-07-02T23:50:46.511+0000] {processor.py:914} INFO - Processing file /home/airflow/.local/lib/python3.12/site-packages/airflow/example_dags/example_branch_python_dop_operator_3.py for tasks to queue
[2025-07-02T23:50:46.514+0000] {logging_mixin.py:190} INFO - [2025-07-02T23:50:46.513+0000] {dagbag.py:588} INFO - Filling up the DagBag from /home/airflow/.local/lib/python3.12/site-packages/airflow/example_dags/example_branch_python_dop_operator_3.py
[2025-07-02T23:50:46.525+0000] {processor.py:925} INFO - DAG(s) 'example_branch_dop_operator_v3' retrieved from /home/airflow/.local/lib/python3.12/site-packages/airflow/example_dags/example_branch_python_dop_operator_3.py
[2025-07-02T23:50:46.546+0000] {logging_mixin.py:190} INFO - [2025-07-02T23:50:46.545+0000] {dag.py:3239} INFO - Sync 1 DAGs
[2025-07-02T23:50:46.571+0000] {logging_mixin.py:190} INFO - [2025-07-02T23:50:46.571+0000] {dag.py:4180} INFO - Setting next_dagrun for example_branch_dop_operator_v3 to 2025-07-02 23:49:00+00:00, run_after=2025-07-02 23:50:00+00:00
[2025-07-02T23:50:46.591+0000] {processor.py:208} INFO - Processing /home/airflow/.local/lib/python3.12/site-packages/airflow/example_dags/example_branch_python_dop_operator_3.py took 0.090 seconds
[2025-07-02T23:51:16.724+0000] {processor.py:186} INFO - Started process (PID=2860) to work on /home/airflow/.local/lib/python3.12/site-packages/airflow/example_dags/example_branch_python_dop_operator_3.py
[2025-07-02T23:51:16.726+0000] {processor.py:914} INFO - Processing file /home/airflow/.local/lib/python3.12/site-packages/airflow/example_dags/example_branch_python_dop_operator_3.py for tasks to queue
[2025-07-02T23:51:16.728+0000] {logging_mixin.py:190} INFO - [2025-07-02T23:51:16.728+0000] {dagbag.py:588} INFO - Filling up the DagBag from /home/airflow/.local/lib/python3.12/site-packages/airflow/example_dags/example_branch_python_dop_operator_3.py
[2025-07-02T23:51:16.738+0000] {processor.py:925} INFO - DAG(s) 'example_branch_dop_operator_v3' retrieved from /home/airflow/.local/lib/python3.12/site-packages/airflow/example_dags/example_branch_python_dop_operator_3.py
[2025-07-02T23:51:16.757+0000] {logging_mixin.py:190} INFO - [2025-07-02T23:51:16.757+0000] {dag.py:3239} INFO - Sync 1 DAGs
[2025-07-02T23:51:16.782+0000] {logging_mixin.py:190} INFO - [2025-07-02T23:51:16.782+0000] {dag.py:4180} INFO - Setting next_dagrun for example_branch_dop_operator_v3 to 2025-07-02 23:50:00+00:00, run_after=2025-07-02 23:51:00+00:00
[2025-07-02T23:51:16.798+0000] {processor.py:208} INFO - Processing /home/airflow/.local/lib/python3.12/site-packages/airflow/example_dags/example_branch_python_dop_operator_3.py took 0.079 seconds
[2025-07-02T23:51:47.104+0000] {processor.py:186} INFO - Started process (PID=2923) to work on /home/airflow/.local/lib/python3.12/site-packages/airflow/example_dags/example_branch_python_dop_operator_3.py
[2025-07-02T23:51:47.105+0000] {processor.py:914} INFO - Processing file /home/airflow/.local/lib/python3.12/site-packages/airflow/example_dags/example_branch_python_dop_operator_3.py for tasks to queue
[2025-07-02T23:51:47.108+0000] {logging_mixin.py:190} INFO - [2025-07-02T23:51:47.107+0000] {dagbag.py:588} INFO - Filling up the DagBag from /home/airflow/.local/lib/python3.12/site-packages/airflow/example_dags/example_branch_python_dop_operator_3.py
[2025-07-02T23:51:47.118+0000] {processor.py:925} INFO - DAG(s) 'example_branch_dop_operator_v3' retrieved from /home/airflow/.local/lib/python3.12/site-packages/airflow/example_dags/example_branch_python_dop_operator_3.py
[2025-07-02T23:51:47.140+0000] {logging_mixin.py:190} INFO - [2025-07-02T23:51:47.140+0000] {dag.py:3239} INFO - Sync 1 DAGs
[2025-07-02T23:51:47.164+0000] {logging_mixin.py:190} INFO - [2025-07-02T23:51:47.163+0000] {dag.py:4180} INFO - Setting next_dagrun for example_branch_dop_operator_v3 to 2025-07-02 23:50:00+00:00, run_after=2025-07-02 23:51:00+00:00
[2025-07-02T23:51:47.181+0000] {processor.py:208} INFO - Processing /home/airflow/.local/lib/python3.12/site-packages/airflow/example_dags/example_branch_python_dop_operator_3.py took 0.082 seconds
[2025-07-02T23:52:17.341+0000] {processor.py:186} INFO - Started process (PID=2985) to work on /home/airflow/.local/lib/python3.12/site-packages/airflow/example_dags/example_branch_python_dop_operator_3.py
[2025-07-02T23:52:17.341+0000] {processor.py:914} INFO - Processing file /home/airflow/.local/lib/python3.12/site-packages/airflow/example_dags/example_branch_python_dop_operator_3.py for tasks to queue
[2025-07-02T23:52:17.344+0000] {logging_mixin.py:190} INFO - [2025-07-02T23:52:17.344+0000] {dagbag.py:588} INFO - Filling up the DagBag from /home/airflow/.local/lib/python3.12/site-packages/airflow/example_dags/example_branch_python_dop_operator_3.py
[2025-07-02T23:52:17.353+0000] {processor.py:925} INFO - DAG(s) 'example_branch_dop_operator_v3' retrieved from /home/airflow/.local/lib/python3.12/site-packages/airflow/example_dags/example_branch_python_dop_operator_3.py
[2025-07-02T23:52:17.372+0000] {logging_mixin.py:190} INFO - [2025-07-02T23:52:17.372+0000] {dag.py:3239} INFO - Sync 1 DAGs
[2025-07-02T23:52:17.397+0000] {logging_mixin.py:190} INFO - [2025-07-02T23:52:17.397+0000] {dag.py:4180} INFO - Setting next_dagrun for example_branch_dop_operator_v3 to 2025-07-02 23:51:00+00:00, run_after=2025-07-02 23:52:00+00:00
[2025-07-02T23:52:17.416+0000] {processor.py:208} INFO - Processing /home/airflow/.local/lib/python3.12/site-packages/airflow/example_dags/example_branch_python_dop_operator_3.py took 0.080 seconds
[2025-07-02T23:52:47.963+0000] {processor.py:186} INFO - Started process (PID=3047) to work on /home/airflow/.local/lib/python3.12/site-packages/airflow/example_dags/example_branch_python_dop_operator_3.py
[2025-07-02T23:52:47.965+0000] {processor.py:914} INFO - Processing file /home/airflow/.local/lib/python3.12/site-packages/airflow/example_dags/example_branch_python_dop_operator_3.py for tasks to queue
[2025-07-02T23:52:47.968+0000] {logging_mixin.py:190} INFO - [2025-07-02T23:52:47.967+0000] {dagbag.py:588} INFO - Filling up the DagBag from /home/airflow/.local/lib/python3.12/site-packages/airflow/example_dags/example_branch_python_dop_operator_3.py
[2025-07-02T23:52:47.977+0000] {processor.py:925} INFO - DAG(s) 'example_branch_dop_operator_v3' retrieved from /home/airflow/.local/lib/python3.12/site-packages/airflow/example_dags/example_branch_python_dop_operator_3.py
[2025-07-02T23:52:47.995+0000] {logging_mixin.py:190} INFO - [2025-07-02T23:52:47.995+0000] {dag.py:3239} INFO - Sync 1 DAGs
[2025-07-02T23:52:48.018+0000] {logging_mixin.py:190} INFO - [2025-07-02T23:52:48.018+0000] {dag.py:4180} INFO - Setting next_dagrun for example_branch_dop_operator_v3 to 2025-07-02 23:51:00+00:00, run_after=2025-07-02 23:52:00+00:00
[2025-07-02T23:52:48.035+0000] {processor.py:208} INFO - Processing /home/airflow/.local/lib/python3.12/site-packages/airflow/example_dags/example_branch_python_dop_operator_3.py took 0.078 seconds
[2025-07-02T23:53:18.695+0000] {processor.py:186} INFO - Started process (PID=3109) to work on /home/airflow/.local/lib/python3.12/site-packages/airflow/example_dags/example_branch_python_dop_operator_3.py
[2025-07-02T23:53:18.697+0000] {processor.py:914} INFO - Processing file /home/airflow/.local/lib/python3.12/site-packages/airflow/example_dags/example_branch_python_dop_operator_3.py for tasks to queue
[2025-07-02T23:53:18.700+0000] {logging_mixin.py:190} INFO - [2025-07-02T23:53:18.700+0000] {dagbag.py:588} INFO - Filling up the DagBag from /home/airflow/.local/lib/python3.12/site-packages/airflow/example_dags/example_branch_python_dop_operator_3.py
[2025-07-02T23:53:18.713+0000] {processor.py:925} INFO - DAG(s) 'example_branch_dop_operator_v3' retrieved from /home/airflow/.local/lib/python3.12/site-packages/airflow/example_dags/example_branch_python_dop_operator_3.py
[2025-07-02T23:53:18.739+0000] {logging_mixin.py:190} INFO - [2025-07-02T23:53:18.739+0000] {dag.py:3239} INFO - Sync 1 DAGs
[2025-07-02T23:53:18.765+0000] {logging_mixin.py:190} INFO - [2025-07-02T23:53:18.765+0000] {dag.py:4180} INFO - Setting next_dagrun for example_branch_dop_operator_v3 to 2025-07-02 23:52:00+00:00, run_after=2025-07-02 23:53:00+00:00
[2025-07-02T23:53:18.782+0000] {processor.py:208} INFO - Processing /home/airflow/.local/lib/python3.12/site-packages/airflow/example_dags/example_branch_python_dop_operator_3.py took 0.094 seconds
[2025-07-02T23:53:48.841+0000] {processor.py:186} INFO - Started process (PID=3171) to work on /home/airflow/.local/lib/python3.12/site-packages/airflow/example_dags/example_branch_python_dop_operator_3.py
[2025-07-02T23:53:48.842+0000] {processor.py:914} INFO - Processing file /home/airflow/.local/lib/python3.12/site-packages/airflow/example_dags/example_branch_python_dop_operator_3.py for tasks to queue
[2025-07-02T23:53:48.844+0000] {logging_mixin.py:190} INFO - [2025-07-02T23:53:48.844+0000] {dagbag.py:588} INFO - Filling up the DagBag from /home/airflow/.local/lib/python3.12/site-packages/airflow/example_dags/example_branch_python_dop_operator_3.py
[2025-07-02T23:53:48.854+0000] {processor.py:925} INFO - DAG(s) 'example_branch_dop_operator_v3' retrieved from /home/airflow/.local/lib/python3.12/site-packages/airflow/example_dags/example_branch_python_dop_operator_3.py
[2025-07-02T23:53:48.873+0000] {logging_mixin.py:190} INFO - [2025-07-02T23:53:48.873+0000] {dag.py:3239} INFO - Sync 1 DAGs
[2025-07-02T23:53:48.897+0000] {logging_mixin.py:190} INFO - [2025-07-02T23:53:48.896+0000] {dag.py:4180} INFO - Setting next_dagrun for example_branch_dop_operator_v3 to 2025-07-02 23:52:00+00:00, run_after=2025-07-02 23:53:00+00:00
[2025-07-02T23:53:48.913+0000] {processor.py:208} INFO - Processing /home/airflow/.local/lib/python3.12/site-packages/airflow/example_dags/example_branch_python_dop_operator_3.py took 0.078 seconds
[2025-07-02T23:54:19.144+0000] {processor.py:186} INFO - Started process (PID=3233) to work on /home/airflow/.local/lib/python3.12/site-packages/airflow/example_dags/example_branch_python_dop_operator_3.py
[2025-07-02T23:54:19.145+0000] {processor.py:914} INFO - Processing file /home/airflow/.local/lib/python3.12/site-packages/airflow/example_dags/example_branch_python_dop_operator_3.py for tasks to queue
[2025-07-02T23:54:19.148+0000] {logging_mixin.py:190} INFO - [2025-07-02T23:54:19.148+0000] {dagbag.py:588} INFO - Filling up the DagBag from /home/airflow/.local/lib/python3.12/site-packages/airflow/example_dags/example_branch_python_dop_operator_3.py
[2025-07-02T23:54:19.157+0000] {processor.py:925} INFO - DAG(s) 'example_branch_dop_operator_v3' retrieved from /home/airflow/.local/lib/python3.12/site-packages/airflow/example_dags/example_branch_python_dop_operator_3.py
[2025-07-02T23:54:19.175+0000] {logging_mixin.py:190} INFO - [2025-07-02T23:54:19.175+0000] {dag.py:3239} INFO - Sync 1 DAGs
[2025-07-02T23:54:19.198+0000] {logging_mixin.py:190} INFO - [2025-07-02T23:54:19.198+0000] {dag.py:4180} INFO - Setting next_dagrun for example_branch_dop_operator_v3 to 2025-07-02 23:53:00+00:00, run_after=2025-07-02 23:54:00+00:00
[2025-07-02T23:54:19.215+0000] {processor.py:208} INFO - Processing /home/airflow/.local/lib/python3.12/site-packages/airflow/example_dags/example_branch_python_dop_operator_3.py took 0.076 seconds
[2025-07-02T23:54:49.831+0000] {processor.py:186} INFO - Started process (PID=3295) to work on /home/airflow/.local/lib/python3.12/site-packages/airflow/example_dags/example_branch_python_dop_operator_3.py
[2025-07-02T23:54:49.832+0000] {processor.py:914} INFO - Processing file /home/airflow/.local/lib/python3.12/site-packages/airflow/example_dags/example_branch_python_dop_operator_3.py for tasks to queue
[2025-07-02T23:54:49.835+0000] {logging_mixin.py:190} INFO - [2025-07-02T23:54:49.835+0000] {dagbag.py:588} INFO - Filling up the DagBag from /home/airflow/.local/lib/python3.12/site-packages/airflow/example_dags/example_branch_python_dop_operator_3.py
[2025-07-02T23:54:49.844+0000] {processor.py:925} INFO - DAG(s) 'example_branch_dop_operator_v3' retrieved from /home/airflow/.local/lib/python3.12/site-packages/airflow/example_dags/example_branch_python_dop_operator_3.py
[2025-07-02T23:54:49.864+0000] {logging_mixin.py:190} INFO - [2025-07-02T23:54:49.863+0000] {dag.py:3239} INFO - Sync 1 DAGs
[2025-07-02T23:54:49.889+0000] {logging_mixin.py:190} INFO - [2025-07-02T23:54:49.889+0000] {dag.py:4180} INFO - Setting next_dagrun for example_branch_dop_operator_v3 to 2025-07-02 23:53:00+00:00, run_after=2025-07-02 23:54:00+00:00
[2025-07-02T23:54:49.910+0000] {processor.py:208} INFO - Processing /home/airflow/.local/lib/python3.12/site-packages/airflow/example_dags/example_branch_python_dop_operator_3.py took 0.085 seconds
[2025-07-02T23:55:20.893+0000] {processor.py:186} INFO - Started process (PID=3357) to work on /home/airflow/.local/lib/python3.12/site-packages/airflow/example_dags/example_branch_python_dop_operator_3.py
[2025-07-02T23:55:20.894+0000] {processor.py:914} INFO - Processing file /home/airflow/.local/lib/python3.12/site-packages/airflow/example_dags/example_branch_python_dop_operator_3.py for tasks to queue
[2025-07-02T23:55:20.897+0000] {logging_mixin.py:190} INFO - [2025-07-02T23:55:20.896+0000] {dagbag.py:588} INFO - Filling up the DagBag from /home/airflow/.local/lib/python3.12/site-packages/airflow/example_dags/example_branch_python_dop_operator_3.py
[2025-07-02T23:55:20.906+0000] {processor.py:925} INFO - DAG(s) 'example_branch_dop_operator_v3' retrieved from /home/airflow/.local/lib/python3.12/site-packages/airflow/example_dags/example_branch_python_dop_operator_3.py
[2025-07-02T23:55:20.924+0000] {logging_mixin.py:190} INFO - [2025-07-02T23:55:20.924+0000] {dag.py:3239} INFO - Sync 1 DAGs
[2025-07-02T23:55:21.097+0000] {logging_mixin.py:190} INFO - [2025-07-02T23:55:21.096+0000] {dag.py:4180} INFO - Setting next_dagrun for example_branch_dop_operator_v3 to 2025-07-02 23:54:00+00:00, run_after=2025-07-02 23:55:00+00:00
[2025-07-02T23:55:21.112+0000] {processor.py:208} INFO - Processing /home/airflow/.local/lib/python3.12/site-packages/airflow/example_dags/example_branch_python_dop_operator_3.py took 0.224 seconds
[2025-07-02T23:55:51.516+0000] {processor.py:186} INFO - Started process (PID=3419) to work on /home/airflow/.local/lib/python3.12/site-packages/airflow/example_dags/example_branch_python_dop_operator_3.py
[2025-07-02T23:55:51.517+0000] {processor.py:914} INFO - Processing file /home/airflow/.local/lib/python3.12/site-packages/airflow/example_dags/example_branch_python_dop_operator_3.py for tasks to queue
[2025-07-02T23:55:51.520+0000] {logging_mixin.py:190} INFO - [2025-07-02T23:55:51.520+0000] {dagbag.py:588} INFO - Filling up the DagBag from /home/airflow/.local/lib/python3.12/site-packages/airflow/example_dags/example_branch_python_dop_operator_3.py
[2025-07-02T23:55:51.532+0000] {processor.py:925} INFO - DAG(s) 'example_branch_dop_operator_v3' retrieved from /home/airflow/.local/lib/python3.12/site-packages/airflow/example_dags/example_branch_python_dop_operator_3.py
[2025-07-02T23:55:51.555+0000] {logging_mixin.py:190} INFO - [2025-07-02T23:55:51.555+0000] {dag.py:3239} INFO - Sync 1 DAGs
[2025-07-02T23:55:51.584+0000] {logging_mixin.py:190} INFO - [2025-07-02T23:55:51.584+0000] {dag.py:4180} INFO - Setting next_dagrun for example_branch_dop_operator_v3 to 2025-07-02 23:54:00+00:00, run_after=2025-07-02 23:55:00+00:00
[2025-07-02T23:55:51.749+0000] {processor.py:208} INFO - Processing /home/airflow/.local/lib/python3.12/site-packages/airflow/example_dags/example_branch_python_dop_operator_3.py took 0.239 seconds
[2025-07-02T23:56:21.958+0000] {processor.py:186} INFO - Started process (PID=3481) to work on /home/airflow/.local/lib/python3.12/site-packages/airflow/example_dags/example_branch_python_dop_operator_3.py
[2025-07-02T23:56:21.959+0000] {processor.py:914} INFO - Processing file /home/airflow/.local/lib/python3.12/site-packages/airflow/example_dags/example_branch_python_dop_operator_3.py for tasks to queue
[2025-07-02T23:56:21.962+0000] {logging_mixin.py:190} INFO - [2025-07-02T23:56:21.961+0000] {dagbag.py:588} INFO - Filling up the DagBag from /home/airflow/.local/lib/python3.12/site-packages/airflow/example_dags/example_branch_python_dop_operator_3.py
[2025-07-02T23:56:21.971+0000] {processor.py:925} INFO - DAG(s) 'example_branch_dop_operator_v3' retrieved from /home/airflow/.local/lib/python3.12/site-packages/airflow/example_dags/example_branch_python_dop_operator_3.py
[2025-07-02T23:56:21.989+0000] {logging_mixin.py:190} INFO - [2025-07-02T23:56:21.989+0000] {dag.py:3239} INFO - Sync 1 DAGs
[2025-07-02T23:56:22.013+0000] {logging_mixin.py:190} INFO - [2025-07-02T23:56:22.013+0000] {dag.py:4180} INFO - Setting next_dagrun for example_branch_dop_operator_v3 to 2025-07-02 23:55:00+00:00, run_after=2025-07-02 23:56:00+00:00
[2025-07-02T23:56:22.035+0000] {processor.py:208} INFO - Processing /home/airflow/.local/lib/python3.12/site-packages/airflow/example_dags/example_branch_python_dop_operator_3.py took 0.082 seconds
[2025-07-02T23:56:52.537+0000] {processor.py:186} INFO - Started process (PID=3543) to work on /home/airflow/.local/lib/python3.12/site-packages/airflow/example_dags/example_branch_python_dop_operator_3.py
[2025-07-02T23:56:52.539+0000] {processor.py:914} INFO - Processing file /home/airflow/.local/lib/python3.12/site-packages/airflow/example_dags/example_branch_python_dop_operator_3.py for tasks to queue
[2025-07-02T23:56:52.542+0000] {logging_mixin.py:190} INFO - [2025-07-02T23:56:52.542+0000] {dagbag.py:588} INFO - Filling up the DagBag from /home/airflow/.local/lib/python3.12/site-packages/airflow/example_dags/example_branch_python_dop_operator_3.py
[2025-07-02T23:56:52.554+0000] {processor.py:925} INFO - DAG(s) 'example_branch_dop_operator_v3' retrieved from /home/airflow/.local/lib/python3.12/site-packages/airflow/example_dags/example_branch_python_dop_operator_3.py
[2025-07-02T23:56:52.574+0000] {logging_mixin.py:190} INFO - [2025-07-02T23:56:52.573+0000] {dag.py:3239} INFO - Sync 1 DAGs
[2025-07-02T23:56:52.596+0000] {logging_mixin.py:190} INFO - [2025-07-02T23:56:52.595+0000] {dag.py:4180} INFO - Setting next_dagrun for example_branch_dop_operator_v3 to 2025-07-02 23:55:00+00:00, run_after=2025-07-02 23:56:00+00:00
[2025-07-02T23:56:52.612+0000] {processor.py:208} INFO - Processing /home/airflow/.local/lib/python3.12/site-packages/airflow/example_dags/example_branch_python_dop_operator_3.py took 0.082 seconds
[2025-07-02T23:57:23.193+0000] {processor.py:186} INFO - Started process (PID=3605) to work on /home/airflow/.local/lib/python3.12/site-packages/airflow/example_dags/example_branch_python_dop_operator_3.py
[2025-07-02T23:57:23.194+0000] {processor.py:914} INFO - Processing file /home/airflow/.local/lib/python3.12/site-packages/airflow/example_dags/example_branch_python_dop_operator_3.py for tasks to queue
[2025-07-02T23:57:23.197+0000] {logging_mixin.py:190} INFO - [2025-07-02T23:57:23.197+0000] {dagbag.py:588} INFO - Filling up the DagBag from /home/airflow/.local/lib/python3.12/site-packages/airflow/example_dags/example_branch_python_dop_operator_3.py
[2025-07-02T23:57:23.207+0000] {processor.py:925} INFO - DAG(s) 'example_branch_dop_operator_v3' retrieved from /home/airflow/.local/lib/python3.12/site-packages/airflow/example_dags/example_branch_python_dop_operator_3.py
[2025-07-02T23:57:23.225+0000] {logging_mixin.py:190} INFO - [2025-07-02T23:57:23.225+0000] {dag.py:3239} INFO - Sync 1 DAGs
[2025-07-02T23:57:23.248+0000] {logging_mixin.py:190} INFO - [2025-07-02T23:57:23.247+0000] {dag.py:4180} INFO - Setting next_dagrun for example_branch_dop_operator_v3 to 2025-07-02 23:56:00+00:00, run_after=2025-07-02 23:57:00+00:00
[2025-07-02T23:57:23.266+0000] {processor.py:208} INFO - Processing /home/airflow/.local/lib/python3.12/site-packages/airflow/example_dags/example_branch_python_dop_operator_3.py took 0.078 seconds
[2025-07-02T23:57:53.793+0000] {processor.py:186} INFO - Started process (PID=3667) to work on /home/airflow/.local/lib/python3.12/site-packages/airflow/example_dags/example_branch_python_dop_operator_3.py
[2025-07-02T23:57:53.795+0000] {processor.py:914} INFO - Processing file /home/airflow/.local/lib/python3.12/site-packages/airflow/example_dags/example_branch_python_dop_operator_3.py for tasks to queue
[2025-07-02T23:57:53.798+0000] {logging_mixin.py:190} INFO - [2025-07-02T23:57:53.797+0000] {dagbag.py:588} INFO - Filling up the DagBag from /home/airflow/.local/lib/python3.12/site-packages/airflow/example_dags/example_branch_python_dop_operator_3.py
[2025-07-02T23:57:53.812+0000] {processor.py:925} INFO - DAG(s) 'example_branch_dop_operator_v3' retrieved from /home/airflow/.local/lib/python3.12/site-packages/airflow/example_dags/example_branch_python_dop_operator_3.py
[2025-07-02T23:57:53.833+0000] {logging_mixin.py:190} INFO - [2025-07-02T23:57:53.833+0000] {dag.py:3239} INFO - Sync 1 DAGs
[2025-07-02T23:57:53.861+0000] {logging_mixin.py:190} INFO - [2025-07-02T23:57:53.861+0000] {dag.py:4180} INFO - Setting next_dagrun for example_branch_dop_operator_v3 to 2025-07-02 23:56:00+00:00, run_after=2025-07-02 23:57:00+00:00
[2025-07-02T23:57:53.880+0000] {processor.py:208} INFO - Processing /home/airflow/.local/lib/python3.12/site-packages/airflow/example_dags/example_branch_python_dop_operator_3.py took 0.092 seconds
[2025-07-02T23:58:24.232+0000] {processor.py:186} INFO - Started process (PID=3729) to work on /home/airflow/.local/lib/python3.12/site-packages/airflow/example_dags/example_branch_python_dop_operator_3.py
[2025-07-02T23:58:24.233+0000] {processor.py:914} INFO - Processing file /home/airflow/.local/lib/python3.12/site-packages/airflow/example_dags/example_branch_python_dop_operator_3.py for tasks to queue
[2025-07-02T23:58:24.235+0000] {logging_mixin.py:190} INFO - [2025-07-02T23:58:24.235+0000] {dagbag.py:588} INFO - Filling up the DagBag from /home/airflow/.local/lib/python3.12/site-packages/airflow/example_dags/example_branch_python_dop_operator_3.py
[2025-07-02T23:58:24.245+0000] {processor.py:925} INFO - DAG(s) 'example_branch_dop_operator_v3' retrieved from /home/airflow/.local/lib/python3.12/site-packages/airflow/example_dags/example_branch_python_dop_operator_3.py
[2025-07-02T23:58:24.264+0000] {logging_mixin.py:190} INFO - [2025-07-02T23:58:24.264+0000] {dag.py:3239} INFO - Sync 1 DAGs
[2025-07-02T23:58:24.288+0000] {logging_mixin.py:190} INFO - [2025-07-02T23:58:24.288+0000] {dag.py:4180} INFO - Setting next_dagrun for example_branch_dop_operator_v3 to 2025-07-02 23:57:00+00:00, run_after=2025-07-02 23:58:00+00:00
[2025-07-02T23:58:24.306+0000] {processor.py:208} INFO - Processing /home/airflow/.local/lib/python3.12/site-packages/airflow/example_dags/example_branch_python_dop_operator_3.py took 0.079 seconds
[2025-07-02T23:58:54.731+0000] {processor.py:186} INFO - Started process (PID=3791) to work on /home/airflow/.local/lib/python3.12/site-packages/airflow/example_dags/example_branch_python_dop_operator_3.py
[2025-07-02T23:58:54.732+0000] {processor.py:914} INFO - Processing file /home/airflow/.local/lib/python3.12/site-packages/airflow/example_dags/example_branch_python_dop_operator_3.py for tasks to queue
[2025-07-02T23:58:54.734+0000] {logging_mixin.py:190} INFO - [2025-07-02T23:58:54.734+0000] {dagbag.py:588} INFO - Filling up the DagBag from /home/airflow/.local/lib/python3.12/site-packages/airflow/example_dags/example_branch_python_dop_operator_3.py
[2025-07-02T23:58:54.744+0000] {processor.py:925} INFO - DAG(s) 'example_branch_dop_operator_v3' retrieved from /home/airflow/.local/lib/python3.12/site-packages/airflow/example_dags/example_branch_python_dop_operator_3.py
[2025-07-02T23:58:54.762+0000] {logging_mixin.py:190} INFO - [2025-07-02T23:58:54.762+0000] {dag.py:3239} INFO - Sync 1 DAGs
[2025-07-02T23:58:54.785+0000] {logging_mixin.py:190} INFO - [2025-07-02T23:58:54.785+0000] {dag.py:4180} INFO - Setting next_dagrun for example_branch_dop_operator_v3 to 2025-07-02 23:57:00+00:00, run_after=2025-07-02 23:58:00+00:00
[2025-07-02T23:58:54.802+0000] {processor.py:208} INFO - Processing /home/airflow/.local/lib/python3.12/site-packages/airflow/example_dags/example_branch_python_dop_operator_3.py took 0.077 seconds
[2025-07-02T23:59:25.230+0000] {processor.py:186} INFO - Started process (PID=3853) to work on /home/airflow/.local/lib/python3.12/site-packages/airflow/example_dags/example_branch_python_dop_operator_3.py
[2025-07-02T23:59:25.231+0000] {processor.py:914} INFO - Processing file /home/airflow/.local/lib/python3.12/site-packages/airflow/example_dags/example_branch_python_dop_operator_3.py for tasks to queue
[2025-07-02T23:59:25.233+0000] {logging_mixin.py:190} INFO - [2025-07-02T23:59:25.233+0000] {dagbag.py:588} INFO - Filling up the DagBag from /home/airflow/.local/lib/python3.12/site-packages/airflow/example_dags/example_branch_python_dop_operator_3.py
[2025-07-02T23:59:25.243+0000] {processor.py:925} INFO - DAG(s) 'example_branch_dop_operator_v3' retrieved from /home/airflow/.local/lib/python3.12/site-packages/airflow/example_dags/example_branch_python_dop_operator_3.py
[2025-07-02T23:59:25.262+0000] {logging_mixin.py:190} INFO - [2025-07-02T23:59:25.261+0000] {dag.py:3239} INFO - Sync 1 DAGs
[2025-07-02T23:59:25.285+0000] {logging_mixin.py:190} INFO - [2025-07-02T23:59:25.285+0000] {dag.py:4180} INFO - Setting next_dagrun for example_branch_dop_operator_v3 to 2025-07-02 23:58:00+00:00, run_after=2025-07-02 23:59:00+00:00
[2025-07-02T23:59:25.303+0000] {processor.py:208} INFO - Processing /home/airflow/.local/lib/python3.12/site-packages/airflow/example_dags/example_branch_python_dop_operator_3.py took 0.078 seconds
[2025-07-02T23:59:55.714+0000] {processor.py:186} INFO - Started process (PID=3915) to work on /home/airflow/.local/lib/python3.12/site-packages/airflow/example_dags/example_branch_python_dop_operator_3.py
[2025-07-02T23:59:55.715+0000] {processor.py:914} INFO - Processing file /home/airflow/.local/lib/python3.12/site-packages/airflow/example_dags/example_branch_python_dop_operator_3.py for tasks to queue
[2025-07-02T23:59:55.718+0000] {logging_mixin.py:190} INFO - [2025-07-02T23:59:55.718+0000] {dagbag.py:588} INFO - Filling up the DagBag from /home/airflow/.local/lib/python3.12/site-packages/airflow/example_dags/example_branch_python_dop_operator_3.py
[2025-07-02T23:59:55.745+0000] {processor.py:925} INFO - DAG(s) 'example_branch_dop_operator_v3' retrieved from /home/airflow/.local/lib/python3.12/site-packages/airflow/example_dags/example_branch_python_dop_operator_3.py
[2025-07-02T23:59:55.782+0000] {logging_mixin.py:190} INFO - [2025-07-02T23:59:55.782+0000] {dag.py:3239} INFO - Sync 1 DAGs
[2025-07-02T23:59:55.813+0000] {logging_mixin.py:190} INFO - [2025-07-02T23:59:55.813+0000] {dag.py:4180} INFO - Setting next_dagrun for example_branch_dop_operator_v3 to 2025-07-02 23:58:00+00:00, run_after=2025-07-02 23:59:00+00:00
[2025-07-02T23:59:55.830+0000] {processor.py:208} INFO - Processing /home/airflow/.local/lib/python3.12/site-packages/airflow/example_dags/example_branch_python_dop_operator_3.py took 0.122 seconds
