[2025-07-02T23:29:09.168+0000] {processor.py:186} INFO - Started process (PID=165) to work on /home/airflow/.local/lib/python3.12/site-packages/airflow/example_dags/example_task_group.py
[2025-07-02T23:29:09.172+0000] {processor.py:914} INFO - Processing file /home/airflow/.local/lib/python3.12/site-packages/airflow/example_dags/example_task_group.py for tasks to queue
[2025-07-02T23:29:09.183+0000] {logging_mixin.py:190} INFO - [2025-07-02T23:29:09.182+0000] {dagbag.py:588} INFO - Filling up the DagBag from /home/airflow/.local/lib/python3.12/site-packages/airflow/example_dags/example_task_group.py
[2025-07-02T23:29:09.206+0000] {processor.py:925} INFO - DAG(s) 'example_task_group' retrieved from /home/airflow/.local/lib/python3.12/site-packages/airflow/example_dags/example_task_group.py
[2025-07-02T23:29:09.274+0000] {logging_mixin.py:190} INFO - [2025-07-02T23:29:09.273+0000] {dag.py:3239} INFO - Sync 1 DAGs
[2025-07-02T23:29:09.322+0000] {logging_mixin.py:190} INFO - [2025-07-02T23:29:09.322+0000] {dag.py:4180} INFO - Setting next_dagrun for example_task_group to None, run_after=None
[2025-07-02T23:29:09.361+0000] {processor.py:208} INFO - Processing /home/airflow/.local/lib/python3.12/site-packages/airflow/example_dags/example_task_group.py took 0.207 seconds
[2025-07-02T23:29:40.530+0000] {processor.py:186} INFO - Started process (PID=227) to work on /home/airflow/.local/lib/python3.12/site-packages/airflow/example_dags/example_task_group.py
[2025-07-02T23:29:40.534+0000] {processor.py:914} INFO - Processing file /home/airflow/.local/lib/python3.12/site-packages/airflow/example_dags/example_task_group.py for tasks to queue
[2025-07-02T23:29:40.547+0000] {logging_mixin.py:190} INFO - [2025-07-02T23:29:40.546+0000] {dagbag.py:588} INFO - Filling up the DagBag from /home/airflow/.local/lib/python3.12/site-packages/airflow/example_dags/example_task_group.py
[2025-07-02T23:29:40.569+0000] {processor.py:925} INFO - DAG(s) 'example_task_group' retrieved from /home/airflow/.local/lib/python3.12/site-packages/airflow/example_dags/example_task_group.py
[2025-07-02T23:29:40.604+0000] {logging_mixin.py:190} INFO - [2025-07-02T23:29:40.604+0000] {dag.py:3239} INFO - Sync 1 DAGs
[2025-07-02T23:29:40.626+0000] {logging_mixin.py:190} INFO - [2025-07-02T23:29:40.625+0000] {dag.py:4180} INFO - Setting next_dagrun for example_task_group to None, run_after=None
[2025-07-02T23:29:40.652+0000] {processor.py:208} INFO - Processing /home/airflow/.local/lib/python3.12/site-packages/airflow/example_dags/example_task_group.py took 0.139 seconds
[2025-07-02T23:30:11.233+0000] {processor.py:186} INFO - Started process (PID=289) to work on /home/airflow/.local/lib/python3.12/site-packages/airflow/example_dags/example_task_group.py
[2025-07-02T23:30:11.234+0000] {processor.py:914} INFO - Processing file /home/airflow/.local/lib/python3.12/site-packages/airflow/example_dags/example_task_group.py for tasks to queue
[2025-07-02T23:30:11.237+0000] {logging_mixin.py:190} INFO - [2025-07-02T23:30:11.237+0000] {dagbag.py:588} INFO - Filling up the DagBag from /home/airflow/.local/lib/python3.12/site-packages/airflow/example_dags/example_task_group.py
[2025-07-02T23:30:11.248+0000] {processor.py:925} INFO - DAG(s) 'example_task_group' retrieved from /home/airflow/.local/lib/python3.12/site-packages/airflow/example_dags/example_task_group.py
[2025-07-02T23:30:11.276+0000] {logging_mixin.py:190} INFO - [2025-07-02T23:30:11.276+0000] {dag.py:3239} INFO - Sync 1 DAGs
[2025-07-02T23:30:11.295+0000] {logging_mixin.py:190} INFO - [2025-07-02T23:30:11.295+0000] {dag.py:4180} INFO - Setting next_dagrun for example_task_group to None, run_after=None
[2025-07-02T23:30:11.320+0000] {processor.py:208} INFO - Processing /home/airflow/.local/lib/python3.12/site-packages/airflow/example_dags/example_task_group.py took 0.096 seconds
[2025-07-02T23:30:41.863+0000] {processor.py:186} INFO - Started process (PID=351) to work on /home/airflow/.local/lib/python3.12/site-packages/airflow/example_dags/example_task_group.py
[2025-07-02T23:30:41.866+0000] {processor.py:914} INFO - Processing file /home/airflow/.local/lib/python3.12/site-packages/airflow/example_dags/example_task_group.py for tasks to queue
[2025-07-02T23:30:41.870+0000] {logging_mixin.py:190} INFO - [2025-07-02T23:30:41.869+0000] {dagbag.py:588} INFO - Filling up the DagBag from /home/airflow/.local/lib/python3.12/site-packages/airflow/example_dags/example_task_group.py
[2025-07-02T23:30:41.882+0000] {processor.py:925} INFO - DAG(s) 'example_task_group' retrieved from /home/airflow/.local/lib/python3.12/site-packages/airflow/example_dags/example_task_group.py
[2025-07-02T23:30:41.909+0000] {logging_mixin.py:190} INFO - [2025-07-02T23:30:41.908+0000] {dag.py:3239} INFO - Sync 1 DAGs
[2025-07-02T23:30:41.926+0000] {logging_mixin.py:190} INFO - [2025-07-02T23:30:41.926+0000] {dag.py:4180} INFO - Setting next_dagrun for example_task_group to None, run_after=None
[2025-07-02T23:30:41.950+0000] {processor.py:208} INFO - Processing /home/airflow/.local/lib/python3.12/site-packages/airflow/example_dags/example_task_group.py took 0.097 seconds
[2025-07-02T23:31:12.635+0000] {processor.py:186} INFO - Started process (PID=413) to work on /home/airflow/.local/lib/python3.12/site-packages/airflow/example_dags/example_task_group.py
[2025-07-02T23:31:12.637+0000] {processor.py:914} INFO - Processing file /home/airflow/.local/lib/python3.12/site-packages/airflow/example_dags/example_task_group.py for tasks to queue
[2025-07-02T23:31:12.641+0000] {logging_mixin.py:190} INFO - [2025-07-02T23:31:12.640+0000] {dagbag.py:588} INFO - Filling up the DagBag from /home/airflow/.local/lib/python3.12/site-packages/airflow/example_dags/example_task_group.py
[2025-07-02T23:31:12.654+0000] {processor.py:925} INFO - DAG(s) 'example_task_group' retrieved from /home/airflow/.local/lib/python3.12/site-packages/airflow/example_dags/example_task_group.py
[2025-07-02T23:31:12.697+0000] {logging_mixin.py:190} INFO - [2025-07-02T23:31:12.697+0000] {dag.py:3239} INFO - Sync 1 DAGs
[2025-07-02T23:31:12.721+0000] {logging_mixin.py:190} INFO - [2025-07-02T23:31:12.721+0000] {dag.py:4180} INFO - Setting next_dagrun for example_task_group to None, run_after=None
[2025-07-02T23:31:12.744+0000] {processor.py:208} INFO - Processing /home/airflow/.local/lib/python3.12/site-packages/airflow/example_dags/example_task_group.py took 0.130 seconds
[2025-07-02T23:31:42.829+0000] {processor.py:186} INFO - Started process (PID=475) to work on /home/airflow/.local/lib/python3.12/site-packages/airflow/example_dags/example_task_group.py
[2025-07-02T23:31:42.830+0000] {processor.py:914} INFO - Processing file /home/airflow/.local/lib/python3.12/site-packages/airflow/example_dags/example_task_group.py for tasks to queue
[2025-07-02T23:31:42.833+0000] {logging_mixin.py:190} INFO - [2025-07-02T23:31:42.833+0000] {dagbag.py:588} INFO - Filling up the DagBag from /home/airflow/.local/lib/python3.12/site-packages/airflow/example_dags/example_task_group.py
[2025-07-02T23:31:42.840+0000] {processor.py:925} INFO - DAG(s) 'example_task_group' retrieved from /home/airflow/.local/lib/python3.12/site-packages/airflow/example_dags/example_task_group.py
[2025-07-02T23:31:42.861+0000] {logging_mixin.py:190} INFO - [2025-07-02T23:31:42.861+0000] {dag.py:3239} INFO - Sync 1 DAGs
[2025-07-02T23:31:42.874+0000] {logging_mixin.py:190} INFO - [2025-07-02T23:31:42.874+0000] {dag.py:4180} INFO - Setting next_dagrun for example_task_group to None, run_after=None
[2025-07-02T23:31:42.891+0000] {processor.py:208} INFO - Processing /home/airflow/.local/lib/python3.12/site-packages/airflow/example_dags/example_task_group.py took 0.067 seconds
[2025-07-02T23:32:13.391+0000] {processor.py:186} INFO - Started process (PID=537) to work on /home/airflow/.local/lib/python3.12/site-packages/airflow/example_dags/example_task_group.py
[2025-07-02T23:32:13.392+0000] {processor.py:914} INFO - Processing file /home/airflow/.local/lib/python3.12/site-packages/airflow/example_dags/example_task_group.py for tasks to queue
[2025-07-02T23:32:13.396+0000] {logging_mixin.py:190} INFO - [2025-07-02T23:32:13.395+0000] {dagbag.py:588} INFO - Filling up the DagBag from /home/airflow/.local/lib/python3.12/site-packages/airflow/example_dags/example_task_group.py
[2025-07-02T23:32:13.404+0000] {processor.py:925} INFO - DAG(s) 'example_task_group' retrieved from /home/airflow/.local/lib/python3.12/site-packages/airflow/example_dags/example_task_group.py
[2025-07-02T23:32:13.428+0000] {logging_mixin.py:190} INFO - [2025-07-02T23:32:13.428+0000] {dag.py:3239} INFO - Sync 1 DAGs
[2025-07-02T23:32:13.446+0000] {logging_mixin.py:190} INFO - [2025-07-02T23:32:13.446+0000] {dag.py:4180} INFO - Setting next_dagrun for example_task_group to None, run_after=None
[2025-07-02T23:32:13.470+0000] {processor.py:208} INFO - Processing /home/airflow/.local/lib/python3.12/site-packages/airflow/example_dags/example_task_group.py took 0.085 seconds
[2025-07-02T23:32:43.750+0000] {processor.py:186} INFO - Started process (PID=599) to work on /home/airflow/.local/lib/python3.12/site-packages/airflow/example_dags/example_task_group.py
[2025-07-02T23:32:43.751+0000] {processor.py:914} INFO - Processing file /home/airflow/.local/lib/python3.12/site-packages/airflow/example_dags/example_task_group.py for tasks to queue
[2025-07-02T23:32:43.755+0000] {logging_mixin.py:190} INFO - [2025-07-02T23:32:43.754+0000] {dagbag.py:588} INFO - Filling up the DagBag from /home/airflow/.local/lib/python3.12/site-packages/airflow/example_dags/example_task_group.py
[2025-07-02T23:32:43.763+0000] {processor.py:925} INFO - DAG(s) 'example_task_group' retrieved from /home/airflow/.local/lib/python3.12/site-packages/airflow/example_dags/example_task_group.py
[2025-07-02T23:32:43.783+0000] {logging_mixin.py:190} INFO - [2025-07-02T23:32:43.783+0000] {dag.py:3239} INFO - Sync 1 DAGs
[2025-07-02T23:32:43.797+0000] {logging_mixin.py:190} INFO - [2025-07-02T23:32:43.797+0000] {dag.py:4180} INFO - Setting next_dagrun for example_task_group to None, run_after=None
[2025-07-02T23:32:43.818+0000] {processor.py:208} INFO - Processing /home/airflow/.local/lib/python3.12/site-packages/airflow/example_dags/example_task_group.py took 0.074 seconds
[2025-07-02T23:33:14.170+0000] {processor.py:186} INFO - Started process (PID=661) to work on /home/airflow/.local/lib/python3.12/site-packages/airflow/example_dags/example_task_group.py
[2025-07-02T23:33:14.171+0000] {processor.py:914} INFO - Processing file /home/airflow/.local/lib/python3.12/site-packages/airflow/example_dags/example_task_group.py for tasks to queue
[2025-07-02T23:33:14.176+0000] {logging_mixin.py:190} INFO - [2025-07-02T23:33:14.175+0000] {dagbag.py:588} INFO - Filling up the DagBag from /home/airflow/.local/lib/python3.12/site-packages/airflow/example_dags/example_task_group.py
[2025-07-02T23:33:14.190+0000] {processor.py:925} INFO - DAG(s) 'example_task_group' retrieved from /home/airflow/.local/lib/python3.12/site-packages/airflow/example_dags/example_task_group.py
[2025-07-02T23:33:14.225+0000] {logging_mixin.py:190} INFO - [2025-07-02T23:33:14.224+0000] {dag.py:3239} INFO - Sync 1 DAGs
[2025-07-02T23:33:14.275+0000] {logging_mixin.py:190} INFO - [2025-07-02T23:33:14.274+0000] {dag.py:4180} INFO - Setting next_dagrun for example_task_group to None, run_after=None
[2025-07-02T23:33:14.314+0000] {processor.py:208} INFO - Processing /home/airflow/.local/lib/python3.12/site-packages/airflow/example_dags/example_task_group.py took 0.150 seconds
[2025-07-02T23:33:44.477+0000] {processor.py:186} INFO - Started process (PID=723) to work on /home/airflow/.local/lib/python3.12/site-packages/airflow/example_dags/example_task_group.py
[2025-07-02T23:33:44.479+0000] {processor.py:914} INFO - Processing file /home/airflow/.local/lib/python3.12/site-packages/airflow/example_dags/example_task_group.py for tasks to queue
[2025-07-02T23:33:44.481+0000] {logging_mixin.py:190} INFO - [2025-07-02T23:33:44.481+0000] {dagbag.py:588} INFO - Filling up the DagBag from /home/airflow/.local/lib/python3.12/site-packages/airflow/example_dags/example_task_group.py
[2025-07-02T23:33:44.493+0000] {processor.py:925} INFO - DAG(s) 'example_task_group' retrieved from /home/airflow/.local/lib/python3.12/site-packages/airflow/example_dags/example_task_group.py
[2025-07-02T23:33:44.515+0000] {logging_mixin.py:190} INFO - [2025-07-02T23:33:44.515+0000] {dag.py:3239} INFO - Sync 1 DAGs
[2025-07-02T23:33:44.532+0000] {logging_mixin.py:190} INFO - [2025-07-02T23:33:44.531+0000] {dag.py:4180} INFO - Setting next_dagrun for example_task_group to None, run_after=None
[2025-07-02T23:33:44.552+0000] {processor.py:208} INFO - Processing /home/airflow/.local/lib/python3.12/site-packages/airflow/example_dags/example_task_group.py took 0.083 seconds
[2025-07-02T23:34:14.618+0000] {processor.py:186} INFO - Started process (PID=785) to work on /home/airflow/.local/lib/python3.12/site-packages/airflow/example_dags/example_task_group.py
[2025-07-02T23:34:14.619+0000] {processor.py:914} INFO - Processing file /home/airflow/.local/lib/python3.12/site-packages/airflow/example_dags/example_task_group.py for tasks to queue
[2025-07-02T23:34:14.622+0000] {logging_mixin.py:190} INFO - [2025-07-02T23:34:14.622+0000] {dagbag.py:588} INFO - Filling up the DagBag from /home/airflow/.local/lib/python3.12/site-packages/airflow/example_dags/example_task_group.py
[2025-07-02T23:34:14.631+0000] {processor.py:925} INFO - DAG(s) 'example_task_group' retrieved from /home/airflow/.local/lib/python3.12/site-packages/airflow/example_dags/example_task_group.py
[2025-07-02T23:34:14.651+0000] {logging_mixin.py:190} INFO - [2025-07-02T23:34:14.651+0000] {dag.py:3239} INFO - Sync 1 DAGs
[2025-07-02T23:34:14.666+0000] {logging_mixin.py:190} INFO - [2025-07-02T23:34:14.666+0000] {dag.py:4180} INFO - Setting next_dagrun for example_task_group to None, run_after=None
[2025-07-02T23:34:14.683+0000] {processor.py:208} INFO - Processing /home/airflow/.local/lib/python3.12/site-packages/airflow/example_dags/example_task_group.py took 0.070 seconds
[2025-07-02T23:34:45.236+0000] {processor.py:186} INFO - Started process (PID=847) to work on /home/airflow/.local/lib/python3.12/site-packages/airflow/example_dags/example_task_group.py
[2025-07-02T23:34:45.237+0000] {processor.py:914} INFO - Processing file /home/airflow/.local/lib/python3.12/site-packages/airflow/example_dags/example_task_group.py for tasks to queue
[2025-07-02T23:34:45.240+0000] {logging_mixin.py:190} INFO - [2025-07-02T23:34:45.240+0000] {dagbag.py:588} INFO - Filling up the DagBag from /home/airflow/.local/lib/python3.12/site-packages/airflow/example_dags/example_task_group.py
[2025-07-02T23:34:45.249+0000] {processor.py:925} INFO - DAG(s) 'example_task_group' retrieved from /home/airflow/.local/lib/python3.12/site-packages/airflow/example_dags/example_task_group.py
[2025-07-02T23:34:45.270+0000] {logging_mixin.py:190} INFO - [2025-07-02T23:34:45.270+0000] {dag.py:3239} INFO - Sync 1 DAGs
[2025-07-02T23:34:45.285+0000] {logging_mixin.py:190} INFO - [2025-07-02T23:34:45.285+0000] {dag.py:4180} INFO - Setting next_dagrun for example_task_group to None, run_after=None
[2025-07-02T23:34:45.308+0000] {processor.py:208} INFO - Processing /home/airflow/.local/lib/python3.12/site-packages/airflow/example_dags/example_task_group.py took 0.077 seconds
[2025-07-02T23:35:15.424+0000] {processor.py:186} INFO - Started process (PID=909) to work on /home/airflow/.local/lib/python3.12/site-packages/airflow/example_dags/example_task_group.py
[2025-07-02T23:35:15.426+0000] {processor.py:914} INFO - Processing file /home/airflow/.local/lib/python3.12/site-packages/airflow/example_dags/example_task_group.py for tasks to queue
[2025-07-02T23:35:15.429+0000] {logging_mixin.py:190} INFO - [2025-07-02T23:35:15.429+0000] {dagbag.py:588} INFO - Filling up the DagBag from /home/airflow/.local/lib/python3.12/site-packages/airflow/example_dags/example_task_group.py
[2025-07-02T23:35:15.438+0000] {processor.py:925} INFO - DAG(s) 'example_task_group' retrieved from /home/airflow/.local/lib/python3.12/site-packages/airflow/example_dags/example_task_group.py
[2025-07-02T23:35:15.459+0000] {logging_mixin.py:190} INFO - [2025-07-02T23:35:15.458+0000] {dag.py:3239} INFO - Sync 1 DAGs
[2025-07-02T23:35:15.474+0000] {logging_mixin.py:190} INFO - [2025-07-02T23:35:15.474+0000] {dag.py:4180} INFO - Setting next_dagrun for example_task_group to None, run_after=None
[2025-07-02T23:35:15.490+0000] {processor.py:208} INFO - Processing /home/airflow/.local/lib/python3.12/site-packages/airflow/example_dags/example_task_group.py took 0.072 seconds
[2025-07-02T23:35:46.298+0000] {processor.py:186} INFO - Started process (PID=971) to work on /home/airflow/.local/lib/python3.12/site-packages/airflow/example_dags/example_task_group.py
[2025-07-02T23:35:46.299+0000] {processor.py:914} INFO - Processing file /home/airflow/.local/lib/python3.12/site-packages/airflow/example_dags/example_task_group.py for tasks to queue
[2025-07-02T23:35:46.301+0000] {logging_mixin.py:190} INFO - [2025-07-02T23:35:46.301+0000] {dagbag.py:588} INFO - Filling up the DagBag from /home/airflow/.local/lib/python3.12/site-packages/airflow/example_dags/example_task_group.py
[2025-07-02T23:35:46.309+0000] {processor.py:925} INFO - DAG(s) 'example_task_group' retrieved from /home/airflow/.local/lib/python3.12/site-packages/airflow/example_dags/example_task_group.py
[2025-07-02T23:35:46.327+0000] {logging_mixin.py:190} INFO - [2025-07-02T23:35:46.327+0000] {dag.py:3239} INFO - Sync 1 DAGs
[2025-07-02T23:35:46.340+0000] {logging_mixin.py:190} INFO - [2025-07-02T23:35:46.340+0000] {dag.py:4180} INFO - Setting next_dagrun for example_task_group to None, run_after=None
[2025-07-02T23:35:46.357+0000] {processor.py:208} INFO - Processing /home/airflow/.local/lib/python3.12/site-packages/airflow/example_dags/example_task_group.py took 0.064 seconds
[2025-07-02T23:36:17.013+0000] {processor.py:186} INFO - Started process (PID=1033) to work on /home/airflow/.local/lib/python3.12/site-packages/airflow/example_dags/example_task_group.py
[2025-07-02T23:36:17.014+0000] {processor.py:914} INFO - Processing file /home/airflow/.local/lib/python3.12/site-packages/airflow/example_dags/example_task_group.py for tasks to queue
[2025-07-02T23:36:17.017+0000] {logging_mixin.py:190} INFO - [2025-07-02T23:36:17.016+0000] {dagbag.py:588} INFO - Filling up the DagBag from /home/airflow/.local/lib/python3.12/site-packages/airflow/example_dags/example_task_group.py
[2025-07-02T23:36:17.026+0000] {processor.py:925} INFO - DAG(s) 'example_task_group' retrieved from /home/airflow/.local/lib/python3.12/site-packages/airflow/example_dags/example_task_group.py
[2025-07-02T23:36:17.045+0000] {logging_mixin.py:190} INFO - [2025-07-02T23:36:17.045+0000] {dag.py:3239} INFO - Sync 1 DAGs
[2025-07-02T23:36:17.059+0000] {logging_mixin.py:190} INFO - [2025-07-02T23:36:17.058+0000] {dag.py:4180} INFO - Setting next_dagrun for example_task_group to None, run_after=None
[2025-07-02T23:36:17.075+0000] {processor.py:208} INFO - Processing /home/airflow/.local/lib/python3.12/site-packages/airflow/example_dags/example_task_group.py took 0.069 seconds
[2025-07-02T23:36:47.729+0000] {processor.py:186} INFO - Started process (PID=1095) to work on /home/airflow/.local/lib/python3.12/site-packages/airflow/example_dags/example_task_group.py
[2025-07-02T23:36:47.730+0000] {processor.py:914} INFO - Processing file /home/airflow/.local/lib/python3.12/site-packages/airflow/example_dags/example_task_group.py for tasks to queue
[2025-07-02T23:36:47.733+0000] {logging_mixin.py:190} INFO - [2025-07-02T23:36:47.732+0000] {dagbag.py:588} INFO - Filling up the DagBag from /home/airflow/.local/lib/python3.12/site-packages/airflow/example_dags/example_task_group.py
[2025-07-02T23:36:47.741+0000] {processor.py:925} INFO - DAG(s) 'example_task_group' retrieved from /home/airflow/.local/lib/python3.12/site-packages/airflow/example_dags/example_task_group.py
[2025-07-02T23:36:47.759+0000] {logging_mixin.py:190} INFO - [2025-07-02T23:36:47.759+0000] {dag.py:3239} INFO - Sync 1 DAGs
[2025-07-02T23:36:47.772+0000] {logging_mixin.py:190} INFO - [2025-07-02T23:36:47.772+0000] {dag.py:4180} INFO - Setting next_dagrun for example_task_group to None, run_after=None
[2025-07-02T23:36:47.790+0000] {processor.py:208} INFO - Processing /home/airflow/.local/lib/python3.12/site-packages/airflow/example_dags/example_task_group.py took 0.068 seconds
[2025-07-02T23:37:18.494+0000] {processor.py:186} INFO - Started process (PID=1157) to work on /home/airflow/.local/lib/python3.12/site-packages/airflow/example_dags/example_task_group.py
[2025-07-02T23:37:18.496+0000] {processor.py:914} INFO - Processing file /home/airflow/.local/lib/python3.12/site-packages/airflow/example_dags/example_task_group.py for tasks to queue
[2025-07-02T23:37:18.498+0000] {logging_mixin.py:190} INFO - [2025-07-02T23:37:18.498+0000] {dagbag.py:588} INFO - Filling up the DagBag from /home/airflow/.local/lib/python3.12/site-packages/airflow/example_dags/example_task_group.py
[2025-07-02T23:37:18.506+0000] {processor.py:925} INFO - DAG(s) 'example_task_group' retrieved from /home/airflow/.local/lib/python3.12/site-packages/airflow/example_dags/example_task_group.py
[2025-07-02T23:37:18.524+0000] {logging_mixin.py:190} INFO - [2025-07-02T23:37:18.524+0000] {dag.py:3239} INFO - Sync 1 DAGs
[2025-07-02T23:37:18.538+0000] {logging_mixin.py:190} INFO - [2025-07-02T23:37:18.537+0000] {dag.py:4180} INFO - Setting next_dagrun for example_task_group to None, run_after=None
[2025-07-02T23:37:18.555+0000] {processor.py:208} INFO - Processing /home/airflow/.local/lib/python3.12/site-packages/airflow/example_dags/example_task_group.py took 0.066 seconds
[2025-07-02T23:37:49.262+0000] {processor.py:186} INFO - Started process (PID=1219) to work on /home/airflow/.local/lib/python3.12/site-packages/airflow/example_dags/example_task_group.py
[2025-07-02T23:37:49.263+0000] {processor.py:914} INFO - Processing file /home/airflow/.local/lib/python3.12/site-packages/airflow/example_dags/example_task_group.py for tasks to queue
[2025-07-02T23:37:49.266+0000] {logging_mixin.py:190} INFO - [2025-07-02T23:37:49.266+0000] {dagbag.py:588} INFO - Filling up the DagBag from /home/airflow/.local/lib/python3.12/site-packages/airflow/example_dags/example_task_group.py
[2025-07-02T23:37:49.274+0000] {processor.py:925} INFO - DAG(s) 'example_task_group' retrieved from /home/airflow/.local/lib/python3.12/site-packages/airflow/example_dags/example_task_group.py
[2025-07-02T23:37:49.292+0000] {logging_mixin.py:190} INFO - [2025-07-02T23:37:49.292+0000] {dag.py:3239} INFO - Sync 1 DAGs
[2025-07-02T23:37:49.305+0000] {logging_mixin.py:190} INFO - [2025-07-02T23:37:49.305+0000] {dag.py:4180} INFO - Setting next_dagrun for example_task_group to None, run_after=None
[2025-07-02T23:37:49.322+0000] {processor.py:208} INFO - Processing /home/airflow/.local/lib/python3.12/site-packages/airflow/example_dags/example_task_group.py took 0.064 seconds
[2025-07-02T23:38:19.963+0000] {processor.py:186} INFO - Started process (PID=1281) to work on /home/airflow/.local/lib/python3.12/site-packages/airflow/example_dags/example_task_group.py
[2025-07-02T23:38:19.964+0000] {processor.py:914} INFO - Processing file /home/airflow/.local/lib/python3.12/site-packages/airflow/example_dags/example_task_group.py for tasks to queue
[2025-07-02T23:38:19.966+0000] {logging_mixin.py:190} INFO - [2025-07-02T23:38:19.966+0000] {dagbag.py:588} INFO - Filling up the DagBag from /home/airflow/.local/lib/python3.12/site-packages/airflow/example_dags/example_task_group.py
[2025-07-02T23:38:19.974+0000] {processor.py:925} INFO - DAG(s) 'example_task_group' retrieved from /home/airflow/.local/lib/python3.12/site-packages/airflow/example_dags/example_task_group.py
[2025-07-02T23:38:19.994+0000] {logging_mixin.py:190} INFO - [2025-07-02T23:38:19.994+0000] {dag.py:3239} INFO - Sync 1 DAGs
[2025-07-02T23:38:20.009+0000] {logging_mixin.py:190} INFO - [2025-07-02T23:38:20.009+0000] {dag.py:4180} INFO - Setting next_dagrun for example_task_group to None, run_after=None
[2025-07-02T23:38:20.029+0000] {processor.py:208} INFO - Processing /home/airflow/.local/lib/python3.12/site-packages/airflow/example_dags/example_task_group.py took 0.072 seconds
[2025-07-02T23:38:50.757+0000] {processor.py:186} INFO - Started process (PID=1343) to work on /home/airflow/.local/lib/python3.12/site-packages/airflow/example_dags/example_task_group.py
[2025-07-02T23:38:50.758+0000] {processor.py:914} INFO - Processing file /home/airflow/.local/lib/python3.12/site-packages/airflow/example_dags/example_task_group.py for tasks to queue
[2025-07-02T23:38:50.760+0000] {logging_mixin.py:190} INFO - [2025-07-02T23:38:50.760+0000] {dagbag.py:588} INFO - Filling up the DagBag from /home/airflow/.local/lib/python3.12/site-packages/airflow/example_dags/example_task_group.py
[2025-07-02T23:38:50.768+0000] {processor.py:925} INFO - DAG(s) 'example_task_group' retrieved from /home/airflow/.local/lib/python3.12/site-packages/airflow/example_dags/example_task_group.py
[2025-07-02T23:38:50.787+0000] {logging_mixin.py:190} INFO - [2025-07-02T23:38:50.787+0000] {dag.py:3239} INFO - Sync 1 DAGs
[2025-07-02T23:38:50.801+0000] {logging_mixin.py:190} INFO - [2025-07-02T23:38:50.801+0000] {dag.py:4180} INFO - Setting next_dagrun for example_task_group to None, run_after=None
[2025-07-02T23:38:50.819+0000] {processor.py:208} INFO - Processing /home/airflow/.local/lib/python3.12/site-packages/airflow/example_dags/example_task_group.py took 0.068 seconds
[2025-07-02T23:39:21.339+0000] {processor.py:186} INFO - Started process (PID=1405) to work on /home/airflow/.local/lib/python3.12/site-packages/airflow/example_dags/example_task_group.py
[2025-07-02T23:39:21.340+0000] {processor.py:914} INFO - Processing file /home/airflow/.local/lib/python3.12/site-packages/airflow/example_dags/example_task_group.py for tasks to queue
[2025-07-02T23:39:21.343+0000] {logging_mixin.py:190} INFO - [2025-07-02T23:39:21.343+0000] {dagbag.py:588} INFO - Filling up the DagBag from /home/airflow/.local/lib/python3.12/site-packages/airflow/example_dags/example_task_group.py
[2025-07-02T23:39:21.352+0000] {processor.py:925} INFO - DAG(s) 'example_task_group' retrieved from /home/airflow/.local/lib/python3.12/site-packages/airflow/example_dags/example_task_group.py
[2025-07-02T23:39:21.371+0000] {logging_mixin.py:190} INFO - [2025-07-02T23:39:21.371+0000] {dag.py:3239} INFO - Sync 1 DAGs
[2025-07-02T23:39:21.384+0000] {logging_mixin.py:190} INFO - [2025-07-02T23:39:21.384+0000] {dag.py:4180} INFO - Setting next_dagrun for example_task_group to None, run_after=None
[2025-07-02T23:39:21.401+0000] {processor.py:208} INFO - Processing /home/airflow/.local/lib/python3.12/site-packages/airflow/example_dags/example_task_group.py took 0.068 seconds
[2025-07-02T23:39:51.987+0000] {processor.py:186} INFO - Started process (PID=1467) to work on /home/airflow/.local/lib/python3.12/site-packages/airflow/example_dags/example_task_group.py
[2025-07-02T23:39:51.989+0000] {processor.py:914} INFO - Processing file /home/airflow/.local/lib/python3.12/site-packages/airflow/example_dags/example_task_group.py for tasks to queue
[2025-07-02T23:39:51.992+0000] {logging_mixin.py:190} INFO - [2025-07-02T23:39:51.992+0000] {dagbag.py:588} INFO - Filling up the DagBag from /home/airflow/.local/lib/python3.12/site-packages/airflow/example_dags/example_task_group.py
[2025-07-02T23:39:52.004+0000] {processor.py:925} INFO - DAG(s) 'example_task_group' retrieved from /home/airflow/.local/lib/python3.12/site-packages/airflow/example_dags/example_task_group.py
[2025-07-02T23:39:52.029+0000] {logging_mixin.py:190} INFO - [2025-07-02T23:39:52.029+0000] {dag.py:3239} INFO - Sync 1 DAGs
[2025-07-02T23:39:52.046+0000] {logging_mixin.py:190} INFO - [2025-07-02T23:39:52.046+0000] {dag.py:4180} INFO - Setting next_dagrun for example_task_group to None, run_after=None
[2025-07-02T23:39:52.068+0000] {processor.py:208} INFO - Processing /home/airflow/.local/lib/python3.12/site-packages/airflow/example_dags/example_task_group.py took 0.088 seconds
[2025-07-02T23:40:22.143+0000] {processor.py:186} INFO - Started process (PID=1529) to work on /home/airflow/.local/lib/python3.12/site-packages/airflow/example_dags/example_task_group.py
[2025-07-02T23:40:22.145+0000] {processor.py:914} INFO - Processing file /home/airflow/.local/lib/python3.12/site-packages/airflow/example_dags/example_task_group.py for tasks to queue
[2025-07-02T23:40:22.148+0000] {logging_mixin.py:190} INFO - [2025-07-02T23:40:22.148+0000] {dagbag.py:588} INFO - Filling up the DagBag from /home/airflow/.local/lib/python3.12/site-packages/airflow/example_dags/example_task_group.py
[2025-07-02T23:40:22.160+0000] {processor.py:925} INFO - DAG(s) 'example_task_group' retrieved from /home/airflow/.local/lib/python3.12/site-packages/airflow/example_dags/example_task_group.py
[2025-07-02T23:40:22.191+0000] {logging_mixin.py:190} INFO - [2025-07-02T23:40:22.190+0000] {dag.py:3239} INFO - Sync 1 DAGs
[2025-07-02T23:40:22.212+0000] {logging_mixin.py:190} INFO - [2025-07-02T23:40:22.211+0000] {dag.py:4180} INFO - Setting next_dagrun for example_task_group to None, run_after=None
[2025-07-02T23:40:22.232+0000] {processor.py:208} INFO - Processing /home/airflow/.local/lib/python3.12/site-packages/airflow/example_dags/example_task_group.py took 0.097 seconds
[2025-07-02T23:40:53.039+0000] {processor.py:186} INFO - Started process (PID=1591) to work on /home/airflow/.local/lib/python3.12/site-packages/airflow/example_dags/example_task_group.py
[2025-07-02T23:40:53.040+0000] {processor.py:914} INFO - Processing file /home/airflow/.local/lib/python3.12/site-packages/airflow/example_dags/example_task_group.py for tasks to queue
[2025-07-02T23:40:53.043+0000] {logging_mixin.py:190} INFO - [2025-07-02T23:40:53.042+0000] {dagbag.py:588} INFO - Filling up the DagBag from /home/airflow/.local/lib/python3.12/site-packages/airflow/example_dags/example_task_group.py
[2025-07-02T23:40:53.057+0000] {processor.py:925} INFO - DAG(s) 'example_task_group' retrieved from /home/airflow/.local/lib/python3.12/site-packages/airflow/example_dags/example_task_group.py
[2025-07-02T23:40:53.079+0000] {logging_mixin.py:190} INFO - [2025-07-02T23:40:53.079+0000] {dag.py:3239} INFO - Sync 1 DAGs
[2025-07-02T23:40:53.095+0000] {logging_mixin.py:190} INFO - [2025-07-02T23:40:53.094+0000] {dag.py:4180} INFO - Setting next_dagrun for example_task_group to None, run_after=None
[2025-07-02T23:40:53.113+0000] {processor.py:208} INFO - Processing /home/airflow/.local/lib/python3.12/site-packages/airflow/example_dags/example_task_group.py took 0.080 seconds
[2025-07-02T23:41:23.873+0000] {processor.py:186} INFO - Started process (PID=1653) to work on /home/airflow/.local/lib/python3.12/site-packages/airflow/example_dags/example_task_group.py
[2025-07-02T23:41:23.874+0000] {processor.py:914} INFO - Processing file /home/airflow/.local/lib/python3.12/site-packages/airflow/example_dags/example_task_group.py for tasks to queue
[2025-07-02T23:41:23.877+0000] {logging_mixin.py:190} INFO - [2025-07-02T23:41:23.877+0000] {dagbag.py:588} INFO - Filling up the DagBag from /home/airflow/.local/lib/python3.12/site-packages/airflow/example_dags/example_task_group.py
[2025-07-02T23:41:23.886+0000] {processor.py:925} INFO - DAG(s) 'example_task_group' retrieved from /home/airflow/.local/lib/python3.12/site-packages/airflow/example_dags/example_task_group.py
[2025-07-02T23:41:23.906+0000] {logging_mixin.py:190} INFO - [2025-07-02T23:41:23.906+0000] {dag.py:3239} INFO - Sync 1 DAGs
[2025-07-02T23:41:23.920+0000] {logging_mixin.py:190} INFO - [2025-07-02T23:41:23.920+0000] {dag.py:4180} INFO - Setting next_dagrun for example_task_group to None, run_after=None
[2025-07-02T23:41:23.935+0000] {processor.py:208} INFO - Processing /home/airflow/.local/lib/python3.12/site-packages/airflow/example_dags/example_task_group.py took 0.068 seconds
[2025-07-02T23:41:54.562+0000] {processor.py:186} INFO - Started process (PID=1715) to work on /home/airflow/.local/lib/python3.12/site-packages/airflow/example_dags/example_task_group.py
[2025-07-02T23:41:54.563+0000] {processor.py:914} INFO - Processing file /home/airflow/.local/lib/python3.12/site-packages/airflow/example_dags/example_task_group.py for tasks to queue
[2025-07-02T23:41:54.565+0000] {logging_mixin.py:190} INFO - [2025-07-02T23:41:54.565+0000] {dagbag.py:588} INFO - Filling up the DagBag from /home/airflow/.local/lib/python3.12/site-packages/airflow/example_dags/example_task_group.py
[2025-07-02T23:41:54.575+0000] {processor.py:925} INFO - DAG(s) 'example_task_group' retrieved from /home/airflow/.local/lib/python3.12/site-packages/airflow/example_dags/example_task_group.py
[2025-07-02T23:41:54.595+0000] {logging_mixin.py:190} INFO - [2025-07-02T23:41:54.594+0000] {dag.py:3239} INFO - Sync 1 DAGs
[2025-07-02T23:41:54.626+0000] {logging_mixin.py:190} INFO - [2025-07-02T23:41:54.626+0000] {dag.py:4180} INFO - Setting next_dagrun for example_task_group to None, run_after=None
[2025-07-02T23:41:54.650+0000] {processor.py:208} INFO - Processing /home/airflow/.local/lib/python3.12/site-packages/airflow/example_dags/example_task_group.py took 0.094 seconds
[2025-07-02T23:42:25.407+0000] {processor.py:186} INFO - Started process (PID=1777) to work on /home/airflow/.local/lib/python3.12/site-packages/airflow/example_dags/example_task_group.py
[2025-07-02T23:42:25.409+0000] {processor.py:914} INFO - Processing file /home/airflow/.local/lib/python3.12/site-packages/airflow/example_dags/example_task_group.py for tasks to queue
[2025-07-02T23:42:25.412+0000] {logging_mixin.py:190} INFO - [2025-07-02T23:42:25.411+0000] {dagbag.py:588} INFO - Filling up the DagBag from /home/airflow/.local/lib/python3.12/site-packages/airflow/example_dags/example_task_group.py
[2025-07-02T23:42:25.421+0000] {processor.py:925} INFO - DAG(s) 'example_task_group' retrieved from /home/airflow/.local/lib/python3.12/site-packages/airflow/example_dags/example_task_group.py
[2025-07-02T23:42:25.440+0000] {logging_mixin.py:190} INFO - [2025-07-02T23:42:25.440+0000] {dag.py:3239} INFO - Sync 1 DAGs
[2025-07-02T23:42:25.453+0000] {logging_mixin.py:190} INFO - [2025-07-02T23:42:25.453+0000] {dag.py:4180} INFO - Setting next_dagrun for example_task_group to None, run_after=None
[2025-07-02T23:42:25.470+0000] {processor.py:208} INFO - Processing /home/airflow/.local/lib/python3.12/site-packages/airflow/example_dags/example_task_group.py took 0.069 seconds
[2025-07-02T23:42:55.787+0000] {processor.py:186} INFO - Started process (PID=1839) to work on /home/airflow/.local/lib/python3.12/site-packages/airflow/example_dags/example_task_group.py
[2025-07-02T23:42:55.788+0000] {processor.py:914} INFO - Processing file /home/airflow/.local/lib/python3.12/site-packages/airflow/example_dags/example_task_group.py for tasks to queue
[2025-07-02T23:42:55.790+0000] {logging_mixin.py:190} INFO - [2025-07-02T23:42:55.790+0000] {dagbag.py:588} INFO - Filling up the DagBag from /home/airflow/.local/lib/python3.12/site-packages/airflow/example_dags/example_task_group.py
[2025-07-02T23:42:55.798+0000] {processor.py:925} INFO - DAG(s) 'example_task_group' retrieved from /home/airflow/.local/lib/python3.12/site-packages/airflow/example_dags/example_task_group.py
[2025-07-02T23:42:55.818+0000] {logging_mixin.py:190} INFO - [2025-07-02T23:42:55.818+0000] {dag.py:3239} INFO - Sync 1 DAGs
[2025-07-02T23:42:55.832+0000] {logging_mixin.py:190} INFO - [2025-07-02T23:42:55.832+0000] {dag.py:4180} INFO - Setting next_dagrun for example_task_group to None, run_after=None
[2025-07-02T23:42:55.850+0000] {processor.py:208} INFO - Processing /home/airflow/.local/lib/python3.12/site-packages/airflow/example_dags/example_task_group.py took 0.068 seconds
[2025-07-02T23:43:25.927+0000] {processor.py:186} INFO - Started process (PID=1901) to work on /home/airflow/.local/lib/python3.12/site-packages/airflow/example_dags/example_task_group.py
[2025-07-02T23:43:25.928+0000] {processor.py:914} INFO - Processing file /home/airflow/.local/lib/python3.12/site-packages/airflow/example_dags/example_task_group.py for tasks to queue
[2025-07-02T23:43:25.932+0000] {logging_mixin.py:190} INFO - [2025-07-02T23:43:25.931+0000] {dagbag.py:588} INFO - Filling up the DagBag from /home/airflow/.local/lib/python3.12/site-packages/airflow/example_dags/example_task_group.py
[2025-07-02T23:43:25.943+0000] {processor.py:925} INFO - DAG(s) 'example_task_group' retrieved from /home/airflow/.local/lib/python3.12/site-packages/airflow/example_dags/example_task_group.py
[2025-07-02T23:43:25.966+0000] {logging_mixin.py:190} INFO - [2025-07-02T23:43:25.966+0000] {dag.py:3239} INFO - Sync 1 DAGs
[2025-07-02T23:43:25.982+0000] {logging_mixin.py:190} INFO - [2025-07-02T23:43:25.982+0000] {dag.py:4180} INFO - Setting next_dagrun for example_task_group to None, run_after=None
[2025-07-02T23:43:26.001+0000] {processor.py:208} INFO - Processing /home/airflow/.local/lib/python3.12/site-packages/airflow/example_dags/example_task_group.py took 0.081 seconds
[2025-07-02T23:43:58.067+0000] {processor.py:186} INFO - Started process (PID=1963) to work on /home/airflow/.local/lib/python3.12/site-packages/airflow/example_dags/example_task_group.py
[2025-07-02T23:43:58.068+0000] {processor.py:914} INFO - Processing file /home/airflow/.local/lib/python3.12/site-packages/airflow/example_dags/example_task_group.py for tasks to queue
[2025-07-02T23:43:58.071+0000] {logging_mixin.py:190} INFO - [2025-07-02T23:43:58.071+0000] {dagbag.py:588} INFO - Filling up the DagBag from /home/airflow/.local/lib/python3.12/site-packages/airflow/example_dags/example_task_group.py
[2025-07-02T23:43:58.080+0000] {processor.py:925} INFO - DAG(s) 'example_task_group' retrieved from /home/airflow/.local/lib/python3.12/site-packages/airflow/example_dags/example_task_group.py
[2025-07-02T23:43:58.101+0000] {logging_mixin.py:190} INFO - [2025-07-02T23:43:58.101+0000] {dag.py:3239} INFO - Sync 1 DAGs
[2025-07-02T23:43:58.116+0000] {logging_mixin.py:190} INFO - [2025-07-02T23:43:58.115+0000] {dag.py:4180} INFO - Setting next_dagrun for example_task_group to None, run_after=None
[2025-07-02T23:43:58.134+0000] {processor.py:208} INFO - Processing /home/airflow/.local/lib/python3.12/site-packages/airflow/example_dags/example_task_group.py took 0.072 seconds
[2025-07-02T23:44:28.744+0000] {processor.py:186} INFO - Started process (PID=2025) to work on /home/airflow/.local/lib/python3.12/site-packages/airflow/example_dags/example_task_group.py
[2025-07-02T23:44:28.745+0000] {processor.py:914} INFO - Processing file /home/airflow/.local/lib/python3.12/site-packages/airflow/example_dags/example_task_group.py for tasks to queue
[2025-07-02T23:44:28.748+0000] {logging_mixin.py:190} INFO - [2025-07-02T23:44:28.747+0000] {dagbag.py:588} INFO - Filling up the DagBag from /home/airflow/.local/lib/python3.12/site-packages/airflow/example_dags/example_task_group.py
[2025-07-02T23:44:28.759+0000] {processor.py:925} INFO - DAG(s) 'example_task_group' retrieved from /home/airflow/.local/lib/python3.12/site-packages/airflow/example_dags/example_task_group.py
[2025-07-02T23:44:28.783+0000] {logging_mixin.py:190} INFO - [2025-07-02T23:44:28.783+0000] {dag.py:3239} INFO - Sync 1 DAGs
[2025-07-02T23:44:28.799+0000] {logging_mixin.py:190} INFO - [2025-07-02T23:44:28.799+0000] {dag.py:4180} INFO - Setting next_dagrun for example_task_group to None, run_after=None
[2025-07-02T23:44:28.819+0000] {processor.py:208} INFO - Processing /home/airflow/.local/lib/python3.12/site-packages/airflow/example_dags/example_task_group.py took 0.083 seconds
[2025-07-02T23:44:58.979+0000] {processor.py:186} INFO - Started process (PID=2087) to work on /home/airflow/.local/lib/python3.12/site-packages/airflow/example_dags/example_task_group.py
[2025-07-02T23:44:58.981+0000] {processor.py:914} INFO - Processing file /home/airflow/.local/lib/python3.12/site-packages/airflow/example_dags/example_task_group.py for tasks to queue
[2025-07-02T23:44:58.983+0000] {logging_mixin.py:190} INFO - [2025-07-02T23:44:58.983+0000] {dagbag.py:588} INFO - Filling up the DagBag from /home/airflow/.local/lib/python3.12/site-packages/airflow/example_dags/example_task_group.py
[2025-07-02T23:44:58.994+0000] {processor.py:925} INFO - DAG(s) 'example_task_group' retrieved from /home/airflow/.local/lib/python3.12/site-packages/airflow/example_dags/example_task_group.py
[2025-07-02T23:44:59.020+0000] {logging_mixin.py:190} INFO - [2025-07-02T23:44:59.019+0000] {dag.py:3239} INFO - Sync 1 DAGs
[2025-07-02T23:44:59.035+0000] {logging_mixin.py:190} INFO - [2025-07-02T23:44:59.035+0000] {dag.py:4180} INFO - Setting next_dagrun for example_task_group to None, run_after=None
[2025-07-02T23:44:59.055+0000] {processor.py:208} INFO - Processing /home/airflow/.local/lib/python3.12/site-packages/airflow/example_dags/example_task_group.py took 0.084 seconds
[2025-07-02T23:45:29.310+0000] {processor.py:186} INFO - Started process (PID=2149) to work on /home/airflow/.local/lib/python3.12/site-packages/airflow/example_dags/example_task_group.py
[2025-07-02T23:45:29.311+0000] {processor.py:914} INFO - Processing file /home/airflow/.local/lib/python3.12/site-packages/airflow/example_dags/example_task_group.py for tasks to queue
[2025-07-02T23:45:29.315+0000] {logging_mixin.py:190} INFO - [2025-07-02T23:45:29.314+0000] {dagbag.py:588} INFO - Filling up the DagBag from /home/airflow/.local/lib/python3.12/site-packages/airflow/example_dags/example_task_group.py
[2025-07-02T23:45:29.327+0000] {processor.py:925} INFO - DAG(s) 'example_task_group' retrieved from /home/airflow/.local/lib/python3.12/site-packages/airflow/example_dags/example_task_group.py
[2025-07-02T23:45:29.359+0000] {logging_mixin.py:190} INFO - [2025-07-02T23:45:29.359+0000] {dag.py:3239} INFO - Sync 1 DAGs
[2025-07-02T23:45:29.380+0000] {logging_mixin.py:190} INFO - [2025-07-02T23:45:29.380+0000] {dag.py:4180} INFO - Setting next_dagrun for example_task_group to None, run_after=None
[2025-07-02T23:45:29.407+0000] {processor.py:208} INFO - Processing /home/airflow/.local/lib/python3.12/site-packages/airflow/example_dags/example_task_group.py took 0.105 seconds
[2025-07-02T23:46:00.594+0000] {processor.py:186} INFO - Started process (PID=2211) to work on /home/airflow/.local/lib/python3.12/site-packages/airflow/example_dags/example_task_group.py
[2025-07-02T23:46:00.596+0000] {processor.py:914} INFO - Processing file /home/airflow/.local/lib/python3.12/site-packages/airflow/example_dags/example_task_group.py for tasks to queue
[2025-07-02T23:46:00.600+0000] {logging_mixin.py:190} INFO - [2025-07-02T23:46:00.599+0000] {dagbag.py:588} INFO - Filling up the DagBag from /home/airflow/.local/lib/python3.12/site-packages/airflow/example_dags/example_task_group.py
[2025-07-02T23:46:00.613+0000] {processor.py:925} INFO - DAG(s) 'example_task_group' retrieved from /home/airflow/.local/lib/python3.12/site-packages/airflow/example_dags/example_task_group.py
[2025-07-02T23:46:00.639+0000] {logging_mixin.py:190} INFO - [2025-07-02T23:46:00.639+0000] {dag.py:3239} INFO - Sync 1 DAGs
[2025-07-02T23:46:00.656+0000] {logging_mixin.py:190} INFO - [2025-07-02T23:46:00.656+0000] {dag.py:4180} INFO - Setting next_dagrun for example_task_group to None, run_after=None
[2025-07-02T23:46:00.682+0000] {processor.py:208} INFO - Processing /home/airflow/.local/lib/python3.12/site-packages/airflow/example_dags/example_task_group.py took 0.097 seconds
[2025-07-02T23:46:31.845+0000] {processor.py:186} INFO - Started process (PID=2273) to work on /home/airflow/.local/lib/python3.12/site-packages/airflow/example_dags/example_task_group.py
[2025-07-02T23:46:31.847+0000] {processor.py:914} INFO - Processing file /home/airflow/.local/lib/python3.12/site-packages/airflow/example_dags/example_task_group.py for tasks to queue
[2025-07-02T23:46:31.850+0000] {logging_mixin.py:190} INFO - [2025-07-02T23:46:31.849+0000] {dagbag.py:588} INFO - Filling up the DagBag from /home/airflow/.local/lib/python3.12/site-packages/airflow/example_dags/example_task_group.py
[2025-07-02T23:46:31.861+0000] {processor.py:925} INFO - DAG(s) 'example_task_group' retrieved from /home/airflow/.local/lib/python3.12/site-packages/airflow/example_dags/example_task_group.py
[2025-07-02T23:46:31.888+0000] {logging_mixin.py:190} INFO - [2025-07-02T23:46:31.887+0000] {dag.py:3239} INFO - Sync 1 DAGs
[2025-07-02T23:46:31.904+0000] {logging_mixin.py:190} INFO - [2025-07-02T23:46:31.904+0000] {dag.py:4180} INFO - Setting next_dagrun for example_task_group to None, run_after=None
[2025-07-02T23:46:31.924+0000] {processor.py:208} INFO - Processing /home/airflow/.local/lib/python3.12/site-packages/airflow/example_dags/example_task_group.py took 0.087 seconds
[2025-07-02T23:47:02.488+0000] {processor.py:186} INFO - Started process (PID=2335) to work on /home/airflow/.local/lib/python3.12/site-packages/airflow/example_dags/example_task_group.py
[2025-07-02T23:47:02.491+0000] {processor.py:914} INFO - Processing file /home/airflow/.local/lib/python3.12/site-packages/airflow/example_dags/example_task_group.py for tasks to queue
[2025-07-02T23:47:02.495+0000] {logging_mixin.py:190} INFO - [2025-07-02T23:47:02.495+0000] {dagbag.py:588} INFO - Filling up the DagBag from /home/airflow/.local/lib/python3.12/site-packages/airflow/example_dags/example_task_group.py
[2025-07-02T23:47:02.509+0000] {processor.py:925} INFO - DAG(s) 'example_task_group' retrieved from /home/airflow/.local/lib/python3.12/site-packages/airflow/example_dags/example_task_group.py
[2025-07-02T23:47:02.543+0000] {logging_mixin.py:190} INFO - [2025-07-02T23:47:02.542+0000] {dag.py:3239} INFO - Sync 1 DAGs
[2025-07-02T23:47:02.566+0000] {logging_mixin.py:190} INFO - [2025-07-02T23:47:02.565+0000] {dag.py:4180} INFO - Setting next_dagrun for example_task_group to None, run_after=None
[2025-07-02T23:47:02.591+0000] {processor.py:208} INFO - Processing /home/airflow/.local/lib/python3.12/site-packages/airflow/example_dags/example_task_group.py took 0.113 seconds
[2025-07-02T23:47:32.877+0000] {processor.py:186} INFO - Started process (PID=2397) to work on /home/airflow/.local/lib/python3.12/site-packages/airflow/example_dags/example_task_group.py
[2025-07-02T23:47:32.878+0000] {processor.py:914} INFO - Processing file /home/airflow/.local/lib/python3.12/site-packages/airflow/example_dags/example_task_group.py for tasks to queue
[2025-07-02T23:47:32.880+0000] {logging_mixin.py:190} INFO - [2025-07-02T23:47:32.880+0000] {dagbag.py:588} INFO - Filling up the DagBag from /home/airflow/.local/lib/python3.12/site-packages/airflow/example_dags/example_task_group.py
[2025-07-02T23:47:32.890+0000] {processor.py:925} INFO - DAG(s) 'example_task_group' retrieved from /home/airflow/.local/lib/python3.12/site-packages/airflow/example_dags/example_task_group.py
[2025-07-02T23:47:32.911+0000] {logging_mixin.py:190} INFO - [2025-07-02T23:47:32.910+0000] {dag.py:3239} INFO - Sync 1 DAGs
[2025-07-02T23:47:32.925+0000] {logging_mixin.py:190} INFO - [2025-07-02T23:47:32.925+0000] {dag.py:4180} INFO - Setting next_dagrun for example_task_group to None, run_after=None
[2025-07-02T23:47:32.945+0000] {processor.py:208} INFO - Processing /home/airflow/.local/lib/python3.12/site-packages/airflow/example_dags/example_task_group.py took 0.073 seconds
[2025-07-02T23:48:03.367+0000] {processor.py:186} INFO - Started process (PID=2465) to work on /home/airflow/.local/lib/python3.12/site-packages/airflow/example_dags/example_task_group.py
[2025-07-02T23:48:03.368+0000] {processor.py:914} INFO - Processing file /home/airflow/.local/lib/python3.12/site-packages/airflow/example_dags/example_task_group.py for tasks to queue
[2025-07-02T23:48:03.371+0000] {logging_mixin.py:190} INFO - [2025-07-02T23:48:03.370+0000] {dagbag.py:588} INFO - Filling up the DagBag from /home/airflow/.local/lib/python3.12/site-packages/airflow/example_dags/example_task_group.py
[2025-07-02T23:48:03.382+0000] {processor.py:925} INFO - DAG(s) 'example_task_group' retrieved from /home/airflow/.local/lib/python3.12/site-packages/airflow/example_dags/example_task_group.py
[2025-07-02T23:48:03.403+0000] {logging_mixin.py:190} INFO - [2025-07-02T23:48:03.402+0000] {dag.py:3239} INFO - Sync 1 DAGs
[2025-07-02T23:48:03.417+0000] {logging_mixin.py:190} INFO - [2025-07-02T23:48:03.417+0000] {dag.py:4180} INFO - Setting next_dagrun for example_task_group to None, run_after=None
[2025-07-02T23:48:03.434+0000] {processor.py:208} INFO - Processing /home/airflow/.local/lib/python3.12/site-packages/airflow/example_dags/example_task_group.py took 0.073 seconds
[2025-07-02T23:48:34.063+0000] {processor.py:186} INFO - Started process (PID=2527) to work on /home/airflow/.local/lib/python3.12/site-packages/airflow/example_dags/example_task_group.py
[2025-07-02T23:48:34.064+0000] {processor.py:914} INFO - Processing file /home/airflow/.local/lib/python3.12/site-packages/airflow/example_dags/example_task_group.py for tasks to queue
[2025-07-02T23:48:34.067+0000] {logging_mixin.py:190} INFO - [2025-07-02T23:48:34.066+0000] {dagbag.py:588} INFO - Filling up the DagBag from /home/airflow/.local/lib/python3.12/site-packages/airflow/example_dags/example_task_group.py
[2025-07-02T23:48:34.076+0000] {processor.py:925} INFO - DAG(s) 'example_task_group' retrieved from /home/airflow/.local/lib/python3.12/site-packages/airflow/example_dags/example_task_group.py
[2025-07-02T23:48:34.097+0000] {logging_mixin.py:190} INFO - [2025-07-02T23:48:34.097+0000] {dag.py:3239} INFO - Sync 1 DAGs
[2025-07-02T23:48:34.115+0000] {logging_mixin.py:190} INFO - [2025-07-02T23:48:34.115+0000] {dag.py:4180} INFO - Setting next_dagrun for example_task_group to None, run_after=None
[2025-07-02T23:48:34.139+0000] {processor.py:208} INFO - Processing /home/airflow/.local/lib/python3.12/site-packages/airflow/example_dags/example_task_group.py took 0.083 seconds
[2025-07-02T23:49:04.506+0000] {processor.py:186} INFO - Started process (PID=2589) to work on /home/airflow/.local/lib/python3.12/site-packages/airflow/example_dags/example_task_group.py
[2025-07-02T23:49:04.507+0000] {processor.py:914} INFO - Processing file /home/airflow/.local/lib/python3.12/site-packages/airflow/example_dags/example_task_group.py for tasks to queue
[2025-07-02T23:49:04.509+0000] {logging_mixin.py:190} INFO - [2025-07-02T23:49:04.509+0000] {dagbag.py:588} INFO - Filling up the DagBag from /home/airflow/.local/lib/python3.12/site-packages/airflow/example_dags/example_task_group.py
[2025-07-02T23:49:04.518+0000] {processor.py:925} INFO - DAG(s) 'example_task_group' retrieved from /home/airflow/.local/lib/python3.12/site-packages/airflow/example_dags/example_task_group.py
[2025-07-02T23:49:04.540+0000] {logging_mixin.py:190} INFO - [2025-07-02T23:49:04.539+0000] {dag.py:3239} INFO - Sync 1 DAGs
[2025-07-02T23:49:04.554+0000] {logging_mixin.py:190} INFO - [2025-07-02T23:49:04.553+0000] {dag.py:4180} INFO - Setting next_dagrun for example_task_group to None, run_after=None
[2025-07-02T23:49:04.572+0000] {processor.py:208} INFO - Processing /home/airflow/.local/lib/python3.12/site-packages/airflow/example_dags/example_task_group.py took 0.073 seconds
[2025-07-02T23:49:35.126+0000] {processor.py:186} INFO - Started process (PID=2651) to work on /home/airflow/.local/lib/python3.12/site-packages/airflow/example_dags/example_task_group.py
[2025-07-02T23:49:35.127+0000] {processor.py:914} INFO - Processing file /home/airflow/.local/lib/python3.12/site-packages/airflow/example_dags/example_task_group.py for tasks to queue
[2025-07-02T23:49:35.130+0000] {logging_mixin.py:190} INFO - [2025-07-02T23:49:35.130+0000] {dagbag.py:588} INFO - Filling up the DagBag from /home/airflow/.local/lib/python3.12/site-packages/airflow/example_dags/example_task_group.py
[2025-07-02T23:49:35.141+0000] {processor.py:925} INFO - DAG(s) 'example_task_group' retrieved from /home/airflow/.local/lib/python3.12/site-packages/airflow/example_dags/example_task_group.py
[2025-07-02T23:49:35.167+0000] {logging_mixin.py:190} INFO - [2025-07-02T23:49:35.167+0000] {dag.py:3239} INFO - Sync 1 DAGs
[2025-07-02T23:49:35.189+0000] {logging_mixin.py:190} INFO - [2025-07-02T23:49:35.188+0000] {dag.py:4180} INFO - Setting next_dagrun for example_task_group to None, run_after=None
[2025-07-02T23:49:35.213+0000] {processor.py:208} INFO - Processing /home/airflow/.local/lib/python3.12/site-packages/airflow/example_dags/example_task_group.py took 0.093 seconds
[2025-07-02T23:50:05.581+0000] {processor.py:186} INFO - Started process (PID=2713) to work on /home/airflow/.local/lib/python3.12/site-packages/airflow/example_dags/example_task_group.py
[2025-07-02T23:50:05.582+0000] {processor.py:914} INFO - Processing file /home/airflow/.local/lib/python3.12/site-packages/airflow/example_dags/example_task_group.py for tasks to queue
[2025-07-02T23:50:05.585+0000] {logging_mixin.py:190} INFO - [2025-07-02T23:50:05.585+0000] {dagbag.py:588} INFO - Filling up the DagBag from /home/airflow/.local/lib/python3.12/site-packages/airflow/example_dags/example_task_group.py
[2025-07-02T23:50:05.595+0000] {processor.py:925} INFO - DAG(s) 'example_task_group' retrieved from /home/airflow/.local/lib/python3.12/site-packages/airflow/example_dags/example_task_group.py
[2025-07-02T23:50:05.615+0000] {logging_mixin.py:190} INFO - [2025-07-02T23:50:05.614+0000] {dag.py:3239} INFO - Sync 1 DAGs
[2025-07-02T23:50:05.630+0000] {logging_mixin.py:190} INFO - [2025-07-02T23:50:05.630+0000] {dag.py:4180} INFO - Setting next_dagrun for example_task_group to None, run_after=None
[2025-07-02T23:50:05.647+0000] {processor.py:208} INFO - Processing /home/airflow/.local/lib/python3.12/site-packages/airflow/example_dags/example_task_group.py took 0.073 seconds
[2025-07-02T23:50:36.919+0000] {processor.py:186} INFO - Started process (PID=2775) to work on /home/airflow/.local/lib/python3.12/site-packages/airflow/example_dags/example_task_group.py
[2025-07-02T23:50:36.920+0000] {processor.py:914} INFO - Processing file /home/airflow/.local/lib/python3.12/site-packages/airflow/example_dags/example_task_group.py for tasks to queue
[2025-07-02T23:50:36.923+0000] {logging_mixin.py:190} INFO - [2025-07-02T23:50:36.922+0000] {dagbag.py:588} INFO - Filling up the DagBag from /home/airflow/.local/lib/python3.12/site-packages/airflow/example_dags/example_task_group.py
[2025-07-02T23:50:36.932+0000] {processor.py:925} INFO - DAG(s) 'example_task_group' retrieved from /home/airflow/.local/lib/python3.12/site-packages/airflow/example_dags/example_task_group.py
[2025-07-02T23:50:36.953+0000] {logging_mixin.py:190} INFO - [2025-07-02T23:50:36.952+0000] {dag.py:3239} INFO - Sync 1 DAGs
[2025-07-02T23:50:36.969+0000] {logging_mixin.py:190} INFO - [2025-07-02T23:50:36.969+0000] {dag.py:4180} INFO - Setting next_dagrun for example_task_group to None, run_after=None
[2025-07-02T23:50:36.986+0000] {processor.py:208} INFO - Processing /home/airflow/.local/lib/python3.12/site-packages/airflow/example_dags/example_task_group.py took 0.074 seconds
[2025-07-02T23:51:07.563+0000] {processor.py:186} INFO - Started process (PID=2837) to work on /home/airflow/.local/lib/python3.12/site-packages/airflow/example_dags/example_task_group.py
[2025-07-02T23:51:07.564+0000] {processor.py:914} INFO - Processing file /home/airflow/.local/lib/python3.12/site-packages/airflow/example_dags/example_task_group.py for tasks to queue
[2025-07-02T23:51:07.566+0000] {logging_mixin.py:190} INFO - [2025-07-02T23:51:07.566+0000] {dagbag.py:588} INFO - Filling up the DagBag from /home/airflow/.local/lib/python3.12/site-packages/airflow/example_dags/example_task_group.py
[2025-07-02T23:51:07.574+0000] {processor.py:925} INFO - DAG(s) 'example_task_group' retrieved from /home/airflow/.local/lib/python3.12/site-packages/airflow/example_dags/example_task_group.py
[2025-07-02T23:51:07.595+0000] {logging_mixin.py:190} INFO - [2025-07-02T23:51:07.595+0000] {dag.py:3239} INFO - Sync 1 DAGs
[2025-07-02T23:51:07.610+0000] {logging_mixin.py:190} INFO - [2025-07-02T23:51:07.609+0000] {dag.py:4180} INFO - Setting next_dagrun for example_task_group to None, run_after=None
[2025-07-02T23:51:07.628+0000] {processor.py:208} INFO - Processing /home/airflow/.local/lib/python3.12/site-packages/airflow/example_dags/example_task_group.py took 0.071 seconds
[2025-07-02T23:51:38.400+0000] {processor.py:186} INFO - Started process (PID=2900) to work on /home/airflow/.local/lib/python3.12/site-packages/airflow/example_dags/example_task_group.py
[2025-07-02T23:51:38.401+0000] {processor.py:914} INFO - Processing file /home/airflow/.local/lib/python3.12/site-packages/airflow/example_dags/example_task_group.py for tasks to queue
[2025-07-02T23:51:38.403+0000] {logging_mixin.py:190} INFO - [2025-07-02T23:51:38.403+0000] {dagbag.py:588} INFO - Filling up the DagBag from /home/airflow/.local/lib/python3.12/site-packages/airflow/example_dags/example_task_group.py
[2025-07-02T23:51:38.411+0000] {processor.py:925} INFO - DAG(s) 'example_task_group' retrieved from /home/airflow/.local/lib/python3.12/site-packages/airflow/example_dags/example_task_group.py
[2025-07-02T23:51:38.431+0000] {logging_mixin.py:190} INFO - [2025-07-02T23:51:38.430+0000] {dag.py:3239} INFO - Sync 1 DAGs
[2025-07-02T23:51:38.444+0000] {logging_mixin.py:190} INFO - [2025-07-02T23:51:38.443+0000] {dag.py:4180} INFO - Setting next_dagrun for example_task_group to None, run_after=None
[2025-07-02T23:51:38.462+0000] {processor.py:208} INFO - Processing /home/airflow/.local/lib/python3.12/site-packages/airflow/example_dags/example_task_group.py took 0.067 seconds
[2025-07-02T23:52:09.085+0000] {processor.py:186} INFO - Started process (PID=2962) to work on /home/airflow/.local/lib/python3.12/site-packages/airflow/example_dags/example_task_group.py
[2025-07-02T23:52:09.086+0000] {processor.py:914} INFO - Processing file /home/airflow/.local/lib/python3.12/site-packages/airflow/example_dags/example_task_group.py for tasks to queue
[2025-07-02T23:52:09.089+0000] {logging_mixin.py:190} INFO - [2025-07-02T23:52:09.089+0000] {dagbag.py:588} INFO - Filling up the DagBag from /home/airflow/.local/lib/python3.12/site-packages/airflow/example_dags/example_task_group.py
[2025-07-02T23:52:09.098+0000] {processor.py:925} INFO - DAG(s) 'example_task_group' retrieved from /home/airflow/.local/lib/python3.12/site-packages/airflow/example_dags/example_task_group.py
[2025-07-02T23:52:09.121+0000] {logging_mixin.py:190} INFO - [2025-07-02T23:52:09.121+0000] {dag.py:3239} INFO - Sync 1 DAGs
[2025-07-02T23:52:09.136+0000] {logging_mixin.py:190} INFO - [2025-07-02T23:52:09.136+0000] {dag.py:4180} INFO - Setting next_dagrun for example_task_group to None, run_after=None
[2025-07-02T23:52:09.154+0000] {processor.py:208} INFO - Processing /home/airflow/.local/lib/python3.12/site-packages/airflow/example_dags/example_task_group.py took 0.075 seconds
[2025-07-02T23:52:39.595+0000] {processor.py:186} INFO - Started process (PID=3024) to work on /home/airflow/.local/lib/python3.12/site-packages/airflow/example_dags/example_task_group.py
[2025-07-02T23:52:39.597+0000] {processor.py:914} INFO - Processing file /home/airflow/.local/lib/python3.12/site-packages/airflow/example_dags/example_task_group.py for tasks to queue
[2025-07-02T23:52:39.600+0000] {logging_mixin.py:190} INFO - [2025-07-02T23:52:39.599+0000] {dagbag.py:588} INFO - Filling up the DagBag from /home/airflow/.local/lib/python3.12/site-packages/airflow/example_dags/example_task_group.py
[2025-07-02T23:52:39.613+0000] {processor.py:925} INFO - DAG(s) 'example_task_group' retrieved from /home/airflow/.local/lib/python3.12/site-packages/airflow/example_dags/example_task_group.py
[2025-07-02T23:52:39.635+0000] {logging_mixin.py:190} INFO - [2025-07-02T23:52:39.635+0000] {dag.py:3239} INFO - Sync 1 DAGs
[2025-07-02T23:52:39.654+0000] {logging_mixin.py:190} INFO - [2025-07-02T23:52:39.654+0000] {dag.py:4180} INFO - Setting next_dagrun for example_task_group to None, run_after=None
[2025-07-02T23:52:39.673+0000] {processor.py:208} INFO - Processing /home/airflow/.local/lib/python3.12/site-packages/airflow/example_dags/example_task_group.py took 0.084 seconds
[2025-07-02T23:53:10.487+0000] {processor.py:186} INFO - Started process (PID=3086) to work on /home/airflow/.local/lib/python3.12/site-packages/airflow/example_dags/example_task_group.py
[2025-07-02T23:53:10.488+0000] {processor.py:914} INFO - Processing file /home/airflow/.local/lib/python3.12/site-packages/airflow/example_dags/example_task_group.py for tasks to queue
[2025-07-02T23:53:10.491+0000] {logging_mixin.py:190} INFO - [2025-07-02T23:53:10.490+0000] {dagbag.py:588} INFO - Filling up the DagBag from /home/airflow/.local/lib/python3.12/site-packages/airflow/example_dags/example_task_group.py
[2025-07-02T23:53:10.499+0000] {processor.py:925} INFO - DAG(s) 'example_task_group' retrieved from /home/airflow/.local/lib/python3.12/site-packages/airflow/example_dags/example_task_group.py
[2025-07-02T23:53:10.520+0000] {logging_mixin.py:190} INFO - [2025-07-02T23:53:10.519+0000] {dag.py:3239} INFO - Sync 1 DAGs
[2025-07-02T23:53:10.533+0000] {logging_mixin.py:190} INFO - [2025-07-02T23:53:10.533+0000] {dag.py:4180} INFO - Setting next_dagrun for example_task_group to None, run_after=None
[2025-07-02T23:53:10.550+0000] {processor.py:208} INFO - Processing /home/airflow/.local/lib/python3.12/site-packages/airflow/example_dags/example_task_group.py took 0.068 seconds
[2025-07-02T23:53:41.249+0000] {processor.py:186} INFO - Started process (PID=3148) to work on /home/airflow/.local/lib/python3.12/site-packages/airflow/example_dags/example_task_group.py
[2025-07-02T23:53:41.251+0000] {processor.py:914} INFO - Processing file /home/airflow/.local/lib/python3.12/site-packages/airflow/example_dags/example_task_group.py for tasks to queue
[2025-07-02T23:53:41.253+0000] {logging_mixin.py:190} INFO - [2025-07-02T23:53:41.253+0000] {dagbag.py:588} INFO - Filling up the DagBag from /home/airflow/.local/lib/python3.12/site-packages/airflow/example_dags/example_task_group.py
[2025-07-02T23:53:41.262+0000] {processor.py:925} INFO - DAG(s) 'example_task_group' retrieved from /home/airflow/.local/lib/python3.12/site-packages/airflow/example_dags/example_task_group.py
[2025-07-02T23:53:41.281+0000] {logging_mixin.py:190} INFO - [2025-07-02T23:53:41.281+0000] {dag.py:3239} INFO - Sync 1 DAGs
[2025-07-02T23:53:41.294+0000] {logging_mixin.py:190} INFO - [2025-07-02T23:53:41.294+0000] {dag.py:4180} INFO - Setting next_dagrun for example_task_group to None, run_after=None
[2025-07-02T23:53:41.312+0000] {processor.py:208} INFO - Processing /home/airflow/.local/lib/python3.12/site-packages/airflow/example_dags/example_task_group.py took 0.068 seconds
[2025-07-02T23:54:11.941+0000] {processor.py:186} INFO - Started process (PID=3210) to work on /home/airflow/.local/lib/python3.12/site-packages/airflow/example_dags/example_task_group.py
[2025-07-02T23:54:11.942+0000] {processor.py:914} INFO - Processing file /home/airflow/.local/lib/python3.12/site-packages/airflow/example_dags/example_task_group.py for tasks to queue
[2025-07-02T23:54:11.945+0000] {logging_mixin.py:190} INFO - [2025-07-02T23:54:11.944+0000] {dagbag.py:588} INFO - Filling up the DagBag from /home/airflow/.local/lib/python3.12/site-packages/airflow/example_dags/example_task_group.py
[2025-07-02T23:54:11.954+0000] {processor.py:925} INFO - DAG(s) 'example_task_group' retrieved from /home/airflow/.local/lib/python3.12/site-packages/airflow/example_dags/example_task_group.py
[2025-07-02T23:54:11.974+0000] {logging_mixin.py:190} INFO - [2025-07-02T23:54:11.973+0000] {dag.py:3239} INFO - Sync 1 DAGs
[2025-07-02T23:54:11.987+0000] {logging_mixin.py:190} INFO - [2025-07-02T23:54:11.987+0000] {dag.py:4180} INFO - Setting next_dagrun for example_task_group to None, run_after=None
[2025-07-02T23:54:12.004+0000] {processor.py:208} INFO - Processing /home/airflow/.local/lib/python3.12/site-packages/airflow/example_dags/example_task_group.py took 0.069 seconds
[2025-07-02T23:54:42.948+0000] {processor.py:186} INFO - Started process (PID=3272) to work on /home/airflow/.local/lib/python3.12/site-packages/airflow/example_dags/example_task_group.py
[2025-07-02T23:54:42.950+0000] {processor.py:914} INFO - Processing file /home/airflow/.local/lib/python3.12/site-packages/airflow/example_dags/example_task_group.py for tasks to queue
[2025-07-02T23:54:42.953+0000] {logging_mixin.py:190} INFO - [2025-07-02T23:54:42.953+0000] {dagbag.py:588} INFO - Filling up the DagBag from /home/airflow/.local/lib/python3.12/site-packages/airflow/example_dags/example_task_group.py
[2025-07-02T23:54:42.966+0000] {processor.py:925} INFO - DAG(s) 'example_task_group' retrieved from /home/airflow/.local/lib/python3.12/site-packages/airflow/example_dags/example_task_group.py
[2025-07-02T23:54:42.991+0000] {logging_mixin.py:190} INFO - [2025-07-02T23:54:42.991+0000] {dag.py:3239} INFO - Sync 1 DAGs
[2025-07-02T23:54:43.010+0000] {logging_mixin.py:190} INFO - [2025-07-02T23:54:43.010+0000] {dag.py:4180} INFO - Setting next_dagrun for example_task_group to None, run_after=None
[2025-07-02T23:54:43.186+0000] {processor.py:208} INFO - Processing /home/airflow/.local/lib/python3.12/site-packages/airflow/example_dags/example_task_group.py took 0.246 seconds
[2025-07-02T23:55:13.516+0000] {processor.py:186} INFO - Started process (PID=3334) to work on /home/airflow/.local/lib/python3.12/site-packages/airflow/example_dags/example_task_group.py
[2025-07-02T23:55:13.517+0000] {processor.py:914} INFO - Processing file /home/airflow/.local/lib/python3.12/site-packages/airflow/example_dags/example_task_group.py for tasks to queue
[2025-07-02T23:55:13.520+0000] {logging_mixin.py:190} INFO - [2025-07-02T23:55:13.519+0000] {dagbag.py:588} INFO - Filling up the DagBag from /home/airflow/.local/lib/python3.12/site-packages/airflow/example_dags/example_task_group.py
[2025-07-02T23:55:13.528+0000] {processor.py:925} INFO - DAG(s) 'example_task_group' retrieved from /home/airflow/.local/lib/python3.12/site-packages/airflow/example_dags/example_task_group.py
[2025-07-02T23:55:13.548+0000] {logging_mixin.py:190} INFO - [2025-07-02T23:55:13.548+0000] {dag.py:3239} INFO - Sync 1 DAGs
[2025-07-02T23:55:13.562+0000] {logging_mixin.py:190} INFO - [2025-07-02T23:55:13.562+0000] {dag.py:4180} INFO - Setting next_dagrun for example_task_group to None, run_after=None
[2025-07-02T23:55:13.579+0000] {processor.py:208} INFO - Processing /home/airflow/.local/lib/python3.12/site-packages/airflow/example_dags/example_task_group.py took 0.069 seconds
[2025-07-02T23:55:44.017+0000] {processor.py:186} INFO - Started process (PID=3396) to work on /home/airflow/.local/lib/python3.12/site-packages/airflow/example_dags/example_task_group.py
[2025-07-02T23:55:44.018+0000] {processor.py:914} INFO - Processing file /home/airflow/.local/lib/python3.12/site-packages/airflow/example_dags/example_task_group.py for tasks to queue
[2025-07-02T23:55:44.021+0000] {logging_mixin.py:190} INFO - [2025-07-02T23:55:44.020+0000] {dagbag.py:588} INFO - Filling up the DagBag from /home/airflow/.local/lib/python3.12/site-packages/airflow/example_dags/example_task_group.py
[2025-07-02T23:55:44.029+0000] {processor.py:925} INFO - DAG(s) 'example_task_group' retrieved from /home/airflow/.local/lib/python3.12/site-packages/airflow/example_dags/example_task_group.py
[2025-07-02T23:55:44.050+0000] {logging_mixin.py:190} INFO - [2025-07-02T23:55:44.050+0000] {dag.py:3239} INFO - Sync 1 DAGs
[2025-07-02T23:55:44.063+0000] {logging_mixin.py:190} INFO - [2025-07-02T23:55:44.063+0000] {dag.py:4180} INFO - Setting next_dagrun for example_task_group to None, run_after=None
[2025-07-02T23:55:44.081+0000] {processor.py:208} INFO - Processing /home/airflow/.local/lib/python3.12/site-packages/airflow/example_dags/example_task_group.py took 0.069 seconds
[2025-07-02T23:56:14.768+0000] {processor.py:186} INFO - Started process (PID=3458) to work on /home/airflow/.local/lib/python3.12/site-packages/airflow/example_dags/example_task_group.py
[2025-07-02T23:56:14.770+0000] {processor.py:914} INFO - Processing file /home/airflow/.local/lib/python3.12/site-packages/airflow/example_dags/example_task_group.py for tasks to queue
[2025-07-02T23:56:14.774+0000] {logging_mixin.py:190} INFO - [2025-07-02T23:56:14.773+0000] {dagbag.py:588} INFO - Filling up the DagBag from /home/airflow/.local/lib/python3.12/site-packages/airflow/example_dags/example_task_group.py
[2025-07-02T23:56:14.801+0000] {processor.py:925} INFO - DAG(s) 'example_task_group' retrieved from /home/airflow/.local/lib/python3.12/site-packages/airflow/example_dags/example_task_group.py
[2025-07-02T23:56:14.840+0000] {logging_mixin.py:190} INFO - [2025-07-02T23:56:14.840+0000] {dag.py:3239} INFO - Sync 1 DAGs
[2025-07-02T23:56:14.865+0000] {logging_mixin.py:190} INFO - [2025-07-02T23:56:14.865+0000] {dag.py:4180} INFO - Setting next_dagrun for example_task_group to None, run_after=None
[2025-07-02T23:56:14.893+0000] {processor.py:208} INFO - Processing /home/airflow/.local/lib/python3.12/site-packages/airflow/example_dags/example_task_group.py took 0.131 seconds
[2025-07-02T23:56:46.232+0000] {processor.py:186} INFO - Started process (PID=3520) to work on /home/airflow/.local/lib/python3.12/site-packages/airflow/example_dags/example_task_group.py
[2025-07-02T23:56:46.233+0000] {processor.py:914} INFO - Processing file /home/airflow/.local/lib/python3.12/site-packages/airflow/example_dags/example_task_group.py for tasks to queue
[2025-07-02T23:56:46.235+0000] {logging_mixin.py:190} INFO - [2025-07-02T23:56:46.235+0000] {dagbag.py:588} INFO - Filling up the DagBag from /home/airflow/.local/lib/python3.12/site-packages/airflow/example_dags/example_task_group.py
[2025-07-02T23:56:46.244+0000] {processor.py:925} INFO - DAG(s) 'example_task_group' retrieved from /home/airflow/.local/lib/python3.12/site-packages/airflow/example_dags/example_task_group.py
[2025-07-02T23:56:46.265+0000] {logging_mixin.py:190} INFO - [2025-07-02T23:56:46.264+0000] {dag.py:3239} INFO - Sync 1 DAGs
[2025-07-02T23:56:46.490+0000] {logging_mixin.py:190} INFO - [2025-07-02T23:56:46.490+0000] {dag.py:4180} INFO - Setting next_dagrun for example_task_group to None, run_after=None
[2025-07-02T23:56:46.506+0000] {processor.py:208} INFO - Processing /home/airflow/.local/lib/python3.12/site-packages/airflow/example_dags/example_task_group.py took 0.280 seconds
[2025-07-02T23:57:16.948+0000] {processor.py:186} INFO - Started process (PID=3582) to work on /home/airflow/.local/lib/python3.12/site-packages/airflow/example_dags/example_task_group.py
[2025-07-02T23:57:16.949+0000] {processor.py:914} INFO - Processing file /home/airflow/.local/lib/python3.12/site-packages/airflow/example_dags/example_task_group.py for tasks to queue
[2025-07-02T23:57:16.952+0000] {logging_mixin.py:190} INFO - [2025-07-02T23:57:16.952+0000] {dagbag.py:588} INFO - Filling up the DagBag from /home/airflow/.local/lib/python3.12/site-packages/airflow/example_dags/example_task_group.py
[2025-07-02T23:57:16.961+0000] {processor.py:925} INFO - DAG(s) 'example_task_group' retrieved from /home/airflow/.local/lib/python3.12/site-packages/airflow/example_dags/example_task_group.py
[2025-07-02T23:57:16.982+0000] {logging_mixin.py:190} INFO - [2025-07-02T23:57:16.981+0000] {dag.py:3239} INFO - Sync 1 DAGs
[2025-07-02T23:57:16.996+0000] {logging_mixin.py:190} INFO - [2025-07-02T23:57:16.996+0000] {dag.py:4180} INFO - Setting next_dagrun for example_task_group to None, run_after=None
[2025-07-02T23:57:17.013+0000] {processor.py:208} INFO - Processing /home/airflow/.local/lib/python3.12/site-packages/airflow/example_dags/example_task_group.py took 0.071 seconds
[2025-07-02T23:57:47.518+0000] {processor.py:186} INFO - Started process (PID=3644) to work on /home/airflow/.local/lib/python3.12/site-packages/airflow/example_dags/example_task_group.py
[2025-07-02T23:57:47.519+0000] {processor.py:914} INFO - Processing file /home/airflow/.local/lib/python3.12/site-packages/airflow/example_dags/example_task_group.py for tasks to queue
[2025-07-02T23:57:47.522+0000] {logging_mixin.py:190} INFO - [2025-07-02T23:57:47.521+0000] {dagbag.py:588} INFO - Filling up the DagBag from /home/airflow/.local/lib/python3.12/site-packages/airflow/example_dags/example_task_group.py
[2025-07-02T23:57:47.530+0000] {processor.py:925} INFO - DAG(s) 'example_task_group' retrieved from /home/airflow/.local/lib/python3.12/site-packages/airflow/example_dags/example_task_group.py
[2025-07-02T23:57:47.550+0000] {logging_mixin.py:190} INFO - [2025-07-02T23:57:47.550+0000] {dag.py:3239} INFO - Sync 1 DAGs
[2025-07-02T23:57:47.563+0000] {logging_mixin.py:190} INFO - [2025-07-02T23:57:47.563+0000] {dag.py:4180} INFO - Setting next_dagrun for example_task_group to None, run_after=None
[2025-07-02T23:57:47.580+0000] {processor.py:208} INFO - Processing /home/airflow/.local/lib/python3.12/site-packages/airflow/example_dags/example_task_group.py took 0.067 seconds
[2025-07-02T23:58:18.072+0000] {processor.py:186} INFO - Started process (PID=3706) to work on /home/airflow/.local/lib/python3.12/site-packages/airflow/example_dags/example_task_group.py
[2025-07-02T23:58:18.073+0000] {processor.py:914} INFO - Processing file /home/airflow/.local/lib/python3.12/site-packages/airflow/example_dags/example_task_group.py for tasks to queue
[2025-07-02T23:58:18.075+0000] {logging_mixin.py:190} INFO - [2025-07-02T23:58:18.075+0000] {dagbag.py:588} INFO - Filling up the DagBag from /home/airflow/.local/lib/python3.12/site-packages/airflow/example_dags/example_task_group.py
[2025-07-02T23:58:18.084+0000] {processor.py:925} INFO - DAG(s) 'example_task_group' retrieved from /home/airflow/.local/lib/python3.12/site-packages/airflow/example_dags/example_task_group.py
[2025-07-02T23:58:18.103+0000] {logging_mixin.py:190} INFO - [2025-07-02T23:58:18.103+0000] {dag.py:3239} INFO - Sync 1 DAGs
[2025-07-02T23:58:18.116+0000] {logging_mixin.py:190} INFO - [2025-07-02T23:58:18.116+0000] {dag.py:4180} INFO - Setting next_dagrun for example_task_group to None, run_after=None
[2025-07-02T23:58:18.133+0000] {processor.py:208} INFO - Processing /home/airflow/.local/lib/python3.12/site-packages/airflow/example_dags/example_task_group.py took 0.066 seconds
[2025-07-02T23:58:48.468+0000] {processor.py:186} INFO - Started process (PID=3768) to work on /home/airflow/.local/lib/python3.12/site-packages/airflow/example_dags/example_task_group.py
[2025-07-02T23:58:48.469+0000] {processor.py:914} INFO - Processing file /home/airflow/.local/lib/python3.12/site-packages/airflow/example_dags/example_task_group.py for tasks to queue
[2025-07-02T23:58:48.471+0000] {logging_mixin.py:190} INFO - [2025-07-02T23:58:48.471+0000] {dagbag.py:588} INFO - Filling up the DagBag from /home/airflow/.local/lib/python3.12/site-packages/airflow/example_dags/example_task_group.py
[2025-07-02T23:58:48.480+0000] {processor.py:925} INFO - DAG(s) 'example_task_group' retrieved from /home/airflow/.local/lib/python3.12/site-packages/airflow/example_dags/example_task_group.py
[2025-07-02T23:58:48.500+0000] {logging_mixin.py:190} INFO - [2025-07-02T23:58:48.499+0000] {dag.py:3239} INFO - Sync 1 DAGs
[2025-07-02T23:58:48.514+0000] {logging_mixin.py:190} INFO - [2025-07-02T23:58:48.514+0000] {dag.py:4180} INFO - Setting next_dagrun for example_task_group to None, run_after=None
[2025-07-02T23:58:48.532+0000] {processor.py:208} INFO - Processing /home/airflow/.local/lib/python3.12/site-packages/airflow/example_dags/example_task_group.py took 0.070 seconds
[2025-07-02T23:59:19.035+0000] {processor.py:186} INFO - Started process (PID=3830) to work on /home/airflow/.local/lib/python3.12/site-packages/airflow/example_dags/example_task_group.py
[2025-07-02T23:59:19.037+0000] {processor.py:914} INFO - Processing file /home/airflow/.local/lib/python3.12/site-packages/airflow/example_dags/example_task_group.py for tasks to queue
[2025-07-02T23:59:19.040+0000] {logging_mixin.py:190} INFO - [2025-07-02T23:59:19.039+0000] {dagbag.py:588} INFO - Filling up the DagBag from /home/airflow/.local/lib/python3.12/site-packages/airflow/example_dags/example_task_group.py
[2025-07-02T23:59:19.049+0000] {processor.py:925} INFO - DAG(s) 'example_task_group' retrieved from /home/airflow/.local/lib/python3.12/site-packages/airflow/example_dags/example_task_group.py
[2025-07-02T23:59:19.068+0000] {logging_mixin.py:190} INFO - [2025-07-02T23:59:19.068+0000] {dag.py:3239} INFO - Sync 1 DAGs
[2025-07-02T23:59:19.082+0000] {logging_mixin.py:190} INFO - [2025-07-02T23:59:19.082+0000] {dag.py:4180} INFO - Setting next_dagrun for example_task_group to None, run_after=None
[2025-07-02T23:59:19.098+0000] {processor.py:208} INFO - Processing /home/airflow/.local/lib/python3.12/site-packages/airflow/example_dags/example_task_group.py took 0.069 seconds
[2025-07-02T23:59:49.483+0000] {processor.py:186} INFO - Started process (PID=3892) to work on /home/airflow/.local/lib/python3.12/site-packages/airflow/example_dags/example_task_group.py
[2025-07-02T23:59:49.484+0000] {processor.py:914} INFO - Processing file /home/airflow/.local/lib/python3.12/site-packages/airflow/example_dags/example_task_group.py for tasks to queue
[2025-07-02T23:59:49.487+0000] {logging_mixin.py:190} INFO - [2025-07-02T23:59:49.486+0000] {dagbag.py:588} INFO - Filling up the DagBag from /home/airflow/.local/lib/python3.12/site-packages/airflow/example_dags/example_task_group.py
[2025-07-02T23:59:49.497+0000] {processor.py:925} INFO - DAG(s) 'example_task_group' retrieved from /home/airflow/.local/lib/python3.12/site-packages/airflow/example_dags/example_task_group.py
[2025-07-02T23:59:49.519+0000] {logging_mixin.py:190} INFO - [2025-07-02T23:59:49.519+0000] {dag.py:3239} INFO - Sync 1 DAGs
[2025-07-02T23:59:49.533+0000] {logging_mixin.py:190} INFO - [2025-07-02T23:59:49.533+0000] {dag.py:4180} INFO - Setting next_dagrun for example_task_group to None, run_after=None
[2025-07-02T23:59:49.551+0000] {processor.py:208} INFO - Processing /home/airflow/.local/lib/python3.12/site-packages/airflow/example_dags/example_task_group.py took 0.075 seconds
