[2025-07-02T23:29:07.338+0000] {processor.py:186} INFO - Started process (PID=161) to work on /home/airflow/.local/lib/python3.12/site-packages/airflow/example_dags/example_latest_only.py
[2025-07-02T23:29:07.340+0000] {processor.py:914} INFO - Processing file /home/airflow/.local/lib/python3.12/site-packages/airflow/example_dags/example_latest_only.py for tasks to queue
[2025-07-02T23:29:07.527+0000] {logging_mixin.py:190} INFO - [2025-07-02T23:29:07.484+0000] {dagbag.py:588} INFO - Filling up the DagBag from /home/airflow/.local/lib/python3.12/site-packages/airflow/example_dags/example_latest_only.py
[2025-07-02T23:29:07.786+0000] {processor.py:925} INFO - DAG(s) 'latest_only' retrieved from /home/airflow/.local/lib/python3.12/site-packages/airflow/example_dags/example_latest_only.py
[2025-07-02T23:29:08.192+0000] {logging_mixin.py:190} INFO - [2025-07-02T23:29:08.191+0000] {dag.py:3239} INFO - Sync 1 DAGs
[2025-07-02T23:29:08.441+0000] {logging_mixin.py:190} INFO - [2025-07-02T23:29:08.440+0000] {dag.py:4180} INFO - Setting next_dagrun for latest_only to 2025-07-02 16:00:00+00:00, run_after=2025-07-02 20:00:00+00:00
[2025-07-02T23:29:08.549+0000] {processor.py:208} INFO - Processing /home/airflow/.local/lib/python3.12/site-packages/airflow/example_dags/example_latest_only.py took 1.234 seconds
[2025-07-02T23:29:38.729+0000] {processor.py:186} INFO - Started process (PID=223) to work on /home/airflow/.local/lib/python3.12/site-packages/airflow/example_dags/example_latest_only.py
[2025-07-02T23:29:38.731+0000] {processor.py:914} INFO - Processing file /home/airflow/.local/lib/python3.12/site-packages/airflow/example_dags/example_latest_only.py for tasks to queue
[2025-07-02T23:29:38.736+0000] {logging_mixin.py:190} INFO - [2025-07-02T23:29:38.735+0000] {dagbag.py:588} INFO - Filling up the DagBag from /home/airflow/.local/lib/python3.12/site-packages/airflow/example_dags/example_latest_only.py
[2025-07-02T23:29:38.752+0000] {processor.py:925} INFO - DAG(s) 'latest_only' retrieved from /home/airflow/.local/lib/python3.12/site-packages/airflow/example_dags/example_latest_only.py
[2025-07-02T23:29:38.802+0000] {logging_mixin.py:190} INFO - [2025-07-02T23:29:38.802+0000] {dag.py:3239} INFO - Sync 1 DAGs
[2025-07-02T23:29:38.861+0000] {logging_mixin.py:190} INFO - [2025-07-02T23:29:38.861+0000] {dag.py:4180} INFO - Setting next_dagrun for latest_only to 2025-07-02 16:00:00+00:00, run_after=2025-07-02 20:00:00+00:00
[2025-07-02T23:29:38.927+0000] {processor.py:208} INFO - Processing /home/airflow/.local/lib/python3.12/site-packages/airflow/example_dags/example_latest_only.py took 0.210 seconds
[2025-07-02T23:30:09.886+0000] {processor.py:186} INFO - Started process (PID=285) to work on /home/airflow/.local/lib/python3.12/site-packages/airflow/example_dags/example_latest_only.py
[2025-07-02T23:30:09.888+0000] {processor.py:914} INFO - Processing file /home/airflow/.local/lib/python3.12/site-packages/airflow/example_dags/example_latest_only.py for tasks to queue
[2025-07-02T23:30:09.894+0000] {logging_mixin.py:190} INFO - [2025-07-02T23:30:09.891+0000] {dagbag.py:588} INFO - Filling up the DagBag from /home/airflow/.local/lib/python3.12/site-packages/airflow/example_dags/example_latest_only.py
[2025-07-02T23:30:09.908+0000] {processor.py:925} INFO - DAG(s) 'latest_only' retrieved from /home/airflow/.local/lib/python3.12/site-packages/airflow/example_dags/example_latest_only.py
[2025-07-02T23:30:09.941+0000] {logging_mixin.py:190} INFO - [2025-07-02T23:30:09.940+0000] {dag.py:3239} INFO - Sync 1 DAGs
[2025-07-02T23:30:09.980+0000] {logging_mixin.py:190} INFO - [2025-07-02T23:30:09.980+0000] {dag.py:4180} INFO - Setting next_dagrun for latest_only to 2025-07-02 16:00:00+00:00, run_after=2025-07-02 20:00:00+00:00
[2025-07-02T23:30:10.016+0000] {processor.py:208} INFO - Processing /home/airflow/.local/lib/python3.12/site-packages/airflow/example_dags/example_latest_only.py took 0.140 seconds
[2025-07-02T23:30:40.520+0000] {processor.py:186} INFO - Started process (PID=347) to work on /home/airflow/.local/lib/python3.12/site-packages/airflow/example_dags/example_latest_only.py
[2025-07-02T23:30:40.521+0000] {processor.py:914} INFO - Processing file /home/airflow/.local/lib/python3.12/site-packages/airflow/example_dags/example_latest_only.py for tasks to queue
[2025-07-02T23:30:40.524+0000] {logging_mixin.py:190} INFO - [2025-07-02T23:30:40.524+0000] {dagbag.py:588} INFO - Filling up the DagBag from /home/airflow/.local/lib/python3.12/site-packages/airflow/example_dags/example_latest_only.py
[2025-07-02T23:30:40.533+0000] {processor.py:925} INFO - DAG(s) 'latest_only' retrieved from /home/airflow/.local/lib/python3.12/site-packages/airflow/example_dags/example_latest_only.py
[2025-07-02T23:30:40.555+0000] {logging_mixin.py:190} INFO - [2025-07-02T23:30:40.555+0000] {dag.py:3239} INFO - Sync 1 DAGs
[2025-07-02T23:30:40.586+0000] {logging_mixin.py:190} INFO - [2025-07-02T23:30:40.586+0000] {dag.py:4180} INFO - Setting next_dagrun for latest_only to 2025-07-02 16:00:00+00:00, run_after=2025-07-02 20:00:00+00:00
[2025-07-02T23:30:40.604+0000] {processor.py:208} INFO - Processing /home/airflow/.local/lib/python3.12/site-packages/airflow/example_dags/example_latest_only.py took 0.090 seconds
[2025-07-02T23:31:11.311+0000] {processor.py:186} INFO - Started process (PID=409) to work on /home/airflow/.local/lib/python3.12/site-packages/airflow/example_dags/example_latest_only.py
[2025-07-02T23:31:11.313+0000] {processor.py:914} INFO - Processing file /home/airflow/.local/lib/python3.12/site-packages/airflow/example_dags/example_latest_only.py for tasks to queue
[2025-07-02T23:31:11.316+0000] {logging_mixin.py:190} INFO - [2025-07-02T23:31:11.316+0000] {dagbag.py:588} INFO - Filling up the DagBag from /home/airflow/.local/lib/python3.12/site-packages/airflow/example_dags/example_latest_only.py
[2025-07-02T23:31:11.326+0000] {processor.py:925} INFO - DAG(s) 'latest_only' retrieved from /home/airflow/.local/lib/python3.12/site-packages/airflow/example_dags/example_latest_only.py
[2025-07-02T23:31:11.356+0000] {logging_mixin.py:190} INFO - [2025-07-02T23:31:11.356+0000] {dag.py:3239} INFO - Sync 1 DAGs
[2025-07-02T23:31:11.391+0000] {logging_mixin.py:190} INFO - [2025-07-02T23:31:11.390+0000] {dag.py:4180} INFO - Setting next_dagrun for latest_only to 2025-07-02 16:00:00+00:00, run_after=2025-07-02 20:00:00+00:00
[2025-07-02T23:31:11.416+0000] {processor.py:208} INFO - Processing /home/airflow/.local/lib/python3.12/site-packages/airflow/example_dags/example_latest_only.py took 0.112 seconds
[2025-07-02T23:31:41.486+0000] {processor.py:186} INFO - Started process (PID=471) to work on /home/airflow/.local/lib/python3.12/site-packages/airflow/example_dags/example_latest_only.py
[2025-07-02T23:31:41.487+0000] {processor.py:914} INFO - Processing file /home/airflow/.local/lib/python3.12/site-packages/airflow/example_dags/example_latest_only.py for tasks to queue
[2025-07-02T23:31:41.489+0000] {logging_mixin.py:190} INFO - [2025-07-02T23:31:41.489+0000] {dagbag.py:588} INFO - Filling up the DagBag from /home/airflow/.local/lib/python3.12/site-packages/airflow/example_dags/example_latest_only.py
[2025-07-02T23:31:41.497+0000] {processor.py:925} INFO - DAG(s) 'latest_only' retrieved from /home/airflow/.local/lib/python3.12/site-packages/airflow/example_dags/example_latest_only.py
[2025-07-02T23:31:41.516+0000] {logging_mixin.py:190} INFO - [2025-07-02T23:31:41.515+0000] {dag.py:3239} INFO - Sync 1 DAGs
[2025-07-02T23:31:41.542+0000] {logging_mixin.py:190} INFO - [2025-07-02T23:31:41.542+0000] {dag.py:4180} INFO - Setting next_dagrun for latest_only to 2025-07-02 16:00:00+00:00, run_after=2025-07-02 20:00:00+00:00
[2025-07-02T23:31:41.567+0000] {processor.py:208} INFO - Processing /home/airflow/.local/lib/python3.12/site-packages/airflow/example_dags/example_latest_only.py took 0.087 seconds
[2025-07-02T23:32:12.120+0000] {processor.py:186} INFO - Started process (PID=533) to work on /home/airflow/.local/lib/python3.12/site-packages/airflow/example_dags/example_latest_only.py
[2025-07-02T23:32:12.122+0000] {processor.py:914} INFO - Processing file /home/airflow/.local/lib/python3.12/site-packages/airflow/example_dags/example_latest_only.py for tasks to queue
[2025-07-02T23:32:12.125+0000] {logging_mixin.py:190} INFO - [2025-07-02T23:32:12.124+0000] {dagbag.py:588} INFO - Filling up the DagBag from /home/airflow/.local/lib/python3.12/site-packages/airflow/example_dags/example_latest_only.py
[2025-07-02T23:32:12.138+0000] {processor.py:925} INFO - DAG(s) 'latest_only' retrieved from /home/airflow/.local/lib/python3.12/site-packages/airflow/example_dags/example_latest_only.py
[2025-07-02T23:32:12.162+0000] {logging_mixin.py:190} INFO - [2025-07-02T23:32:12.162+0000] {dag.py:3239} INFO - Sync 1 DAGs
[2025-07-02T23:32:12.195+0000] {logging_mixin.py:190} INFO - [2025-07-02T23:32:12.194+0000] {dag.py:4180} INFO - Setting next_dagrun for latest_only to 2025-07-02 16:00:00+00:00, run_after=2025-07-02 20:00:00+00:00
[2025-07-02T23:32:12.224+0000] {processor.py:208} INFO - Processing /home/airflow/.local/lib/python3.12/site-packages/airflow/example_dags/example_latest_only.py took 0.112 seconds
[2025-07-02T23:32:42.469+0000] {processor.py:186} INFO - Started process (PID=595) to work on /home/airflow/.local/lib/python3.12/site-packages/airflow/example_dags/example_latest_only.py
[2025-07-02T23:32:42.470+0000] {processor.py:914} INFO - Processing file /home/airflow/.local/lib/python3.12/site-packages/airflow/example_dags/example_latest_only.py for tasks to queue
[2025-07-02T23:32:42.473+0000] {logging_mixin.py:190} INFO - [2025-07-02T23:32:42.473+0000] {dagbag.py:588} INFO - Filling up the DagBag from /home/airflow/.local/lib/python3.12/site-packages/airflow/example_dags/example_latest_only.py
[2025-07-02T23:32:42.482+0000] {processor.py:925} INFO - DAG(s) 'latest_only' retrieved from /home/airflow/.local/lib/python3.12/site-packages/airflow/example_dags/example_latest_only.py
[2025-07-02T23:32:42.506+0000] {logging_mixin.py:190} INFO - [2025-07-02T23:32:42.506+0000] {dag.py:3239} INFO - Sync 1 DAGs
[2025-07-02T23:32:42.537+0000] {logging_mixin.py:190} INFO - [2025-07-02T23:32:42.537+0000] {dag.py:4180} INFO - Setting next_dagrun for latest_only to 2025-07-02 16:00:00+00:00, run_after=2025-07-02 20:00:00+00:00
[2025-07-02T23:32:42.569+0000] {processor.py:208} INFO - Processing /home/airflow/.local/lib/python3.12/site-packages/airflow/example_dags/example_latest_only.py took 0.103 seconds
[2025-07-02T23:33:12.793+0000] {processor.py:186} INFO - Started process (PID=657) to work on /home/airflow/.local/lib/python3.12/site-packages/airflow/example_dags/example_latest_only.py
[2025-07-02T23:33:12.795+0000] {processor.py:914} INFO - Processing file /home/airflow/.local/lib/python3.12/site-packages/airflow/example_dags/example_latest_only.py for tasks to queue
[2025-07-02T23:33:12.802+0000] {logging_mixin.py:190} INFO - [2025-07-02T23:33:12.801+0000] {dagbag.py:588} INFO - Filling up the DagBag from /home/airflow/.local/lib/python3.12/site-packages/airflow/example_dags/example_latest_only.py
[2025-07-02T23:33:12.820+0000] {processor.py:925} INFO - DAG(s) 'latest_only' retrieved from /home/airflow/.local/lib/python3.12/site-packages/airflow/example_dags/example_latest_only.py
[2025-07-02T23:33:12.861+0000] {logging_mixin.py:190} INFO - [2025-07-02T23:33:12.860+0000] {dag.py:3239} INFO - Sync 1 DAGs
[2025-07-02T23:33:12.903+0000] {logging_mixin.py:190} INFO - [2025-07-02T23:33:12.903+0000] {dag.py:4180} INFO - Setting next_dagrun for latest_only to 2025-07-02 16:00:00+00:00, run_after=2025-07-02 20:00:00+00:00
[2025-07-02T23:33:12.958+0000] {processor.py:208} INFO - Processing /home/airflow/.local/lib/python3.12/site-packages/airflow/example_dags/example_latest_only.py took 0.180 seconds
[2025-07-02T23:33:43.169+0000] {processor.py:186} INFO - Started process (PID=719) to work on /home/airflow/.local/lib/python3.12/site-packages/airflow/example_dags/example_latest_only.py
[2025-07-02T23:33:43.170+0000] {processor.py:914} INFO - Processing file /home/airflow/.local/lib/python3.12/site-packages/airflow/example_dags/example_latest_only.py for tasks to queue
[2025-07-02T23:33:43.172+0000] {logging_mixin.py:190} INFO - [2025-07-02T23:33:43.172+0000] {dagbag.py:588} INFO - Filling up the DagBag from /home/airflow/.local/lib/python3.12/site-packages/airflow/example_dags/example_latest_only.py
[2025-07-02T23:33:43.181+0000] {processor.py:925} INFO - DAG(s) 'latest_only' retrieved from /home/airflow/.local/lib/python3.12/site-packages/airflow/example_dags/example_latest_only.py
[2025-07-02T23:33:43.207+0000] {logging_mixin.py:190} INFO - [2025-07-02T23:33:43.206+0000] {dag.py:3239} INFO - Sync 1 DAGs
[2025-07-02T23:33:43.233+0000] {logging_mixin.py:190} INFO - [2025-07-02T23:33:43.233+0000] {dag.py:4180} INFO - Setting next_dagrun for latest_only to 2025-07-02 16:00:00+00:00, run_after=2025-07-02 20:00:00+00:00
[2025-07-02T23:33:43.259+0000] {processor.py:208} INFO - Processing /home/airflow/.local/lib/python3.12/site-packages/airflow/example_dags/example_latest_only.py took 0.096 seconds
[2025-07-02T23:34:13.392+0000] {processor.py:186} INFO - Started process (PID=781) to work on /home/airflow/.local/lib/python3.12/site-packages/airflow/example_dags/example_latest_only.py
[2025-07-02T23:34:13.393+0000] {processor.py:914} INFO - Processing file /home/airflow/.local/lib/python3.12/site-packages/airflow/example_dags/example_latest_only.py for tasks to queue
[2025-07-02T23:34:13.396+0000] {logging_mixin.py:190} INFO - [2025-07-02T23:34:13.396+0000] {dagbag.py:588} INFO - Filling up the DagBag from /home/airflow/.local/lib/python3.12/site-packages/airflow/example_dags/example_latest_only.py
[2025-07-02T23:34:13.403+0000] {processor.py:925} INFO - DAG(s) 'latest_only' retrieved from /home/airflow/.local/lib/python3.12/site-packages/airflow/example_dags/example_latest_only.py
[2025-07-02T23:34:13.424+0000] {logging_mixin.py:190} INFO - [2025-07-02T23:34:13.423+0000] {dag.py:3239} INFO - Sync 1 DAGs
[2025-07-02T23:34:13.446+0000] {logging_mixin.py:190} INFO - [2025-07-02T23:34:13.446+0000] {dag.py:4180} INFO - Setting next_dagrun for latest_only to 2025-07-02 16:00:00+00:00, run_after=2025-07-02 20:00:00+00:00
[2025-07-02T23:34:13.463+0000] {processor.py:208} INFO - Processing /home/airflow/.local/lib/python3.12/site-packages/airflow/example_dags/example_latest_only.py took 0.076 seconds
[2025-07-02T23:34:43.977+0000] {processor.py:186} INFO - Started process (PID=843) to work on /home/airflow/.local/lib/python3.12/site-packages/airflow/example_dags/example_latest_only.py
[2025-07-02T23:34:43.978+0000] {processor.py:914} INFO - Processing file /home/airflow/.local/lib/python3.12/site-packages/airflow/example_dags/example_latest_only.py for tasks to queue
[2025-07-02T23:34:43.982+0000] {logging_mixin.py:190} INFO - [2025-07-02T23:34:43.982+0000] {dagbag.py:588} INFO - Filling up the DagBag from /home/airflow/.local/lib/python3.12/site-packages/airflow/example_dags/example_latest_only.py
[2025-07-02T23:34:43.994+0000] {processor.py:925} INFO - DAG(s) 'latest_only' retrieved from /home/airflow/.local/lib/python3.12/site-packages/airflow/example_dags/example_latest_only.py
[2025-07-02T23:34:44.023+0000] {logging_mixin.py:190} INFO - [2025-07-02T23:34:44.023+0000] {dag.py:3239} INFO - Sync 1 DAGs
[2025-07-02T23:34:44.056+0000] {logging_mixin.py:190} INFO - [2025-07-02T23:34:44.055+0000] {dag.py:4180} INFO - Setting next_dagrun for latest_only to 2025-07-02 16:00:00+00:00, run_after=2025-07-02 20:00:00+00:00
[2025-07-02T23:34:44.084+0000] {processor.py:208} INFO - Processing /home/airflow/.local/lib/python3.12/site-packages/airflow/example_dags/example_latest_only.py took 0.114 seconds
[2025-07-02T23:35:14.185+0000] {processor.py:186} INFO - Started process (PID=905) to work on /home/airflow/.local/lib/python3.12/site-packages/airflow/example_dags/example_latest_only.py
[2025-07-02T23:35:14.187+0000] {processor.py:914} INFO - Processing file /home/airflow/.local/lib/python3.12/site-packages/airflow/example_dags/example_latest_only.py for tasks to queue
[2025-07-02T23:35:14.189+0000] {logging_mixin.py:190} INFO - [2025-07-02T23:35:14.189+0000] {dagbag.py:588} INFO - Filling up the DagBag from /home/airflow/.local/lib/python3.12/site-packages/airflow/example_dags/example_latest_only.py
[2025-07-02T23:35:14.198+0000] {processor.py:925} INFO - DAG(s) 'latest_only' retrieved from /home/airflow/.local/lib/python3.12/site-packages/airflow/example_dags/example_latest_only.py
[2025-07-02T23:35:14.217+0000] {logging_mixin.py:190} INFO - [2025-07-02T23:35:14.217+0000] {dag.py:3239} INFO - Sync 1 DAGs
[2025-07-02T23:35:14.239+0000] {logging_mixin.py:190} INFO - [2025-07-02T23:35:14.239+0000] {dag.py:4180} INFO - Setting next_dagrun for latest_only to 2025-07-02 16:00:00+00:00, run_after=2025-07-02 20:00:00+00:00
[2025-07-02T23:35:14.272+0000] {processor.py:208} INFO - Processing /home/airflow/.local/lib/python3.12/site-packages/airflow/example_dags/example_latest_only.py took 0.094 seconds
[2025-07-02T23:35:45.095+0000] {processor.py:186} INFO - Started process (PID=967) to work on /home/airflow/.local/lib/python3.12/site-packages/airflow/example_dags/example_latest_only.py
[2025-07-02T23:35:45.096+0000] {processor.py:914} INFO - Processing file /home/airflow/.local/lib/python3.12/site-packages/airflow/example_dags/example_latest_only.py for tasks to queue
[2025-07-02T23:35:45.099+0000] {logging_mixin.py:190} INFO - [2025-07-02T23:35:45.098+0000] {dagbag.py:588} INFO - Filling up the DagBag from /home/airflow/.local/lib/python3.12/site-packages/airflow/example_dags/example_latest_only.py
[2025-07-02T23:35:45.106+0000] {processor.py:925} INFO - DAG(s) 'latest_only' retrieved from /home/airflow/.local/lib/python3.12/site-packages/airflow/example_dags/example_latest_only.py
[2025-07-02T23:35:45.125+0000] {logging_mixin.py:190} INFO - [2025-07-02T23:35:45.125+0000] {dag.py:3239} INFO - Sync 1 DAGs
[2025-07-02T23:35:45.147+0000] {logging_mixin.py:190} INFO - [2025-07-02T23:35:45.147+0000] {dag.py:4180} INFO - Setting next_dagrun for latest_only to 2025-07-02 16:00:00+00:00, run_after=2025-07-02 20:00:00+00:00
[2025-07-02T23:35:45.164+0000] {processor.py:208} INFO - Processing /home/airflow/.local/lib/python3.12/site-packages/airflow/example_dags/example_latest_only.py took 0.075 seconds
[2025-07-02T23:36:15.775+0000] {processor.py:186} INFO - Started process (PID=1029) to work on /home/airflow/.local/lib/python3.12/site-packages/airflow/example_dags/example_latest_only.py
[2025-07-02T23:36:15.777+0000] {processor.py:914} INFO - Processing file /home/airflow/.local/lib/python3.12/site-packages/airflow/example_dags/example_latest_only.py for tasks to queue
[2025-07-02T23:36:15.779+0000] {logging_mixin.py:190} INFO - [2025-07-02T23:36:15.779+0000] {dagbag.py:588} INFO - Filling up the DagBag from /home/airflow/.local/lib/python3.12/site-packages/airflow/example_dags/example_latest_only.py
[2025-07-02T23:36:15.787+0000] {processor.py:925} INFO - DAG(s) 'latest_only' retrieved from /home/airflow/.local/lib/python3.12/site-packages/airflow/example_dags/example_latest_only.py
[2025-07-02T23:36:15.809+0000] {logging_mixin.py:190} INFO - [2025-07-02T23:36:15.808+0000] {dag.py:3239} INFO - Sync 1 DAGs
[2025-07-02T23:36:15.831+0000] {logging_mixin.py:190} INFO - [2025-07-02T23:36:15.831+0000] {dag.py:4180} INFO - Setting next_dagrun for latest_only to 2025-07-02 16:00:00+00:00, run_after=2025-07-02 20:00:00+00:00
[2025-07-02T23:36:15.849+0000] {processor.py:208} INFO - Processing /home/airflow/.local/lib/python3.12/site-packages/airflow/example_dags/example_latest_only.py took 0.080 seconds
[2025-07-02T23:36:46.494+0000] {processor.py:186} INFO - Started process (PID=1091) to work on /home/airflow/.local/lib/python3.12/site-packages/airflow/example_dags/example_latest_only.py
[2025-07-02T23:36:46.495+0000] {processor.py:914} INFO - Processing file /home/airflow/.local/lib/python3.12/site-packages/airflow/example_dags/example_latest_only.py for tasks to queue
[2025-07-02T23:36:46.498+0000] {logging_mixin.py:190} INFO - [2025-07-02T23:36:46.497+0000] {dagbag.py:588} INFO - Filling up the DagBag from /home/airflow/.local/lib/python3.12/site-packages/airflow/example_dags/example_latest_only.py
[2025-07-02T23:36:46.504+0000] {processor.py:925} INFO - DAG(s) 'latest_only' retrieved from /home/airflow/.local/lib/python3.12/site-packages/airflow/example_dags/example_latest_only.py
[2025-07-02T23:36:46.523+0000] {logging_mixin.py:190} INFO - [2025-07-02T23:36:46.523+0000] {dag.py:3239} INFO - Sync 1 DAGs
[2025-07-02T23:36:46.545+0000] {logging_mixin.py:190} INFO - [2025-07-02T23:36:46.545+0000] {dag.py:4180} INFO - Setting next_dagrun for latest_only to 2025-07-02 16:00:00+00:00, run_after=2025-07-02 20:00:00+00:00
[2025-07-02T23:36:46.562+0000] {processor.py:208} INFO - Processing /home/airflow/.local/lib/python3.12/site-packages/airflow/example_dags/example_latest_only.py took 0.074 seconds
[2025-07-02T23:37:17.274+0000] {processor.py:186} INFO - Started process (PID=1153) to work on /home/airflow/.local/lib/python3.12/site-packages/airflow/example_dags/example_latest_only.py
[2025-07-02T23:37:17.275+0000] {processor.py:914} INFO - Processing file /home/airflow/.local/lib/python3.12/site-packages/airflow/example_dags/example_latest_only.py for tasks to queue
[2025-07-02T23:37:17.278+0000] {logging_mixin.py:190} INFO - [2025-07-02T23:37:17.277+0000] {dagbag.py:588} INFO - Filling up the DagBag from /home/airflow/.local/lib/python3.12/site-packages/airflow/example_dags/example_latest_only.py
[2025-07-02T23:37:17.285+0000] {processor.py:925} INFO - DAG(s) 'latest_only' retrieved from /home/airflow/.local/lib/python3.12/site-packages/airflow/example_dags/example_latest_only.py
[2025-07-02T23:37:17.307+0000] {logging_mixin.py:190} INFO - [2025-07-02T23:37:17.307+0000] {dag.py:3239} INFO - Sync 1 DAGs
[2025-07-02T23:37:17.332+0000] {logging_mixin.py:190} INFO - [2025-07-02T23:37:17.332+0000] {dag.py:4180} INFO - Setting next_dagrun for latest_only to 2025-07-02 16:00:00+00:00, run_after=2025-07-02 20:00:00+00:00
[2025-07-02T23:37:17.353+0000] {processor.py:208} INFO - Processing /home/airflow/.local/lib/python3.12/site-packages/airflow/example_dags/example_latest_only.py took 0.085 seconds
[2025-07-02T23:37:48.016+0000] {processor.py:186} INFO - Started process (PID=1215) to work on /home/airflow/.local/lib/python3.12/site-packages/airflow/example_dags/example_latest_only.py
[2025-07-02T23:37:48.017+0000] {processor.py:914} INFO - Processing file /home/airflow/.local/lib/python3.12/site-packages/airflow/example_dags/example_latest_only.py for tasks to queue
[2025-07-02T23:37:48.020+0000] {logging_mixin.py:190} INFO - [2025-07-02T23:37:48.019+0000] {dagbag.py:588} INFO - Filling up the DagBag from /home/airflow/.local/lib/python3.12/site-packages/airflow/example_dags/example_latest_only.py
[2025-07-02T23:37:48.027+0000] {processor.py:925} INFO - DAG(s) 'latest_only' retrieved from /home/airflow/.local/lib/python3.12/site-packages/airflow/example_dags/example_latest_only.py
[2025-07-02T23:37:48.052+0000] {logging_mixin.py:190} INFO - [2025-07-02T23:37:48.052+0000] {dag.py:3239} INFO - Sync 1 DAGs
[2025-07-02T23:37:48.074+0000] {logging_mixin.py:190} INFO - [2025-07-02T23:37:48.074+0000] {dag.py:4180} INFO - Setting next_dagrun for latest_only to 2025-07-02 16:00:00+00:00, run_after=2025-07-02 20:00:00+00:00
[2025-07-02T23:37:48.092+0000] {processor.py:208} INFO - Processing /home/airflow/.local/lib/python3.12/site-packages/airflow/example_dags/example_latest_only.py took 0.081 seconds
[2025-07-02T23:38:18.713+0000] {processor.py:186} INFO - Started process (PID=1277) to work on /home/airflow/.local/lib/python3.12/site-packages/airflow/example_dags/example_latest_only.py
[2025-07-02T23:38:18.714+0000] {processor.py:914} INFO - Processing file /home/airflow/.local/lib/python3.12/site-packages/airflow/example_dags/example_latest_only.py for tasks to queue
[2025-07-02T23:38:18.716+0000] {logging_mixin.py:190} INFO - [2025-07-02T23:38:18.716+0000] {dagbag.py:588} INFO - Filling up the DagBag from /home/airflow/.local/lib/python3.12/site-packages/airflow/example_dags/example_latest_only.py
[2025-07-02T23:38:18.723+0000] {processor.py:925} INFO - DAG(s) 'latest_only' retrieved from /home/airflow/.local/lib/python3.12/site-packages/airflow/example_dags/example_latest_only.py
[2025-07-02T23:38:18.743+0000] {logging_mixin.py:190} INFO - [2025-07-02T23:38:18.743+0000] {dag.py:3239} INFO - Sync 1 DAGs
[2025-07-02T23:38:18.766+0000] {logging_mixin.py:190} INFO - [2025-07-02T23:38:18.765+0000] {dag.py:4180} INFO - Setting next_dagrun for latest_only to 2025-07-02 16:00:00+00:00, run_after=2025-07-02 20:00:00+00:00
[2025-07-02T23:38:18.784+0000] {processor.py:208} INFO - Processing /home/airflow/.local/lib/python3.12/site-packages/airflow/example_dags/example_latest_only.py took 0.077 seconds
[2025-07-02T23:38:49.529+0000] {processor.py:186} INFO - Started process (PID=1339) to work on /home/airflow/.local/lib/python3.12/site-packages/airflow/example_dags/example_latest_only.py
[2025-07-02T23:38:49.531+0000] {processor.py:914} INFO - Processing file /home/airflow/.local/lib/python3.12/site-packages/airflow/example_dags/example_latest_only.py for tasks to queue
[2025-07-02T23:38:49.533+0000] {logging_mixin.py:190} INFO - [2025-07-02T23:38:49.533+0000] {dagbag.py:588} INFO - Filling up the DagBag from /home/airflow/.local/lib/python3.12/site-packages/airflow/example_dags/example_latest_only.py
[2025-07-02T23:38:49.541+0000] {processor.py:925} INFO - DAG(s) 'latest_only' retrieved from /home/airflow/.local/lib/python3.12/site-packages/airflow/example_dags/example_latest_only.py
[2025-07-02T23:38:49.560+0000] {logging_mixin.py:190} INFO - [2025-07-02T23:38:49.560+0000] {dag.py:3239} INFO - Sync 1 DAGs
[2025-07-02T23:38:49.582+0000] {logging_mixin.py:190} INFO - [2025-07-02T23:38:49.581+0000] {dag.py:4180} INFO - Setting next_dagrun for latest_only to 2025-07-02 16:00:00+00:00, run_after=2025-07-02 20:00:00+00:00
[2025-07-02T23:38:49.598+0000] {processor.py:208} INFO - Processing /home/airflow/.local/lib/python3.12/site-packages/airflow/example_dags/example_latest_only.py took 0.075 seconds
[2025-07-02T23:39:20.114+0000] {processor.py:186} INFO - Started process (PID=1401) to work on /home/airflow/.local/lib/python3.12/site-packages/airflow/example_dags/example_latest_only.py
[2025-07-02T23:39:20.115+0000] {processor.py:914} INFO - Processing file /home/airflow/.local/lib/python3.12/site-packages/airflow/example_dags/example_latest_only.py for tasks to queue
[2025-07-02T23:39:20.117+0000] {logging_mixin.py:190} INFO - [2025-07-02T23:39:20.117+0000] {dagbag.py:588} INFO - Filling up the DagBag from /home/airflow/.local/lib/python3.12/site-packages/airflow/example_dags/example_latest_only.py
[2025-07-02T23:39:20.124+0000] {processor.py:925} INFO - DAG(s) 'latest_only' retrieved from /home/airflow/.local/lib/python3.12/site-packages/airflow/example_dags/example_latest_only.py
[2025-07-02T23:39:20.144+0000] {logging_mixin.py:190} INFO - [2025-07-02T23:39:20.144+0000] {dag.py:3239} INFO - Sync 1 DAGs
[2025-07-02T23:39:20.167+0000] {logging_mixin.py:190} INFO - [2025-07-02T23:39:20.166+0000] {dag.py:4180} INFO - Setting next_dagrun for latest_only to 2025-07-02 16:00:00+00:00, run_after=2025-07-02 20:00:00+00:00
[2025-07-02T23:39:20.191+0000] {processor.py:208} INFO - Processing /home/airflow/.local/lib/python3.12/site-packages/airflow/example_dags/example_latest_only.py took 0.083 seconds
[2025-07-02T23:39:50.749+0000] {processor.py:186} INFO - Started process (PID=1463) to work on /home/airflow/.local/lib/python3.12/site-packages/airflow/example_dags/example_latest_only.py
[2025-07-02T23:39:50.750+0000] {processor.py:914} INFO - Processing file /home/airflow/.local/lib/python3.12/site-packages/airflow/example_dags/example_latest_only.py for tasks to queue
[2025-07-02T23:39:50.752+0000] {logging_mixin.py:190} INFO - [2025-07-02T23:39:50.752+0000] {dagbag.py:588} INFO - Filling up the DagBag from /home/airflow/.local/lib/python3.12/site-packages/airflow/example_dags/example_latest_only.py
[2025-07-02T23:39:50.759+0000] {processor.py:925} INFO - DAG(s) 'latest_only' retrieved from /home/airflow/.local/lib/python3.12/site-packages/airflow/example_dags/example_latest_only.py
[2025-07-02T23:39:50.779+0000] {logging_mixin.py:190} INFO - [2025-07-02T23:39:50.778+0000] {dag.py:3239} INFO - Sync 1 DAGs
[2025-07-02T23:39:50.801+0000] {logging_mixin.py:190} INFO - [2025-07-02T23:39:50.800+0000] {dag.py:4180} INFO - Setting next_dagrun for latest_only to 2025-07-02 16:00:00+00:00, run_after=2025-07-02 20:00:00+00:00
[2025-07-02T23:39:50.818+0000] {processor.py:208} INFO - Processing /home/airflow/.local/lib/python3.12/site-packages/airflow/example_dags/example_latest_only.py took 0.075 seconds
[2025-07-02T23:40:20.868+0000] {processor.py:186} INFO - Started process (PID=1525) to work on /home/airflow/.local/lib/python3.12/site-packages/airflow/example_dags/example_latest_only.py
[2025-07-02T23:40:20.869+0000] {processor.py:914} INFO - Processing file /home/airflow/.local/lib/python3.12/site-packages/airflow/example_dags/example_latest_only.py for tasks to queue
[2025-07-02T23:40:20.873+0000] {logging_mixin.py:190} INFO - [2025-07-02T23:40:20.872+0000] {dagbag.py:588} INFO - Filling up the DagBag from /home/airflow/.local/lib/python3.12/site-packages/airflow/example_dags/example_latest_only.py
[2025-07-02T23:40:20.883+0000] {processor.py:925} INFO - DAG(s) 'latest_only' retrieved from /home/airflow/.local/lib/python3.12/site-packages/airflow/example_dags/example_latest_only.py
[2025-07-02T23:40:20.909+0000] {logging_mixin.py:190} INFO - [2025-07-02T23:40:20.908+0000] {dag.py:3239} INFO - Sync 1 DAGs
[2025-07-02T23:40:20.937+0000] {logging_mixin.py:190} INFO - [2025-07-02T23:40:20.937+0000] {dag.py:4180} INFO - Setting next_dagrun for latest_only to 2025-07-02 16:00:00+00:00, run_after=2025-07-02 20:00:00+00:00
[2025-07-02T23:40:20.958+0000] {processor.py:208} INFO - Processing /home/airflow/.local/lib/python3.12/site-packages/airflow/example_dags/example_latest_only.py took 0.096 seconds
[2025-07-02T23:40:51.806+0000] {processor.py:186} INFO - Started process (PID=1587) to work on /home/airflow/.local/lib/python3.12/site-packages/airflow/example_dags/example_latest_only.py
[2025-07-02T23:40:51.807+0000] {processor.py:914} INFO - Processing file /home/airflow/.local/lib/python3.12/site-packages/airflow/example_dags/example_latest_only.py for tasks to queue
[2025-07-02T23:40:51.809+0000] {logging_mixin.py:190} INFO - [2025-07-02T23:40:51.809+0000] {dagbag.py:588} INFO - Filling up the DagBag from /home/airflow/.local/lib/python3.12/site-packages/airflow/example_dags/example_latest_only.py
[2025-07-02T23:40:51.819+0000] {processor.py:925} INFO - DAG(s) 'latest_only' retrieved from /home/airflow/.local/lib/python3.12/site-packages/airflow/example_dags/example_latest_only.py
[2025-07-02T23:40:51.840+0000] {logging_mixin.py:190} INFO - [2025-07-02T23:40:51.839+0000] {dag.py:3239} INFO - Sync 1 DAGs
[2025-07-02T23:40:51.863+0000] {logging_mixin.py:190} INFO - [2025-07-02T23:40:51.863+0000] {dag.py:4180} INFO - Setting next_dagrun for latest_only to 2025-07-02 16:00:00+00:00, run_after=2025-07-02 20:00:00+00:00
[2025-07-02T23:40:51.884+0000] {processor.py:208} INFO - Processing /home/airflow/.local/lib/python3.12/site-packages/airflow/example_dags/example_latest_only.py took 0.084 seconds
[2025-07-02T23:41:22.599+0000] {processor.py:186} INFO - Started process (PID=1649) to work on /home/airflow/.local/lib/python3.12/site-packages/airflow/example_dags/example_latest_only.py
[2025-07-02T23:41:22.601+0000] {processor.py:914} INFO - Processing file /home/airflow/.local/lib/python3.12/site-packages/airflow/example_dags/example_latest_only.py for tasks to queue
[2025-07-02T23:41:22.604+0000] {logging_mixin.py:190} INFO - [2025-07-02T23:41:22.603+0000] {dagbag.py:588} INFO - Filling up the DagBag from /home/airflow/.local/lib/python3.12/site-packages/airflow/example_dags/example_latest_only.py
[2025-07-02T23:41:22.612+0000] {processor.py:925} INFO - DAG(s) 'latest_only' retrieved from /home/airflow/.local/lib/python3.12/site-packages/airflow/example_dags/example_latest_only.py
[2025-07-02T23:41:22.635+0000] {logging_mixin.py:190} INFO - [2025-07-02T23:41:22.635+0000] {dag.py:3239} INFO - Sync 1 DAGs
[2025-07-02T23:41:22.662+0000] {logging_mixin.py:190} INFO - [2025-07-02T23:41:22.662+0000] {dag.py:4180} INFO - Setting next_dagrun for latest_only to 2025-07-02 16:00:00+00:00, run_after=2025-07-02 20:00:00+00:00
[2025-07-02T23:41:22.683+0000] {processor.py:208} INFO - Processing /home/airflow/.local/lib/python3.12/site-packages/airflow/example_dags/example_latest_only.py took 0.091 seconds
[2025-07-02T23:41:53.327+0000] {processor.py:186} INFO - Started process (PID=1711) to work on /home/airflow/.local/lib/python3.12/site-packages/airflow/example_dags/example_latest_only.py
[2025-07-02T23:41:53.330+0000] {processor.py:914} INFO - Processing file /home/airflow/.local/lib/python3.12/site-packages/airflow/example_dags/example_latest_only.py for tasks to queue
[2025-07-02T23:41:53.332+0000] {logging_mixin.py:190} INFO - [2025-07-02T23:41:53.332+0000] {dagbag.py:588} INFO - Filling up the DagBag from /home/airflow/.local/lib/python3.12/site-packages/airflow/example_dags/example_latest_only.py
[2025-07-02T23:41:53.342+0000] {processor.py:925} INFO - DAG(s) 'latest_only' retrieved from /home/airflow/.local/lib/python3.12/site-packages/airflow/example_dags/example_latest_only.py
[2025-07-02T23:41:53.377+0000] {logging_mixin.py:190} INFO - [2025-07-02T23:41:53.376+0000] {dag.py:3239} INFO - Sync 1 DAGs
[2025-07-02T23:41:53.406+0000] {logging_mixin.py:190} INFO - [2025-07-02T23:41:53.405+0000] {dag.py:4180} INFO - Setting next_dagrun for latest_only to 2025-07-02 16:00:00+00:00, run_after=2025-07-02 20:00:00+00:00
[2025-07-02T23:41:53.422+0000] {processor.py:208} INFO - Processing /home/airflow/.local/lib/python3.12/site-packages/airflow/example_dags/example_latest_only.py took 0.100 seconds
[2025-07-02T23:42:24.160+0000] {processor.py:186} INFO - Started process (PID=1773) to work on /home/airflow/.local/lib/python3.12/site-packages/airflow/example_dags/example_latest_only.py
[2025-07-02T23:42:24.162+0000] {processor.py:914} INFO - Processing file /home/airflow/.local/lib/python3.12/site-packages/airflow/example_dags/example_latest_only.py for tasks to queue
[2025-07-02T23:42:24.165+0000] {logging_mixin.py:190} INFO - [2025-07-02T23:42:24.165+0000] {dagbag.py:588} INFO - Filling up the DagBag from /home/airflow/.local/lib/python3.12/site-packages/airflow/example_dags/example_latest_only.py
[2025-07-02T23:42:24.175+0000] {processor.py:925} INFO - DAG(s) 'latest_only' retrieved from /home/airflow/.local/lib/python3.12/site-packages/airflow/example_dags/example_latest_only.py
[2025-07-02T23:42:24.198+0000] {logging_mixin.py:190} INFO - [2025-07-02T23:42:24.198+0000] {dag.py:3239} INFO - Sync 1 DAGs
[2025-07-02T23:42:24.223+0000] {logging_mixin.py:190} INFO - [2025-07-02T23:42:24.223+0000] {dag.py:4180} INFO - Setting next_dagrun for latest_only to 2025-07-02 16:00:00+00:00, run_after=2025-07-02 20:00:00+00:00
[2025-07-02T23:42:24.244+0000] {processor.py:208} INFO - Processing /home/airflow/.local/lib/python3.12/site-packages/airflow/example_dags/example_latest_only.py took 0.090 seconds
[2025-07-02T23:42:54.540+0000] {processor.py:186} INFO - Started process (PID=1835) to work on /home/airflow/.local/lib/python3.12/site-packages/airflow/example_dags/example_latest_only.py
[2025-07-02T23:42:54.541+0000] {processor.py:914} INFO - Processing file /home/airflow/.local/lib/python3.12/site-packages/airflow/example_dags/example_latest_only.py for tasks to queue
[2025-07-02T23:42:54.544+0000] {logging_mixin.py:190} INFO - [2025-07-02T23:42:54.544+0000] {dagbag.py:588} INFO - Filling up the DagBag from /home/airflow/.local/lib/python3.12/site-packages/airflow/example_dags/example_latest_only.py
[2025-07-02T23:42:54.551+0000] {processor.py:925} INFO - DAG(s) 'latest_only' retrieved from /home/airflow/.local/lib/python3.12/site-packages/airflow/example_dags/example_latest_only.py
[2025-07-02T23:42:54.569+0000] {logging_mixin.py:190} INFO - [2025-07-02T23:42:54.568+0000] {dag.py:3239} INFO - Sync 1 DAGs
[2025-07-02T23:42:54.590+0000] {logging_mixin.py:190} INFO - [2025-07-02T23:42:54.590+0000] {dag.py:4180} INFO - Setting next_dagrun for latest_only to 2025-07-02 16:00:00+00:00, run_after=2025-07-02 20:00:00+00:00
[2025-07-02T23:42:54.606+0000] {processor.py:208} INFO - Processing /home/airflow/.local/lib/python3.12/site-packages/airflow/example_dags/example_latest_only.py took 0.071 seconds
[2025-07-02T23:43:25.513+0000] {processor.py:186} INFO - Started process (PID=1897) to work on /home/airflow/.local/lib/python3.12/site-packages/airflow/example_dags/example_latest_only.py
[2025-07-02T23:43:25.515+0000] {processor.py:914} INFO - Processing file /home/airflow/.local/lib/python3.12/site-packages/airflow/example_dags/example_latest_only.py for tasks to queue
[2025-07-02T23:43:25.518+0000] {logging_mixin.py:190} INFO - [2025-07-02T23:43:25.517+0000] {dagbag.py:588} INFO - Filling up the DagBag from /home/airflow/.local/lib/python3.12/site-packages/airflow/example_dags/example_latest_only.py
[2025-07-02T23:43:25.527+0000] {processor.py:925} INFO - DAG(s) 'latest_only' retrieved from /home/airflow/.local/lib/python3.12/site-packages/airflow/example_dags/example_latest_only.py
[2025-07-02T23:43:25.552+0000] {logging_mixin.py:190} INFO - [2025-07-02T23:43:25.552+0000] {dag.py:3239} INFO - Sync 1 DAGs
[2025-07-02T23:43:25.585+0000] {logging_mixin.py:190} INFO - [2025-07-02T23:43:25.585+0000] {dag.py:4180} INFO - Setting next_dagrun for latest_only to 2025-07-02 16:00:00+00:00, run_after=2025-07-02 20:00:00+00:00
[2025-07-02T23:43:25.608+0000] {processor.py:208} INFO - Processing /home/airflow/.local/lib/python3.12/site-packages/airflow/example_dags/example_latest_only.py took 0.102 seconds
[2025-07-02T23:43:57.828+0000] {processor.py:186} INFO - Started process (PID=1959) to work on /home/airflow/.local/lib/python3.12/site-packages/airflow/example_dags/example_latest_only.py
[2025-07-02T23:43:57.829+0000] {processor.py:914} INFO - Processing file /home/airflow/.local/lib/python3.12/site-packages/airflow/example_dags/example_latest_only.py for tasks to queue
[2025-07-02T23:43:57.832+0000] {logging_mixin.py:190} INFO - [2025-07-02T23:43:57.832+0000] {dagbag.py:588} INFO - Filling up the DagBag from /home/airflow/.local/lib/python3.12/site-packages/airflow/example_dags/example_latest_only.py
[2025-07-02T23:43:57.839+0000] {processor.py:925} INFO - DAG(s) 'latest_only' retrieved from /home/airflow/.local/lib/python3.12/site-packages/airflow/example_dags/example_latest_only.py
[2025-07-02T23:43:57.858+0000] {logging_mixin.py:190} INFO - [2025-07-02T23:43:57.857+0000] {dag.py:3239} INFO - Sync 1 DAGs
[2025-07-02T23:43:57.879+0000] {logging_mixin.py:190} INFO - [2025-07-02T23:43:57.879+0000] {dag.py:4180} INFO - Setting next_dagrun for latest_only to 2025-07-02 16:00:00+00:00, run_after=2025-07-02 20:00:00+00:00
[2025-07-02T23:43:57.897+0000] {processor.py:208} INFO - Processing /home/airflow/.local/lib/python3.12/site-packages/airflow/example_dags/example_latest_only.py took 0.075 seconds
[2025-07-02T23:44:28.318+0000] {processor.py:186} INFO - Started process (PID=2021) to work on /home/airflow/.local/lib/python3.12/site-packages/airflow/example_dags/example_latest_only.py
[2025-07-02T23:44:28.319+0000] {processor.py:914} INFO - Processing file /home/airflow/.local/lib/python3.12/site-packages/airflow/example_dags/example_latest_only.py for tasks to queue
[2025-07-02T23:44:28.323+0000] {logging_mixin.py:190} INFO - [2025-07-02T23:44:28.323+0000] {dagbag.py:588} INFO - Filling up the DagBag from /home/airflow/.local/lib/python3.12/site-packages/airflow/example_dags/example_latest_only.py
[2025-07-02T23:44:28.333+0000] {processor.py:925} INFO - DAG(s) 'latest_only' retrieved from /home/airflow/.local/lib/python3.12/site-packages/airflow/example_dags/example_latest_only.py
[2025-07-02T23:44:28.359+0000] {logging_mixin.py:190} INFO - [2025-07-02T23:44:28.359+0000] {dag.py:3239} INFO - Sync 1 DAGs
[2025-07-02T23:44:28.394+0000] {logging_mixin.py:190} INFO - [2025-07-02T23:44:28.393+0000] {dag.py:4180} INFO - Setting next_dagrun for latest_only to 2025-07-02 16:00:00+00:00, run_after=2025-07-02 20:00:00+00:00
[2025-07-02T23:44:28.423+0000] {processor.py:208} INFO - Processing /home/airflow/.local/lib/python3.12/site-packages/airflow/example_dags/example_latest_only.py took 0.114 seconds
[2025-07-02T23:44:58.632+0000] {processor.py:186} INFO - Started process (PID=2083) to work on /home/airflow/.local/lib/python3.12/site-packages/airflow/example_dags/example_latest_only.py
[2025-07-02T23:44:58.633+0000] {processor.py:914} INFO - Processing file /home/airflow/.local/lib/python3.12/site-packages/airflow/example_dags/example_latest_only.py for tasks to queue
[2025-07-02T23:44:58.635+0000] {logging_mixin.py:190} INFO - [2025-07-02T23:44:58.635+0000] {dagbag.py:588} INFO - Filling up the DagBag from /home/airflow/.local/lib/python3.12/site-packages/airflow/example_dags/example_latest_only.py
[2025-07-02T23:44:58.642+0000] {processor.py:925} INFO - DAG(s) 'latest_only' retrieved from /home/airflow/.local/lib/python3.12/site-packages/airflow/example_dags/example_latest_only.py
[2025-07-02T23:44:58.660+0000] {logging_mixin.py:190} INFO - [2025-07-02T23:44:58.660+0000] {dag.py:3239} INFO - Sync 1 DAGs
[2025-07-02T23:44:58.682+0000] {logging_mixin.py:190} INFO - [2025-07-02T23:44:58.682+0000] {dag.py:4180} INFO - Setting next_dagrun for latest_only to 2025-07-02 16:00:00+00:00, run_after=2025-07-02 20:00:00+00:00
[2025-07-02T23:44:58.699+0000] {processor.py:208} INFO - Processing /home/airflow/.local/lib/python3.12/site-packages/airflow/example_dags/example_latest_only.py took 0.072 seconds
[2025-07-02T23:45:28.952+0000] {processor.py:186} INFO - Started process (PID=2145) to work on /home/airflow/.local/lib/python3.12/site-packages/airflow/example_dags/example_latest_only.py
[2025-07-02T23:45:28.953+0000] {processor.py:914} INFO - Processing file /home/airflow/.local/lib/python3.12/site-packages/airflow/example_dags/example_latest_only.py for tasks to queue
[2025-07-02T23:45:28.957+0000] {logging_mixin.py:190} INFO - [2025-07-02T23:45:28.956+0000] {dagbag.py:588} INFO - Filling up the DagBag from /home/airflow/.local/lib/python3.12/site-packages/airflow/example_dags/example_latest_only.py
[2025-07-02T23:45:28.964+0000] {processor.py:925} INFO - DAG(s) 'latest_only' retrieved from /home/airflow/.local/lib/python3.12/site-packages/airflow/example_dags/example_latest_only.py
[2025-07-02T23:45:28.986+0000] {logging_mixin.py:190} INFO - [2025-07-02T23:45:28.986+0000] {dag.py:3239} INFO - Sync 1 DAGs
[2025-07-02T23:45:29.015+0000] {logging_mixin.py:190} INFO - [2025-07-02T23:45:29.014+0000] {dag.py:4180} INFO - Setting next_dagrun for latest_only to 2025-07-02 16:00:00+00:00, run_after=2025-07-02 20:00:00+00:00
[2025-07-02T23:45:29.040+0000] {processor.py:208} INFO - Processing /home/airflow/.local/lib/python3.12/site-packages/airflow/example_dags/example_latest_only.py took 0.096 seconds
[2025-07-02T23:46:00.193+0000] {processor.py:186} INFO - Started process (PID=2207) to work on /home/airflow/.local/lib/python3.12/site-packages/airflow/example_dags/example_latest_only.py
[2025-07-02T23:46:00.194+0000] {processor.py:914} INFO - Processing file /home/airflow/.local/lib/python3.12/site-packages/airflow/example_dags/example_latest_only.py for tasks to queue
[2025-07-02T23:46:00.197+0000] {logging_mixin.py:190} INFO - [2025-07-02T23:46:00.197+0000] {dagbag.py:588} INFO - Filling up the DagBag from /home/airflow/.local/lib/python3.12/site-packages/airflow/example_dags/example_latest_only.py
[2025-07-02T23:46:00.205+0000] {processor.py:925} INFO - DAG(s) 'latest_only' retrieved from /home/airflow/.local/lib/python3.12/site-packages/airflow/example_dags/example_latest_only.py
[2025-07-02T23:46:00.232+0000] {logging_mixin.py:190} INFO - [2025-07-02T23:46:00.232+0000] {dag.py:3239} INFO - Sync 1 DAGs
[2025-07-02T23:46:00.262+0000] {logging_mixin.py:190} INFO - [2025-07-02T23:46:00.262+0000] {dag.py:4180} INFO - Setting next_dagrun for latest_only to 2025-07-02 16:00:00+00:00, run_after=2025-07-02 20:00:00+00:00
[2025-07-02T23:46:00.285+0000] {processor.py:208} INFO - Processing /home/airflow/.local/lib/python3.12/site-packages/airflow/example_dags/example_latest_only.py took 0.099 seconds
[2025-07-02T23:46:31.462+0000] {processor.py:186} INFO - Started process (PID=2269) to work on /home/airflow/.local/lib/python3.12/site-packages/airflow/example_dags/example_latest_only.py
[2025-07-02T23:46:31.464+0000] {processor.py:914} INFO - Processing file /home/airflow/.local/lib/python3.12/site-packages/airflow/example_dags/example_latest_only.py for tasks to queue
[2025-07-02T23:46:31.467+0000] {logging_mixin.py:190} INFO - [2025-07-02T23:46:31.467+0000] {dagbag.py:588} INFO - Filling up the DagBag from /home/airflow/.local/lib/python3.12/site-packages/airflow/example_dags/example_latest_only.py
[2025-07-02T23:46:31.476+0000] {processor.py:925} INFO - DAG(s) 'latest_only' retrieved from /home/airflow/.local/lib/python3.12/site-packages/airflow/example_dags/example_latest_only.py
[2025-07-02T23:46:31.498+0000] {logging_mixin.py:190} INFO - [2025-07-02T23:46:31.498+0000] {dag.py:3239} INFO - Sync 1 DAGs
[2025-07-02T23:46:31.523+0000] {logging_mixin.py:190} INFO - [2025-07-02T23:46:31.523+0000] {dag.py:4180} INFO - Setting next_dagrun for latest_only to 2025-07-02 16:00:00+00:00, run_after=2025-07-02 20:00:00+00:00
[2025-07-02T23:46:31.542+0000] {processor.py:208} INFO - Processing /home/airflow/.local/lib/python3.12/site-packages/airflow/example_dags/example_latest_only.py took 0.088 seconds
[2025-07-02T23:47:02.198+0000] {processor.py:186} INFO - Started process (PID=2331) to work on /home/airflow/.local/lib/python3.12/site-packages/airflow/example_dags/example_latest_only.py
[2025-07-02T23:47:02.199+0000] {processor.py:914} INFO - Processing file /home/airflow/.local/lib/python3.12/site-packages/airflow/example_dags/example_latest_only.py for tasks to queue
[2025-07-02T23:47:02.202+0000] {logging_mixin.py:190} INFO - [2025-07-02T23:47:02.202+0000] {dagbag.py:588} INFO - Filling up the DagBag from /home/airflow/.local/lib/python3.12/site-packages/airflow/example_dags/example_latest_only.py
[2025-07-02T23:47:02.210+0000] {processor.py:925} INFO - DAG(s) 'latest_only' retrieved from /home/airflow/.local/lib/python3.12/site-packages/airflow/example_dags/example_latest_only.py
[2025-07-02T23:47:02.231+0000] {logging_mixin.py:190} INFO - [2025-07-02T23:47:02.230+0000] {dag.py:3239} INFO - Sync 1 DAGs
[2025-07-02T23:47:02.260+0000] {logging_mixin.py:190} INFO - [2025-07-02T23:47:02.259+0000] {dag.py:4180} INFO - Setting next_dagrun for latest_only to 2025-07-02 16:00:00+00:00, run_after=2025-07-02 20:00:00+00:00
[2025-07-02T23:47:02.283+0000] {processor.py:208} INFO - Processing /home/airflow/.local/lib/python3.12/site-packages/airflow/example_dags/example_latest_only.py took 0.092 seconds
[2025-07-02T23:47:32.512+0000] {processor.py:186} INFO - Started process (PID=2393) to work on /home/airflow/.local/lib/python3.12/site-packages/airflow/example_dags/example_latest_only.py
[2025-07-02T23:47:32.513+0000] {processor.py:914} INFO - Processing file /home/airflow/.local/lib/python3.12/site-packages/airflow/example_dags/example_latest_only.py for tasks to queue
[2025-07-02T23:47:32.518+0000] {logging_mixin.py:190} INFO - [2025-07-02T23:47:32.518+0000] {dagbag.py:588} INFO - Filling up the DagBag from /home/airflow/.local/lib/python3.12/site-packages/airflow/example_dags/example_latest_only.py
[2025-07-02T23:47:32.530+0000] {processor.py:925} INFO - DAG(s) 'latest_only' retrieved from /home/airflow/.local/lib/python3.12/site-packages/airflow/example_dags/example_latest_only.py
[2025-07-02T23:47:32.556+0000] {logging_mixin.py:190} INFO - [2025-07-02T23:47:32.556+0000] {dag.py:3239} INFO - Sync 1 DAGs
[2025-07-02T23:47:32.591+0000] {logging_mixin.py:190} INFO - [2025-07-02T23:47:32.591+0000] {dag.py:4180} INFO - Setting next_dagrun for latest_only to 2025-07-02 16:00:00+00:00, run_after=2025-07-02 20:00:00+00:00
[2025-07-02T23:47:32.618+0000] {processor.py:208} INFO - Processing /home/airflow/.local/lib/python3.12/site-packages/airflow/example_dags/example_latest_only.py took 0.116 seconds
[2025-07-02T23:48:03.096+0000] {processor.py:186} INFO - Started process (PID=2455) to work on /home/airflow/.local/lib/python3.12/site-packages/airflow/example_dags/example_latest_only.py
[2025-07-02T23:48:03.098+0000] {processor.py:914} INFO - Processing file /home/airflow/.local/lib/python3.12/site-packages/airflow/example_dags/example_latest_only.py for tasks to queue
[2025-07-02T23:48:03.101+0000] {logging_mixin.py:190} INFO - [2025-07-02T23:48:03.101+0000] {dagbag.py:588} INFO - Filling up the DagBag from /home/airflow/.local/lib/python3.12/site-packages/airflow/example_dags/example_latest_only.py
[2025-07-02T23:48:03.111+0000] {processor.py:925} INFO - DAG(s) 'latest_only' retrieved from /home/airflow/.local/lib/python3.12/site-packages/airflow/example_dags/example_latest_only.py
[2025-07-02T23:48:03.136+0000] {logging_mixin.py:190} INFO - [2025-07-02T23:48:03.136+0000] {dag.py:3239} INFO - Sync 1 DAGs
[2025-07-02T23:48:03.167+0000] {logging_mixin.py:190} INFO - [2025-07-02T23:48:03.166+0000] {dag.py:4180} INFO - Setting next_dagrun for latest_only to 2025-07-02 16:00:00+00:00, run_after=2025-07-02 20:00:00+00:00
[2025-07-02T23:48:03.188+0000] {processor.py:208} INFO - Processing /home/airflow/.local/lib/python3.12/site-packages/airflow/example_dags/example_latest_only.py took 0.101 seconds
[2025-07-02T23:48:33.675+0000] {processor.py:186} INFO - Started process (PID=2523) to work on /home/airflow/.local/lib/python3.12/site-packages/airflow/example_dags/example_latest_only.py
[2025-07-02T23:48:33.676+0000] {processor.py:914} INFO - Processing file /home/airflow/.local/lib/python3.12/site-packages/airflow/example_dags/example_latest_only.py for tasks to queue
[2025-07-02T23:48:33.679+0000] {logging_mixin.py:190} INFO - [2025-07-02T23:48:33.679+0000] {dagbag.py:588} INFO - Filling up the DagBag from /home/airflow/.local/lib/python3.12/site-packages/airflow/example_dags/example_latest_only.py
[2025-07-02T23:48:33.688+0000] {processor.py:925} INFO - DAG(s) 'latest_only' retrieved from /home/airflow/.local/lib/python3.12/site-packages/airflow/example_dags/example_latest_only.py
[2025-07-02T23:48:33.717+0000] {logging_mixin.py:190} INFO - [2025-07-02T23:48:33.717+0000] {dag.py:3239} INFO - Sync 1 DAGs
[2025-07-02T23:48:33.741+0000] {logging_mixin.py:190} INFO - [2025-07-02T23:48:33.741+0000] {dag.py:4180} INFO - Setting next_dagrun for latest_only to 2025-07-02 16:00:00+00:00, run_after=2025-07-02 20:00:00+00:00
[2025-07-02T23:48:33.759+0000] {processor.py:208} INFO - Processing /home/airflow/.local/lib/python3.12/site-packages/airflow/example_dags/example_latest_only.py took 0.091 seconds
[2025-07-02T23:49:04.161+0000] {processor.py:186} INFO - Started process (PID=2585) to work on /home/airflow/.local/lib/python3.12/site-packages/airflow/example_dags/example_latest_only.py
[2025-07-02T23:49:04.162+0000] {processor.py:914} INFO - Processing file /home/airflow/.local/lib/python3.12/site-packages/airflow/example_dags/example_latest_only.py for tasks to queue
[2025-07-02T23:49:04.165+0000] {logging_mixin.py:190} INFO - [2025-07-02T23:49:04.165+0000] {dagbag.py:588} INFO - Filling up the DagBag from /home/airflow/.local/lib/python3.12/site-packages/airflow/example_dags/example_latest_only.py
[2025-07-02T23:49:04.173+0000] {processor.py:925} INFO - DAG(s) 'latest_only' retrieved from /home/airflow/.local/lib/python3.12/site-packages/airflow/example_dags/example_latest_only.py
[2025-07-02T23:49:04.193+0000] {logging_mixin.py:190} INFO - [2025-07-02T23:49:04.193+0000] {dag.py:3239} INFO - Sync 1 DAGs
[2025-07-02T23:49:04.220+0000] {logging_mixin.py:190} INFO - [2025-07-02T23:49:04.219+0000] {dag.py:4180} INFO - Setting next_dagrun for latest_only to 2025-07-02 16:00:00+00:00, run_after=2025-07-02 20:00:00+00:00
[2025-07-02T23:49:04.246+0000] {processor.py:208} INFO - Processing /home/airflow/.local/lib/python3.12/site-packages/airflow/example_dags/example_latest_only.py took 0.093 seconds
[2025-07-02T23:49:34.765+0000] {processor.py:186} INFO - Started process (PID=2647) to work on /home/airflow/.local/lib/python3.12/site-packages/airflow/example_dags/example_latest_only.py
[2025-07-02T23:49:34.767+0000] {processor.py:914} INFO - Processing file /home/airflow/.local/lib/python3.12/site-packages/airflow/example_dags/example_latest_only.py for tasks to queue
[2025-07-02T23:49:34.771+0000] {logging_mixin.py:190} INFO - [2025-07-02T23:49:34.770+0000] {dagbag.py:588} INFO - Filling up the DagBag from /home/airflow/.local/lib/python3.12/site-packages/airflow/example_dags/example_latest_only.py
[2025-07-02T23:49:34.779+0000] {processor.py:925} INFO - DAG(s) 'latest_only' retrieved from /home/airflow/.local/lib/python3.12/site-packages/airflow/example_dags/example_latest_only.py
[2025-07-02T23:49:34.808+0000] {logging_mixin.py:190} INFO - [2025-07-02T23:49:34.808+0000] {dag.py:3239} INFO - Sync 1 DAGs
[2025-07-02T23:49:34.841+0000] {logging_mixin.py:190} INFO - [2025-07-02T23:49:34.841+0000] {dag.py:4180} INFO - Setting next_dagrun for latest_only to 2025-07-02 16:00:00+00:00, run_after=2025-07-02 20:00:00+00:00
[2025-07-02T23:49:34.863+0000] {processor.py:208} INFO - Processing /home/airflow/.local/lib/python3.12/site-packages/airflow/example_dags/example_latest_only.py took 0.107 seconds
[2025-07-02T23:50:05.232+0000] {processor.py:186} INFO - Started process (PID=2709) to work on /home/airflow/.local/lib/python3.12/site-packages/airflow/example_dags/example_latest_only.py
[2025-07-02T23:50:05.233+0000] {processor.py:914} INFO - Processing file /home/airflow/.local/lib/python3.12/site-packages/airflow/example_dags/example_latest_only.py for tasks to queue
[2025-07-02T23:50:05.236+0000] {logging_mixin.py:190} INFO - [2025-07-02T23:50:05.236+0000] {dagbag.py:588} INFO - Filling up the DagBag from /home/airflow/.local/lib/python3.12/site-packages/airflow/example_dags/example_latest_only.py
[2025-07-02T23:50:05.245+0000] {processor.py:925} INFO - DAG(s) 'latest_only' retrieved from /home/airflow/.local/lib/python3.12/site-packages/airflow/example_dags/example_latest_only.py
[2025-07-02T23:50:05.268+0000] {logging_mixin.py:190} INFO - [2025-07-02T23:50:05.267+0000] {dag.py:3239} INFO - Sync 1 DAGs
[2025-07-02T23:50:05.296+0000] {logging_mixin.py:190} INFO - [2025-07-02T23:50:05.295+0000] {dag.py:4180} INFO - Setting next_dagrun for latest_only to 2025-07-02 16:00:00+00:00, run_after=2025-07-02 20:00:00+00:00
[2025-07-02T23:50:05.318+0000] {processor.py:208} INFO - Processing /home/airflow/.local/lib/python3.12/site-packages/airflow/example_dags/example_latest_only.py took 0.091 seconds
[2025-07-02T23:50:36.593+0000] {processor.py:186} INFO - Started process (PID=2771) to work on /home/airflow/.local/lib/python3.12/site-packages/airflow/example_dags/example_latest_only.py
[2025-07-02T23:50:36.594+0000] {processor.py:914} INFO - Processing file /home/airflow/.local/lib/python3.12/site-packages/airflow/example_dags/example_latest_only.py for tasks to queue
[2025-07-02T23:50:36.597+0000] {logging_mixin.py:190} INFO - [2025-07-02T23:50:36.596+0000] {dagbag.py:588} INFO - Filling up the DagBag from /home/airflow/.local/lib/python3.12/site-packages/airflow/example_dags/example_latest_only.py
[2025-07-02T23:50:36.603+0000] {processor.py:925} INFO - DAG(s) 'latest_only' retrieved from /home/airflow/.local/lib/python3.12/site-packages/airflow/example_dags/example_latest_only.py
[2025-07-02T23:50:36.623+0000] {logging_mixin.py:190} INFO - [2025-07-02T23:50:36.623+0000] {dag.py:3239} INFO - Sync 1 DAGs
[2025-07-02T23:50:36.646+0000] {logging_mixin.py:190} INFO - [2025-07-02T23:50:36.646+0000] {dag.py:4180} INFO - Setting next_dagrun for latest_only to 2025-07-02 16:00:00+00:00, run_after=2025-07-02 20:00:00+00:00
[2025-07-02T23:50:36.664+0000] {processor.py:208} INFO - Processing /home/airflow/.local/lib/python3.12/site-packages/airflow/example_dags/example_latest_only.py took 0.076 seconds
[2025-07-02T23:51:07.200+0000] {processor.py:186} INFO - Started process (PID=2833) to work on /home/airflow/.local/lib/python3.12/site-packages/airflow/example_dags/example_latest_only.py
[2025-07-02T23:51:07.201+0000] {processor.py:914} INFO - Processing file /home/airflow/.local/lib/python3.12/site-packages/airflow/example_dags/example_latest_only.py for tasks to queue
[2025-07-02T23:51:07.203+0000] {logging_mixin.py:190} INFO - [2025-07-02T23:51:07.203+0000] {dagbag.py:588} INFO - Filling up the DagBag from /home/airflow/.local/lib/python3.12/site-packages/airflow/example_dags/example_latest_only.py
[2025-07-02T23:51:07.210+0000] {processor.py:925} INFO - DAG(s) 'latest_only' retrieved from /home/airflow/.local/lib/python3.12/site-packages/airflow/example_dags/example_latest_only.py
[2025-07-02T23:51:07.232+0000] {logging_mixin.py:190} INFO - [2025-07-02T23:51:07.232+0000] {dag.py:3239} INFO - Sync 1 DAGs
[2025-07-02T23:51:07.257+0000] {logging_mixin.py:190} INFO - [2025-07-02T23:51:07.256+0000] {dag.py:4180} INFO - Setting next_dagrun for latest_only to 2025-07-02 16:00:00+00:00, run_after=2025-07-02 20:00:00+00:00
[2025-07-02T23:51:07.275+0000] {processor.py:208} INFO - Processing /home/airflow/.local/lib/python3.12/site-packages/airflow/example_dags/example_latest_only.py took 0.081 seconds
[2025-07-02T23:51:38.186+0000] {processor.py:186} INFO - Started process (PID=2896) to work on /home/airflow/.local/lib/python3.12/site-packages/airflow/example_dags/example_latest_only.py
[2025-07-02T23:51:38.187+0000] {processor.py:914} INFO - Processing file /home/airflow/.local/lib/python3.12/site-packages/airflow/example_dags/example_latest_only.py for tasks to queue
[2025-07-02T23:51:38.190+0000] {logging_mixin.py:190} INFO - [2025-07-02T23:51:38.190+0000] {dagbag.py:588} INFO - Filling up the DagBag from /home/airflow/.local/lib/python3.12/site-packages/airflow/example_dags/example_latest_only.py
[2025-07-02T23:51:38.197+0000] {processor.py:925} INFO - DAG(s) 'latest_only' retrieved from /home/airflow/.local/lib/python3.12/site-packages/airflow/example_dags/example_latest_only.py
[2025-07-02T23:51:38.216+0000] {logging_mixin.py:190} INFO - [2025-07-02T23:51:38.215+0000] {dag.py:3239} INFO - Sync 1 DAGs
[2025-07-02T23:51:38.236+0000] {logging_mixin.py:190} INFO - [2025-07-02T23:51:38.236+0000] {dag.py:4180} INFO - Setting next_dagrun for latest_only to 2025-07-02 16:00:00+00:00, run_after=2025-07-02 20:00:00+00:00
[2025-07-02T23:51:38.251+0000] {processor.py:208} INFO - Processing /home/airflow/.local/lib/python3.12/site-packages/airflow/example_dags/example_latest_only.py took 0.070 seconds
[2025-07-02T23:52:08.853+0000] {processor.py:186} INFO - Started process (PID=2958) to work on /home/airflow/.local/lib/python3.12/site-packages/airflow/example_dags/example_latest_only.py
[2025-07-02T23:52:08.854+0000] {processor.py:914} INFO - Processing file /home/airflow/.local/lib/python3.12/site-packages/airflow/example_dags/example_latest_only.py for tasks to queue
[2025-07-02T23:52:08.857+0000] {logging_mixin.py:190} INFO - [2025-07-02T23:52:08.857+0000] {dagbag.py:588} INFO - Filling up the DagBag from /home/airflow/.local/lib/python3.12/site-packages/airflow/example_dags/example_latest_only.py
[2025-07-02T23:52:08.865+0000] {processor.py:925} INFO - DAG(s) 'latest_only' retrieved from /home/airflow/.local/lib/python3.12/site-packages/airflow/example_dags/example_latest_only.py
[2025-07-02T23:52:08.884+0000] {logging_mixin.py:190} INFO - [2025-07-02T23:52:08.884+0000] {dag.py:3239} INFO - Sync 1 DAGs
[2025-07-02T23:52:08.909+0000] {logging_mixin.py:190} INFO - [2025-07-02T23:52:08.909+0000] {dag.py:4180} INFO - Setting next_dagrun for latest_only to 2025-07-02 16:00:00+00:00, run_after=2025-07-02 20:00:00+00:00
[2025-07-02T23:52:08.927+0000] {processor.py:208} INFO - Processing /home/airflow/.local/lib/python3.12/site-packages/airflow/example_dags/example_latest_only.py took 0.081 seconds
[2025-07-02T23:52:39.361+0000] {processor.py:186} INFO - Started process (PID=3020) to work on /home/airflow/.local/lib/python3.12/site-packages/airflow/example_dags/example_latest_only.py
[2025-07-02T23:52:39.362+0000] {processor.py:914} INFO - Processing file /home/airflow/.local/lib/python3.12/site-packages/airflow/example_dags/example_latest_only.py for tasks to queue
[2025-07-02T23:52:39.365+0000] {logging_mixin.py:190} INFO - [2025-07-02T23:52:39.364+0000] {dagbag.py:588} INFO - Filling up the DagBag from /home/airflow/.local/lib/python3.12/site-packages/airflow/example_dags/example_latest_only.py
[2025-07-02T23:52:39.373+0000] {processor.py:925} INFO - DAG(s) 'latest_only' retrieved from /home/airflow/.local/lib/python3.12/site-packages/airflow/example_dags/example_latest_only.py
[2025-07-02T23:52:39.390+0000] {logging_mixin.py:190} INFO - [2025-07-02T23:52:39.390+0000] {dag.py:3239} INFO - Sync 1 DAGs
[2025-07-02T23:52:39.412+0000] {logging_mixin.py:190} INFO - [2025-07-02T23:52:39.412+0000] {dag.py:4180} INFO - Setting next_dagrun for latest_only to 2025-07-02 16:00:00+00:00, run_after=2025-07-02 20:00:00+00:00
[2025-07-02T23:52:39.428+0000] {processor.py:208} INFO - Processing /home/airflow/.local/lib/python3.12/site-packages/airflow/example_dags/example_latest_only.py took 0.073 seconds
[2025-07-02T23:53:10.263+0000] {processor.py:186} INFO - Started process (PID=3082) to work on /home/airflow/.local/lib/python3.12/site-packages/airflow/example_dags/example_latest_only.py
[2025-07-02T23:53:10.264+0000] {processor.py:914} INFO - Processing file /home/airflow/.local/lib/python3.12/site-packages/airflow/example_dags/example_latest_only.py for tasks to queue
[2025-07-02T23:53:10.267+0000] {logging_mixin.py:190} INFO - [2025-07-02T23:53:10.266+0000] {dagbag.py:588} INFO - Filling up the DagBag from /home/airflow/.local/lib/python3.12/site-packages/airflow/example_dags/example_latest_only.py
[2025-07-02T23:53:10.274+0000] {processor.py:925} INFO - DAG(s) 'latest_only' retrieved from /home/airflow/.local/lib/python3.12/site-packages/airflow/example_dags/example_latest_only.py
[2025-07-02T23:53:10.292+0000] {logging_mixin.py:190} INFO - [2025-07-02T23:53:10.292+0000] {dag.py:3239} INFO - Sync 1 DAGs
[2025-07-02T23:53:10.322+0000] {logging_mixin.py:190} INFO - [2025-07-02T23:53:10.322+0000] {dag.py:4180} INFO - Setting next_dagrun for latest_only to 2025-07-02 16:00:00+00:00, run_after=2025-07-02 20:00:00+00:00
[2025-07-02T23:53:10.342+0000] {processor.py:208} INFO - Processing /home/airflow/.local/lib/python3.12/site-packages/airflow/example_dags/example_latest_only.py took 0.085 seconds
[2025-07-02T23:53:41.029+0000] {processor.py:186} INFO - Started process (PID=3144) to work on /home/airflow/.local/lib/python3.12/site-packages/airflow/example_dags/example_latest_only.py
[2025-07-02T23:53:41.030+0000] {processor.py:914} INFO - Processing file /home/airflow/.local/lib/python3.12/site-packages/airflow/example_dags/example_latest_only.py for tasks to queue
[2025-07-02T23:53:41.032+0000] {logging_mixin.py:190} INFO - [2025-07-02T23:53:41.032+0000] {dagbag.py:588} INFO - Filling up the DagBag from /home/airflow/.local/lib/python3.12/site-packages/airflow/example_dags/example_latest_only.py
[2025-07-02T23:53:41.039+0000] {processor.py:925} INFO - DAG(s) 'latest_only' retrieved from /home/airflow/.local/lib/python3.12/site-packages/airflow/example_dags/example_latest_only.py
[2025-07-02T23:53:41.058+0000] {logging_mixin.py:190} INFO - [2025-07-02T23:53:41.058+0000] {dag.py:3239} INFO - Sync 1 DAGs
[2025-07-02T23:53:41.081+0000] {logging_mixin.py:190} INFO - [2025-07-02T23:53:41.081+0000] {dag.py:4180} INFO - Setting next_dagrun for latest_only to 2025-07-02 16:00:00+00:00, run_after=2025-07-02 20:00:00+00:00
[2025-07-02T23:53:41.098+0000] {processor.py:208} INFO - Processing /home/airflow/.local/lib/python3.12/site-packages/airflow/example_dags/example_latest_only.py took 0.075 seconds
[2025-07-02T23:54:11.715+0000] {processor.py:186} INFO - Started process (PID=3206) to work on /home/airflow/.local/lib/python3.12/site-packages/airflow/example_dags/example_latest_only.py
[2025-07-02T23:54:11.716+0000] {processor.py:914} INFO - Processing file /home/airflow/.local/lib/python3.12/site-packages/airflow/example_dags/example_latest_only.py for tasks to queue
[2025-07-02T23:54:11.719+0000] {logging_mixin.py:190} INFO - [2025-07-02T23:54:11.718+0000] {dagbag.py:588} INFO - Filling up the DagBag from /home/airflow/.local/lib/python3.12/site-packages/airflow/example_dags/example_latest_only.py
[2025-07-02T23:54:11.726+0000] {processor.py:925} INFO - DAG(s) 'latest_only' retrieved from /home/airflow/.local/lib/python3.12/site-packages/airflow/example_dags/example_latest_only.py
[2025-07-02T23:54:11.746+0000] {logging_mixin.py:190} INFO - [2025-07-02T23:54:11.746+0000] {dag.py:3239} INFO - Sync 1 DAGs
[2025-07-02T23:54:11.768+0000] {logging_mixin.py:190} INFO - [2025-07-02T23:54:11.768+0000] {dag.py:4180} INFO - Setting next_dagrun for latest_only to 2025-07-02 16:00:00+00:00, run_after=2025-07-02 20:00:00+00:00
[2025-07-02T23:54:11.785+0000] {processor.py:208} INFO - Processing /home/airflow/.local/lib/python3.12/site-packages/airflow/example_dags/example_latest_only.py took 0.076 seconds
[2025-07-02T23:54:42.459+0000] {processor.py:186} INFO - Started process (PID=3268) to work on /home/airflow/.local/lib/python3.12/site-packages/airflow/example_dags/example_latest_only.py
[2025-07-02T23:54:42.460+0000] {processor.py:914} INFO - Processing file /home/airflow/.local/lib/python3.12/site-packages/airflow/example_dags/example_latest_only.py for tasks to queue
[2025-07-02T23:54:42.463+0000] {logging_mixin.py:190} INFO - [2025-07-02T23:54:42.462+0000] {dagbag.py:588} INFO - Filling up the DagBag from /home/airflow/.local/lib/python3.12/site-packages/airflow/example_dags/example_latest_only.py
[2025-07-02T23:54:42.470+0000] {processor.py:925} INFO - DAG(s) 'latest_only' retrieved from /home/airflow/.local/lib/python3.12/site-packages/airflow/example_dags/example_latest_only.py
[2025-07-02T23:54:42.489+0000] {logging_mixin.py:190} INFO - [2025-07-02T23:54:42.489+0000] {dag.py:3239} INFO - Sync 1 DAGs
[2025-07-02T23:54:42.692+0000] {logging_mixin.py:190} INFO - [2025-07-02T23:54:42.692+0000] {dag.py:4180} INFO - Setting next_dagrun for latest_only to 2025-07-02 16:00:00+00:00, run_after=2025-07-02 20:00:00+00:00
[2025-07-02T23:54:42.716+0000] {processor.py:208} INFO - Processing /home/airflow/.local/lib/python3.12/site-packages/airflow/example_dags/example_latest_only.py took 0.263 seconds
[2025-07-02T23:55:13.164+0000] {processor.py:186} INFO - Started process (PID=3330) to work on /home/airflow/.local/lib/python3.12/site-packages/airflow/example_dags/example_latest_only.py
[2025-07-02T23:55:13.165+0000] {processor.py:914} INFO - Processing file /home/airflow/.local/lib/python3.12/site-packages/airflow/example_dags/example_latest_only.py for tasks to queue
[2025-07-02T23:55:13.167+0000] {logging_mixin.py:190} INFO - [2025-07-02T23:55:13.167+0000] {dagbag.py:588} INFO - Filling up the DagBag from /home/airflow/.local/lib/python3.12/site-packages/airflow/example_dags/example_latest_only.py
[2025-07-02T23:55:13.174+0000] {processor.py:925} INFO - DAG(s) 'latest_only' retrieved from /home/airflow/.local/lib/python3.12/site-packages/airflow/example_dags/example_latest_only.py
[2025-07-02T23:55:13.192+0000] {logging_mixin.py:190} INFO - [2025-07-02T23:55:13.192+0000] {dag.py:3239} INFO - Sync 1 DAGs
[2025-07-02T23:55:13.214+0000] {logging_mixin.py:190} INFO - [2025-07-02T23:55:13.214+0000] {dag.py:4180} INFO - Setting next_dagrun for latest_only to 2025-07-02 16:00:00+00:00, run_after=2025-07-02 20:00:00+00:00
[2025-07-02T23:55:13.231+0000] {processor.py:208} INFO - Processing /home/airflow/.local/lib/python3.12/site-packages/airflow/example_dags/example_latest_only.py took 0.073 seconds
[2025-07-02T23:55:43.707+0000] {processor.py:186} INFO - Started process (PID=3392) to work on /home/airflow/.local/lib/python3.12/site-packages/airflow/example_dags/example_latest_only.py
[2025-07-02T23:55:43.708+0000] {processor.py:914} INFO - Processing file /home/airflow/.local/lib/python3.12/site-packages/airflow/example_dags/example_latest_only.py for tasks to queue
[2025-07-02T23:55:43.710+0000] {logging_mixin.py:190} INFO - [2025-07-02T23:55:43.710+0000] {dagbag.py:588} INFO - Filling up the DagBag from /home/airflow/.local/lib/python3.12/site-packages/airflow/example_dags/example_latest_only.py
[2025-07-02T23:55:43.718+0000] {processor.py:925} INFO - DAG(s) 'latest_only' retrieved from /home/airflow/.local/lib/python3.12/site-packages/airflow/example_dags/example_latest_only.py
[2025-07-02T23:55:43.735+0000] {logging_mixin.py:190} INFO - [2025-07-02T23:55:43.735+0000] {dag.py:3239} INFO - Sync 1 DAGs
[2025-07-02T23:55:43.755+0000] {logging_mixin.py:190} INFO - [2025-07-02T23:55:43.755+0000] {dag.py:4180} INFO - Setting next_dagrun for latest_only to 2025-07-02 16:00:00+00:00, run_after=2025-07-02 20:00:00+00:00
[2025-07-02T23:55:43.772+0000] {processor.py:208} INFO - Processing /home/airflow/.local/lib/python3.12/site-packages/airflow/example_dags/example_latest_only.py took 0.071 seconds
[2025-07-02T23:56:14.434+0000] {processor.py:186} INFO - Started process (PID=3454) to work on /home/airflow/.local/lib/python3.12/site-packages/airflow/example_dags/example_latest_only.py
[2025-07-02T23:56:14.435+0000] {processor.py:914} INFO - Processing file /home/airflow/.local/lib/python3.12/site-packages/airflow/example_dags/example_latest_only.py for tasks to queue
[2025-07-02T23:56:14.438+0000] {logging_mixin.py:190} INFO - [2025-07-02T23:56:14.437+0000] {dagbag.py:588} INFO - Filling up the DagBag from /home/airflow/.local/lib/python3.12/site-packages/airflow/example_dags/example_latest_only.py
[2025-07-02T23:56:14.445+0000] {processor.py:925} INFO - DAG(s) 'latest_only' retrieved from /home/airflow/.local/lib/python3.12/site-packages/airflow/example_dags/example_latest_only.py
[2025-07-02T23:56:14.476+0000] {logging_mixin.py:190} INFO - [2025-07-02T23:56:14.475+0000] {dag.py:3239} INFO - Sync 1 DAGs
[2025-07-02T23:56:14.512+0000] {logging_mixin.py:190} INFO - [2025-07-02T23:56:14.512+0000] {dag.py:4180} INFO - Setting next_dagrun for latest_only to 2025-07-02 16:00:00+00:00, run_after=2025-07-02 20:00:00+00:00
[2025-07-02T23:56:14.541+0000] {processor.py:208} INFO - Processing /home/airflow/.local/lib/python3.12/site-packages/airflow/example_dags/example_latest_only.py took 0.113 seconds
[2025-07-02T23:56:45.677+0000] {processor.py:186} INFO - Started process (PID=3516) to work on /home/airflow/.local/lib/python3.12/site-packages/airflow/example_dags/example_latest_only.py
[2025-07-02T23:56:45.678+0000] {processor.py:914} INFO - Processing file /home/airflow/.local/lib/python3.12/site-packages/airflow/example_dags/example_latest_only.py for tasks to queue
[2025-07-02T23:56:45.681+0000] {logging_mixin.py:190} INFO - [2025-07-02T23:56:45.681+0000] {dagbag.py:588} INFO - Filling up the DagBag from /home/airflow/.local/lib/python3.12/site-packages/airflow/example_dags/example_latest_only.py
[2025-07-02T23:56:45.689+0000] {processor.py:925} INFO - DAG(s) 'latest_only' retrieved from /home/airflow/.local/lib/python3.12/site-packages/airflow/example_dags/example_latest_only.py
[2025-07-02T23:56:45.709+0000] {logging_mixin.py:190} INFO - [2025-07-02T23:56:45.709+0000] {dag.py:3239} INFO - Sync 1 DAGs
[2025-07-02T23:56:45.892+0000] {logging_mixin.py:190} INFO - [2025-07-02T23:56:45.892+0000] {dag.py:4180} INFO - Setting next_dagrun for latest_only to 2025-07-02 16:00:00+00:00, run_after=2025-07-02 20:00:00+00:00
[2025-07-02T23:56:45.909+0000] {processor.py:208} INFO - Processing /home/airflow/.local/lib/python3.12/site-packages/airflow/example_dags/example_latest_only.py took 0.240 seconds
[2025-07-02T23:57:16.599+0000] {processor.py:186} INFO - Started process (PID=3578) to work on /home/airflow/.local/lib/python3.12/site-packages/airflow/example_dags/example_latest_only.py
[2025-07-02T23:57:16.600+0000] {processor.py:914} INFO - Processing file /home/airflow/.local/lib/python3.12/site-packages/airflow/example_dags/example_latest_only.py for tasks to queue
[2025-07-02T23:57:16.602+0000] {logging_mixin.py:190} INFO - [2025-07-02T23:57:16.602+0000] {dagbag.py:588} INFO - Filling up the DagBag from /home/airflow/.local/lib/python3.12/site-packages/airflow/example_dags/example_latest_only.py
[2025-07-02T23:57:16.610+0000] {processor.py:925} INFO - DAG(s) 'latest_only' retrieved from /home/airflow/.local/lib/python3.12/site-packages/airflow/example_dags/example_latest_only.py
[2025-07-02T23:57:16.631+0000] {logging_mixin.py:190} INFO - [2025-07-02T23:57:16.630+0000] {dag.py:3239} INFO - Sync 1 DAGs
[2025-07-02T23:57:16.655+0000] {logging_mixin.py:190} INFO - [2025-07-02T23:57:16.655+0000] {dag.py:4180} INFO - Setting next_dagrun for latest_only to 2025-07-02 16:00:00+00:00, run_after=2025-07-02 20:00:00+00:00
[2025-07-02T23:57:16.675+0000] {processor.py:208} INFO - Processing /home/airflow/.local/lib/python3.12/site-packages/airflow/example_dags/example_latest_only.py took 0.082 seconds
[2025-07-02T23:57:47.197+0000] {processor.py:186} INFO - Started process (PID=3640) to work on /home/airflow/.local/lib/python3.12/site-packages/airflow/example_dags/example_latest_only.py
[2025-07-02T23:57:47.199+0000] {processor.py:914} INFO - Processing file /home/airflow/.local/lib/python3.12/site-packages/airflow/example_dags/example_latest_only.py for tasks to queue
[2025-07-02T23:57:47.202+0000] {logging_mixin.py:190} INFO - [2025-07-02T23:57:47.201+0000] {dagbag.py:588} INFO - Filling up the DagBag from /home/airflow/.local/lib/python3.12/site-packages/airflow/example_dags/example_latest_only.py
[2025-07-02T23:57:47.210+0000] {processor.py:925} INFO - DAG(s) 'latest_only' retrieved from /home/airflow/.local/lib/python3.12/site-packages/airflow/example_dags/example_latest_only.py
[2025-07-02T23:57:47.228+0000] {logging_mixin.py:190} INFO - [2025-07-02T23:57:47.228+0000] {dag.py:3239} INFO - Sync 1 DAGs
[2025-07-02T23:57:47.247+0000] {logging_mixin.py:190} INFO - [2025-07-02T23:57:47.247+0000] {dag.py:4180} INFO - Setting next_dagrun for latest_only to 2025-07-02 16:00:00+00:00, run_after=2025-07-02 20:00:00+00:00
[2025-07-02T23:57:47.263+0000] {processor.py:208} INFO - Processing /home/airflow/.local/lib/python3.12/site-packages/airflow/example_dags/example_latest_only.py took 0.072 seconds
[2025-07-02T23:58:17.841+0000] {processor.py:186} INFO - Started process (PID=3702) to work on /home/airflow/.local/lib/python3.12/site-packages/airflow/example_dags/example_latest_only.py
[2025-07-02T23:58:17.842+0000] {processor.py:914} INFO - Processing file /home/airflow/.local/lib/python3.12/site-packages/airflow/example_dags/example_latest_only.py for tasks to queue
[2025-07-02T23:58:17.845+0000] {logging_mixin.py:190} INFO - [2025-07-02T23:58:17.845+0000] {dagbag.py:588} INFO - Filling up the DagBag from /home/airflow/.local/lib/python3.12/site-packages/airflow/example_dags/example_latest_only.py
[2025-07-02T23:58:17.854+0000] {processor.py:925} INFO - DAG(s) 'latest_only' retrieved from /home/airflow/.local/lib/python3.12/site-packages/airflow/example_dags/example_latest_only.py
[2025-07-02T23:58:17.871+0000] {logging_mixin.py:190} INFO - [2025-07-02T23:58:17.871+0000] {dag.py:3239} INFO - Sync 1 DAGs
[2025-07-02T23:58:17.893+0000] {logging_mixin.py:190} INFO - [2025-07-02T23:58:17.893+0000] {dag.py:4180} INFO - Setting next_dagrun for latest_only to 2025-07-02 16:00:00+00:00, run_after=2025-07-02 20:00:00+00:00
[2025-07-02T23:58:17.909+0000] {processor.py:208} INFO - Processing /home/airflow/.local/lib/python3.12/site-packages/airflow/example_dags/example_latest_only.py took 0.074 seconds
[2025-07-02T23:58:48.245+0000] {processor.py:186} INFO - Started process (PID=3764) to work on /home/airflow/.local/lib/python3.12/site-packages/airflow/example_dags/example_latest_only.py
[2025-07-02T23:58:48.247+0000] {processor.py:914} INFO - Processing file /home/airflow/.local/lib/python3.12/site-packages/airflow/example_dags/example_latest_only.py for tasks to queue
[2025-07-02T23:58:48.251+0000] {logging_mixin.py:190} INFO - [2025-07-02T23:58:48.250+0000] {dagbag.py:588} INFO - Filling up the DagBag from /home/airflow/.local/lib/python3.12/site-packages/airflow/example_dags/example_latest_only.py
[2025-07-02T23:58:48.258+0000] {processor.py:925} INFO - DAG(s) 'latest_only' retrieved from /home/airflow/.local/lib/python3.12/site-packages/airflow/example_dags/example_latest_only.py
[2025-07-02T23:58:48.275+0000] {logging_mixin.py:190} INFO - [2025-07-02T23:58:48.275+0000] {dag.py:3239} INFO - Sync 1 DAGs
[2025-07-02T23:58:48.298+0000] {logging_mixin.py:190} INFO - [2025-07-02T23:58:48.298+0000] {dag.py:4180} INFO - Setting next_dagrun for latest_only to 2025-07-02 16:00:00+00:00, run_after=2025-07-02 20:00:00+00:00
[2025-07-02T23:58:48.318+0000] {processor.py:208} INFO - Processing /home/airflow/.local/lib/python3.12/site-packages/airflow/example_dags/example_latest_only.py took 0.082 seconds
[2025-07-02T23:59:18.744+0000] {processor.py:186} INFO - Started process (PID=3826) to work on /home/airflow/.local/lib/python3.12/site-packages/airflow/example_dags/example_latest_only.py
[2025-07-02T23:59:18.745+0000] {processor.py:914} INFO - Processing file /home/airflow/.local/lib/python3.12/site-packages/airflow/example_dags/example_latest_only.py for tasks to queue
[2025-07-02T23:59:18.748+0000] {logging_mixin.py:190} INFO - [2025-07-02T23:59:18.747+0000] {dagbag.py:588} INFO - Filling up the DagBag from /home/airflow/.local/lib/python3.12/site-packages/airflow/example_dags/example_latest_only.py
[2025-07-02T23:59:18.755+0000] {processor.py:925} INFO - DAG(s) 'latest_only' retrieved from /home/airflow/.local/lib/python3.12/site-packages/airflow/example_dags/example_latest_only.py
[2025-07-02T23:59:18.776+0000] {logging_mixin.py:190} INFO - [2025-07-02T23:59:18.775+0000] {dag.py:3239} INFO - Sync 1 DAGs
[2025-07-02T23:59:18.797+0000] {logging_mixin.py:190} INFO - [2025-07-02T23:59:18.796+0000] {dag.py:4180} INFO - Setting next_dagrun for latest_only to 2025-07-02 16:00:00+00:00, run_after=2025-07-02 20:00:00+00:00
[2025-07-02T23:59:18.812+0000] {processor.py:208} INFO - Processing /home/airflow/.local/lib/python3.12/site-packages/airflow/example_dags/example_latest_only.py took 0.074 seconds
[2025-07-02T23:59:49.200+0000] {processor.py:186} INFO - Started process (PID=3888) to work on /home/airflow/.local/lib/python3.12/site-packages/airflow/example_dags/example_latest_only.py
[2025-07-02T23:59:49.201+0000] {processor.py:914} INFO - Processing file /home/airflow/.local/lib/python3.12/site-packages/airflow/example_dags/example_latest_only.py for tasks to queue
[2025-07-02T23:59:49.203+0000] {logging_mixin.py:190} INFO - [2025-07-02T23:59:49.203+0000] {dagbag.py:588} INFO - Filling up the DagBag from /home/airflow/.local/lib/python3.12/site-packages/airflow/example_dags/example_latest_only.py
[2025-07-02T23:59:49.209+0000] {processor.py:925} INFO - DAG(s) 'latest_only' retrieved from /home/airflow/.local/lib/python3.12/site-packages/airflow/example_dags/example_latest_only.py
[2025-07-02T23:59:49.228+0000] {logging_mixin.py:190} INFO - [2025-07-02T23:59:49.228+0000] {dag.py:3239} INFO - Sync 1 DAGs
[2025-07-02T23:59:49.250+0000] {logging_mixin.py:190} INFO - [2025-07-02T23:59:49.250+0000] {dag.py:4180} INFO - Setting next_dagrun for latest_only to 2025-07-02 16:00:00+00:00, run_after=2025-07-02 20:00:00+00:00
[2025-07-02T23:59:49.266+0000] {processor.py:208} INFO - Processing /home/airflow/.local/lib/python3.12/site-packages/airflow/example_dags/example_latest_only.py took 0.072 seconds
