[2025-07-02T23:29:05.468+0000] {processor.py:186} INFO - Started process (PID=154) to work on /home/airflow/.local/lib/python3.12/site-packages/airflow/example_dags/example_inlet_event_extra.py
[2025-07-02T23:29:05.474+0000] {processor.py:914} INFO - Processing file /home/airflow/.local/lib/python3.12/site-packages/airflow/example_dags/example_inlet_event_extra.py for tasks to queue
[2025-07-02T23:29:05.488+0000] {logging_mixin.py:190} INFO - [2025-07-02T23:29:05.487+0000] {dagbag.py:588} INFO - Filling up the DagBag from /home/airflow/.local/lib/python3.12/site-packages/airflow/example_dags/example_inlet_event_extra.py
[2025-07-02T23:29:06.032+0000] {processor.py:925} INFO - DAG(s) 'read_dataset_event', 'read_dataset_event_from_classic' retrieved from /home/airflow/.local/lib/python3.12/site-packages/airflow/example_dags/example_inlet_event_extra.py
[2025-07-02T23:29:06.093+0000] {logging_mixin.py:190} INFO - [2025-07-02T23:29:06.092+0000] {dag.py:3239} INFO - Sync 2 DAGs
[2025-07-02T23:29:06.222+0000] {logging_mixin.py:190} INFO - [2025-07-02T23:29:06.221+0000] {dag.py:4180} INFO - Setting next_dagrun for read_dataset_event to 2025-07-01 00:00:00+00:00, run_after=2025-07-02 00:00:00+00:00
[2025-07-02T23:29:06.241+0000] {logging_mixin.py:190} INFO - [2025-07-02T23:29:06.241+0000] {dag.py:4180} INFO - Setting next_dagrun for read_dataset_event_from_classic to 2025-07-01 00:00:00+00:00, run_after=2025-07-02 00:00:00+00:00
[2025-07-02T23:29:06.298+0000] {processor.py:208} INFO - Processing /home/airflow/.local/lib/python3.12/site-packages/airflow/example_dags/example_inlet_event_extra.py took 0.853 seconds
[2025-07-02T23:29:36.787+0000] {processor.py:186} INFO - Started process (PID=216) to work on /home/airflow/.local/lib/python3.12/site-packages/airflow/example_dags/example_inlet_event_extra.py
[2025-07-02T23:29:36.789+0000] {processor.py:914} INFO - Processing file /home/airflow/.local/lib/python3.12/site-packages/airflow/example_dags/example_inlet_event_extra.py for tasks to queue
[2025-07-02T23:29:36.793+0000] {logging_mixin.py:190} INFO - [2025-07-02T23:29:36.793+0000] {dagbag.py:588} INFO - Filling up the DagBag from /home/airflow/.local/lib/python3.12/site-packages/airflow/example_dags/example_inlet_event_extra.py
[2025-07-02T23:29:37.081+0000] {processor.py:925} INFO - DAG(s) 'read_dataset_event', 'read_dataset_event_from_classic' retrieved from /home/airflow/.local/lib/python3.12/site-packages/airflow/example_dags/example_inlet_event_extra.py
[2025-07-02T23:29:37.120+0000] {logging_mixin.py:190} INFO - [2025-07-02T23:29:37.120+0000] {dag.py:3239} INFO - Sync 2 DAGs
[2025-07-02T23:29:37.175+0000] {logging_mixin.py:190} INFO - [2025-07-02T23:29:37.175+0000] {dag.py:4180} INFO - Setting next_dagrun for read_dataset_event to 2025-07-01 00:00:00+00:00, run_after=2025-07-02 00:00:00+00:00
[2025-07-02T23:29:37.185+0000] {logging_mixin.py:190} INFO - [2025-07-02T23:29:37.184+0000] {dag.py:4180} INFO - Setting next_dagrun for read_dataset_event_from_classic to 2025-07-01 00:00:00+00:00, run_after=2025-07-02 00:00:00+00:00
[2025-07-02T23:29:37.234+0000] {processor.py:208} INFO - Processing /home/airflow/.local/lib/python3.12/site-packages/airflow/example_dags/example_inlet_event_extra.py took 0.458 seconds
[2025-07-02T23:30:07.438+0000] {processor.py:186} INFO - Started process (PID=280) to work on /home/airflow/.local/lib/python3.12/site-packages/airflow/example_dags/example_inlet_event_extra.py
[2025-07-02T23:30:07.439+0000] {processor.py:914} INFO - Processing file /home/airflow/.local/lib/python3.12/site-packages/airflow/example_dags/example_inlet_event_extra.py for tasks to queue
[2025-07-02T23:30:07.444+0000] {logging_mixin.py:190} INFO - [2025-07-02T23:30:07.443+0000] {dagbag.py:588} INFO - Filling up the DagBag from /home/airflow/.local/lib/python3.12/site-packages/airflow/example_dags/example_inlet_event_extra.py
[2025-07-02T23:30:07.638+0000] {processor.py:925} INFO - DAG(s) 'read_dataset_event', 'read_dataset_event_from_classic' retrieved from /home/airflow/.local/lib/python3.12/site-packages/airflow/example_dags/example_inlet_event_extra.py
[2025-07-02T23:30:07.662+0000] {logging_mixin.py:190} INFO - [2025-07-02T23:30:07.662+0000] {dag.py:3239} INFO - Sync 2 DAGs
[2025-07-02T23:30:07.702+0000] {logging_mixin.py:190} INFO - [2025-07-02T23:30:07.702+0000] {dag.py:4180} INFO - Setting next_dagrun for read_dataset_event to 2025-07-01 00:00:00+00:00, run_after=2025-07-02 00:00:00+00:00
[2025-07-02T23:30:07.710+0000] {logging_mixin.py:190} INFO - [2025-07-02T23:30:07.709+0000] {dag.py:4180} INFO - Setting next_dagrun for read_dataset_event_from_classic to 2025-07-01 00:00:00+00:00, run_after=2025-07-02 00:00:00+00:00
[2025-07-02T23:30:07.730+0000] {processor.py:208} INFO - Processing /home/airflow/.local/lib/python3.12/site-packages/airflow/example_dags/example_inlet_event_extra.py took 0.299 seconds
[2025-07-02T23:30:37.998+0000] {processor.py:186} INFO - Started process (PID=340) to work on /home/airflow/.local/lib/python3.12/site-packages/airflow/example_dags/example_inlet_event_extra.py
[2025-07-02T23:30:37.999+0000] {processor.py:914} INFO - Processing file /home/airflow/.local/lib/python3.12/site-packages/airflow/example_dags/example_inlet_event_extra.py for tasks to queue
[2025-07-02T23:30:38.002+0000] {logging_mixin.py:190} INFO - [2025-07-02T23:30:38.002+0000] {dagbag.py:588} INFO - Filling up the DagBag from /home/airflow/.local/lib/python3.12/site-packages/airflow/example_dags/example_inlet_event_extra.py
[2025-07-02T23:30:38.172+0000] {processor.py:925} INFO - DAG(s) 'read_dataset_event', 'read_dataset_event_from_classic' retrieved from /home/airflow/.local/lib/python3.12/site-packages/airflow/example_dags/example_inlet_event_extra.py
[2025-07-02T23:30:38.201+0000] {logging_mixin.py:190} INFO - [2025-07-02T23:30:38.201+0000] {dag.py:3239} INFO - Sync 2 DAGs
[2025-07-02T23:30:38.229+0000] {logging_mixin.py:190} INFO - [2025-07-02T23:30:38.229+0000] {dag.py:4180} INFO - Setting next_dagrun for read_dataset_event to 2025-07-01 00:00:00+00:00, run_after=2025-07-02 00:00:00+00:00
[2025-07-02T23:30:38.235+0000] {logging_mixin.py:190} INFO - [2025-07-02T23:30:38.235+0000] {dag.py:4180} INFO - Setting next_dagrun for read_dataset_event_from_classic to 2025-07-01 00:00:00+00:00, run_after=2025-07-02 00:00:00+00:00
[2025-07-02T23:30:38.252+0000] {processor.py:208} INFO - Processing /home/airflow/.local/lib/python3.12/site-packages/airflow/example_dags/example_inlet_event_extra.py took 0.262 seconds
[2025-07-02T23:31:08.845+0000] {processor.py:186} INFO - Started process (PID=402) to work on /home/airflow/.local/lib/python3.12/site-packages/airflow/example_dags/example_inlet_event_extra.py
[2025-07-02T23:31:08.847+0000] {processor.py:914} INFO - Processing file /home/airflow/.local/lib/python3.12/site-packages/airflow/example_dags/example_inlet_event_extra.py for tasks to queue
[2025-07-02T23:31:08.849+0000] {logging_mixin.py:190} INFO - [2025-07-02T23:31:08.849+0000] {dagbag.py:588} INFO - Filling up the DagBag from /home/airflow/.local/lib/python3.12/site-packages/airflow/example_dags/example_inlet_event_extra.py
[2025-07-02T23:31:08.987+0000] {processor.py:925} INFO - DAG(s) 'read_dataset_event', 'read_dataset_event_from_classic' retrieved from /home/airflow/.local/lib/python3.12/site-packages/airflow/example_dags/example_inlet_event_extra.py
[2025-07-02T23:31:09.010+0000] {logging_mixin.py:190} INFO - [2025-07-02T23:31:09.010+0000] {dag.py:3239} INFO - Sync 2 DAGs
[2025-07-02T23:31:09.035+0000] {logging_mixin.py:190} INFO - [2025-07-02T23:31:09.035+0000] {dag.py:4180} INFO - Setting next_dagrun for read_dataset_event to 2025-07-01 00:00:00+00:00, run_after=2025-07-02 00:00:00+00:00
[2025-07-02T23:31:09.041+0000] {logging_mixin.py:190} INFO - [2025-07-02T23:31:09.041+0000] {dag.py:4180} INFO - Setting next_dagrun for read_dataset_event_from_classic to 2025-07-01 00:00:00+00:00, run_after=2025-07-02 00:00:00+00:00
[2025-07-02T23:31:09.057+0000] {processor.py:208} INFO - Processing /home/airflow/.local/lib/python3.12/site-packages/airflow/example_dags/example_inlet_event_extra.py took 0.217 seconds
[2025-07-02T23:31:39.981+0000] {processor.py:186} INFO - Started process (PID=465) to work on /home/airflow/.local/lib/python3.12/site-packages/airflow/example_dags/example_inlet_event_extra.py
[2025-07-02T23:31:39.983+0000] {processor.py:914} INFO - Processing file /home/airflow/.local/lib/python3.12/site-packages/airflow/example_dags/example_inlet_event_extra.py for tasks to queue
[2025-07-02T23:31:39.986+0000] {logging_mixin.py:190} INFO - [2025-07-02T23:31:39.985+0000] {dagbag.py:588} INFO - Filling up the DagBag from /home/airflow/.local/lib/python3.12/site-packages/airflow/example_dags/example_inlet_event_extra.py
[2025-07-02T23:31:40.130+0000] {processor.py:925} INFO - DAG(s) 'read_dataset_event_from_classic', 'read_dataset_event' retrieved from /home/airflow/.local/lib/python3.12/site-packages/airflow/example_dags/example_inlet_event_extra.py
[2025-07-02T23:31:40.154+0000] {logging_mixin.py:190} INFO - [2025-07-02T23:31:40.154+0000] {dag.py:3239} INFO - Sync 2 DAGs
[2025-07-02T23:31:40.184+0000] {logging_mixin.py:190} INFO - [2025-07-02T23:31:40.183+0000] {dag.py:4180} INFO - Setting next_dagrun for read_dataset_event to 2025-07-01 00:00:00+00:00, run_after=2025-07-02 00:00:00+00:00
[2025-07-02T23:31:40.188+0000] {logging_mixin.py:190} INFO - [2025-07-02T23:31:40.188+0000] {dag.py:4180} INFO - Setting next_dagrun for read_dataset_event_from_classic to 2025-07-01 00:00:00+00:00, run_after=2025-07-02 00:00:00+00:00
[2025-07-02T23:31:40.208+0000] {processor.py:208} INFO - Processing /home/airflow/.local/lib/python3.12/site-packages/airflow/example_dags/example_inlet_event_extra.py took 0.233 seconds
[2025-07-02T23:32:10.547+0000] {processor.py:186} INFO - Started process (PID=527) to work on /home/airflow/.local/lib/python3.12/site-packages/airflow/example_dags/example_inlet_event_extra.py
[2025-07-02T23:32:10.548+0000] {processor.py:914} INFO - Processing file /home/airflow/.local/lib/python3.12/site-packages/airflow/example_dags/example_inlet_event_extra.py for tasks to queue
[2025-07-02T23:32:10.551+0000] {logging_mixin.py:190} INFO - [2025-07-02T23:32:10.550+0000] {dagbag.py:588} INFO - Filling up the DagBag from /home/airflow/.local/lib/python3.12/site-packages/airflow/example_dags/example_inlet_event_extra.py
[2025-07-02T23:32:10.712+0000] {processor.py:925} INFO - DAG(s) 'read_dataset_event_from_classic', 'read_dataset_event' retrieved from /home/airflow/.local/lib/python3.12/site-packages/airflow/example_dags/example_inlet_event_extra.py
[2025-07-02T23:32:10.737+0000] {logging_mixin.py:190} INFO - [2025-07-02T23:32:10.737+0000] {dag.py:3239} INFO - Sync 2 DAGs
[2025-07-02T23:32:10.764+0000] {logging_mixin.py:190} INFO - [2025-07-02T23:32:10.764+0000] {dag.py:4180} INFO - Setting next_dagrun for read_dataset_event to 2025-07-01 00:00:00+00:00, run_after=2025-07-02 00:00:00+00:00
[2025-07-02T23:32:10.770+0000] {logging_mixin.py:190} INFO - [2025-07-02T23:32:10.770+0000] {dag.py:4180} INFO - Setting next_dagrun for read_dataset_event_from_classic to 2025-07-01 00:00:00+00:00, run_after=2025-07-02 00:00:00+00:00
[2025-07-02T23:32:10.796+0000] {processor.py:208} INFO - Processing /home/airflow/.local/lib/python3.12/site-packages/airflow/example_dags/example_inlet_event_extra.py took 0.255 seconds
[2025-07-02T23:32:40.869+0000] {processor.py:186} INFO - Started process (PID=590) to work on /home/airflow/.local/lib/python3.12/site-packages/airflow/example_dags/example_inlet_event_extra.py
[2025-07-02T23:32:40.871+0000] {processor.py:914} INFO - Processing file /home/airflow/.local/lib/python3.12/site-packages/airflow/example_dags/example_inlet_event_extra.py for tasks to queue
[2025-07-02T23:32:40.875+0000] {logging_mixin.py:190} INFO - [2025-07-02T23:32:40.874+0000] {dagbag.py:588} INFO - Filling up the DagBag from /home/airflow/.local/lib/python3.12/site-packages/airflow/example_dags/example_inlet_event_extra.py
[2025-07-02T23:32:41.057+0000] {processor.py:925} INFO - DAG(s) 'read_dataset_event', 'read_dataset_event_from_classic' retrieved from /home/airflow/.local/lib/python3.12/site-packages/airflow/example_dags/example_inlet_event_extra.py
[2025-07-02T23:32:41.086+0000] {logging_mixin.py:190} INFO - [2025-07-02T23:32:41.086+0000] {dag.py:3239} INFO - Sync 2 DAGs
[2025-07-02T23:32:41.122+0000] {logging_mixin.py:190} INFO - [2025-07-02T23:32:41.122+0000] {dag.py:4180} INFO - Setting next_dagrun for read_dataset_event to 2025-07-01 00:00:00+00:00, run_after=2025-07-02 00:00:00+00:00
[2025-07-02T23:32:41.129+0000] {logging_mixin.py:190} INFO - [2025-07-02T23:32:41.128+0000] {dag.py:4180} INFO - Setting next_dagrun for read_dataset_event_from_classic to 2025-07-01 00:00:00+00:00, run_after=2025-07-02 00:00:00+00:00
[2025-07-02T23:32:41.150+0000] {processor.py:208} INFO - Processing /home/airflow/.local/lib/python3.12/site-packages/airflow/example_dags/example_inlet_event_extra.py took 0.288 seconds
[2025-07-02T23:33:11.340+0000] {processor.py:186} INFO - Started process (PID=651) to work on /home/airflow/.local/lib/python3.12/site-packages/airflow/example_dags/example_inlet_event_extra.py
[2025-07-02T23:33:11.342+0000] {processor.py:914} INFO - Processing file /home/airflow/.local/lib/python3.12/site-packages/airflow/example_dags/example_inlet_event_extra.py for tasks to queue
[2025-07-02T23:33:11.345+0000] {logging_mixin.py:190} INFO - [2025-07-02T23:33:11.344+0000] {dagbag.py:588} INFO - Filling up the DagBag from /home/airflow/.local/lib/python3.12/site-packages/airflow/example_dags/example_inlet_event_extra.py
[2025-07-02T23:33:11.495+0000] {processor.py:925} INFO - DAG(s) 'read_dataset_event', 'read_dataset_event_from_classic' retrieved from /home/airflow/.local/lib/python3.12/site-packages/airflow/example_dags/example_inlet_event_extra.py
[2025-07-02T23:33:11.523+0000] {logging_mixin.py:190} INFO - [2025-07-02T23:33:11.523+0000] {dag.py:3239} INFO - Sync 2 DAGs
[2025-07-02T23:33:11.562+0000] {logging_mixin.py:190} INFO - [2025-07-02T23:33:11.562+0000] {dag.py:4180} INFO - Setting next_dagrun for read_dataset_event to 2025-07-01 00:00:00+00:00, run_after=2025-07-02 00:00:00+00:00
[2025-07-02T23:33:11.569+0000] {logging_mixin.py:190} INFO - [2025-07-02T23:33:11.569+0000] {dag.py:4180} INFO - Setting next_dagrun for read_dataset_event_from_classic to 2025-07-01 00:00:00+00:00, run_after=2025-07-02 00:00:00+00:00
[2025-07-02T23:33:11.589+0000] {processor.py:208} INFO - Processing /home/airflow/.local/lib/python3.12/site-packages/airflow/example_dags/example_inlet_event_extra.py took 0.255 seconds
[2025-07-02T23:33:41.762+0000] {processor.py:186} INFO - Started process (PID=713) to work on /home/airflow/.local/lib/python3.12/site-packages/airflow/example_dags/example_inlet_event_extra.py
[2025-07-02T23:33:41.763+0000] {processor.py:914} INFO - Processing file /home/airflow/.local/lib/python3.12/site-packages/airflow/example_dags/example_inlet_event_extra.py for tasks to queue
[2025-07-02T23:33:41.766+0000] {logging_mixin.py:190} INFO - [2025-07-02T23:33:41.765+0000] {dagbag.py:588} INFO - Filling up the DagBag from /home/airflow/.local/lib/python3.12/site-packages/airflow/example_dags/example_inlet_event_extra.py
[2025-07-02T23:33:41.959+0000] {processor.py:925} INFO - DAG(s) 'read_dataset_event', 'read_dataset_event_from_classic' retrieved from /home/airflow/.local/lib/python3.12/site-packages/airflow/example_dags/example_inlet_event_extra.py
[2025-07-02T23:33:41.980+0000] {logging_mixin.py:190} INFO - [2025-07-02T23:33:41.980+0000] {dag.py:3239} INFO - Sync 2 DAGs
[2025-07-02T23:33:42.006+0000] {logging_mixin.py:190} INFO - [2025-07-02T23:33:42.006+0000] {dag.py:4180} INFO - Setting next_dagrun for read_dataset_event to 2025-07-01 00:00:00+00:00, run_after=2025-07-02 00:00:00+00:00
[2025-07-02T23:33:42.011+0000] {logging_mixin.py:190} INFO - [2025-07-02T23:33:42.011+0000] {dag.py:4180} INFO - Setting next_dagrun for read_dataset_event_from_classic to 2025-07-01 00:00:00+00:00, run_after=2025-07-02 00:00:00+00:00
[2025-07-02T23:33:42.025+0000] {processor.py:208} INFO - Processing /home/airflow/.local/lib/python3.12/site-packages/airflow/example_dags/example_inlet_event_extra.py took 0.269 seconds
[2025-07-02T23:34:12.102+0000] {processor.py:186} INFO - Started process (PID=777) to work on /home/airflow/.local/lib/python3.12/site-packages/airflow/example_dags/example_inlet_event_extra.py
[2025-07-02T23:34:12.104+0000] {processor.py:914} INFO - Processing file /home/airflow/.local/lib/python3.12/site-packages/airflow/example_dags/example_inlet_event_extra.py for tasks to queue
[2025-07-02T23:34:12.106+0000] {logging_mixin.py:190} INFO - [2025-07-02T23:34:12.106+0000] {dagbag.py:588} INFO - Filling up the DagBag from /home/airflow/.local/lib/python3.12/site-packages/airflow/example_dags/example_inlet_event_extra.py
[2025-07-02T23:34:12.236+0000] {processor.py:925} INFO - DAG(s) 'read_dataset_event', 'read_dataset_event_from_classic' retrieved from /home/airflow/.local/lib/python3.12/site-packages/airflow/example_dags/example_inlet_event_extra.py
[2025-07-02T23:34:12.256+0000] {logging_mixin.py:190} INFO - [2025-07-02T23:34:12.256+0000] {dag.py:3239} INFO - Sync 2 DAGs
[2025-07-02T23:34:12.280+0000] {logging_mixin.py:190} INFO - [2025-07-02T23:34:12.280+0000] {dag.py:4180} INFO - Setting next_dagrun for read_dataset_event to 2025-07-01 00:00:00+00:00, run_after=2025-07-02 00:00:00+00:00
[2025-07-02T23:34:12.285+0000] {logging_mixin.py:190} INFO - [2025-07-02T23:34:12.285+0000] {dag.py:4180} INFO - Setting next_dagrun for read_dataset_event_from_classic to 2025-07-01 00:00:00+00:00, run_after=2025-07-02 00:00:00+00:00
[2025-07-02T23:34:12.300+0000] {processor.py:208} INFO - Processing /home/airflow/.local/lib/python3.12/site-packages/airflow/example_dags/example_inlet_event_extra.py took 0.203 seconds
[2025-07-02T23:34:42.491+0000] {processor.py:186} INFO - Started process (PID=839) to work on /home/airflow/.local/lib/python3.12/site-packages/airflow/example_dags/example_inlet_event_extra.py
[2025-07-02T23:34:42.492+0000] {processor.py:914} INFO - Processing file /home/airflow/.local/lib/python3.12/site-packages/airflow/example_dags/example_inlet_event_extra.py for tasks to queue
[2025-07-02T23:34:42.496+0000] {logging_mixin.py:190} INFO - [2025-07-02T23:34:42.496+0000] {dagbag.py:588} INFO - Filling up the DagBag from /home/airflow/.local/lib/python3.12/site-packages/airflow/example_dags/example_inlet_event_extra.py
[2025-07-02T23:34:42.676+0000] {processor.py:925} INFO - DAG(s) 'read_dataset_event_from_classic', 'read_dataset_event' retrieved from /home/airflow/.local/lib/python3.12/site-packages/airflow/example_dags/example_inlet_event_extra.py
[2025-07-02T23:34:42.701+0000] {logging_mixin.py:190} INFO - [2025-07-02T23:34:42.700+0000] {dag.py:3239} INFO - Sync 2 DAGs
[2025-07-02T23:34:42.735+0000] {logging_mixin.py:190} INFO - [2025-07-02T23:34:42.735+0000] {dag.py:4180} INFO - Setting next_dagrun for read_dataset_event to 2025-07-01 00:00:00+00:00, run_after=2025-07-02 00:00:00+00:00
[2025-07-02T23:34:42.741+0000] {logging_mixin.py:190} INFO - [2025-07-02T23:34:42.741+0000] {dag.py:4180} INFO - Setting next_dagrun for read_dataset_event_from_classic to 2025-07-01 00:00:00+00:00, run_after=2025-07-02 00:00:00+00:00
[2025-07-02T23:34:42.755+0000] {processor.py:208} INFO - Processing /home/airflow/.local/lib/python3.12/site-packages/airflow/example_dags/example_inlet_event_extra.py took 0.271 seconds
[2025-07-02T23:35:12.813+0000] {processor.py:186} INFO - Started process (PID=901) to work on /home/airflow/.local/lib/python3.12/site-packages/airflow/example_dags/example_inlet_event_extra.py
[2025-07-02T23:35:12.814+0000] {processor.py:914} INFO - Processing file /home/airflow/.local/lib/python3.12/site-packages/airflow/example_dags/example_inlet_event_extra.py for tasks to queue
[2025-07-02T23:35:12.817+0000] {logging_mixin.py:190} INFO - [2025-07-02T23:35:12.816+0000] {dagbag.py:588} INFO - Filling up the DagBag from /home/airflow/.local/lib/python3.12/site-packages/airflow/example_dags/example_inlet_event_extra.py
[2025-07-02T23:35:12.942+0000] {processor.py:925} INFO - DAG(s) 'read_dataset_event', 'read_dataset_event_from_classic' retrieved from /home/airflow/.local/lib/python3.12/site-packages/airflow/example_dags/example_inlet_event_extra.py
[2025-07-02T23:35:12.965+0000] {logging_mixin.py:190} INFO - [2025-07-02T23:35:12.964+0000] {dag.py:3239} INFO - Sync 2 DAGs
[2025-07-02T23:35:12.989+0000] {logging_mixin.py:190} INFO - [2025-07-02T23:35:12.988+0000] {dag.py:4180} INFO - Setting next_dagrun for read_dataset_event to 2025-07-01 00:00:00+00:00, run_after=2025-07-02 00:00:00+00:00
[2025-07-02T23:35:12.993+0000] {logging_mixin.py:190} INFO - [2025-07-02T23:35:12.993+0000] {dag.py:4180} INFO - Setting next_dagrun for read_dataset_event_from_classic to 2025-07-01 00:00:00+00:00, run_after=2025-07-02 00:00:00+00:00
[2025-07-02T23:35:13.008+0000] {processor.py:208} INFO - Processing /home/airflow/.local/lib/python3.12/site-packages/airflow/example_dags/example_inlet_event_extra.py took 0.200 seconds
[2025-07-02T23:35:43.611+0000] {processor.py:186} INFO - Started process (PID=961) to work on /home/airflow/.local/lib/python3.12/site-packages/airflow/example_dags/example_inlet_event_extra.py
[2025-07-02T23:35:43.612+0000] {processor.py:914} INFO - Processing file /home/airflow/.local/lib/python3.12/site-packages/airflow/example_dags/example_inlet_event_extra.py for tasks to queue
[2025-07-02T23:35:43.615+0000] {logging_mixin.py:190} INFO - [2025-07-02T23:35:43.614+0000] {dagbag.py:588} INFO - Filling up the DagBag from /home/airflow/.local/lib/python3.12/site-packages/airflow/example_dags/example_inlet_event_extra.py
[2025-07-02T23:35:43.736+0000] {processor.py:925} INFO - DAG(s) 'read_dataset_event', 'read_dataset_event_from_classic' retrieved from /home/airflow/.local/lib/python3.12/site-packages/airflow/example_dags/example_inlet_event_extra.py
[2025-07-02T23:35:43.756+0000] {logging_mixin.py:190} INFO - [2025-07-02T23:35:43.756+0000] {dag.py:3239} INFO - Sync 2 DAGs
[2025-07-02T23:35:43.788+0000] {logging_mixin.py:190} INFO - [2025-07-02T23:35:43.788+0000] {dag.py:4180} INFO - Setting next_dagrun for read_dataset_event to 2025-07-01 00:00:00+00:00, run_after=2025-07-02 00:00:00+00:00
[2025-07-02T23:35:43.793+0000] {logging_mixin.py:190} INFO - [2025-07-02T23:35:43.793+0000] {dag.py:4180} INFO - Setting next_dagrun for read_dataset_event_from_classic to 2025-07-01 00:00:00+00:00, run_after=2025-07-02 00:00:00+00:00
[2025-07-02T23:35:43.809+0000] {processor.py:208} INFO - Processing /home/airflow/.local/lib/python3.12/site-packages/airflow/example_dags/example_inlet_event_extra.py took 0.203 seconds
[2025-07-02T23:36:14.183+0000] {processor.py:186} INFO - Started process (PID=1023) to work on /home/airflow/.local/lib/python3.12/site-packages/airflow/example_dags/example_inlet_event_extra.py
[2025-07-02T23:36:14.184+0000] {processor.py:914} INFO - Processing file /home/airflow/.local/lib/python3.12/site-packages/airflow/example_dags/example_inlet_event_extra.py for tasks to queue
[2025-07-02T23:36:14.187+0000] {logging_mixin.py:190} INFO - [2025-07-02T23:36:14.187+0000] {dagbag.py:588} INFO - Filling up the DagBag from /home/airflow/.local/lib/python3.12/site-packages/airflow/example_dags/example_inlet_event_extra.py
[2025-07-02T23:36:14.337+0000] {processor.py:925} INFO - DAG(s) 'read_dataset_event', 'read_dataset_event_from_classic' retrieved from /home/airflow/.local/lib/python3.12/site-packages/airflow/example_dags/example_inlet_event_extra.py
[2025-07-02T23:36:14.366+0000] {logging_mixin.py:190} INFO - [2025-07-02T23:36:14.365+0000] {dag.py:3239} INFO - Sync 2 DAGs
[2025-07-02T23:36:14.403+0000] {logging_mixin.py:190} INFO - [2025-07-02T23:36:14.403+0000] {dag.py:4180} INFO - Setting next_dagrun for read_dataset_event to 2025-07-01 00:00:00+00:00, run_after=2025-07-02 00:00:00+00:00
[2025-07-02T23:36:14.410+0000] {logging_mixin.py:190} INFO - [2025-07-02T23:36:14.409+0000] {dag.py:4180} INFO - Setting next_dagrun for read_dataset_event_from_classic to 2025-07-01 00:00:00+00:00, run_after=2025-07-02 00:00:00+00:00
[2025-07-02T23:36:14.433+0000] {processor.py:208} INFO - Processing /home/airflow/.local/lib/python3.12/site-packages/airflow/example_dags/example_inlet_event_extra.py took 0.256 seconds
[2025-07-02T23:36:44.872+0000] {processor.py:186} INFO - Started process (PID=1085) to work on /home/airflow/.local/lib/python3.12/site-packages/airflow/example_dags/example_inlet_event_extra.py
[2025-07-02T23:36:44.873+0000] {processor.py:914} INFO - Processing file /home/airflow/.local/lib/python3.12/site-packages/airflow/example_dags/example_inlet_event_extra.py for tasks to queue
[2025-07-02T23:36:44.876+0000] {logging_mixin.py:190} INFO - [2025-07-02T23:36:44.876+0000] {dagbag.py:588} INFO - Filling up the DagBag from /home/airflow/.local/lib/python3.12/site-packages/airflow/example_dags/example_inlet_event_extra.py
[2025-07-02T23:36:45.009+0000] {processor.py:925} INFO - DAG(s) 'read_dataset_event', 'read_dataset_event_from_classic' retrieved from /home/airflow/.local/lib/python3.12/site-packages/airflow/example_dags/example_inlet_event_extra.py
[2025-07-02T23:36:45.038+0000] {logging_mixin.py:190} INFO - [2025-07-02T23:36:45.037+0000] {dag.py:3239} INFO - Sync 2 DAGs
[2025-07-02T23:36:45.067+0000] {logging_mixin.py:190} INFO - [2025-07-02T23:36:45.066+0000] {dag.py:4180} INFO - Setting next_dagrun for read_dataset_event to 2025-07-01 00:00:00+00:00, run_after=2025-07-02 00:00:00+00:00
[2025-07-02T23:36:45.072+0000] {logging_mixin.py:190} INFO - [2025-07-02T23:36:45.072+0000] {dag.py:4180} INFO - Setting next_dagrun for read_dataset_event_from_classic to 2025-07-01 00:00:00+00:00, run_after=2025-07-02 00:00:00+00:00
[2025-07-02T23:36:45.089+0000] {processor.py:208} INFO - Processing /home/airflow/.local/lib/python3.12/site-packages/airflow/example_dags/example_inlet_event_extra.py took 0.223 seconds
[2025-07-02T23:37:15.647+0000] {processor.py:186} INFO - Started process (PID=1147) to work on /home/airflow/.local/lib/python3.12/site-packages/airflow/example_dags/example_inlet_event_extra.py
[2025-07-02T23:37:15.648+0000] {processor.py:914} INFO - Processing file /home/airflow/.local/lib/python3.12/site-packages/airflow/example_dags/example_inlet_event_extra.py for tasks to queue
[2025-07-02T23:37:15.651+0000] {logging_mixin.py:190} INFO - [2025-07-02T23:37:15.651+0000] {dagbag.py:588} INFO - Filling up the DagBag from /home/airflow/.local/lib/python3.12/site-packages/airflow/example_dags/example_inlet_event_extra.py
[2025-07-02T23:37:15.781+0000] {processor.py:925} INFO - DAG(s) 'read_dataset_event_from_classic', 'read_dataset_event' retrieved from /home/airflow/.local/lib/python3.12/site-packages/airflow/example_dags/example_inlet_event_extra.py
[2025-07-02T23:37:15.811+0000] {logging_mixin.py:190} INFO - [2025-07-02T23:37:15.811+0000] {dag.py:3239} INFO - Sync 2 DAGs
[2025-07-02T23:37:15.847+0000] {logging_mixin.py:190} INFO - [2025-07-02T23:37:15.847+0000] {dag.py:4180} INFO - Setting next_dagrun for read_dataset_event to 2025-07-01 00:00:00+00:00, run_after=2025-07-02 00:00:00+00:00
[2025-07-02T23:37:15.853+0000] {logging_mixin.py:190} INFO - [2025-07-02T23:37:15.852+0000] {dag.py:4180} INFO - Setting next_dagrun for read_dataset_event_from_classic to 2025-07-01 00:00:00+00:00, run_after=2025-07-02 00:00:00+00:00
[2025-07-02T23:37:15.872+0000] {processor.py:208} INFO - Processing /home/airflow/.local/lib/python3.12/site-packages/airflow/example_dags/example_inlet_event_extra.py took 0.230 seconds
[2025-07-02T23:37:46.443+0000] {processor.py:186} INFO - Started process (PID=1209) to work on /home/airflow/.local/lib/python3.12/site-packages/airflow/example_dags/example_inlet_event_extra.py
[2025-07-02T23:37:46.444+0000] {processor.py:914} INFO - Processing file /home/airflow/.local/lib/python3.12/site-packages/airflow/example_dags/example_inlet_event_extra.py for tasks to queue
[2025-07-02T23:37:46.447+0000] {logging_mixin.py:190} INFO - [2025-07-02T23:37:46.447+0000] {dagbag.py:588} INFO - Filling up the DagBag from /home/airflow/.local/lib/python3.12/site-packages/airflow/example_dags/example_inlet_event_extra.py
[2025-07-02T23:37:46.575+0000] {processor.py:925} INFO - DAG(s) 'read_dataset_event', 'read_dataset_event_from_classic' retrieved from /home/airflow/.local/lib/python3.12/site-packages/airflow/example_dags/example_inlet_event_extra.py
[2025-07-02T23:37:46.596+0000] {logging_mixin.py:190} INFO - [2025-07-02T23:37:46.596+0000] {dag.py:3239} INFO - Sync 2 DAGs
[2025-07-02T23:37:46.621+0000] {logging_mixin.py:190} INFO - [2025-07-02T23:37:46.621+0000] {dag.py:4180} INFO - Setting next_dagrun for read_dataset_event to 2025-07-01 00:00:00+00:00, run_after=2025-07-02 00:00:00+00:00
[2025-07-02T23:37:46.626+0000] {logging_mixin.py:190} INFO - [2025-07-02T23:37:46.626+0000] {dag.py:4180} INFO - Setting next_dagrun for read_dataset_event_from_classic to 2025-07-01 00:00:00+00:00, run_after=2025-07-02 00:00:00+00:00
[2025-07-02T23:37:46.654+0000] {processor.py:208} INFO - Processing /home/airflow/.local/lib/python3.12/site-packages/airflow/example_dags/example_inlet_event_extra.py took 0.216 seconds
[2025-07-02T23:38:17.057+0000] {processor.py:186} INFO - Started process (PID=1271) to work on /home/airflow/.local/lib/python3.12/site-packages/airflow/example_dags/example_inlet_event_extra.py
[2025-07-02T23:38:17.058+0000] {processor.py:914} INFO - Processing file /home/airflow/.local/lib/python3.12/site-packages/airflow/example_dags/example_inlet_event_extra.py for tasks to queue
[2025-07-02T23:38:17.061+0000] {logging_mixin.py:190} INFO - [2025-07-02T23:38:17.061+0000] {dagbag.py:588} INFO - Filling up the DagBag from /home/airflow/.local/lib/python3.12/site-packages/airflow/example_dags/example_inlet_event_extra.py
[2025-07-02T23:38:17.208+0000] {processor.py:925} INFO - DAG(s) 'read_dataset_event_from_classic', 'read_dataset_event' retrieved from /home/airflow/.local/lib/python3.12/site-packages/airflow/example_dags/example_inlet_event_extra.py
[2025-07-02T23:38:17.238+0000] {logging_mixin.py:190} INFO - [2025-07-02T23:38:17.238+0000] {dag.py:3239} INFO - Sync 2 DAGs
[2025-07-02T23:38:17.272+0000] {logging_mixin.py:190} INFO - [2025-07-02T23:38:17.272+0000] {dag.py:4180} INFO - Setting next_dagrun for read_dataset_event to 2025-07-01 00:00:00+00:00, run_after=2025-07-02 00:00:00+00:00
[2025-07-02T23:38:17.278+0000] {logging_mixin.py:190} INFO - [2025-07-02T23:38:17.278+0000] {dag.py:4180} INFO - Setting next_dagrun for read_dataset_event_from_classic to 2025-07-01 00:00:00+00:00, run_after=2025-07-02 00:00:00+00:00
[2025-07-02T23:38:17.310+0000] {processor.py:208} INFO - Processing /home/airflow/.local/lib/python3.12/site-packages/airflow/example_dags/example_inlet_event_extra.py took 0.261 seconds
[2025-07-02T23:38:48.009+0000] {processor.py:186} INFO - Started process (PID=1333) to work on /home/airflow/.local/lib/python3.12/site-packages/airflow/example_dags/example_inlet_event_extra.py
[2025-07-02T23:38:48.010+0000] {processor.py:914} INFO - Processing file /home/airflow/.local/lib/python3.12/site-packages/airflow/example_dags/example_inlet_event_extra.py for tasks to queue
[2025-07-02T23:38:48.013+0000] {logging_mixin.py:190} INFO - [2025-07-02T23:38:48.012+0000] {dagbag.py:588} INFO - Filling up the DagBag from /home/airflow/.local/lib/python3.12/site-packages/airflow/example_dags/example_inlet_event_extra.py
[2025-07-02T23:38:48.141+0000] {processor.py:925} INFO - DAG(s) 'read_dataset_event', 'read_dataset_event_from_classic' retrieved from /home/airflow/.local/lib/python3.12/site-packages/airflow/example_dags/example_inlet_event_extra.py
[2025-07-02T23:38:48.161+0000] {logging_mixin.py:190} INFO - [2025-07-02T23:38:48.161+0000] {dag.py:3239} INFO - Sync 2 DAGs
[2025-07-02T23:38:48.192+0000] {logging_mixin.py:190} INFO - [2025-07-02T23:38:48.191+0000] {dag.py:4180} INFO - Setting next_dagrun for read_dataset_event to 2025-07-01 00:00:00+00:00, run_after=2025-07-02 00:00:00+00:00
[2025-07-02T23:38:48.199+0000] {logging_mixin.py:190} INFO - [2025-07-02T23:38:48.199+0000] {dag.py:4180} INFO - Setting next_dagrun for read_dataset_event_from_classic to 2025-07-01 00:00:00+00:00, run_after=2025-07-02 00:00:00+00:00
[2025-07-02T23:38:48.216+0000] {processor.py:208} INFO - Processing /home/airflow/.local/lib/python3.12/site-packages/airflow/example_dags/example_inlet_event_extra.py took 0.212 seconds
[2025-07-02T23:39:18.593+0000] {processor.py:186} INFO - Started process (PID=1395) to work on /home/airflow/.local/lib/python3.12/site-packages/airflow/example_dags/example_inlet_event_extra.py
[2025-07-02T23:39:18.594+0000] {processor.py:914} INFO - Processing file /home/airflow/.local/lib/python3.12/site-packages/airflow/example_dags/example_inlet_event_extra.py for tasks to queue
[2025-07-02T23:39:18.597+0000] {logging_mixin.py:190} INFO - [2025-07-02T23:39:18.596+0000] {dagbag.py:588} INFO - Filling up the DagBag from /home/airflow/.local/lib/python3.12/site-packages/airflow/example_dags/example_inlet_event_extra.py
[2025-07-02T23:39:18.727+0000] {processor.py:925} INFO - DAG(s) 'read_dataset_event_from_classic', 'read_dataset_event' retrieved from /home/airflow/.local/lib/python3.12/site-packages/airflow/example_dags/example_inlet_event_extra.py
[2025-07-02T23:39:18.749+0000] {logging_mixin.py:190} INFO - [2025-07-02T23:39:18.748+0000] {dag.py:3239} INFO - Sync 2 DAGs
[2025-07-02T23:39:18.773+0000] {logging_mixin.py:190} INFO - [2025-07-02T23:39:18.772+0000] {dag.py:4180} INFO - Setting next_dagrun for read_dataset_event to 2025-07-01 00:00:00+00:00, run_after=2025-07-02 00:00:00+00:00
[2025-07-02T23:39:18.778+0000] {logging_mixin.py:190} INFO - [2025-07-02T23:39:18.777+0000] {dag.py:4180} INFO - Setting next_dagrun for read_dataset_event_from_classic to 2025-07-01 00:00:00+00:00, run_after=2025-07-02 00:00:00+00:00
[2025-07-02T23:39:18.794+0000] {processor.py:208} INFO - Processing /home/airflow/.local/lib/python3.12/site-packages/airflow/example_dags/example_inlet_event_extra.py took 0.207 seconds
[2025-07-02T23:39:49.167+0000] {processor.py:186} INFO - Started process (PID=1457) to work on /home/airflow/.local/lib/python3.12/site-packages/airflow/example_dags/example_inlet_event_extra.py
[2025-07-02T23:39:49.168+0000] {processor.py:914} INFO - Processing file /home/airflow/.local/lib/python3.12/site-packages/airflow/example_dags/example_inlet_event_extra.py for tasks to queue
[2025-07-02T23:39:49.171+0000] {logging_mixin.py:190} INFO - [2025-07-02T23:39:49.171+0000] {dagbag.py:588} INFO - Filling up the DagBag from /home/airflow/.local/lib/python3.12/site-packages/airflow/example_dags/example_inlet_event_extra.py
[2025-07-02T23:39:49.291+0000] {processor.py:925} INFO - DAG(s) 'read_dataset_event_from_classic', 'read_dataset_event' retrieved from /home/airflow/.local/lib/python3.12/site-packages/airflow/example_dags/example_inlet_event_extra.py
[2025-07-02T23:39:49.313+0000] {logging_mixin.py:190} INFO - [2025-07-02T23:39:49.313+0000] {dag.py:3239} INFO - Sync 2 DAGs
[2025-07-02T23:39:49.339+0000] {logging_mixin.py:190} INFO - [2025-07-02T23:39:49.339+0000] {dag.py:4180} INFO - Setting next_dagrun for read_dataset_event to 2025-07-01 00:00:00+00:00, run_after=2025-07-02 00:00:00+00:00
[2025-07-02T23:39:49.345+0000] {logging_mixin.py:190} INFO - [2025-07-02T23:39:49.344+0000] {dag.py:4180} INFO - Setting next_dagrun for read_dataset_event_from_classic to 2025-07-01 00:00:00+00:00, run_after=2025-07-02 00:00:00+00:00
[2025-07-02T23:39:49.371+0000] {processor.py:208} INFO - Processing /home/airflow/.local/lib/python3.12/site-packages/airflow/example_dags/example_inlet_event_extra.py took 0.209 seconds
[2025-07-02T23:40:20.086+0000] {processor.py:186} INFO - Started process (PID=1519) to work on /home/airflow/.local/lib/python3.12/site-packages/airflow/example_dags/example_inlet_event_extra.py
[2025-07-02T23:40:20.087+0000] {processor.py:914} INFO - Processing file /home/airflow/.local/lib/python3.12/site-packages/airflow/example_dags/example_inlet_event_extra.py for tasks to queue
[2025-07-02T23:40:20.092+0000] {logging_mixin.py:190} INFO - [2025-07-02T23:40:20.092+0000] {dagbag.py:588} INFO - Filling up the DagBag from /home/airflow/.local/lib/python3.12/site-packages/airflow/example_dags/example_inlet_event_extra.py
[2025-07-02T23:40:20.284+0000] {processor.py:925} INFO - DAG(s) 'read_dataset_event', 'read_dataset_event_from_classic' retrieved from /home/airflow/.local/lib/python3.12/site-packages/airflow/example_dags/example_inlet_event_extra.py
[2025-07-02T23:40:20.319+0000] {logging_mixin.py:190} INFO - [2025-07-02T23:40:20.318+0000] {dag.py:3239} INFO - Sync 2 DAGs
[2025-07-02T23:40:20.359+0000] {logging_mixin.py:190} INFO - [2025-07-02T23:40:20.358+0000] {dag.py:4180} INFO - Setting next_dagrun for read_dataset_event to 2025-07-01 00:00:00+00:00, run_after=2025-07-02 00:00:00+00:00
[2025-07-02T23:40:20.366+0000] {logging_mixin.py:190} INFO - [2025-07-02T23:40:20.365+0000] {dag.py:4180} INFO - Setting next_dagrun for read_dataset_event_from_classic to 2025-07-01 00:00:00+00:00, run_after=2025-07-02 00:00:00+00:00
[2025-07-02T23:40:20.391+0000] {processor.py:208} INFO - Processing /home/airflow/.local/lib/python3.12/site-packages/airflow/example_dags/example_inlet_event_extra.py took 0.314 seconds
[2025-07-02T23:40:51.312+0000] {processor.py:186} INFO - Started process (PID=1581) to work on /home/airflow/.local/lib/python3.12/site-packages/airflow/example_dags/example_inlet_event_extra.py
[2025-07-02T23:40:51.313+0000] {processor.py:914} INFO - Processing file /home/airflow/.local/lib/python3.12/site-packages/airflow/example_dags/example_inlet_event_extra.py for tasks to queue
[2025-07-02T23:40:51.315+0000] {logging_mixin.py:190} INFO - [2025-07-02T23:40:51.315+0000] {dagbag.py:588} INFO - Filling up the DagBag from /home/airflow/.local/lib/python3.12/site-packages/airflow/example_dags/example_inlet_event_extra.py
[2025-07-02T23:40:51.436+0000] {processor.py:925} INFO - DAG(s) 'read_dataset_event', 'read_dataset_event_from_classic' retrieved from /home/airflow/.local/lib/python3.12/site-packages/airflow/example_dags/example_inlet_event_extra.py
[2025-07-02T23:40:51.458+0000] {logging_mixin.py:190} INFO - [2025-07-02T23:40:51.458+0000] {dag.py:3239} INFO - Sync 2 DAGs
[2025-07-02T23:40:51.482+0000] {logging_mixin.py:190} INFO - [2025-07-02T23:40:51.482+0000] {dag.py:4180} INFO - Setting next_dagrun for read_dataset_event to 2025-07-01 00:00:00+00:00, run_after=2025-07-02 00:00:00+00:00
[2025-07-02T23:40:51.488+0000] {logging_mixin.py:190} INFO - [2025-07-02T23:40:51.488+0000] {dag.py:4180} INFO - Setting next_dagrun for read_dataset_event_from_classic to 2025-07-01 00:00:00+00:00, run_after=2025-07-02 00:00:00+00:00
[2025-07-02T23:40:51.506+0000] {processor.py:208} INFO - Processing /home/airflow/.local/lib/python3.12/site-packages/airflow/example_dags/example_inlet_event_extra.py took 0.200 seconds
[2025-07-02T23:41:21.860+0000] {processor.py:186} INFO - Started process (PID=1643) to work on /home/airflow/.local/lib/python3.12/site-packages/airflow/example_dags/example_inlet_event_extra.py
[2025-07-02T23:41:21.861+0000] {processor.py:914} INFO - Processing file /home/airflow/.local/lib/python3.12/site-packages/airflow/example_dags/example_inlet_event_extra.py for tasks to queue
[2025-07-02T23:41:21.864+0000] {logging_mixin.py:190} INFO - [2025-07-02T23:41:21.863+0000] {dagbag.py:588} INFO - Filling up the DagBag from /home/airflow/.local/lib/python3.12/site-packages/airflow/example_dags/example_inlet_event_extra.py
[2025-07-02T23:41:22.014+0000] {processor.py:925} INFO - DAG(s) 'read_dataset_event', 'read_dataset_event_from_classic' retrieved from /home/airflow/.local/lib/python3.12/site-packages/airflow/example_dags/example_inlet_event_extra.py
[2025-07-02T23:41:22.044+0000] {logging_mixin.py:190} INFO - [2025-07-02T23:41:22.044+0000] {dag.py:3239} INFO - Sync 2 DAGs
[2025-07-02T23:41:22.089+0000] {logging_mixin.py:190} INFO - [2025-07-02T23:41:22.089+0000] {dag.py:4180} INFO - Setting next_dagrun for read_dataset_event to 2025-07-01 00:00:00+00:00, run_after=2025-07-02 00:00:00+00:00
[2025-07-02T23:41:22.105+0000] {logging_mixin.py:190} INFO - [2025-07-02T23:41:22.105+0000] {dag.py:4180} INFO - Setting next_dagrun for read_dataset_event_from_classic to 2025-07-01 00:00:00+00:00, run_after=2025-07-02 00:00:00+00:00
[2025-07-02T23:41:22.135+0000] {processor.py:208} INFO - Processing /home/airflow/.local/lib/python3.12/site-packages/airflow/example_dags/example_inlet_event_extra.py took 0.282 seconds
[2025-07-02T23:41:52.777+0000] {processor.py:186} INFO - Started process (PID=1705) to work on /home/airflow/.local/lib/python3.12/site-packages/airflow/example_dags/example_inlet_event_extra.py
[2025-07-02T23:41:52.778+0000] {processor.py:914} INFO - Processing file /home/airflow/.local/lib/python3.12/site-packages/airflow/example_dags/example_inlet_event_extra.py for tasks to queue
[2025-07-02T23:41:52.781+0000] {logging_mixin.py:190} INFO - [2025-07-02T23:41:52.781+0000] {dagbag.py:588} INFO - Filling up the DagBag from /home/airflow/.local/lib/python3.12/site-packages/airflow/example_dags/example_inlet_event_extra.py
[2025-07-02T23:41:52.907+0000] {processor.py:925} INFO - DAG(s) 'read_dataset_event_from_classic', 'read_dataset_event' retrieved from /home/airflow/.local/lib/python3.12/site-packages/airflow/example_dags/example_inlet_event_extra.py
[2025-07-02T23:41:52.925+0000] {logging_mixin.py:190} INFO - [2025-07-02T23:41:52.925+0000] {dag.py:3239} INFO - Sync 2 DAGs
[2025-07-02T23:41:52.948+0000] {logging_mixin.py:190} INFO - [2025-07-02T23:41:52.947+0000] {dag.py:4180} INFO - Setting next_dagrun for read_dataset_event to 2025-07-01 00:00:00+00:00, run_after=2025-07-02 00:00:00+00:00
[2025-07-02T23:41:52.952+0000] {logging_mixin.py:190} INFO - [2025-07-02T23:41:52.952+0000] {dag.py:4180} INFO - Setting next_dagrun for read_dataset_event_from_classic to 2025-07-01 00:00:00+00:00, run_after=2025-07-02 00:00:00+00:00
[2025-07-02T23:41:52.969+0000] {processor.py:208} INFO - Processing /home/airflow/.local/lib/python3.12/site-packages/airflow/example_dags/example_inlet_event_extra.py took 0.198 seconds
[2025-07-02T23:42:23.493+0000] {processor.py:186} INFO - Started process (PID=1767) to work on /home/airflow/.local/lib/python3.12/site-packages/airflow/example_dags/example_inlet_event_extra.py
[2025-07-02T23:42:23.494+0000] {processor.py:914} INFO - Processing file /home/airflow/.local/lib/python3.12/site-packages/airflow/example_dags/example_inlet_event_extra.py for tasks to queue
[2025-07-02T23:42:23.496+0000] {logging_mixin.py:190} INFO - [2025-07-02T23:42:23.496+0000] {dagbag.py:588} INFO - Filling up the DagBag from /home/airflow/.local/lib/python3.12/site-packages/airflow/example_dags/example_inlet_event_extra.py
[2025-07-02T23:42:23.633+0000] {processor.py:925} INFO - DAG(s) 'read_dataset_event_from_classic', 'read_dataset_event' retrieved from /home/airflow/.local/lib/python3.12/site-packages/airflow/example_dags/example_inlet_event_extra.py
[2025-07-02T23:42:23.653+0000] {logging_mixin.py:190} INFO - [2025-07-02T23:42:23.653+0000] {dag.py:3239} INFO - Sync 2 DAGs
[2025-07-02T23:42:23.706+0000] {logging_mixin.py:190} INFO - [2025-07-02T23:42:23.705+0000] {dag.py:4180} INFO - Setting next_dagrun for read_dataset_event to 2025-07-01 00:00:00+00:00, run_after=2025-07-02 00:00:00+00:00
[2025-07-02T23:42:23.714+0000] {logging_mixin.py:190} INFO - [2025-07-02T23:42:23.713+0000] {dag.py:4180} INFO - Setting next_dagrun for read_dataset_event_from_classic to 2025-07-01 00:00:00+00:00, run_after=2025-07-02 00:00:00+00:00
[2025-07-02T23:42:23.734+0000] {processor.py:208} INFO - Processing /home/airflow/.local/lib/python3.12/site-packages/airflow/example_dags/example_inlet_event_extra.py took 0.247 seconds
[2025-07-02T23:42:53.945+0000] {processor.py:186} INFO - Started process (PID=1829) to work on /home/airflow/.local/lib/python3.12/site-packages/airflow/example_dags/example_inlet_event_extra.py
[2025-07-02T23:42:53.946+0000] {processor.py:914} INFO - Processing file /home/airflow/.local/lib/python3.12/site-packages/airflow/example_dags/example_inlet_event_extra.py for tasks to queue
[2025-07-02T23:42:53.950+0000] {logging_mixin.py:190} INFO - [2025-07-02T23:42:53.950+0000] {dagbag.py:588} INFO - Filling up the DagBag from /home/airflow/.local/lib/python3.12/site-packages/airflow/example_dags/example_inlet_event_extra.py
[2025-07-02T23:42:54.100+0000] {processor.py:925} INFO - DAG(s) 'read_dataset_event_from_classic', 'read_dataset_event' retrieved from /home/airflow/.local/lib/python3.12/site-packages/airflow/example_dags/example_inlet_event_extra.py
[2025-07-02T23:42:54.126+0000] {logging_mixin.py:190} INFO - [2025-07-02T23:42:54.125+0000] {dag.py:3239} INFO - Sync 2 DAGs
[2025-07-02T23:42:54.161+0000] {logging_mixin.py:190} INFO - [2025-07-02T23:42:54.161+0000] {dag.py:4180} INFO - Setting next_dagrun for read_dataset_event to 2025-07-01 00:00:00+00:00, run_after=2025-07-02 00:00:00+00:00
[2025-07-02T23:42:54.166+0000] {logging_mixin.py:190} INFO - [2025-07-02T23:42:54.165+0000] {dag.py:4180} INFO - Setting next_dagrun for read_dataset_event_from_classic to 2025-07-01 00:00:00+00:00, run_after=2025-07-02 00:00:00+00:00
[2025-07-02T23:42:54.183+0000] {processor.py:208} INFO - Processing /home/airflow/.local/lib/python3.12/site-packages/airflow/example_dags/example_inlet_event_extra.py took 0.247 seconds
[2025-07-02T23:43:24.796+0000] {processor.py:186} INFO - Started process (PID=1891) to work on /home/airflow/.local/lib/python3.12/site-packages/airflow/example_dags/example_inlet_event_extra.py
[2025-07-02T23:43:24.798+0000] {processor.py:914} INFO - Processing file /home/airflow/.local/lib/python3.12/site-packages/airflow/example_dags/example_inlet_event_extra.py for tasks to queue
[2025-07-02T23:43:24.805+0000] {logging_mixin.py:190} INFO - [2025-07-02T23:43:24.801+0000] {dagbag.py:588} INFO - Filling up the DagBag from /home/airflow/.local/lib/python3.12/site-packages/airflow/example_dags/example_inlet_event_extra.py
[2025-07-02T23:43:25.002+0000] {processor.py:925} INFO - DAG(s) 'read_dataset_event', 'read_dataset_event_from_classic' retrieved from /home/airflow/.local/lib/python3.12/site-packages/airflow/example_dags/example_inlet_event_extra.py
[2025-07-02T23:43:25.025+0000] {logging_mixin.py:190} INFO - [2025-07-02T23:43:25.025+0000] {dag.py:3239} INFO - Sync 2 DAGs
[2025-07-02T23:43:25.053+0000] {logging_mixin.py:190} INFO - [2025-07-02T23:43:25.053+0000] {dag.py:4180} INFO - Setting next_dagrun for read_dataset_event to 2025-07-01 00:00:00+00:00, run_after=2025-07-02 00:00:00+00:00
[2025-07-02T23:43:25.058+0000] {logging_mixin.py:190} INFO - [2025-07-02T23:43:25.058+0000] {dag.py:4180} INFO - Setting next_dagrun for read_dataset_event_from_classic to 2025-07-01 00:00:00+00:00, run_after=2025-07-02 00:00:00+00:00
[2025-07-02T23:43:25.075+0000] {processor.py:208} INFO - Processing /home/airflow/.local/lib/python3.12/site-packages/airflow/example_dags/example_inlet_event_extra.py took 0.286 seconds
[2025-07-02T23:43:55.209+0000] {processor.py:186} INFO - Started process (PID=1953) to work on /home/airflow/.local/lib/python3.12/site-packages/airflow/example_dags/example_inlet_event_extra.py
[2025-07-02T23:43:55.210+0000] {processor.py:914} INFO - Processing file /home/airflow/.local/lib/python3.12/site-packages/airflow/example_dags/example_inlet_event_extra.py for tasks to queue
[2025-07-02T23:43:55.212+0000] {logging_mixin.py:190} INFO - [2025-07-02T23:43:55.212+0000] {dagbag.py:588} INFO - Filling up the DagBag from /home/airflow/.local/lib/python3.12/site-packages/airflow/example_dags/example_inlet_event_extra.py
[2025-07-02T23:43:55.329+0000] {processor.py:925} INFO - DAG(s) 'read_dataset_event_from_classic', 'read_dataset_event' retrieved from /home/airflow/.local/lib/python3.12/site-packages/airflow/example_dags/example_inlet_event_extra.py
[2025-07-02T23:43:55.350+0000] {logging_mixin.py:190} INFO - [2025-07-02T23:43:55.350+0000] {dag.py:3239} INFO - Sync 2 DAGs
[2025-07-02T23:43:55.376+0000] {logging_mixin.py:190} INFO - [2025-07-02T23:43:55.376+0000] {dag.py:4180} INFO - Setting next_dagrun for read_dataset_event to 2025-07-01 00:00:00+00:00, run_after=2025-07-02 00:00:00+00:00
[2025-07-02T23:43:55.383+0000] {logging_mixin.py:190} INFO - [2025-07-02T23:43:55.383+0000] {dag.py:4180} INFO - Setting next_dagrun for read_dataset_event_from_classic to 2025-07-01 00:00:00+00:00, run_after=2025-07-02 00:00:00+00:00
[2025-07-02T23:43:57.522+0000] {processor.py:208} INFO - Processing /home/airflow/.local/lib/python3.12/site-packages/airflow/example_dags/example_inlet_event_extra.py took 2.319 seconds
[2025-07-02T23:44:27.600+0000] {processor.py:186} INFO - Started process (PID=2014) to work on /home/airflow/.local/lib/python3.12/site-packages/airflow/example_dags/example_inlet_event_extra.py
[2025-07-02T23:44:27.601+0000] {processor.py:914} INFO - Processing file /home/airflow/.local/lib/python3.12/site-packages/airflow/example_dags/example_inlet_event_extra.py for tasks to queue
[2025-07-02T23:44:27.604+0000] {logging_mixin.py:190} INFO - [2025-07-02T23:44:27.604+0000] {dagbag.py:588} INFO - Filling up the DagBag from /home/airflow/.local/lib/python3.12/site-packages/airflow/example_dags/example_inlet_event_extra.py
[2025-07-02T23:44:27.748+0000] {processor.py:925} INFO - DAG(s) 'read_dataset_event_from_classic', 'read_dataset_event' retrieved from /home/airflow/.local/lib/python3.12/site-packages/airflow/example_dags/example_inlet_event_extra.py
[2025-07-02T23:44:27.772+0000] {logging_mixin.py:190} INFO - [2025-07-02T23:44:27.771+0000] {dag.py:3239} INFO - Sync 2 DAGs
[2025-07-02T23:44:27.796+0000] {logging_mixin.py:190} INFO - [2025-07-02T23:44:27.796+0000] {dag.py:4180} INFO - Setting next_dagrun for read_dataset_event to 2025-07-01 00:00:00+00:00, run_after=2025-07-02 00:00:00+00:00
[2025-07-02T23:44:27.801+0000] {logging_mixin.py:190} INFO - [2025-07-02T23:44:27.801+0000] {dag.py:4180} INFO - Setting next_dagrun for read_dataset_event_from_classic to 2025-07-01 00:00:00+00:00, run_after=2025-07-02 00:00:00+00:00
[2025-07-02T23:44:27.817+0000] {processor.py:208} INFO - Processing /home/airflow/.local/lib/python3.12/site-packages/airflow/example_dags/example_inlet_event_extra.py took 0.224 seconds
[2025-07-02T23:44:57.938+0000] {processor.py:186} INFO - Started process (PID=2076) to work on /home/airflow/.local/lib/python3.12/site-packages/airflow/example_dags/example_inlet_event_extra.py
[2025-07-02T23:44:57.939+0000] {processor.py:914} INFO - Processing file /home/airflow/.local/lib/python3.12/site-packages/airflow/example_dags/example_inlet_event_extra.py for tasks to queue
[2025-07-02T23:44:57.941+0000] {logging_mixin.py:190} INFO - [2025-07-02T23:44:57.941+0000] {dagbag.py:588} INFO - Filling up the DagBag from /home/airflow/.local/lib/python3.12/site-packages/airflow/example_dags/example_inlet_event_extra.py
[2025-07-02T23:44:58.067+0000] {processor.py:925} INFO - DAG(s) 'read_dataset_event_from_classic', 'read_dataset_event' retrieved from /home/airflow/.local/lib/python3.12/site-packages/airflow/example_dags/example_inlet_event_extra.py
[2025-07-02T23:44:58.090+0000] {logging_mixin.py:190} INFO - [2025-07-02T23:44:58.090+0000] {dag.py:3239} INFO - Sync 2 DAGs
[2025-07-02T23:44:58.115+0000] {logging_mixin.py:190} INFO - [2025-07-02T23:44:58.115+0000] {dag.py:4180} INFO - Setting next_dagrun for read_dataset_event to 2025-07-01 00:00:00+00:00, run_after=2025-07-02 00:00:00+00:00
[2025-07-02T23:44:58.120+0000] {logging_mixin.py:190} INFO - [2025-07-02T23:44:58.120+0000] {dag.py:4180} INFO - Setting next_dagrun for read_dataset_event_from_classic to 2025-07-01 00:00:00+00:00, run_after=2025-07-02 00:00:00+00:00
[2025-07-02T23:44:58.136+0000] {processor.py:208} INFO - Processing /home/airflow/.local/lib/python3.12/site-packages/airflow/example_dags/example_inlet_event_extra.py took 0.204 seconds
[2025-07-02T23:45:28.428+0000] {processor.py:186} INFO - Started process (PID=2139) to work on /home/airflow/.local/lib/python3.12/site-packages/airflow/example_dags/example_inlet_event_extra.py
[2025-07-02T23:45:28.429+0000] {processor.py:914} INFO - Processing file /home/airflow/.local/lib/python3.12/site-packages/airflow/example_dags/example_inlet_event_extra.py for tasks to queue
[2025-07-02T23:45:28.433+0000] {logging_mixin.py:190} INFO - [2025-07-02T23:45:28.432+0000] {dagbag.py:588} INFO - Filling up the DagBag from /home/airflow/.local/lib/python3.12/site-packages/airflow/example_dags/example_inlet_event_extra.py
[2025-07-02T23:45:28.577+0000] {processor.py:925} INFO - DAG(s) 'read_dataset_event', 'read_dataset_event_from_classic' retrieved from /home/airflow/.local/lib/python3.12/site-packages/airflow/example_dags/example_inlet_event_extra.py
[2025-07-02T23:45:28.602+0000] {logging_mixin.py:190} INFO - [2025-07-02T23:45:28.602+0000] {dag.py:3239} INFO - Sync 2 DAGs
[2025-07-02T23:45:28.633+0000] {logging_mixin.py:190} INFO - [2025-07-02T23:45:28.633+0000] {dag.py:4180} INFO - Setting next_dagrun for read_dataset_event to 2025-07-01 00:00:00+00:00, run_after=2025-07-02 00:00:00+00:00
[2025-07-02T23:45:28.638+0000] {logging_mixin.py:190} INFO - [2025-07-02T23:45:28.638+0000] {dag.py:4180} INFO - Setting next_dagrun for read_dataset_event_from_classic to 2025-07-01 00:00:00+00:00, run_after=2025-07-02 00:00:00+00:00
[2025-07-02T23:45:28.655+0000] {processor.py:208} INFO - Processing /home/airflow/.local/lib/python3.12/site-packages/airflow/example_dags/example_inlet_event_extra.py took 0.233 seconds
[2025-07-02T23:45:59.201+0000] {processor.py:186} INFO - Started process (PID=2201) to work on /home/airflow/.local/lib/python3.12/site-packages/airflow/example_dags/example_inlet_event_extra.py
[2025-07-02T23:45:59.203+0000] {processor.py:914} INFO - Processing file /home/airflow/.local/lib/python3.12/site-packages/airflow/example_dags/example_inlet_event_extra.py for tasks to queue
[2025-07-02T23:45:59.206+0000] {logging_mixin.py:190} INFO - [2025-07-02T23:45:59.206+0000] {dagbag.py:588} INFO - Filling up the DagBag from /home/airflow/.local/lib/python3.12/site-packages/airflow/example_dags/example_inlet_event_extra.py
[2025-07-02T23:45:59.362+0000] {processor.py:925} INFO - DAG(s) 'read_dataset_event_from_classic', 'read_dataset_event' retrieved from /home/airflow/.local/lib/python3.12/site-packages/airflow/example_dags/example_inlet_event_extra.py
[2025-07-02T23:45:59.388+0000] {logging_mixin.py:190} INFO - [2025-07-02T23:45:59.387+0000] {dag.py:3239} INFO - Sync 2 DAGs
[2025-07-02T23:45:59.701+0000] {logging_mixin.py:190} INFO - [2025-07-02T23:45:59.701+0000] {dag.py:4180} INFO - Setting next_dagrun for read_dataset_event to 2025-07-01 00:00:00+00:00, run_after=2025-07-02 00:00:00+00:00
[2025-07-02T23:45:59.707+0000] {logging_mixin.py:190} INFO - [2025-07-02T23:45:59.707+0000] {dag.py:4180} INFO - Setting next_dagrun for read_dataset_event_from_classic to 2025-07-01 00:00:00+00:00, run_after=2025-07-02 00:00:00+00:00
[2025-07-02T23:45:59.730+0000] {processor.py:208} INFO - Processing /home/airflow/.local/lib/python3.12/site-packages/airflow/example_dags/example_inlet_event_extra.py took 0.537 seconds
[2025-07-02T23:46:30.382+0000] {processor.py:186} INFO - Started process (PID=2263) to work on /home/airflow/.local/lib/python3.12/site-packages/airflow/example_dags/example_inlet_event_extra.py
[2025-07-02T23:46:30.384+0000] {processor.py:914} INFO - Processing file /home/airflow/.local/lib/python3.12/site-packages/airflow/example_dags/example_inlet_event_extra.py for tasks to queue
[2025-07-02T23:46:30.387+0000] {logging_mixin.py:190} INFO - [2025-07-02T23:46:30.386+0000] {dagbag.py:588} INFO - Filling up the DagBag from /home/airflow/.local/lib/python3.12/site-packages/airflow/example_dags/example_inlet_event_extra.py
[2025-07-02T23:46:30.554+0000] {processor.py:925} INFO - DAG(s) 'read_dataset_event_from_classic', 'read_dataset_event' retrieved from /home/airflow/.local/lib/python3.12/site-packages/airflow/example_dags/example_inlet_event_extra.py
[2025-07-02T23:46:30.604+0000] {logging_mixin.py:190} INFO - [2025-07-02T23:46:30.603+0000] {dag.py:3239} INFO - Sync 2 DAGs
[2025-07-02T23:46:30.914+0000] {logging_mixin.py:190} INFO - [2025-07-02T23:46:30.914+0000] {dag.py:4180} INFO - Setting next_dagrun for read_dataset_event to 2025-07-01 00:00:00+00:00, run_after=2025-07-02 00:00:00+00:00
[2025-07-02T23:46:30.920+0000] {logging_mixin.py:190} INFO - [2025-07-02T23:46:30.920+0000] {dag.py:4180} INFO - Setting next_dagrun for read_dataset_event_from_classic to 2025-07-01 00:00:00+00:00, run_after=2025-07-02 00:00:00+00:00
[2025-07-02T23:46:30.940+0000] {processor.py:208} INFO - Processing /home/airflow/.local/lib/python3.12/site-packages/airflow/example_dags/example_inlet_event_extra.py took 0.564 seconds
[2025-07-02T23:47:01.583+0000] {processor.py:186} INFO - Started process (PID=2325) to work on /home/airflow/.local/lib/python3.12/site-packages/airflow/example_dags/example_inlet_event_extra.py
[2025-07-02T23:47:01.584+0000] {processor.py:914} INFO - Processing file /home/airflow/.local/lib/python3.12/site-packages/airflow/example_dags/example_inlet_event_extra.py for tasks to queue
[2025-07-02T23:47:01.587+0000] {logging_mixin.py:190} INFO - [2025-07-02T23:47:01.586+0000] {dagbag.py:588} INFO - Filling up the DagBag from /home/airflow/.local/lib/python3.12/site-packages/airflow/example_dags/example_inlet_event_extra.py
[2025-07-02T23:47:01.731+0000] {processor.py:925} INFO - DAG(s) 'read_dataset_event', 'read_dataset_event_from_classic' retrieved from /home/airflow/.local/lib/python3.12/site-packages/airflow/example_dags/example_inlet_event_extra.py
[2025-07-02T23:47:01.751+0000] {logging_mixin.py:190} INFO - [2025-07-02T23:47:01.751+0000] {dag.py:3239} INFO - Sync 2 DAGs
[2025-07-02T23:47:01.775+0000] {logging_mixin.py:190} INFO - [2025-07-02T23:47:01.775+0000] {dag.py:4180} INFO - Setting next_dagrun for read_dataset_event to 2025-07-01 00:00:00+00:00, run_after=2025-07-02 00:00:00+00:00
[2025-07-02T23:47:01.780+0000] {logging_mixin.py:190} INFO - [2025-07-02T23:47:01.780+0000] {dag.py:4180} INFO - Setting next_dagrun for read_dataset_event_from_classic to 2025-07-01 00:00:00+00:00, run_after=2025-07-02 00:00:00+00:00
[2025-07-02T23:47:01.795+0000] {processor.py:208} INFO - Processing /home/airflow/.local/lib/python3.12/site-packages/airflow/example_dags/example_inlet_event_extra.py took 0.219 seconds
[2025-07-02T23:47:31.865+0000] {processor.py:186} INFO - Started process (PID=2386) to work on /home/airflow/.local/lib/python3.12/site-packages/airflow/example_dags/example_inlet_event_extra.py
[2025-07-02T23:47:31.866+0000] {processor.py:914} INFO - Processing file /home/airflow/.local/lib/python3.12/site-packages/airflow/example_dags/example_inlet_event_extra.py for tasks to queue
[2025-07-02T23:47:31.868+0000] {logging_mixin.py:190} INFO - [2025-07-02T23:47:31.868+0000] {dagbag.py:588} INFO - Filling up the DagBag from /home/airflow/.local/lib/python3.12/site-packages/airflow/example_dags/example_inlet_event_extra.py
[2025-07-02T23:47:31.986+0000] {processor.py:925} INFO - DAG(s) 'read_dataset_event', 'read_dataset_event_from_classic' retrieved from /home/airflow/.local/lib/python3.12/site-packages/airflow/example_dags/example_inlet_event_extra.py
[2025-07-02T23:47:32.007+0000] {logging_mixin.py:190} INFO - [2025-07-02T23:47:32.006+0000] {dag.py:3239} INFO - Sync 2 DAGs
[2025-07-02T23:47:32.028+0000] {logging_mixin.py:190} INFO - [2025-07-02T23:47:32.028+0000] {dag.py:4180} INFO - Setting next_dagrun for read_dataset_event to 2025-07-01 00:00:00+00:00, run_after=2025-07-02 00:00:00+00:00
[2025-07-02T23:47:32.032+0000] {logging_mixin.py:190} INFO - [2025-07-02T23:47:32.032+0000] {dag.py:4180} INFO - Setting next_dagrun for read_dataset_event_from_classic to 2025-07-01 00:00:00+00:00, run_after=2025-07-02 00:00:00+00:00
[2025-07-02T23:47:32.046+0000] {processor.py:208} INFO - Processing /home/airflow/.local/lib/python3.12/site-packages/airflow/example_dags/example_inlet_event_extra.py took 0.187 seconds
[2025-07-02T23:48:02.101+0000] {processor.py:186} INFO - Started process (PID=2448) to work on /home/airflow/.local/lib/python3.12/site-packages/airflow/example_dags/example_inlet_event_extra.py
[2025-07-02T23:48:02.102+0000] {processor.py:914} INFO - Processing file /home/airflow/.local/lib/python3.12/site-packages/airflow/example_dags/example_inlet_event_extra.py for tasks to queue
[2025-07-02T23:48:02.105+0000] {logging_mixin.py:190} INFO - [2025-07-02T23:48:02.105+0000] {dagbag.py:588} INFO - Filling up the DagBag from /home/airflow/.local/lib/python3.12/site-packages/airflow/example_dags/example_inlet_event_extra.py
[2025-07-02T23:48:02.555+0000] {processor.py:925} INFO - DAG(s) 'read_dataset_event_from_classic', 'read_dataset_event' retrieved from /home/airflow/.local/lib/python3.12/site-packages/airflow/example_dags/example_inlet_event_extra.py
[2025-07-02T23:48:02.583+0000] {logging_mixin.py:190} INFO - [2025-07-02T23:48:02.582+0000] {dag.py:3239} INFO - Sync 2 DAGs
[2025-07-02T23:48:02.613+0000] {logging_mixin.py:190} INFO - [2025-07-02T23:48:02.613+0000] {dag.py:4180} INFO - Setting next_dagrun for read_dataset_event to 2025-07-01 00:00:00+00:00, run_after=2025-07-02 00:00:00+00:00
[2025-07-02T23:48:02.619+0000] {logging_mixin.py:190} INFO - [2025-07-02T23:48:02.619+0000] {dag.py:4180} INFO - Setting next_dagrun for read_dataset_event_from_classic to 2025-07-01 00:00:00+00:00, run_after=2025-07-02 00:00:00+00:00
[2025-07-02T23:48:02.636+0000] {processor.py:208} INFO - Processing /home/airflow/.local/lib/python3.12/site-packages/airflow/example_dags/example_inlet_event_extra.py took 0.542 seconds
[2025-07-02T23:48:32.714+0000] {processor.py:186} INFO - Started process (PID=2510) to work on /home/airflow/.local/lib/python3.12/site-packages/airflow/example_dags/example_inlet_event_extra.py
[2025-07-02T23:48:32.715+0000] {processor.py:914} INFO - Processing file /home/airflow/.local/lib/python3.12/site-packages/airflow/example_dags/example_inlet_event_extra.py for tasks to queue
[2025-07-02T23:48:32.718+0000] {logging_mixin.py:190} INFO - [2025-07-02T23:48:32.718+0000] {dagbag.py:588} INFO - Filling up the DagBag from /home/airflow/.local/lib/python3.12/site-packages/airflow/example_dags/example_inlet_event_extra.py
[2025-07-02T23:48:32.851+0000] {processor.py:925} INFO - DAG(s) 'read_dataset_event_from_classic', 'read_dataset_event' retrieved from /home/airflow/.local/lib/python3.12/site-packages/airflow/example_dags/example_inlet_event_extra.py
[2025-07-02T23:48:32.874+0000] {logging_mixin.py:190} INFO - [2025-07-02T23:48:32.874+0000] {dag.py:3239} INFO - Sync 2 DAGs
[2025-07-02T23:48:33.069+0000] {logging_mixin.py:190} INFO - [2025-07-02T23:48:33.068+0000] {dag.py:4180} INFO - Setting next_dagrun for read_dataset_event to 2025-07-01 00:00:00+00:00, run_after=2025-07-02 00:00:00+00:00
[2025-07-02T23:48:33.074+0000] {logging_mixin.py:190} INFO - [2025-07-02T23:48:33.074+0000] {dag.py:4180} INFO - Setting next_dagrun for read_dataset_event_from_classic to 2025-07-01 00:00:00+00:00, run_after=2025-07-02 00:00:00+00:00
[2025-07-02T23:48:33.093+0000] {processor.py:208} INFO - Processing /home/airflow/.local/lib/python3.12/site-packages/airflow/example_dags/example_inlet_event_extra.py took 0.385 seconds
[2025-07-02T23:49:03.459+0000] {processor.py:186} INFO - Started process (PID=2572) to work on /home/airflow/.local/lib/python3.12/site-packages/airflow/example_dags/example_inlet_event_extra.py
[2025-07-02T23:49:03.460+0000] {processor.py:914} INFO - Processing file /home/airflow/.local/lib/python3.12/site-packages/airflow/example_dags/example_inlet_event_extra.py for tasks to queue
[2025-07-02T23:49:03.463+0000] {logging_mixin.py:190} INFO - [2025-07-02T23:49:03.463+0000] {dagbag.py:588} INFO - Filling up the DagBag from /home/airflow/.local/lib/python3.12/site-packages/airflow/example_dags/example_inlet_event_extra.py
[2025-07-02T23:49:03.602+0000] {processor.py:925} INFO - DAG(s) 'read_dataset_event', 'read_dataset_event_from_classic' retrieved from /home/airflow/.local/lib/python3.12/site-packages/airflow/example_dags/example_inlet_event_extra.py
[2025-07-02T23:49:03.621+0000] {logging_mixin.py:190} INFO - [2025-07-02T23:49:03.621+0000] {dag.py:3239} INFO - Sync 2 DAGs
[2025-07-02T23:49:03.836+0000] {logging_mixin.py:190} INFO - [2025-07-02T23:49:03.836+0000] {dag.py:4180} INFO - Setting next_dagrun for read_dataset_event to 2025-07-01 00:00:00+00:00, run_after=2025-07-02 00:00:00+00:00
[2025-07-02T23:49:03.841+0000] {logging_mixin.py:190} INFO - [2025-07-02T23:49:03.841+0000] {dag.py:4180} INFO - Setting next_dagrun for read_dataset_event_from_classic to 2025-07-01 00:00:00+00:00, run_after=2025-07-02 00:00:00+00:00
[2025-07-02T23:49:03.861+0000] {processor.py:208} INFO - Processing /home/airflow/.local/lib/python3.12/site-packages/airflow/example_dags/example_inlet_event_extra.py took 0.408 seconds
[2025-07-02T23:49:34.031+0000] {processor.py:186} INFO - Started process (PID=2640) to work on /home/airflow/.local/lib/python3.12/site-packages/airflow/example_dags/example_inlet_event_extra.py
[2025-07-02T23:49:34.032+0000] {processor.py:914} INFO - Processing file /home/airflow/.local/lib/python3.12/site-packages/airflow/example_dags/example_inlet_event_extra.py for tasks to queue
[2025-07-02T23:49:34.035+0000] {logging_mixin.py:190} INFO - [2025-07-02T23:49:34.034+0000] {dagbag.py:588} INFO - Filling up the DagBag from /home/airflow/.local/lib/python3.12/site-packages/airflow/example_dags/example_inlet_event_extra.py
[2025-07-02T23:49:34.378+0000] {processor.py:925} INFO - DAG(s) 'read_dataset_event', 'read_dataset_event_from_classic' retrieved from /home/airflow/.local/lib/python3.12/site-packages/airflow/example_dags/example_inlet_event_extra.py
[2025-07-02T23:49:34.398+0000] {logging_mixin.py:190} INFO - [2025-07-02T23:49:34.398+0000] {dag.py:3239} INFO - Sync 2 DAGs
[2025-07-02T23:49:34.422+0000] {logging_mixin.py:190} INFO - [2025-07-02T23:49:34.422+0000] {dag.py:4180} INFO - Setting next_dagrun for read_dataset_event to 2025-07-01 00:00:00+00:00, run_after=2025-07-02 00:00:00+00:00
[2025-07-02T23:49:34.428+0000] {logging_mixin.py:190} INFO - [2025-07-02T23:49:34.428+0000] {dag.py:4180} INFO - Setting next_dagrun for read_dataset_event_from_classic to 2025-07-01 00:00:00+00:00, run_after=2025-07-02 00:00:00+00:00
[2025-07-02T23:49:34.445+0000] {processor.py:208} INFO - Processing /home/airflow/.local/lib/python3.12/site-packages/airflow/example_dags/example_inlet_event_extra.py took 0.420 seconds
[2025-07-02T23:50:04.573+0000] {processor.py:186} INFO - Started process (PID=2705) to work on /home/airflow/.local/lib/python3.12/site-packages/airflow/example_dags/example_inlet_event_extra.py
[2025-07-02T23:50:04.575+0000] {processor.py:914} INFO - Processing file /home/airflow/.local/lib/python3.12/site-packages/airflow/example_dags/example_inlet_event_extra.py for tasks to queue
[2025-07-02T23:50:04.579+0000] {logging_mixin.py:190} INFO - [2025-07-02T23:50:04.578+0000] {dagbag.py:588} INFO - Filling up the DagBag from /home/airflow/.local/lib/python3.12/site-packages/airflow/example_dags/example_inlet_event_extra.py
[2025-07-02T23:50:04.886+0000] {processor.py:925} INFO - DAG(s) 'read_dataset_event_from_classic', 'read_dataset_event' retrieved from /home/airflow/.local/lib/python3.12/site-packages/airflow/example_dags/example_inlet_event_extra.py
[2025-07-02T23:50:04.907+0000] {logging_mixin.py:190} INFO - [2025-07-02T23:50:04.907+0000] {dag.py:3239} INFO - Sync 2 DAGs
[2025-07-02T23:50:04.928+0000] {logging_mixin.py:190} INFO - [2025-07-02T23:50:04.928+0000] {dag.py:4180} INFO - Setting next_dagrun for read_dataset_event to 2025-07-01 00:00:00+00:00, run_after=2025-07-02 00:00:00+00:00
[2025-07-02T23:50:04.932+0000] {logging_mixin.py:190} INFO - [2025-07-02T23:50:04.932+0000] {dag.py:4180} INFO - Setting next_dagrun for read_dataset_event_from_classic to 2025-07-01 00:00:00+00:00, run_after=2025-07-02 00:00:00+00:00
[2025-07-02T23:50:04.945+0000] {processor.py:208} INFO - Processing /home/airflow/.local/lib/python3.12/site-packages/airflow/example_dags/example_inlet_event_extra.py took 0.379 seconds
[2025-07-02T23:50:35.595+0000] {processor.py:186} INFO - Started process (PID=2768) to work on /home/airflow/.local/lib/python3.12/site-packages/airflow/example_dags/example_inlet_event_extra.py
[2025-07-02T23:50:35.596+0000] {processor.py:914} INFO - Processing file /home/airflow/.local/lib/python3.12/site-packages/airflow/example_dags/example_inlet_event_extra.py for tasks to queue
[2025-07-02T23:50:35.598+0000] {logging_mixin.py:190} INFO - [2025-07-02T23:50:35.597+0000] {dagbag.py:588} INFO - Filling up the DagBag from /home/airflow/.local/lib/python3.12/site-packages/airflow/example_dags/example_inlet_event_extra.py
[2025-07-02T23:50:36.304+0000] {processor.py:925} INFO - DAG(s) 'read_dataset_event', 'read_dataset_event_from_classic' retrieved from /home/airflow/.local/lib/python3.12/site-packages/airflow/example_dags/example_inlet_event_extra.py
[2025-07-02T23:50:36.385+0000] {logging_mixin.py:190} INFO - [2025-07-02T23:50:36.385+0000] {dag.py:3239} INFO - Sync 2 DAGs
[2025-07-02T23:50:36.426+0000] {logging_mixin.py:190} INFO - [2025-07-02T23:50:36.426+0000] {dag.py:4180} INFO - Setting next_dagrun for read_dataset_event to 2025-07-01 00:00:00+00:00, run_after=2025-07-02 00:00:00+00:00
[2025-07-02T23:50:36.433+0000] {logging_mixin.py:190} INFO - [2025-07-02T23:50:36.432+0000] {dag.py:4180} INFO - Setting next_dagrun for read_dataset_event_from_classic to 2025-07-01 00:00:00+00:00, run_after=2025-07-02 00:00:00+00:00
[2025-07-02T23:50:36.455+0000] {processor.py:208} INFO - Processing /home/airflow/.local/lib/python3.12/site-packages/airflow/example_dags/example_inlet_event_extra.py took 0.866 seconds
[2025-07-02T23:51:06.557+0000] {processor.py:186} INFO - Started process (PID=2830) to work on /home/airflow/.local/lib/python3.12/site-packages/airflow/example_dags/example_inlet_event_extra.py
[2025-07-02T23:51:06.558+0000] {processor.py:914} INFO - Processing file /home/airflow/.local/lib/python3.12/site-packages/airflow/example_dags/example_inlet_event_extra.py for tasks to queue
[2025-07-02T23:51:06.562+0000] {logging_mixin.py:190} INFO - [2025-07-02T23:51:06.562+0000] {dagbag.py:588} INFO - Filling up the DagBag from /home/airflow/.local/lib/python3.12/site-packages/airflow/example_dags/example_inlet_event_extra.py
[2025-07-02T23:51:06.945+0000] {processor.py:925} INFO - DAG(s) 'read_dataset_event_from_classic', 'read_dataset_event' retrieved from /home/airflow/.local/lib/python3.12/site-packages/airflow/example_dags/example_inlet_event_extra.py
[2025-07-02T23:51:06.974+0000] {logging_mixin.py:190} INFO - [2025-07-02T23:51:06.973+0000] {dag.py:3239} INFO - Sync 2 DAGs
[2025-07-02T23:51:07.006+0000] {logging_mixin.py:190} INFO - [2025-07-02T23:51:07.006+0000] {dag.py:4180} INFO - Setting next_dagrun for read_dataset_event to 2025-07-01 00:00:00+00:00, run_after=2025-07-02 00:00:00+00:00
[2025-07-02T23:51:07.012+0000] {logging_mixin.py:190} INFO - [2025-07-02T23:51:07.012+0000] {dag.py:4180} INFO - Setting next_dagrun for read_dataset_event_from_classic to 2025-07-01 00:00:00+00:00, run_after=2025-07-02 00:00:00+00:00
[2025-07-02T23:51:07.031+0000] {processor.py:208} INFO - Processing /home/airflow/.local/lib/python3.12/site-packages/airflow/example_dags/example_inlet_event_extra.py took 0.480 seconds
[2025-07-02T23:51:37.604+0000] {processor.py:186} INFO - Started process (PID=2893) to work on /home/airflow/.local/lib/python3.12/site-packages/airflow/example_dags/example_inlet_event_extra.py
[2025-07-02T23:51:37.605+0000] {processor.py:914} INFO - Processing file /home/airflow/.local/lib/python3.12/site-packages/airflow/example_dags/example_inlet_event_extra.py for tasks to queue
[2025-07-02T23:51:37.607+0000] {logging_mixin.py:190} INFO - [2025-07-02T23:51:37.607+0000] {dagbag.py:588} INFO - Filling up the DagBag from /home/airflow/.local/lib/python3.12/site-packages/airflow/example_dags/example_inlet_event_extra.py
[2025-07-02T23:51:37.955+0000] {processor.py:925} INFO - DAG(s) 'read_dataset_event', 'read_dataset_event_from_classic' retrieved from /home/airflow/.local/lib/python3.12/site-packages/airflow/example_dags/example_inlet_event_extra.py
[2025-07-02T23:51:37.973+0000] {logging_mixin.py:190} INFO - [2025-07-02T23:51:37.973+0000] {dag.py:3239} INFO - Sync 2 DAGs
[2025-07-02T23:51:37.993+0000] {logging_mixin.py:190} INFO - [2025-07-02T23:51:37.992+0000] {dag.py:4180} INFO - Setting next_dagrun for read_dataset_event to 2025-07-01 00:00:00+00:00, run_after=2025-07-02 00:00:00+00:00
[2025-07-02T23:51:37.997+0000] {logging_mixin.py:190} INFO - [2025-07-02T23:51:37.997+0000] {dag.py:4180} INFO - Setting next_dagrun for read_dataset_event_from_classic to 2025-07-01 00:00:00+00:00, run_after=2025-07-02 00:00:00+00:00
[2025-07-02T23:51:38.010+0000] {processor.py:208} INFO - Processing /home/airflow/.local/lib/python3.12/site-packages/airflow/example_dags/example_inlet_event_extra.py took 0.411 seconds
[2025-07-02T23:52:08.234+0000] {processor.py:186} INFO - Started process (PID=2955) to work on /home/airflow/.local/lib/python3.12/site-packages/airflow/example_dags/example_inlet_event_extra.py
[2025-07-02T23:52:08.235+0000] {processor.py:914} INFO - Processing file /home/airflow/.local/lib/python3.12/site-packages/airflow/example_dags/example_inlet_event_extra.py for tasks to queue
[2025-07-02T23:52:08.239+0000] {logging_mixin.py:190} INFO - [2025-07-02T23:52:08.239+0000] {dagbag.py:588} INFO - Filling up the DagBag from /home/airflow/.local/lib/python3.12/site-packages/airflow/example_dags/example_inlet_event_extra.py
[2025-07-02T23:52:08.645+0000] {processor.py:925} INFO - DAG(s) 'read_dataset_event_from_classic', 'read_dataset_event' retrieved from /home/airflow/.local/lib/python3.12/site-packages/airflow/example_dags/example_inlet_event_extra.py
[2025-07-02T23:52:08.665+0000] {logging_mixin.py:190} INFO - [2025-07-02T23:52:08.665+0000] {dag.py:3239} INFO - Sync 2 DAGs
[2025-07-02T23:52:08.689+0000] {logging_mixin.py:190} INFO - [2025-07-02T23:52:08.689+0000] {dag.py:4180} INFO - Setting next_dagrun for read_dataset_event to 2025-07-01 00:00:00+00:00, run_after=2025-07-02 00:00:00+00:00
[2025-07-02T23:52:08.694+0000] {logging_mixin.py:190} INFO - [2025-07-02T23:52:08.694+0000] {dag.py:4180} INFO - Setting next_dagrun for read_dataset_event_from_classic to 2025-07-01 00:00:00+00:00, run_after=2025-07-02 00:00:00+00:00
[2025-07-02T23:52:08.715+0000] {processor.py:208} INFO - Processing /home/airflow/.local/lib/python3.12/site-packages/airflow/example_dags/example_inlet_event_extra.py took 0.487 seconds
[2025-07-02T23:52:38.851+0000] {processor.py:186} INFO - Started process (PID=3017) to work on /home/airflow/.local/lib/python3.12/site-packages/airflow/example_dags/example_inlet_event_extra.py
[2025-07-02T23:52:38.852+0000] {processor.py:914} INFO - Processing file /home/airflow/.local/lib/python3.12/site-packages/airflow/example_dags/example_inlet_event_extra.py for tasks to queue
[2025-07-02T23:52:38.855+0000] {logging_mixin.py:190} INFO - [2025-07-02T23:52:38.854+0000] {dagbag.py:588} INFO - Filling up the DagBag from /home/airflow/.local/lib/python3.12/site-packages/airflow/example_dags/example_inlet_event_extra.py
[2025-07-02T23:52:39.172+0000] {processor.py:925} INFO - DAG(s) 'read_dataset_event_from_classic', 'read_dataset_event' retrieved from /home/airflow/.local/lib/python3.12/site-packages/airflow/example_dags/example_inlet_event_extra.py
[2025-07-02T23:52:39.191+0000] {logging_mixin.py:190} INFO - [2025-07-02T23:52:39.191+0000] {dag.py:3239} INFO - Sync 2 DAGs
[2025-07-02T23:52:39.213+0000] {logging_mixin.py:190} INFO - [2025-07-02T23:52:39.213+0000] {dag.py:4180} INFO - Setting next_dagrun for read_dataset_event to 2025-07-01 00:00:00+00:00, run_after=2025-07-02 00:00:00+00:00
[2025-07-02T23:52:39.218+0000] {logging_mixin.py:190} INFO - [2025-07-02T23:52:39.217+0000] {dag.py:4180} INFO - Setting next_dagrun for read_dataset_event_from_classic to 2025-07-01 00:00:00+00:00, run_after=2025-07-02 00:00:00+00:00
[2025-07-02T23:52:39.232+0000] {processor.py:208} INFO - Processing /home/airflow/.local/lib/python3.12/site-packages/airflow/example_dags/example_inlet_event_extra.py took 0.386 seconds
[2025-07-02T23:53:09.745+0000] {processor.py:186} INFO - Started process (PID=3079) to work on /home/airflow/.local/lib/python3.12/site-packages/airflow/example_dags/example_inlet_event_extra.py
[2025-07-02T23:53:09.745+0000] {processor.py:914} INFO - Processing file /home/airflow/.local/lib/python3.12/site-packages/airflow/example_dags/example_inlet_event_extra.py for tasks to queue
[2025-07-02T23:53:09.748+0000] {logging_mixin.py:190} INFO - [2025-07-02T23:53:09.747+0000] {dagbag.py:588} INFO - Filling up the DagBag from /home/airflow/.local/lib/python3.12/site-packages/airflow/example_dags/example_inlet_event_extra.py
[2025-07-02T23:53:10.068+0000] {processor.py:925} INFO - DAG(s) 'read_dataset_event', 'read_dataset_event_from_classic' retrieved from /home/airflow/.local/lib/python3.12/site-packages/airflow/example_dags/example_inlet_event_extra.py
[2025-07-02T23:53:10.090+0000] {logging_mixin.py:190} INFO - [2025-07-02T23:53:10.090+0000] {dag.py:3239} INFO - Sync 2 DAGs
[2025-07-02T23:53:10.113+0000] {logging_mixin.py:190} INFO - [2025-07-02T23:53:10.113+0000] {dag.py:4180} INFO - Setting next_dagrun for read_dataset_event to 2025-07-01 00:00:00+00:00, run_after=2025-07-02 00:00:00+00:00
[2025-07-02T23:53:10.119+0000] {logging_mixin.py:190} INFO - [2025-07-02T23:53:10.119+0000] {dag.py:4180} INFO - Setting next_dagrun for read_dataset_event_from_classic to 2025-07-01 00:00:00+00:00, run_after=2025-07-02 00:00:00+00:00
[2025-07-02T23:53:10.133+0000] {processor.py:208} INFO - Processing /home/airflow/.local/lib/python3.12/site-packages/airflow/example_dags/example_inlet_event_extra.py took 0.394 seconds
[2025-07-02T23:53:40.522+0000] {processor.py:186} INFO - Started process (PID=3141) to work on /home/airflow/.local/lib/python3.12/site-packages/airflow/example_dags/example_inlet_event_extra.py
[2025-07-02T23:53:40.523+0000] {processor.py:914} INFO - Processing file /home/airflow/.local/lib/python3.12/site-packages/airflow/example_dags/example_inlet_event_extra.py for tasks to queue
[2025-07-02T23:53:40.526+0000] {logging_mixin.py:190} INFO - [2025-07-02T23:53:40.525+0000] {dagbag.py:588} INFO - Filling up the DagBag from /home/airflow/.local/lib/python3.12/site-packages/airflow/example_dags/example_inlet_event_extra.py
[2025-07-02T23:53:40.840+0000] {processor.py:925} INFO - DAG(s) 'read_dataset_event', 'read_dataset_event_from_classic' retrieved from /home/airflow/.local/lib/python3.12/site-packages/airflow/example_dags/example_inlet_event_extra.py
[2025-07-02T23:53:40.861+0000] {logging_mixin.py:190} INFO - [2025-07-02T23:53:40.860+0000] {dag.py:3239} INFO - Sync 2 DAGs
[2025-07-02T23:53:40.881+0000] {logging_mixin.py:190} INFO - [2025-07-02T23:53:40.881+0000] {dag.py:4180} INFO - Setting next_dagrun for read_dataset_event to 2025-07-01 00:00:00+00:00, run_after=2025-07-02 00:00:00+00:00
[2025-07-02T23:53:40.886+0000] {logging_mixin.py:190} INFO - [2025-07-02T23:53:40.885+0000] {dag.py:4180} INFO - Setting next_dagrun for read_dataset_event_from_classic to 2025-07-01 00:00:00+00:00, run_after=2025-07-02 00:00:00+00:00
[2025-07-02T23:53:40.901+0000] {processor.py:208} INFO - Processing /home/airflow/.local/lib/python3.12/site-packages/airflow/example_dags/example_inlet_event_extra.py took 0.384 seconds
[2025-07-02T23:54:11.161+0000] {processor.py:186} INFO - Started process (PID=3203) to work on /home/airflow/.local/lib/python3.12/site-packages/airflow/example_dags/example_inlet_event_extra.py
[2025-07-02T23:54:11.162+0000] {processor.py:914} INFO - Processing file /home/airflow/.local/lib/python3.12/site-packages/airflow/example_dags/example_inlet_event_extra.py for tasks to queue
[2025-07-02T23:54:11.166+0000] {logging_mixin.py:190} INFO - [2025-07-02T23:54:11.165+0000] {dagbag.py:588} INFO - Filling up the DagBag from /home/airflow/.local/lib/python3.12/site-packages/airflow/example_dags/example_inlet_event_extra.py
[2025-07-02T23:54:11.523+0000] {processor.py:925} INFO - DAG(s) 'read_dataset_event', 'read_dataset_event_from_classic' retrieved from /home/airflow/.local/lib/python3.12/site-packages/airflow/example_dags/example_inlet_event_extra.py
[2025-07-02T23:54:11.542+0000] {logging_mixin.py:190} INFO - [2025-07-02T23:54:11.542+0000] {dag.py:3239} INFO - Sync 2 DAGs
[2025-07-02T23:54:11.564+0000] {logging_mixin.py:190} INFO - [2025-07-02T23:54:11.564+0000] {dag.py:4180} INFO - Setting next_dagrun for read_dataset_event to 2025-07-01 00:00:00+00:00, run_after=2025-07-02 00:00:00+00:00
[2025-07-02T23:54:11.569+0000] {logging_mixin.py:190} INFO - [2025-07-02T23:54:11.569+0000] {dag.py:4180} INFO - Setting next_dagrun for read_dataset_event_from_classic to 2025-07-01 00:00:00+00:00, run_after=2025-07-02 00:00:00+00:00
[2025-07-02T23:54:11.585+0000] {processor.py:208} INFO - Processing /home/airflow/.local/lib/python3.12/site-packages/airflow/example_dags/example_inlet_event_extra.py took 0.430 seconds
[2025-07-02T23:54:41.791+0000] {processor.py:186} INFO - Started process (PID=3265) to work on /home/airflow/.local/lib/python3.12/site-packages/airflow/example_dags/example_inlet_event_extra.py
[2025-07-02T23:54:41.792+0000] {processor.py:914} INFO - Processing file /home/airflow/.local/lib/python3.12/site-packages/airflow/example_dags/example_inlet_event_extra.py for tasks to queue
[2025-07-02T23:54:41.795+0000] {logging_mixin.py:190} INFO - [2025-07-02T23:54:41.795+0000] {dagbag.py:588} INFO - Filling up the DagBag from /home/airflow/.local/lib/python3.12/site-packages/airflow/example_dags/example_inlet_event_extra.py
[2025-07-02T23:54:42.090+0000] {processor.py:925} INFO - DAG(s) 'read_dataset_event', 'read_dataset_event_from_classic' retrieved from /home/airflow/.local/lib/python3.12/site-packages/airflow/example_dags/example_inlet_event_extra.py
[2025-07-02T23:54:42.108+0000] {logging_mixin.py:190} INFO - [2025-07-02T23:54:42.108+0000] {dag.py:3239} INFO - Sync 2 DAGs
[2025-07-02T23:54:42.129+0000] {logging_mixin.py:190} INFO - [2025-07-02T23:54:42.129+0000] {dag.py:4180} INFO - Setting next_dagrun for read_dataset_event to 2025-07-01 00:00:00+00:00, run_after=2025-07-02 00:00:00+00:00
[2025-07-02T23:54:42.135+0000] {logging_mixin.py:190} INFO - [2025-07-02T23:54:42.135+0000] {dag.py:4180} INFO - Setting next_dagrun for read_dataset_event_from_classic to 2025-07-01 00:00:00+00:00, run_after=2025-07-02 00:00:00+00:00
[2025-07-02T23:54:42.149+0000] {processor.py:208} INFO - Processing /home/airflow/.local/lib/python3.12/site-packages/airflow/example_dags/example_inlet_event_extra.py took 0.364 seconds
[2025-07-02T23:55:12.894+0000] {processor.py:186} INFO - Started process (PID=3327) to work on /home/airflow/.local/lib/python3.12/site-packages/airflow/example_dags/example_inlet_event_extra.py
[2025-07-02T23:55:12.896+0000] {processor.py:914} INFO - Processing file /home/airflow/.local/lib/python3.12/site-packages/airflow/example_dags/example_inlet_event_extra.py for tasks to queue
[2025-07-02T23:55:12.898+0000] {logging_mixin.py:190} INFO - [2025-07-02T23:55:12.898+0000] {dagbag.py:588} INFO - Filling up the DagBag from /home/airflow/.local/lib/python3.12/site-packages/airflow/example_dags/example_inlet_event_extra.py
[2025-07-02T23:55:13.193+0000] {processor.py:925} INFO - DAG(s) 'read_dataset_event', 'read_dataset_event_from_classic' retrieved from /home/airflow/.local/lib/python3.12/site-packages/airflow/example_dags/example_inlet_event_extra.py
[2025-07-02T23:55:13.211+0000] {logging_mixin.py:190} INFO - [2025-07-02T23:55:13.210+0000] {dag.py:3239} INFO - Sync 2 DAGs
[2025-07-02T23:55:13.230+0000] {logging_mixin.py:190} INFO - [2025-07-02T23:55:13.230+0000] {dag.py:4180} INFO - Setting next_dagrun for read_dataset_event to 2025-07-01 00:00:00+00:00, run_after=2025-07-02 00:00:00+00:00
[2025-07-02T23:55:13.235+0000] {logging_mixin.py:190} INFO - [2025-07-02T23:55:13.234+0000] {dag.py:4180} INFO - Setting next_dagrun for read_dataset_event_from_classic to 2025-07-01 00:00:00+00:00, run_after=2025-07-02 00:00:00+00:00
[2025-07-02T23:55:13.250+0000] {processor.py:208} INFO - Processing /home/airflow/.local/lib/python3.12/site-packages/airflow/example_dags/example_inlet_event_extra.py took 0.362 seconds
[2025-07-02T23:55:43.427+0000] {processor.py:186} INFO - Started process (PID=3389) to work on /home/airflow/.local/lib/python3.12/site-packages/airflow/example_dags/example_inlet_event_extra.py
[2025-07-02T23:55:43.428+0000] {processor.py:914} INFO - Processing file /home/airflow/.local/lib/python3.12/site-packages/airflow/example_dags/example_inlet_event_extra.py for tasks to queue
[2025-07-02T23:55:43.430+0000] {logging_mixin.py:190} INFO - [2025-07-02T23:55:43.430+0000] {dagbag.py:588} INFO - Filling up the DagBag from /home/airflow/.local/lib/python3.12/site-packages/airflow/example_dags/example_inlet_event_extra.py
[2025-07-02T23:55:43.713+0000] {processor.py:925} INFO - DAG(s) 'read_dataset_event_from_classic', 'read_dataset_event' retrieved from /home/airflow/.local/lib/python3.12/site-packages/airflow/example_dags/example_inlet_event_extra.py
[2025-07-02T23:55:43.728+0000] {logging_mixin.py:190} INFO - [2025-07-02T23:55:43.728+0000] {dag.py:3239} INFO - Sync 2 DAGs
[2025-07-02T23:55:43.748+0000] {logging_mixin.py:190} INFO - [2025-07-02T23:55:43.748+0000] {dag.py:4180} INFO - Setting next_dagrun for read_dataset_event to 2025-07-01 00:00:00+00:00, run_after=2025-07-02 00:00:00+00:00
[2025-07-02T23:55:43.753+0000] {logging_mixin.py:190} INFO - [2025-07-02T23:55:43.752+0000] {dag.py:4180} INFO - Setting next_dagrun for read_dataset_event_from_classic to 2025-07-01 00:00:00+00:00, run_after=2025-07-02 00:00:00+00:00
[2025-07-02T23:55:43.765+0000] {processor.py:208} INFO - Processing /home/airflow/.local/lib/python3.12/site-packages/airflow/example_dags/example_inlet_event_extra.py took 0.345 seconds
[2025-07-02T23:56:14.140+0000] {processor.py:186} INFO - Started process (PID=3451) to work on /home/airflow/.local/lib/python3.12/site-packages/airflow/example_dags/example_inlet_event_extra.py
[2025-07-02T23:56:14.142+0000] {processor.py:914} INFO - Processing file /home/airflow/.local/lib/python3.12/site-packages/airflow/example_dags/example_inlet_event_extra.py for tasks to queue
[2025-07-02T23:56:14.146+0000] {logging_mixin.py:190} INFO - [2025-07-02T23:56:14.146+0000] {dagbag.py:588} INFO - Filling up the DagBag from /home/airflow/.local/lib/python3.12/site-packages/airflow/example_dags/example_inlet_event_extra.py
[2025-07-02T23:56:14.498+0000] {processor.py:925} INFO - DAG(s) 'read_dataset_event', 'read_dataset_event_from_classic' retrieved from /home/airflow/.local/lib/python3.12/site-packages/airflow/example_dags/example_inlet_event_extra.py
[2025-07-02T23:56:14.529+0000] {logging_mixin.py:190} INFO - [2025-07-02T23:56:14.529+0000] {dag.py:3239} INFO - Sync 2 DAGs
[2025-07-02T23:56:14.563+0000] {logging_mixin.py:190} INFO - [2025-07-02T23:56:14.563+0000] {dag.py:4180} INFO - Setting next_dagrun for read_dataset_event to 2025-07-01 00:00:00+00:00, run_after=2025-07-02 00:00:00+00:00
[2025-07-02T23:56:14.573+0000] {logging_mixin.py:190} INFO - [2025-07-02T23:56:14.573+0000] {dag.py:4180} INFO - Setting next_dagrun for read_dataset_event_from_classic to 2025-07-01 00:00:00+00:00, run_after=2025-07-02 00:00:00+00:00
[2025-07-02T23:56:14.593+0000] {processor.py:208} INFO - Processing /home/airflow/.local/lib/python3.12/site-packages/airflow/example_dags/example_inlet_event_extra.py took 0.461 seconds
[2025-07-02T23:56:45.237+0000] {processor.py:186} INFO - Started process (PID=3513) to work on /home/airflow/.local/lib/python3.12/site-packages/airflow/example_dags/example_inlet_event_extra.py
[2025-07-02T23:56:45.238+0000] {processor.py:914} INFO - Processing file /home/airflow/.local/lib/python3.12/site-packages/airflow/example_dags/example_inlet_event_extra.py for tasks to queue
[2025-07-02T23:56:45.241+0000] {logging_mixin.py:190} INFO - [2025-07-02T23:56:45.240+0000] {dagbag.py:588} INFO - Filling up the DagBag from /home/airflow/.local/lib/python3.12/site-packages/airflow/example_dags/example_inlet_event_extra.py
[2025-07-02T23:56:45.579+0000] {processor.py:925} INFO - DAG(s) 'read_dataset_event_from_classic', 'read_dataset_event' retrieved from /home/airflow/.local/lib/python3.12/site-packages/airflow/example_dags/example_inlet_event_extra.py
[2025-07-02T23:56:45.597+0000] {logging_mixin.py:190} INFO - [2025-07-02T23:56:45.597+0000] {dag.py:3239} INFO - Sync 2 DAGs
[2025-07-02T23:56:45.617+0000] {logging_mixin.py:190} INFO - [2025-07-02T23:56:45.617+0000] {dag.py:4180} INFO - Setting next_dagrun for read_dataset_event to 2025-07-01 00:00:00+00:00, run_after=2025-07-02 00:00:00+00:00
[2025-07-02T23:56:45.624+0000] {logging_mixin.py:190} INFO - [2025-07-02T23:56:45.623+0000] {dag.py:4180} INFO - Setting next_dagrun for read_dataset_event_from_classic to 2025-07-01 00:00:00+00:00, run_after=2025-07-02 00:00:00+00:00
[2025-07-02T23:56:45.637+0000] {processor.py:208} INFO - Processing /home/airflow/.local/lib/python3.12/site-packages/airflow/example_dags/example_inlet_event_extra.py took 0.405 seconds
[2025-07-02T23:57:16.325+0000] {processor.py:186} INFO - Started process (PID=3575) to work on /home/airflow/.local/lib/python3.12/site-packages/airflow/example_dags/example_inlet_event_extra.py
[2025-07-02T23:57:16.326+0000] {processor.py:914} INFO - Processing file /home/airflow/.local/lib/python3.12/site-packages/airflow/example_dags/example_inlet_event_extra.py for tasks to queue
[2025-07-02T23:57:16.331+0000] {logging_mixin.py:190} INFO - [2025-07-02T23:57:16.330+0000] {dagbag.py:588} INFO - Filling up the DagBag from /home/airflow/.local/lib/python3.12/site-packages/airflow/example_dags/example_inlet_event_extra.py
[2025-07-02T23:57:16.503+0000] {processor.py:925} INFO - DAG(s) 'read_dataset_event', 'read_dataset_event_from_classic' retrieved from /home/airflow/.local/lib/python3.12/site-packages/airflow/example_dags/example_inlet_event_extra.py
[2025-07-02T23:57:16.523+0000] {logging_mixin.py:190} INFO - [2025-07-02T23:57:16.522+0000] {dag.py:3239} INFO - Sync 2 DAGs
[2025-07-02T23:57:16.546+0000] {logging_mixin.py:190} INFO - [2025-07-02T23:57:16.546+0000] {dag.py:4180} INFO - Setting next_dagrun for read_dataset_event to 2025-07-01 00:00:00+00:00, run_after=2025-07-02 00:00:00+00:00
[2025-07-02T23:57:16.551+0000] {logging_mixin.py:190} INFO - [2025-07-02T23:57:16.551+0000] {dag.py:4180} INFO - Setting next_dagrun for read_dataset_event_from_classic to 2025-07-01 00:00:00+00:00, run_after=2025-07-02 00:00:00+00:00
[2025-07-02T23:57:16.567+0000] {processor.py:208} INFO - Processing /home/airflow/.local/lib/python3.12/site-packages/airflow/example_dags/example_inlet_event_extra.py took 0.250 seconds
[2025-07-02T23:57:46.964+0000] {processor.py:186} INFO - Started process (PID=3637) to work on /home/airflow/.local/lib/python3.12/site-packages/airflow/example_dags/example_inlet_event_extra.py
[2025-07-02T23:57:46.965+0000] {processor.py:914} INFO - Processing file /home/airflow/.local/lib/python3.12/site-packages/airflow/example_dags/example_inlet_event_extra.py for tasks to queue
[2025-07-02T23:57:46.968+0000] {logging_mixin.py:190} INFO - [2025-07-02T23:57:46.967+0000] {dagbag.py:588} INFO - Filling up the DagBag from /home/airflow/.local/lib/python3.12/site-packages/airflow/example_dags/example_inlet_event_extra.py
[2025-07-02T23:57:47.099+0000] {processor.py:925} INFO - DAG(s) 'read_dataset_event_from_classic', 'read_dataset_event' retrieved from /home/airflow/.local/lib/python3.12/site-packages/airflow/example_dags/example_inlet_event_extra.py
[2025-07-02T23:57:47.118+0000] {logging_mixin.py:190} INFO - [2025-07-02T23:57:47.118+0000] {dag.py:3239} INFO - Sync 2 DAGs
[2025-07-02T23:57:47.140+0000] {logging_mixin.py:190} INFO - [2025-07-02T23:57:47.140+0000] {dag.py:4180} INFO - Setting next_dagrun for read_dataset_event to 2025-07-01 00:00:00+00:00, run_after=2025-07-02 00:00:00+00:00
[2025-07-02T23:57:47.145+0000] {logging_mixin.py:190} INFO - [2025-07-02T23:57:47.145+0000] {dag.py:4180} INFO - Setting next_dagrun for read_dataset_event_from_classic to 2025-07-01 00:00:00+00:00, run_after=2025-07-02 00:00:00+00:00
[2025-07-02T23:57:47.159+0000] {processor.py:208} INFO - Processing /home/airflow/.local/lib/python3.12/site-packages/airflow/example_dags/example_inlet_event_extra.py took 0.200 seconds
[2025-07-02T23:58:17.605+0000] {processor.py:186} INFO - Started process (PID=3699) to work on /home/airflow/.local/lib/python3.12/site-packages/airflow/example_dags/example_inlet_event_extra.py
[2025-07-02T23:58:17.607+0000] {processor.py:914} INFO - Processing file /home/airflow/.local/lib/python3.12/site-packages/airflow/example_dags/example_inlet_event_extra.py for tasks to queue
[2025-07-02T23:58:17.609+0000] {logging_mixin.py:190} INFO - [2025-07-02T23:58:17.609+0000] {dagbag.py:588} INFO - Filling up the DagBag from /home/airflow/.local/lib/python3.12/site-packages/airflow/example_dags/example_inlet_event_extra.py
[2025-07-02T23:58:17.742+0000] {processor.py:925} INFO - DAG(s) 'read_dataset_event_from_classic', 'read_dataset_event' retrieved from /home/airflow/.local/lib/python3.12/site-packages/airflow/example_dags/example_inlet_event_extra.py
[2025-07-02T23:58:17.764+0000] {logging_mixin.py:190} INFO - [2025-07-02T23:58:17.764+0000] {dag.py:3239} INFO - Sync 2 DAGs
[2025-07-02T23:58:17.787+0000] {logging_mixin.py:190} INFO - [2025-07-02T23:58:17.787+0000] {dag.py:4180} INFO - Setting next_dagrun for read_dataset_event to 2025-07-01 00:00:00+00:00, run_after=2025-07-02 00:00:00+00:00
[2025-07-02T23:58:17.792+0000] {logging_mixin.py:190} INFO - [2025-07-02T23:58:17.792+0000] {dag.py:4180} INFO - Setting next_dagrun for read_dataset_event_from_classic to 2025-07-01 00:00:00+00:00, run_after=2025-07-02 00:00:00+00:00
[2025-07-02T23:58:17.807+0000] {processor.py:208} INFO - Processing /home/airflow/.local/lib/python3.12/site-packages/airflow/example_dags/example_inlet_event_extra.py took 0.208 seconds
[2025-07-02T23:58:48.069+0000] {processor.py:186} INFO - Started process (PID=3762) to work on /home/airflow/.local/lib/python3.12/site-packages/airflow/example_dags/example_inlet_event_extra.py
[2025-07-02T23:58:48.071+0000] {processor.py:914} INFO - Processing file /home/airflow/.local/lib/python3.12/site-packages/airflow/example_dags/example_inlet_event_extra.py for tasks to queue
[2025-07-02T23:58:48.073+0000] {logging_mixin.py:190} INFO - [2025-07-02T23:58:48.073+0000] {dagbag.py:588} INFO - Filling up the DagBag from /home/airflow/.local/lib/python3.12/site-packages/airflow/example_dags/example_inlet_event_extra.py
[2025-07-02T23:58:48.210+0000] {processor.py:925} INFO - DAG(s) 'read_dataset_event_from_classic', 'read_dataset_event' retrieved from /home/airflow/.local/lib/python3.12/site-packages/airflow/example_dags/example_inlet_event_extra.py
[2025-07-02T23:58:48.232+0000] {logging_mixin.py:190} INFO - [2025-07-02T23:58:48.231+0000] {dag.py:3239} INFO - Sync 2 DAGs
[2025-07-02T23:58:48.264+0000] {logging_mixin.py:190} INFO - [2025-07-02T23:58:48.263+0000] {dag.py:4180} INFO - Setting next_dagrun for read_dataset_event to 2025-07-01 00:00:00+00:00, run_after=2025-07-02 00:00:00+00:00
[2025-07-02T23:58:48.268+0000] {logging_mixin.py:190} INFO - [2025-07-02T23:58:48.268+0000] {dag.py:4180} INFO - Setting next_dagrun for read_dataset_event_from_classic to 2025-07-01 00:00:00+00:00, run_after=2025-07-02 00:00:00+00:00
[2025-07-02T23:58:48.283+0000] {processor.py:208} INFO - Processing /home/airflow/.local/lib/python3.12/site-packages/airflow/example_dags/example_inlet_event_extra.py took 0.220 seconds
[2025-07-02T23:59:18.678+0000] {processor.py:186} INFO - Started process (PID=3825) to work on /home/airflow/.local/lib/python3.12/site-packages/airflow/example_dags/example_inlet_event_extra.py
[2025-07-02T23:59:18.679+0000] {processor.py:914} INFO - Processing file /home/airflow/.local/lib/python3.12/site-packages/airflow/example_dags/example_inlet_event_extra.py for tasks to queue
[2025-07-02T23:59:18.681+0000] {logging_mixin.py:190} INFO - [2025-07-02T23:59:18.681+0000] {dagbag.py:588} INFO - Filling up the DagBag from /home/airflow/.local/lib/python3.12/site-packages/airflow/example_dags/example_inlet_event_extra.py
[2025-07-02T23:59:18.812+0000] {processor.py:925} INFO - DAG(s) 'read_dataset_event', 'read_dataset_event_from_classic' retrieved from /home/airflow/.local/lib/python3.12/site-packages/airflow/example_dags/example_inlet_event_extra.py
[2025-07-02T23:59:18.836+0000] {logging_mixin.py:190} INFO - [2025-07-02T23:59:18.835+0000] {dag.py:3239} INFO - Sync 2 DAGs
[2025-07-02T23:59:18.863+0000] {logging_mixin.py:190} INFO - [2025-07-02T23:59:18.862+0000] {dag.py:4180} INFO - Setting next_dagrun for read_dataset_event to 2025-07-01 00:00:00+00:00, run_after=2025-07-02 00:00:00+00:00
[2025-07-02T23:59:18.867+0000] {logging_mixin.py:190} INFO - [2025-07-02T23:59:18.867+0000] {dag.py:4180} INFO - Setting next_dagrun for read_dataset_event_from_classic to 2025-07-01 00:00:00+00:00, run_after=2025-07-02 00:00:00+00:00
[2025-07-02T23:59:18.884+0000] {processor.py:208} INFO - Processing /home/airflow/.local/lib/python3.12/site-packages/airflow/example_dags/example_inlet_event_extra.py took 0.212 seconds
[2025-07-02T23:59:49.130+0000] {processor.py:186} INFO - Started process (PID=3887) to work on /home/airflow/.local/lib/python3.12/site-packages/airflow/example_dags/example_inlet_event_extra.py
[2025-07-02T23:59:49.131+0000] {processor.py:914} INFO - Processing file /home/airflow/.local/lib/python3.12/site-packages/airflow/example_dags/example_inlet_event_extra.py for tasks to queue
[2025-07-02T23:59:49.135+0000] {logging_mixin.py:190} INFO - [2025-07-02T23:59:49.135+0000] {dagbag.py:588} INFO - Filling up the DagBag from /home/airflow/.local/lib/python3.12/site-packages/airflow/example_dags/example_inlet_event_extra.py
[2025-07-02T23:59:49.270+0000] {processor.py:925} INFO - DAG(s) 'read_dataset_event_from_classic', 'read_dataset_event' retrieved from /home/airflow/.local/lib/python3.12/site-packages/airflow/example_dags/example_inlet_event_extra.py
[2025-07-02T23:59:49.291+0000] {logging_mixin.py:190} INFO - [2025-07-02T23:59:49.291+0000] {dag.py:3239} INFO - Sync 2 DAGs
[2025-07-02T23:59:49.313+0000] {logging_mixin.py:190} INFO - [2025-07-02T23:59:49.312+0000] {dag.py:4180} INFO - Setting next_dagrun for read_dataset_event to 2025-07-01 00:00:00+00:00, run_after=2025-07-02 00:00:00+00:00
[2025-07-02T23:59:49.318+0000] {logging_mixin.py:190} INFO - [2025-07-02T23:59:49.317+0000] {dag.py:4180} INFO - Setting next_dagrun for read_dataset_event_from_classic to 2025-07-01 00:00:00+00:00, run_after=2025-07-02 00:00:00+00:00
[2025-07-02T23:59:49.334+0000] {processor.py:208} INFO - Processing /home/airflow/.local/lib/python3.12/site-packages/airflow/example_dags/example_inlet_event_extra.py took 0.209 seconds
