[2025-07-02T23:29:09.789+0000] {processor.py:186} INFO - Started process (PID=169) to work on /home/airflow/.local/lib/python3.12/site-packages/airflow/example_dags/tutorial_dag.py
[2025-07-02T23:29:09.793+0000] {processor.py:914} INFO - Processing file /home/airflow/.local/lib/python3.12/site-packages/airflow/example_dags/tutorial_dag.py for tasks to queue
[2025-07-02T23:29:09.801+0000] {logging_mixin.py:190} INFO - [2025-07-02T23:29:09.800+0000] {dagbag.py:588} INFO - Filling up the DagBag from /home/airflow/.local/lib/python3.12/site-packages/airflow/example_dags/tutorial_dag.py
[2025-07-02T23:29:09.820+0000] {processor.py:925} INFO - DAG(s) 'tutorial_dag' retrieved from /home/airflow/.local/lib/python3.12/site-packages/airflow/example_dags/tutorial_dag.py
[2025-07-02T23:29:09.923+0000] {logging_mixin.py:190} INFO - [2025-07-02T23:29:09.922+0000] {dag.py:3239} INFO - Sync 1 DAGs
[2025-07-02T23:29:09.964+0000] {logging_mixin.py:190} INFO - [2025-07-02T23:29:09.964+0000] {dag.py:4180} INFO - Setting next_dagrun for tutorial_dag to None, run_after=None
[2025-07-02T23:29:10.005+0000] {processor.py:208} INFO - Processing /home/airflow/.local/lib/python3.12/site-packages/airflow/example_dags/tutorial_dag.py took 0.235 seconds
[2025-07-02T23:29:41.045+0000] {processor.py:186} INFO - Started process (PID=231) to work on /home/airflow/.local/lib/python3.12/site-packages/airflow/example_dags/tutorial_dag.py
[2025-07-02T23:29:41.049+0000] {processor.py:914} INFO - Processing file /home/airflow/.local/lib/python3.12/site-packages/airflow/example_dags/tutorial_dag.py for tasks to queue
[2025-07-02T23:29:41.054+0000] {logging_mixin.py:190} INFO - [2025-07-02T23:29:41.053+0000] {dagbag.py:588} INFO - Filling up the DagBag from /home/airflow/.local/lib/python3.12/site-packages/airflow/example_dags/tutorial_dag.py
[2025-07-02T23:29:41.079+0000] {processor.py:925} INFO - DAG(s) 'tutorial_dag' retrieved from /home/airflow/.local/lib/python3.12/site-packages/airflow/example_dags/tutorial_dag.py
[2025-07-02T23:29:41.118+0000] {logging_mixin.py:190} INFO - [2025-07-02T23:29:41.118+0000] {dag.py:3239} INFO - Sync 1 DAGs
[2025-07-02T23:29:41.149+0000] {logging_mixin.py:190} INFO - [2025-07-02T23:29:41.149+0000] {dag.py:4180} INFO - Setting next_dagrun for tutorial_dag to None, run_after=None
[2025-07-02T23:29:41.184+0000] {processor.py:208} INFO - Processing /home/airflow/.local/lib/python3.12/site-packages/airflow/example_dags/tutorial_dag.py took 0.153 seconds
[2025-07-02T23:30:11.630+0000] {processor.py:186} INFO - Started process (PID=293) to work on /home/airflow/.local/lib/python3.12/site-packages/airflow/example_dags/tutorial_dag.py
[2025-07-02T23:30:11.632+0000] {processor.py:914} INFO - Processing file /home/airflow/.local/lib/python3.12/site-packages/airflow/example_dags/tutorial_dag.py for tasks to queue
[2025-07-02T23:30:11.637+0000] {logging_mixin.py:190} INFO - [2025-07-02T23:30:11.636+0000] {dagbag.py:588} INFO - Filling up the DagBag from /home/airflow/.local/lib/python3.12/site-packages/airflow/example_dags/tutorial_dag.py
[2025-07-02T23:30:11.656+0000] {processor.py:925} INFO - DAG(s) 'tutorial_dag' retrieved from /home/airflow/.local/lib/python3.12/site-packages/airflow/example_dags/tutorial_dag.py
[2025-07-02T23:30:11.712+0000] {logging_mixin.py:190} INFO - [2025-07-02T23:30:11.712+0000] {dag.py:3239} INFO - Sync 1 DAGs
[2025-07-02T23:30:11.761+0000] {logging_mixin.py:190} INFO - [2025-07-02T23:30:11.760+0000] {dag.py:4180} INFO - Setting next_dagrun for tutorial_dag to None, run_after=None
[2025-07-02T23:30:11.809+0000] {processor.py:208} INFO - Processing /home/airflow/.local/lib/python3.12/site-packages/airflow/example_dags/tutorial_dag.py took 0.197 seconds
[2025-07-02T23:30:42.119+0000] {processor.py:186} INFO - Started process (PID=355) to work on /home/airflow/.local/lib/python3.12/site-packages/airflow/example_dags/tutorial_dag.py
[2025-07-02T23:30:42.120+0000] {processor.py:914} INFO - Processing file /home/airflow/.local/lib/python3.12/site-packages/airflow/example_dags/tutorial_dag.py for tasks to queue
[2025-07-02T23:30:42.123+0000] {logging_mixin.py:190} INFO - [2025-07-02T23:30:42.122+0000] {dagbag.py:588} INFO - Filling up the DagBag from /home/airflow/.local/lib/python3.12/site-packages/airflow/example_dags/tutorial_dag.py
[2025-07-02T23:30:42.130+0000] {processor.py:925} INFO - DAG(s) 'tutorial_dag' retrieved from /home/airflow/.local/lib/python3.12/site-packages/airflow/example_dags/tutorial_dag.py
[2025-07-02T23:30:42.157+0000] {logging_mixin.py:190} INFO - [2025-07-02T23:30:42.157+0000] {dag.py:3239} INFO - Sync 1 DAGs
[2025-07-02T23:30:42.173+0000] {logging_mixin.py:190} INFO - [2025-07-02T23:30:42.172+0000] {dag.py:4180} INFO - Setting next_dagrun for tutorial_dag to None, run_after=None
[2025-07-02T23:30:42.196+0000] {processor.py:208} INFO - Processing /home/airflow/.local/lib/python3.12/site-packages/airflow/example_dags/tutorial_dag.py took 0.083 seconds
[2025-07-02T23:31:13.005+0000] {processor.py:186} INFO - Started process (PID=417) to work on /home/airflow/.local/lib/python3.12/site-packages/airflow/example_dags/tutorial_dag.py
[2025-07-02T23:31:13.009+0000] {processor.py:914} INFO - Processing file /home/airflow/.local/lib/python3.12/site-packages/airflow/example_dags/tutorial_dag.py for tasks to queue
[2025-07-02T23:31:13.012+0000] {logging_mixin.py:190} INFO - [2025-07-02T23:31:13.012+0000] {dagbag.py:588} INFO - Filling up the DagBag from /home/airflow/.local/lib/python3.12/site-packages/airflow/example_dags/tutorial_dag.py
[2025-07-02T23:31:13.025+0000] {processor.py:925} INFO - DAG(s) 'tutorial_dag' retrieved from /home/airflow/.local/lib/python3.12/site-packages/airflow/example_dags/tutorial_dag.py
[2025-07-02T23:31:13.056+0000] {logging_mixin.py:190} INFO - [2025-07-02T23:31:13.056+0000] {dag.py:3239} INFO - Sync 1 DAGs
[2025-07-02T23:31:13.073+0000] {logging_mixin.py:190} INFO - [2025-07-02T23:31:13.073+0000] {dag.py:4180} INFO - Setting next_dagrun for tutorial_dag to None, run_after=None
[2025-07-02T23:31:13.094+0000] {processor.py:208} INFO - Processing /home/airflow/.local/lib/python3.12/site-packages/airflow/example_dags/tutorial_dag.py took 0.101 seconds
[2025-07-02T23:31:43.152+0000] {processor.py:186} INFO - Started process (PID=479) to work on /home/airflow/.local/lib/python3.12/site-packages/airflow/example_dags/tutorial_dag.py
[2025-07-02T23:31:43.153+0000] {processor.py:914} INFO - Processing file /home/airflow/.local/lib/python3.12/site-packages/airflow/example_dags/tutorial_dag.py for tasks to queue
[2025-07-02T23:31:43.155+0000] {logging_mixin.py:190} INFO - [2025-07-02T23:31:43.155+0000] {dagbag.py:588} INFO - Filling up the DagBag from /home/airflow/.local/lib/python3.12/site-packages/airflow/example_dags/tutorial_dag.py
[2025-07-02T23:31:43.163+0000] {processor.py:925} INFO - DAG(s) 'tutorial_dag' retrieved from /home/airflow/.local/lib/python3.12/site-packages/airflow/example_dags/tutorial_dag.py
[2025-07-02T23:31:43.185+0000] {logging_mixin.py:190} INFO - [2025-07-02T23:31:43.185+0000] {dag.py:3239} INFO - Sync 1 DAGs
[2025-07-02T23:31:43.198+0000] {logging_mixin.py:190} INFO - [2025-07-02T23:31:43.198+0000] {dag.py:4180} INFO - Setting next_dagrun for tutorial_dag to None, run_after=None
[2025-07-02T23:31:43.215+0000] {processor.py:208} INFO - Processing /home/airflow/.local/lib/python3.12/site-packages/airflow/example_dags/tutorial_dag.py took 0.072 seconds
[2025-07-02T23:32:13.647+0000] {processor.py:186} INFO - Started process (PID=541) to work on /home/airflow/.local/lib/python3.12/site-packages/airflow/example_dags/tutorial_dag.py
[2025-07-02T23:32:13.650+0000] {processor.py:914} INFO - Processing file /home/airflow/.local/lib/python3.12/site-packages/airflow/example_dags/tutorial_dag.py for tasks to queue
[2025-07-02T23:32:13.655+0000] {logging_mixin.py:190} INFO - [2025-07-02T23:32:13.654+0000] {dagbag.py:588} INFO - Filling up the DagBag from /home/airflow/.local/lib/python3.12/site-packages/airflow/example_dags/tutorial_dag.py
[2025-07-02T23:32:13.663+0000] {processor.py:925} INFO - DAG(s) 'tutorial_dag' retrieved from /home/airflow/.local/lib/python3.12/site-packages/airflow/example_dags/tutorial_dag.py
[2025-07-02T23:32:13.683+0000] {logging_mixin.py:190} INFO - [2025-07-02T23:32:13.683+0000] {dag.py:3239} INFO - Sync 1 DAGs
[2025-07-02T23:32:13.702+0000] {logging_mixin.py:190} INFO - [2025-07-02T23:32:13.701+0000] {dag.py:4180} INFO - Setting next_dagrun for tutorial_dag to None, run_after=None
[2025-07-02T23:32:13.726+0000] {processor.py:208} INFO - Processing /home/airflow/.local/lib/python3.12/site-packages/airflow/example_dags/tutorial_dag.py took 0.095 seconds
[2025-07-02T23:32:43.964+0000] {processor.py:186} INFO - Started process (PID=603) to work on /home/airflow/.local/lib/python3.12/site-packages/airflow/example_dags/tutorial_dag.py
[2025-07-02T23:32:43.968+0000] {processor.py:914} INFO - Processing file /home/airflow/.local/lib/python3.12/site-packages/airflow/example_dags/tutorial_dag.py for tasks to queue
[2025-07-02T23:32:43.981+0000] {logging_mixin.py:190} INFO - [2025-07-02T23:32:43.980+0000] {dagbag.py:588} INFO - Filling up the DagBag from /home/airflow/.local/lib/python3.12/site-packages/airflow/example_dags/tutorial_dag.py
[2025-07-02T23:32:44.007+0000] {processor.py:925} INFO - DAG(s) 'tutorial_dag' retrieved from /home/airflow/.local/lib/python3.12/site-packages/airflow/example_dags/tutorial_dag.py
[2025-07-02T23:32:44.053+0000] {logging_mixin.py:190} INFO - [2025-07-02T23:32:44.053+0000] {dag.py:3239} INFO - Sync 1 DAGs
[2025-07-02T23:32:44.075+0000] {logging_mixin.py:190} INFO - [2025-07-02T23:32:44.075+0000] {dag.py:4180} INFO - Setting next_dagrun for tutorial_dag to None, run_after=None
[2025-07-02T23:32:44.102+0000] {processor.py:208} INFO - Processing /home/airflow/.local/lib/python3.12/site-packages/airflow/example_dags/tutorial_dag.py took 0.145 seconds
[2025-07-02T23:33:14.577+0000] {processor.py:186} INFO - Started process (PID=665) to work on /home/airflow/.local/lib/python3.12/site-packages/airflow/example_dags/tutorial_dag.py
[2025-07-02T23:33:14.580+0000] {processor.py:914} INFO - Processing file /home/airflow/.local/lib/python3.12/site-packages/airflow/example_dags/tutorial_dag.py for tasks to queue
[2025-07-02T23:33:14.585+0000] {logging_mixin.py:190} INFO - [2025-07-02T23:33:14.584+0000] {dagbag.py:588} INFO - Filling up the DagBag from /home/airflow/.local/lib/python3.12/site-packages/airflow/example_dags/tutorial_dag.py
[2025-07-02T23:33:14.600+0000] {processor.py:925} INFO - DAG(s) 'tutorial_dag' retrieved from /home/airflow/.local/lib/python3.12/site-packages/airflow/example_dags/tutorial_dag.py
[2025-07-02T23:33:14.632+0000] {logging_mixin.py:190} INFO - [2025-07-02T23:33:14.632+0000] {dag.py:3239} INFO - Sync 1 DAGs
[2025-07-02T23:33:14.655+0000] {logging_mixin.py:190} INFO - [2025-07-02T23:33:14.654+0000] {dag.py:4180} INFO - Setting next_dagrun for tutorial_dag to None, run_after=None
[2025-07-02T23:33:14.683+0000] {processor.py:208} INFO - Processing /home/airflow/.local/lib/python3.12/site-packages/airflow/example_dags/tutorial_dag.py took 0.119 seconds
[2025-07-02T23:33:44.807+0000] {processor.py:186} INFO - Started process (PID=727) to work on /home/airflow/.local/lib/python3.12/site-packages/airflow/example_dags/tutorial_dag.py
[2025-07-02T23:33:44.808+0000] {processor.py:914} INFO - Processing file /home/airflow/.local/lib/python3.12/site-packages/airflow/example_dags/tutorial_dag.py for tasks to queue
[2025-07-02T23:33:44.810+0000] {logging_mixin.py:190} INFO - [2025-07-02T23:33:44.810+0000] {dagbag.py:588} INFO - Filling up the DagBag from /home/airflow/.local/lib/python3.12/site-packages/airflow/example_dags/tutorial_dag.py
[2025-07-02T23:33:44.817+0000] {processor.py:925} INFO - DAG(s) 'tutorial_dag' retrieved from /home/airflow/.local/lib/python3.12/site-packages/airflow/example_dags/tutorial_dag.py
[2025-07-02T23:33:44.838+0000] {logging_mixin.py:190} INFO - [2025-07-02T23:33:44.838+0000] {dag.py:3239} INFO - Sync 1 DAGs
[2025-07-02T23:33:44.854+0000] {logging_mixin.py:190} INFO - [2025-07-02T23:33:44.853+0000] {dag.py:4180} INFO - Setting next_dagrun for tutorial_dag to None, run_after=None
[2025-07-02T23:33:44.877+0000] {processor.py:208} INFO - Processing /home/airflow/.local/lib/python3.12/site-packages/airflow/example_dags/tutorial_dag.py took 0.076 seconds
[2025-07-02T23:34:14.925+0000] {processor.py:186} INFO - Started process (PID=789) to work on /home/airflow/.local/lib/python3.12/site-packages/airflow/example_dags/tutorial_dag.py
[2025-07-02T23:34:14.926+0000] {processor.py:914} INFO - Processing file /home/airflow/.local/lib/python3.12/site-packages/airflow/example_dags/tutorial_dag.py for tasks to queue
[2025-07-02T23:34:14.928+0000] {logging_mixin.py:190} INFO - [2025-07-02T23:34:14.928+0000] {dagbag.py:588} INFO - Filling up the DagBag from /home/airflow/.local/lib/python3.12/site-packages/airflow/example_dags/tutorial_dag.py
[2025-07-02T23:34:14.935+0000] {processor.py:925} INFO - DAG(s) 'tutorial_dag' retrieved from /home/airflow/.local/lib/python3.12/site-packages/airflow/example_dags/tutorial_dag.py
[2025-07-02T23:34:14.954+0000] {logging_mixin.py:190} INFO - [2025-07-02T23:34:14.954+0000] {dag.py:3239} INFO - Sync 1 DAGs
[2025-07-02T23:34:14.968+0000] {logging_mixin.py:190} INFO - [2025-07-02T23:34:14.968+0000] {dag.py:4180} INFO - Setting next_dagrun for tutorial_dag to None, run_after=None
[2025-07-02T23:34:14.985+0000] {processor.py:208} INFO - Processing /home/airflow/.local/lib/python3.12/site-packages/airflow/example_dags/tutorial_dag.py took 0.065 seconds
[2025-07-02T23:34:45.457+0000] {processor.py:186} INFO - Started process (PID=851) to work on /home/airflow/.local/lib/python3.12/site-packages/airflow/example_dags/tutorial_dag.py
[2025-07-02T23:34:45.458+0000] {processor.py:914} INFO - Processing file /home/airflow/.local/lib/python3.12/site-packages/airflow/example_dags/tutorial_dag.py for tasks to queue
[2025-07-02T23:34:45.461+0000] {logging_mixin.py:190} INFO - [2025-07-02T23:34:45.461+0000] {dagbag.py:588} INFO - Filling up the DagBag from /home/airflow/.local/lib/python3.12/site-packages/airflow/example_dags/tutorial_dag.py
[2025-07-02T23:34:45.470+0000] {processor.py:925} INFO - DAG(s) 'tutorial_dag' retrieved from /home/airflow/.local/lib/python3.12/site-packages/airflow/example_dags/tutorial_dag.py
[2025-07-02T23:34:45.493+0000] {logging_mixin.py:190} INFO - [2025-07-02T23:34:45.493+0000] {dag.py:3239} INFO - Sync 1 DAGs
[2025-07-02T23:34:45.511+0000] {logging_mixin.py:190} INFO - [2025-07-02T23:34:45.510+0000] {dag.py:4180} INFO - Setting next_dagrun for tutorial_dag to None, run_after=None
[2025-07-02T23:34:45.531+0000] {processor.py:208} INFO - Processing /home/airflow/.local/lib/python3.12/site-packages/airflow/example_dags/tutorial_dag.py took 0.080 seconds
[2025-07-02T23:35:15.621+0000] {processor.py:186} INFO - Started process (PID=913) to work on /home/airflow/.local/lib/python3.12/site-packages/airflow/example_dags/tutorial_dag.py
[2025-07-02T23:35:15.623+0000] {processor.py:914} INFO - Processing file /home/airflow/.local/lib/python3.12/site-packages/airflow/example_dags/tutorial_dag.py for tasks to queue
[2025-07-02T23:35:15.626+0000] {logging_mixin.py:190} INFO - [2025-07-02T23:35:15.625+0000] {dagbag.py:588} INFO - Filling up the DagBag from /home/airflow/.local/lib/python3.12/site-packages/airflow/example_dags/tutorial_dag.py
[2025-07-02T23:35:15.633+0000] {processor.py:925} INFO - DAG(s) 'tutorial_dag' retrieved from /home/airflow/.local/lib/python3.12/site-packages/airflow/example_dags/tutorial_dag.py
[2025-07-02T23:35:15.654+0000] {logging_mixin.py:190} INFO - [2025-07-02T23:35:15.654+0000] {dag.py:3239} INFO - Sync 1 DAGs
[2025-07-02T23:35:15.674+0000] {logging_mixin.py:190} INFO - [2025-07-02T23:35:15.673+0000] {dag.py:4180} INFO - Setting next_dagrun for tutorial_dag to None, run_after=None
[2025-07-02T23:35:15.696+0000] {processor.py:208} INFO - Processing /home/airflow/.local/lib/python3.12/site-packages/airflow/example_dags/tutorial_dag.py took 0.080 seconds
[2025-07-02T23:35:46.484+0000] {processor.py:186} INFO - Started process (PID=975) to work on /home/airflow/.local/lib/python3.12/site-packages/airflow/example_dags/tutorial_dag.py
[2025-07-02T23:35:46.485+0000] {processor.py:914} INFO - Processing file /home/airflow/.local/lib/python3.12/site-packages/airflow/example_dags/tutorial_dag.py for tasks to queue
[2025-07-02T23:35:46.488+0000] {logging_mixin.py:190} INFO - [2025-07-02T23:35:46.488+0000] {dagbag.py:588} INFO - Filling up the DagBag from /home/airflow/.local/lib/python3.12/site-packages/airflow/example_dags/tutorial_dag.py
[2025-07-02T23:35:46.496+0000] {processor.py:925} INFO - DAG(s) 'tutorial_dag' retrieved from /home/airflow/.local/lib/python3.12/site-packages/airflow/example_dags/tutorial_dag.py
[2025-07-02T23:35:46.514+0000] {logging_mixin.py:190} INFO - [2025-07-02T23:35:46.514+0000] {dag.py:3239} INFO - Sync 1 DAGs
[2025-07-02T23:35:46.527+0000] {logging_mixin.py:190} INFO - [2025-07-02T23:35:46.527+0000] {dag.py:4180} INFO - Setting next_dagrun for tutorial_dag to None, run_after=None
[2025-07-02T23:35:46.544+0000] {processor.py:208} INFO - Processing /home/airflow/.local/lib/python3.12/site-packages/airflow/example_dags/tutorial_dag.py took 0.066 seconds
[2025-07-02T23:36:17.229+0000] {processor.py:186} INFO - Started process (PID=1037) to work on /home/airflow/.local/lib/python3.12/site-packages/airflow/example_dags/tutorial_dag.py
[2025-07-02T23:36:17.230+0000] {processor.py:914} INFO - Processing file /home/airflow/.local/lib/python3.12/site-packages/airflow/example_dags/tutorial_dag.py for tasks to queue
[2025-07-02T23:36:17.234+0000] {logging_mixin.py:190} INFO - [2025-07-02T23:36:17.234+0000] {dagbag.py:588} INFO - Filling up the DagBag from /home/airflow/.local/lib/python3.12/site-packages/airflow/example_dags/tutorial_dag.py
[2025-07-02T23:36:17.245+0000] {processor.py:925} INFO - DAG(s) 'tutorial_dag' retrieved from /home/airflow/.local/lib/python3.12/site-packages/airflow/example_dags/tutorial_dag.py
[2025-07-02T23:36:17.272+0000] {logging_mixin.py:190} INFO - [2025-07-02T23:36:17.272+0000] {dag.py:3239} INFO - Sync 1 DAGs
[2025-07-02T23:36:17.288+0000] {logging_mixin.py:190} INFO - [2025-07-02T23:36:17.288+0000] {dag.py:4180} INFO - Setting next_dagrun for tutorial_dag to None, run_after=None
[2025-07-02T23:36:17.308+0000] {processor.py:208} INFO - Processing /home/airflow/.local/lib/python3.12/site-packages/airflow/example_dags/tutorial_dag.py took 0.086 seconds
[2025-07-02T23:36:47.923+0000] {processor.py:186} INFO - Started process (PID=1099) to work on /home/airflow/.local/lib/python3.12/site-packages/airflow/example_dags/tutorial_dag.py
[2025-07-02T23:36:47.924+0000] {processor.py:914} INFO - Processing file /home/airflow/.local/lib/python3.12/site-packages/airflow/example_dags/tutorial_dag.py for tasks to queue
[2025-07-02T23:36:47.927+0000] {logging_mixin.py:190} INFO - [2025-07-02T23:36:47.927+0000] {dagbag.py:588} INFO - Filling up the DagBag from /home/airflow/.local/lib/python3.12/site-packages/airflow/example_dags/tutorial_dag.py
[2025-07-02T23:36:47.938+0000] {processor.py:925} INFO - DAG(s) 'tutorial_dag' retrieved from /home/airflow/.local/lib/python3.12/site-packages/airflow/example_dags/tutorial_dag.py
[2025-07-02T23:36:47.957+0000] {logging_mixin.py:190} INFO - [2025-07-02T23:36:47.957+0000] {dag.py:3239} INFO - Sync 1 DAGs
[2025-07-02T23:36:47.972+0000] {logging_mixin.py:190} INFO - [2025-07-02T23:36:47.972+0000] {dag.py:4180} INFO - Setting next_dagrun for tutorial_dag to None, run_after=None
[2025-07-02T23:36:47.989+0000] {processor.py:208} INFO - Processing /home/airflow/.local/lib/python3.12/site-packages/airflow/example_dags/tutorial_dag.py took 0.073 seconds
[2025-07-02T23:37:18.690+0000] {processor.py:186} INFO - Started process (PID=1161) to work on /home/airflow/.local/lib/python3.12/site-packages/airflow/example_dags/tutorial_dag.py
[2025-07-02T23:37:18.691+0000] {processor.py:914} INFO - Processing file /home/airflow/.local/lib/python3.12/site-packages/airflow/example_dags/tutorial_dag.py for tasks to queue
[2025-07-02T23:37:18.694+0000] {logging_mixin.py:190} INFO - [2025-07-02T23:37:18.694+0000] {dagbag.py:588} INFO - Filling up the DagBag from /home/airflow/.local/lib/python3.12/site-packages/airflow/example_dags/tutorial_dag.py
[2025-07-02T23:37:18.702+0000] {processor.py:925} INFO - DAG(s) 'tutorial_dag' retrieved from /home/airflow/.local/lib/python3.12/site-packages/airflow/example_dags/tutorial_dag.py
[2025-07-02T23:37:18.720+0000] {logging_mixin.py:190} INFO - [2025-07-02T23:37:18.720+0000] {dag.py:3239} INFO - Sync 1 DAGs
[2025-07-02T23:37:18.733+0000] {logging_mixin.py:190} INFO - [2025-07-02T23:37:18.733+0000] {dag.py:4180} INFO - Setting next_dagrun for tutorial_dag to None, run_after=None
[2025-07-02T23:37:18.750+0000] {processor.py:208} INFO - Processing /home/airflow/.local/lib/python3.12/site-packages/airflow/example_dags/tutorial_dag.py took 0.066 seconds
[2025-07-02T23:37:49.445+0000] {processor.py:186} INFO - Started process (PID=1223) to work on /home/airflow/.local/lib/python3.12/site-packages/airflow/example_dags/tutorial_dag.py
[2025-07-02T23:37:49.447+0000] {processor.py:914} INFO - Processing file /home/airflow/.local/lib/python3.12/site-packages/airflow/example_dags/tutorial_dag.py for tasks to queue
[2025-07-02T23:37:49.449+0000] {logging_mixin.py:190} INFO - [2025-07-02T23:37:49.449+0000] {dagbag.py:588} INFO - Filling up the DagBag from /home/airflow/.local/lib/python3.12/site-packages/airflow/example_dags/tutorial_dag.py
[2025-07-02T23:37:49.456+0000] {processor.py:925} INFO - DAG(s) 'tutorial_dag' retrieved from /home/airflow/.local/lib/python3.12/site-packages/airflow/example_dags/tutorial_dag.py
[2025-07-02T23:37:49.474+0000] {logging_mixin.py:190} INFO - [2025-07-02T23:37:49.473+0000] {dag.py:3239} INFO - Sync 1 DAGs
[2025-07-02T23:37:49.487+0000] {logging_mixin.py:190} INFO - [2025-07-02T23:37:49.486+0000] {dag.py:4180} INFO - Setting next_dagrun for tutorial_dag to None, run_after=None
[2025-07-02T23:37:49.504+0000] {processor.py:208} INFO - Processing /home/airflow/.local/lib/python3.12/site-packages/airflow/example_dags/tutorial_dag.py took 0.064 seconds
[2025-07-02T23:38:20.298+0000] {processor.py:186} INFO - Started process (PID=1285) to work on /home/airflow/.local/lib/python3.12/site-packages/airflow/example_dags/tutorial_dag.py
[2025-07-02T23:38:20.299+0000] {processor.py:914} INFO - Processing file /home/airflow/.local/lib/python3.12/site-packages/airflow/example_dags/tutorial_dag.py for tasks to queue
[2025-07-02T23:38:20.301+0000] {logging_mixin.py:190} INFO - [2025-07-02T23:38:20.301+0000] {dagbag.py:588} INFO - Filling up the DagBag from /home/airflow/.local/lib/python3.12/site-packages/airflow/example_dags/tutorial_dag.py
[2025-07-02T23:38:20.308+0000] {processor.py:925} INFO - DAG(s) 'tutorial_dag' retrieved from /home/airflow/.local/lib/python3.12/site-packages/airflow/example_dags/tutorial_dag.py
[2025-07-02T23:38:20.326+0000] {logging_mixin.py:190} INFO - [2025-07-02T23:38:20.326+0000] {dag.py:3239} INFO - Sync 1 DAGs
[2025-07-02T23:38:20.343+0000] {logging_mixin.py:190} INFO - [2025-07-02T23:38:20.342+0000] {dag.py:4180} INFO - Setting next_dagrun for tutorial_dag to None, run_after=None
[2025-07-02T23:38:20.360+0000] {processor.py:208} INFO - Processing /home/airflow/.local/lib/python3.12/site-packages/airflow/example_dags/tutorial_dag.py took 0.067 seconds
[2025-07-02T23:38:50.943+0000] {processor.py:186} INFO - Started process (PID=1347) to work on /home/airflow/.local/lib/python3.12/site-packages/airflow/example_dags/tutorial_dag.py
[2025-07-02T23:38:50.944+0000] {processor.py:914} INFO - Processing file /home/airflow/.local/lib/python3.12/site-packages/airflow/example_dags/tutorial_dag.py for tasks to queue
[2025-07-02T23:38:50.946+0000] {logging_mixin.py:190} INFO - [2025-07-02T23:38:50.946+0000] {dagbag.py:588} INFO - Filling up the DagBag from /home/airflow/.local/lib/python3.12/site-packages/airflow/example_dags/tutorial_dag.py
[2025-07-02T23:38:50.953+0000] {processor.py:925} INFO - DAG(s) 'tutorial_dag' retrieved from /home/airflow/.local/lib/python3.12/site-packages/airflow/example_dags/tutorial_dag.py
[2025-07-02T23:38:50.972+0000] {logging_mixin.py:190} INFO - [2025-07-02T23:38:50.972+0000] {dag.py:3239} INFO - Sync 1 DAGs
[2025-07-02T23:38:50.986+0000] {logging_mixin.py:190} INFO - [2025-07-02T23:38:50.985+0000] {dag.py:4180} INFO - Setting next_dagrun for tutorial_dag to None, run_after=None
[2025-07-02T23:38:51.002+0000] {processor.py:208} INFO - Processing /home/airflow/.local/lib/python3.12/site-packages/airflow/example_dags/tutorial_dag.py took 0.065 seconds
[2025-07-02T23:39:21.528+0000] {processor.py:186} INFO - Started process (PID=1409) to work on /home/airflow/.local/lib/python3.12/site-packages/airflow/example_dags/tutorial_dag.py
[2025-07-02T23:39:21.529+0000] {processor.py:914} INFO - Processing file /home/airflow/.local/lib/python3.12/site-packages/airflow/example_dags/tutorial_dag.py for tasks to queue
[2025-07-02T23:39:21.532+0000] {logging_mixin.py:190} INFO - [2025-07-02T23:39:21.532+0000] {dagbag.py:588} INFO - Filling up the DagBag from /home/airflow/.local/lib/python3.12/site-packages/airflow/example_dags/tutorial_dag.py
[2025-07-02T23:39:21.539+0000] {processor.py:925} INFO - DAG(s) 'tutorial_dag' retrieved from /home/airflow/.local/lib/python3.12/site-packages/airflow/example_dags/tutorial_dag.py
[2025-07-02T23:39:21.558+0000] {logging_mixin.py:190} INFO - [2025-07-02T23:39:21.557+0000] {dag.py:3239} INFO - Sync 1 DAGs
[2025-07-02T23:39:21.572+0000] {logging_mixin.py:190} INFO - [2025-07-02T23:39:21.572+0000] {dag.py:4180} INFO - Setting next_dagrun for tutorial_dag to None, run_after=None
[2025-07-02T23:39:21.590+0000] {processor.py:208} INFO - Processing /home/airflow/.local/lib/python3.12/site-packages/airflow/example_dags/tutorial_dag.py took 0.067 seconds
[2025-07-02T23:39:52.244+0000] {processor.py:186} INFO - Started process (PID=1471) to work on /home/airflow/.local/lib/python3.12/site-packages/airflow/example_dags/tutorial_dag.py
[2025-07-02T23:39:52.245+0000] {processor.py:914} INFO - Processing file /home/airflow/.local/lib/python3.12/site-packages/airflow/example_dags/tutorial_dag.py for tasks to queue
[2025-07-02T23:39:52.248+0000] {logging_mixin.py:190} INFO - [2025-07-02T23:39:52.248+0000] {dagbag.py:588} INFO - Filling up the DagBag from /home/airflow/.local/lib/python3.12/site-packages/airflow/example_dags/tutorial_dag.py
[2025-07-02T23:39:52.256+0000] {processor.py:925} INFO - DAG(s) 'tutorial_dag' retrieved from /home/airflow/.local/lib/python3.12/site-packages/airflow/example_dags/tutorial_dag.py
[2025-07-02T23:39:52.274+0000] {logging_mixin.py:190} INFO - [2025-07-02T23:39:52.274+0000] {dag.py:3239} INFO - Sync 1 DAGs
[2025-07-02T23:39:52.288+0000] {logging_mixin.py:190} INFO - [2025-07-02T23:39:52.287+0000] {dag.py:4180} INFO - Setting next_dagrun for tutorial_dag to None, run_after=None
[2025-07-02T23:39:52.304+0000] {processor.py:208} INFO - Processing /home/airflow/.local/lib/python3.12/site-packages/airflow/example_dags/tutorial_dag.py took 0.067 seconds
[2025-07-02T23:40:22.483+0000] {processor.py:186} INFO - Started process (PID=1533) to work on /home/airflow/.local/lib/python3.12/site-packages/airflow/example_dags/tutorial_dag.py
[2025-07-02T23:40:22.483+0000] {processor.py:914} INFO - Processing file /home/airflow/.local/lib/python3.12/site-packages/airflow/example_dags/tutorial_dag.py for tasks to queue
[2025-07-02T23:40:22.486+0000] {logging_mixin.py:190} INFO - [2025-07-02T23:40:22.486+0000] {dagbag.py:588} INFO - Filling up the DagBag from /home/airflow/.local/lib/python3.12/site-packages/airflow/example_dags/tutorial_dag.py
[2025-07-02T23:40:22.493+0000] {processor.py:925} INFO - DAG(s) 'tutorial_dag' retrieved from /home/airflow/.local/lib/python3.12/site-packages/airflow/example_dags/tutorial_dag.py
[2025-07-02T23:40:22.511+0000] {logging_mixin.py:190} INFO - [2025-07-02T23:40:22.511+0000] {dag.py:3239} INFO - Sync 1 DAGs
[2025-07-02T23:40:22.524+0000] {logging_mixin.py:190} INFO - [2025-07-02T23:40:22.524+0000] {dag.py:4180} INFO - Setting next_dagrun for tutorial_dag to None, run_after=None
[2025-07-02T23:40:22.540+0000] {processor.py:208} INFO - Processing /home/airflow/.local/lib/python3.12/site-packages/airflow/example_dags/tutorial_dag.py took 0.063 seconds
[2025-07-02T23:40:53.270+0000] {processor.py:186} INFO - Started process (PID=1595) to work on /home/airflow/.local/lib/python3.12/site-packages/airflow/example_dags/tutorial_dag.py
[2025-07-02T23:40:53.271+0000] {processor.py:914} INFO - Processing file /home/airflow/.local/lib/python3.12/site-packages/airflow/example_dags/tutorial_dag.py for tasks to queue
[2025-07-02T23:40:53.275+0000] {logging_mixin.py:190} INFO - [2025-07-02T23:40:53.275+0000] {dagbag.py:588} INFO - Filling up the DagBag from /home/airflow/.local/lib/python3.12/site-packages/airflow/example_dags/tutorial_dag.py
[2025-07-02T23:40:53.283+0000] {processor.py:925} INFO - DAG(s) 'tutorial_dag' retrieved from /home/airflow/.local/lib/python3.12/site-packages/airflow/example_dags/tutorial_dag.py
[2025-07-02T23:40:53.302+0000] {logging_mixin.py:190} INFO - [2025-07-02T23:40:53.302+0000] {dag.py:3239} INFO - Sync 1 DAGs
[2025-07-02T23:40:53.317+0000] {logging_mixin.py:190} INFO - [2025-07-02T23:40:53.316+0000] {dag.py:4180} INFO - Setting next_dagrun for tutorial_dag to None, run_after=None
[2025-07-02T23:40:53.338+0000] {processor.py:208} INFO - Processing /home/airflow/.local/lib/python3.12/site-packages/airflow/example_dags/tutorial_dag.py took 0.076 seconds
[2025-07-02T23:41:24.068+0000] {processor.py:186} INFO - Started process (PID=1657) to work on /home/airflow/.local/lib/python3.12/site-packages/airflow/example_dags/tutorial_dag.py
[2025-07-02T23:41:24.069+0000] {processor.py:914} INFO - Processing file /home/airflow/.local/lib/python3.12/site-packages/airflow/example_dags/tutorial_dag.py for tasks to queue
[2025-07-02T23:41:24.072+0000] {logging_mixin.py:190} INFO - [2025-07-02T23:41:24.072+0000] {dagbag.py:588} INFO - Filling up the DagBag from /home/airflow/.local/lib/python3.12/site-packages/airflow/example_dags/tutorial_dag.py
[2025-07-02T23:41:24.079+0000] {processor.py:925} INFO - DAG(s) 'tutorial_dag' retrieved from /home/airflow/.local/lib/python3.12/site-packages/airflow/example_dags/tutorial_dag.py
[2025-07-02T23:41:24.098+0000] {logging_mixin.py:190} INFO - [2025-07-02T23:41:24.097+0000] {dag.py:3239} INFO - Sync 1 DAGs
[2025-07-02T23:41:24.116+0000] {logging_mixin.py:190} INFO - [2025-07-02T23:41:24.116+0000] {dag.py:4180} INFO - Setting next_dagrun for tutorial_dag to None, run_after=None
[2025-07-02T23:41:24.139+0000] {processor.py:208} INFO - Processing /home/airflow/.local/lib/python3.12/site-packages/airflow/example_dags/tutorial_dag.py took 0.077 seconds
[2025-07-02T23:41:54.832+0000] {processor.py:186} INFO - Started process (PID=1719) to work on /home/airflow/.local/lib/python3.12/site-packages/airflow/example_dags/tutorial_dag.py
[2025-07-02T23:41:54.833+0000] {processor.py:914} INFO - Processing file /home/airflow/.local/lib/python3.12/site-packages/airflow/example_dags/tutorial_dag.py for tasks to queue
[2025-07-02T23:41:54.836+0000] {logging_mixin.py:190} INFO - [2025-07-02T23:41:54.836+0000] {dagbag.py:588} INFO - Filling up the DagBag from /home/airflow/.local/lib/python3.12/site-packages/airflow/example_dags/tutorial_dag.py
[2025-07-02T23:41:54.844+0000] {processor.py:925} INFO - DAG(s) 'tutorial_dag' retrieved from /home/airflow/.local/lib/python3.12/site-packages/airflow/example_dags/tutorial_dag.py
[2025-07-02T23:41:54.864+0000] {logging_mixin.py:190} INFO - [2025-07-02T23:41:54.864+0000] {dag.py:3239} INFO - Sync 1 DAGs
[2025-07-02T23:41:54.878+0000] {logging_mixin.py:190} INFO - [2025-07-02T23:41:54.878+0000] {dag.py:4180} INFO - Setting next_dagrun for tutorial_dag to None, run_after=None
[2025-07-02T23:41:54.894+0000] {processor.py:208} INFO - Processing /home/airflow/.local/lib/python3.12/site-packages/airflow/example_dags/tutorial_dag.py took 0.071 seconds
[2025-07-02T23:42:25.611+0000] {processor.py:186} INFO - Started process (PID=1781) to work on /home/airflow/.local/lib/python3.12/site-packages/airflow/example_dags/tutorial_dag.py
[2025-07-02T23:42:25.613+0000] {processor.py:914} INFO - Processing file /home/airflow/.local/lib/python3.12/site-packages/airflow/example_dags/tutorial_dag.py for tasks to queue
[2025-07-02T23:42:25.616+0000] {logging_mixin.py:190} INFO - [2025-07-02T23:42:25.615+0000] {dagbag.py:588} INFO - Filling up the DagBag from /home/airflow/.local/lib/python3.12/site-packages/airflow/example_dags/tutorial_dag.py
[2025-07-02T23:42:25.623+0000] {processor.py:925} INFO - DAG(s) 'tutorial_dag' retrieved from /home/airflow/.local/lib/python3.12/site-packages/airflow/example_dags/tutorial_dag.py
[2025-07-02T23:42:25.645+0000] {logging_mixin.py:190} INFO - [2025-07-02T23:42:25.644+0000] {dag.py:3239} INFO - Sync 1 DAGs
[2025-07-02T23:42:25.659+0000] {logging_mixin.py:190} INFO - [2025-07-02T23:42:25.659+0000] {dag.py:4180} INFO - Setting next_dagrun for tutorial_dag to None, run_after=None
[2025-07-02T23:42:25.677+0000] {processor.py:208} INFO - Processing /home/airflow/.local/lib/python3.12/site-packages/airflow/example_dags/tutorial_dag.py took 0.072 seconds
[2025-07-02T23:42:56.096+0000] {processor.py:186} INFO - Started process (PID=1843) to work on /home/airflow/.local/lib/python3.12/site-packages/airflow/example_dags/tutorial_dag.py
[2025-07-02T23:42:56.097+0000] {processor.py:914} INFO - Processing file /home/airflow/.local/lib/python3.12/site-packages/airflow/example_dags/tutorial_dag.py for tasks to queue
[2025-07-02T23:42:56.100+0000] {logging_mixin.py:190} INFO - [2025-07-02T23:42:56.099+0000] {dagbag.py:588} INFO - Filling up the DagBag from /home/airflow/.local/lib/python3.12/site-packages/airflow/example_dags/tutorial_dag.py
[2025-07-02T23:42:56.106+0000] {processor.py:925} INFO - DAG(s) 'tutorial_dag' retrieved from /home/airflow/.local/lib/python3.12/site-packages/airflow/example_dags/tutorial_dag.py
[2025-07-02T23:42:56.124+0000] {logging_mixin.py:190} INFO - [2025-07-02T23:42:56.124+0000] {dag.py:3239} INFO - Sync 1 DAGs
[2025-07-02T23:42:56.138+0000] {logging_mixin.py:190} INFO - [2025-07-02T23:42:56.137+0000] {dag.py:4180} INFO - Setting next_dagrun for tutorial_dag to None, run_after=None
[2025-07-02T23:42:56.155+0000] {processor.py:208} INFO - Processing /home/airflow/.local/lib/python3.12/site-packages/airflow/example_dags/tutorial_dag.py took 0.064 seconds
[2025-07-02T23:43:26.198+0000] {processor.py:186} INFO - Started process (PID=1905) to work on /home/airflow/.local/lib/python3.12/site-packages/airflow/example_dags/tutorial_dag.py
[2025-07-02T23:43:26.199+0000] {processor.py:914} INFO - Processing file /home/airflow/.local/lib/python3.12/site-packages/airflow/example_dags/tutorial_dag.py for tasks to queue
[2025-07-02T23:43:26.203+0000] {logging_mixin.py:190} INFO - [2025-07-02T23:43:26.202+0000] {dagbag.py:588} INFO - Filling up the DagBag from /home/airflow/.local/lib/python3.12/site-packages/airflow/example_dags/tutorial_dag.py
[2025-07-02T23:43:26.212+0000] {processor.py:925} INFO - DAG(s) 'tutorial_dag' retrieved from /home/airflow/.local/lib/python3.12/site-packages/airflow/example_dags/tutorial_dag.py
[2025-07-02T23:43:26.236+0000] {logging_mixin.py:190} INFO - [2025-07-02T23:43:26.235+0000] {dag.py:3239} INFO - Sync 1 DAGs
[2025-07-02T23:43:26.252+0000] {logging_mixin.py:190} INFO - [2025-07-02T23:43:26.252+0000] {dag.py:4180} INFO - Setting next_dagrun for tutorial_dag to None, run_after=None
[2025-07-02T23:43:26.274+0000] {processor.py:208} INFO - Processing /home/airflow/.local/lib/python3.12/site-packages/airflow/example_dags/tutorial_dag.py took 0.084 seconds
[2025-07-02T23:43:58.373+0000] {processor.py:186} INFO - Started process (PID=1967) to work on /home/airflow/.local/lib/python3.12/site-packages/airflow/example_dags/tutorial_dag.py
[2025-07-02T23:43:58.374+0000] {processor.py:914} INFO - Processing file /home/airflow/.local/lib/python3.12/site-packages/airflow/example_dags/tutorial_dag.py for tasks to queue
[2025-07-02T23:43:58.377+0000] {logging_mixin.py:190} INFO - [2025-07-02T23:43:58.376+0000] {dagbag.py:588} INFO - Filling up the DagBag from /home/airflow/.local/lib/python3.12/site-packages/airflow/example_dags/tutorial_dag.py
[2025-07-02T23:43:58.385+0000] {processor.py:925} INFO - DAG(s) 'tutorial_dag' retrieved from /home/airflow/.local/lib/python3.12/site-packages/airflow/example_dags/tutorial_dag.py
[2025-07-02T23:43:58.407+0000] {logging_mixin.py:190} INFO - [2025-07-02T23:43:58.407+0000] {dag.py:3239} INFO - Sync 1 DAGs
[2025-07-02T23:43:58.422+0000] {logging_mixin.py:190} INFO - [2025-07-02T23:43:58.421+0000] {dag.py:4180} INFO - Setting next_dagrun for tutorial_dag to None, run_after=None
[2025-07-02T23:43:58.439+0000] {processor.py:208} INFO - Processing /home/airflow/.local/lib/python3.12/site-packages/airflow/example_dags/tutorial_dag.py took 0.071 seconds
[2025-07-02T23:44:28.974+0000] {processor.py:186} INFO - Started process (PID=2029) to work on /home/airflow/.local/lib/python3.12/site-packages/airflow/example_dags/tutorial_dag.py
[2025-07-02T23:44:28.976+0000] {processor.py:914} INFO - Processing file /home/airflow/.local/lib/python3.12/site-packages/airflow/example_dags/tutorial_dag.py for tasks to queue
[2025-07-02T23:44:28.979+0000] {logging_mixin.py:190} INFO - [2025-07-02T23:44:28.979+0000] {dagbag.py:588} INFO - Filling up the DagBag from /home/airflow/.local/lib/python3.12/site-packages/airflow/example_dags/tutorial_dag.py
[2025-07-02T23:44:28.988+0000] {processor.py:925} INFO - DAG(s) 'tutorial_dag' retrieved from /home/airflow/.local/lib/python3.12/site-packages/airflow/example_dags/tutorial_dag.py
[2025-07-02T23:44:29.011+0000] {logging_mixin.py:190} INFO - [2025-07-02T23:44:29.011+0000] {dag.py:3239} INFO - Sync 1 DAGs
[2025-07-02T23:44:29.034+0000] {logging_mixin.py:190} INFO - [2025-07-02T23:44:29.033+0000] {dag.py:4180} INFO - Setting next_dagrun for tutorial_dag to None, run_after=None
[2025-07-02T23:44:29.059+0000] {processor.py:208} INFO - Processing /home/airflow/.local/lib/python3.12/site-packages/airflow/example_dags/tutorial_dag.py took 0.091 seconds
[2025-07-02T23:44:59.301+0000] {processor.py:186} INFO - Started process (PID=2091) to work on /home/airflow/.local/lib/python3.12/site-packages/airflow/example_dags/tutorial_dag.py
[2025-07-02T23:44:59.303+0000] {processor.py:914} INFO - Processing file /home/airflow/.local/lib/python3.12/site-packages/airflow/example_dags/tutorial_dag.py for tasks to queue
[2025-07-02T23:44:59.305+0000] {logging_mixin.py:190} INFO - [2025-07-02T23:44:59.305+0000] {dagbag.py:588} INFO - Filling up the DagBag from /home/airflow/.local/lib/python3.12/site-packages/airflow/example_dags/tutorial_dag.py
[2025-07-02T23:44:59.313+0000] {processor.py:925} INFO - DAG(s) 'tutorial_dag' retrieved from /home/airflow/.local/lib/python3.12/site-packages/airflow/example_dags/tutorial_dag.py
[2025-07-02T23:44:59.333+0000] {logging_mixin.py:190} INFO - [2025-07-02T23:44:59.333+0000] {dag.py:3239} INFO - Sync 1 DAGs
[2025-07-02T23:44:59.347+0000] {logging_mixin.py:190} INFO - [2025-07-02T23:44:59.346+0000] {dag.py:4180} INFO - Setting next_dagrun for tutorial_dag to None, run_after=None
[2025-07-02T23:44:59.365+0000] {processor.py:208} INFO - Processing /home/airflow/.local/lib/python3.12/site-packages/airflow/example_dags/tutorial_dag.py took 0.070 seconds
[2025-07-02T23:45:29.584+0000] {processor.py:186} INFO - Started process (PID=2153) to work on /home/airflow/.local/lib/python3.12/site-packages/airflow/example_dags/tutorial_dag.py
[2025-07-02T23:45:29.585+0000] {processor.py:914} INFO - Processing file /home/airflow/.local/lib/python3.12/site-packages/airflow/example_dags/tutorial_dag.py for tasks to queue
[2025-07-02T23:45:29.588+0000] {logging_mixin.py:190} INFO - [2025-07-02T23:45:29.587+0000] {dagbag.py:588} INFO - Filling up the DagBag from /home/airflow/.local/lib/python3.12/site-packages/airflow/example_dags/tutorial_dag.py
[2025-07-02T23:45:29.598+0000] {processor.py:925} INFO - DAG(s) 'tutorial_dag' retrieved from /home/airflow/.local/lib/python3.12/site-packages/airflow/example_dags/tutorial_dag.py
[2025-07-02T23:45:29.625+0000] {logging_mixin.py:190} INFO - [2025-07-02T23:45:29.625+0000] {dag.py:3239} INFO - Sync 1 DAGs
[2025-07-02T23:45:29.641+0000] {logging_mixin.py:190} INFO - [2025-07-02T23:45:29.641+0000] {dag.py:4180} INFO - Setting next_dagrun for tutorial_dag to None, run_after=None
[2025-07-02T23:45:29.662+0000] {processor.py:208} INFO - Processing /home/airflow/.local/lib/python3.12/site-packages/airflow/example_dags/tutorial_dag.py took 0.085 seconds
[2025-07-02T23:46:00.861+0000] {processor.py:186} INFO - Started process (PID=2215) to work on /home/airflow/.local/lib/python3.12/site-packages/airflow/example_dags/tutorial_dag.py
[2025-07-02T23:46:00.862+0000] {processor.py:914} INFO - Processing file /home/airflow/.local/lib/python3.12/site-packages/airflow/example_dags/tutorial_dag.py for tasks to queue
[2025-07-02T23:46:00.865+0000] {logging_mixin.py:190} INFO - [2025-07-02T23:46:00.865+0000] {dagbag.py:588} INFO - Filling up the DagBag from /home/airflow/.local/lib/python3.12/site-packages/airflow/example_dags/tutorial_dag.py
[2025-07-02T23:46:00.875+0000] {processor.py:925} INFO - DAG(s) 'tutorial_dag' retrieved from /home/airflow/.local/lib/python3.12/site-packages/airflow/example_dags/tutorial_dag.py
[2025-07-02T23:46:00.909+0000] {logging_mixin.py:190} INFO - [2025-07-02T23:46:00.908+0000] {dag.py:3239} INFO - Sync 1 DAGs
[2025-07-02T23:46:00.927+0000] {logging_mixin.py:190} INFO - [2025-07-02T23:46:00.927+0000] {dag.py:4180} INFO - Setting next_dagrun for tutorial_dag to None, run_after=None
[2025-07-02T23:46:00.950+0000] {processor.py:208} INFO - Processing /home/airflow/.local/lib/python3.12/site-packages/airflow/example_dags/tutorial_dag.py took 0.097 seconds
[2025-07-02T23:46:32.099+0000] {processor.py:186} INFO - Started process (PID=2277) to work on /home/airflow/.local/lib/python3.12/site-packages/airflow/example_dags/tutorial_dag.py
[2025-07-02T23:46:32.101+0000] {processor.py:914} INFO - Processing file /home/airflow/.local/lib/python3.12/site-packages/airflow/example_dags/tutorial_dag.py for tasks to queue
[2025-07-02T23:46:32.106+0000] {logging_mixin.py:190} INFO - [2025-07-02T23:46:32.106+0000] {dagbag.py:588} INFO - Filling up the DagBag from /home/airflow/.local/lib/python3.12/site-packages/airflow/example_dags/tutorial_dag.py
[2025-07-02T23:46:32.119+0000] {processor.py:925} INFO - DAG(s) 'tutorial_dag' retrieved from /home/airflow/.local/lib/python3.12/site-packages/airflow/example_dags/tutorial_dag.py
[2025-07-02T23:46:32.142+0000] {logging_mixin.py:190} INFO - [2025-07-02T23:46:32.142+0000] {dag.py:3239} INFO - Sync 1 DAGs
[2025-07-02T23:46:32.157+0000] {logging_mixin.py:190} INFO - [2025-07-02T23:46:32.157+0000] {dag.py:4180} INFO - Setting next_dagrun for tutorial_dag to None, run_after=None
[2025-07-02T23:46:32.182+0000] {processor.py:208} INFO - Processing /home/airflow/.local/lib/python3.12/site-packages/airflow/example_dags/tutorial_dag.py took 0.092 seconds
[2025-07-02T23:47:02.733+0000] {processor.py:186} INFO - Started process (PID=2339) to work on /home/airflow/.local/lib/python3.12/site-packages/airflow/example_dags/tutorial_dag.py
[2025-07-02T23:47:02.734+0000] {processor.py:914} INFO - Processing file /home/airflow/.local/lib/python3.12/site-packages/airflow/example_dags/tutorial_dag.py for tasks to queue
[2025-07-02T23:47:02.737+0000] {logging_mixin.py:190} INFO - [2025-07-02T23:47:02.737+0000] {dagbag.py:588} INFO - Filling up the DagBag from /home/airflow/.local/lib/python3.12/site-packages/airflow/example_dags/tutorial_dag.py
[2025-07-02T23:47:02.746+0000] {processor.py:925} INFO - DAG(s) 'tutorial_dag' retrieved from /home/airflow/.local/lib/python3.12/site-packages/airflow/example_dags/tutorial_dag.py
[2025-07-02T23:47:02.766+0000] {logging_mixin.py:190} INFO - [2025-07-02T23:47:02.766+0000] {dag.py:3239} INFO - Sync 1 DAGs
[2025-07-02T23:47:02.783+0000] {logging_mixin.py:190} INFO - [2025-07-02T23:47:02.783+0000] {dag.py:4180} INFO - Setting next_dagrun for tutorial_dag to None, run_after=None
[2025-07-02T23:47:02.803+0000] {processor.py:208} INFO - Processing /home/airflow/.local/lib/python3.12/site-packages/airflow/example_dags/tutorial_dag.py took 0.076 seconds
[2025-07-02T23:47:33.255+0000] {processor.py:186} INFO - Started process (PID=2407) to work on /home/airflow/.local/lib/python3.12/site-packages/airflow/example_dags/tutorial_dag.py
[2025-07-02T23:47:33.256+0000] {processor.py:914} INFO - Processing file /home/airflow/.local/lib/python3.12/site-packages/airflow/example_dags/tutorial_dag.py for tasks to queue
[2025-07-02T23:47:33.260+0000] {logging_mixin.py:190} INFO - [2025-07-02T23:47:33.259+0000] {dagbag.py:588} INFO - Filling up the DagBag from /home/airflow/.local/lib/python3.12/site-packages/airflow/example_dags/tutorial_dag.py
[2025-07-02T23:47:33.269+0000] {processor.py:925} INFO - DAG(s) 'tutorial_dag' retrieved from /home/airflow/.local/lib/python3.12/site-packages/airflow/example_dags/tutorial_dag.py
[2025-07-02T23:47:33.294+0000] {logging_mixin.py:190} INFO - [2025-07-02T23:47:33.294+0000] {dag.py:3239} INFO - Sync 1 DAGs
[2025-07-02T23:47:33.311+0000] {logging_mixin.py:190} INFO - [2025-07-02T23:47:33.310+0000] {dag.py:4180} INFO - Setting next_dagrun for tutorial_dag to None, run_after=None
[2025-07-02T23:47:33.332+0000] {processor.py:208} INFO - Processing /home/airflow/.local/lib/python3.12/site-packages/airflow/example_dags/tutorial_dag.py took 0.084 seconds
[2025-07-02T23:48:03.567+0000] {processor.py:186} INFO - Started process (PID=2469) to work on /home/airflow/.local/lib/python3.12/site-packages/airflow/example_dags/tutorial_dag.py
[2025-07-02T23:48:03.568+0000] {processor.py:914} INFO - Processing file /home/airflow/.local/lib/python3.12/site-packages/airflow/example_dags/tutorial_dag.py for tasks to queue
[2025-07-02T23:48:03.570+0000] {logging_mixin.py:190} INFO - [2025-07-02T23:48:03.570+0000] {dagbag.py:588} INFO - Filling up the DagBag from /home/airflow/.local/lib/python3.12/site-packages/airflow/example_dags/tutorial_dag.py
[2025-07-02T23:48:03.577+0000] {processor.py:925} INFO - DAG(s) 'tutorial_dag' retrieved from /home/airflow/.local/lib/python3.12/site-packages/airflow/example_dags/tutorial_dag.py
[2025-07-02T23:48:03.596+0000] {logging_mixin.py:190} INFO - [2025-07-02T23:48:03.596+0000] {dag.py:3239} INFO - Sync 1 DAGs
[2025-07-02T23:48:03.610+0000] {logging_mixin.py:190} INFO - [2025-07-02T23:48:03.610+0000] {dag.py:4180} INFO - Setting next_dagrun for tutorial_dag to None, run_after=None
[2025-07-02T23:48:03.628+0000] {processor.py:208} INFO - Processing /home/airflow/.local/lib/python3.12/site-packages/airflow/example_dags/tutorial_dag.py took 0.067 seconds
[2025-07-02T23:48:34.300+0000] {processor.py:186} INFO - Started process (PID=2531) to work on /home/airflow/.local/lib/python3.12/site-packages/airflow/example_dags/tutorial_dag.py
[2025-07-02T23:48:34.301+0000] {processor.py:914} INFO - Processing file /home/airflow/.local/lib/python3.12/site-packages/airflow/example_dags/tutorial_dag.py for tasks to queue
[2025-07-02T23:48:34.305+0000] {logging_mixin.py:190} INFO - [2025-07-02T23:48:34.305+0000] {dagbag.py:588} INFO - Filling up the DagBag from /home/airflow/.local/lib/python3.12/site-packages/airflow/example_dags/tutorial_dag.py
[2025-07-02T23:48:34.313+0000] {processor.py:925} INFO - DAG(s) 'tutorial_dag' retrieved from /home/airflow/.local/lib/python3.12/site-packages/airflow/example_dags/tutorial_dag.py
[2025-07-02T23:48:34.340+0000] {logging_mixin.py:190} INFO - [2025-07-02T23:48:34.340+0000] {dag.py:3239} INFO - Sync 1 DAGs
[2025-07-02T23:48:34.361+0000] {logging_mixin.py:190} INFO - [2025-07-02T23:48:34.361+0000] {dag.py:4180} INFO - Setting next_dagrun for tutorial_dag to None, run_after=None
[2025-07-02T23:48:34.386+0000] {processor.py:208} INFO - Processing /home/airflow/.local/lib/python3.12/site-packages/airflow/example_dags/tutorial_dag.py took 0.093 seconds
[2025-07-02T23:49:04.717+0000] {processor.py:186} INFO - Started process (PID=2593) to work on /home/airflow/.local/lib/python3.12/site-packages/airflow/example_dags/tutorial_dag.py
[2025-07-02T23:49:04.718+0000] {processor.py:914} INFO - Processing file /home/airflow/.local/lib/python3.12/site-packages/airflow/example_dags/tutorial_dag.py for tasks to queue
[2025-07-02T23:49:04.721+0000] {logging_mixin.py:190} INFO - [2025-07-02T23:49:04.721+0000] {dagbag.py:588} INFO - Filling up the DagBag from /home/airflow/.local/lib/python3.12/site-packages/airflow/example_dags/tutorial_dag.py
[2025-07-02T23:49:04.728+0000] {processor.py:925} INFO - DAG(s) 'tutorial_dag' retrieved from /home/airflow/.local/lib/python3.12/site-packages/airflow/example_dags/tutorial_dag.py
[2025-07-02T23:49:04.747+0000] {logging_mixin.py:190} INFO - [2025-07-02T23:49:04.747+0000] {dag.py:3239} INFO - Sync 1 DAGs
[2025-07-02T23:49:04.760+0000] {logging_mixin.py:190} INFO - [2025-07-02T23:49:04.760+0000] {dag.py:4180} INFO - Setting next_dagrun for tutorial_dag to None, run_after=None
[2025-07-02T23:49:04.777+0000] {processor.py:208} INFO - Processing /home/airflow/.local/lib/python3.12/site-packages/airflow/example_dags/tutorial_dag.py took 0.066 seconds
[2025-07-02T23:49:35.399+0000] {processor.py:186} INFO - Started process (PID=2655) to work on /home/airflow/.local/lib/python3.12/site-packages/airflow/example_dags/tutorial_dag.py
[2025-07-02T23:49:35.400+0000] {processor.py:914} INFO - Processing file /home/airflow/.local/lib/python3.12/site-packages/airflow/example_dags/tutorial_dag.py for tasks to queue
[2025-07-02T23:49:35.404+0000] {logging_mixin.py:190} INFO - [2025-07-02T23:49:35.404+0000] {dagbag.py:588} INFO - Filling up the DagBag from /home/airflow/.local/lib/python3.12/site-packages/airflow/example_dags/tutorial_dag.py
[2025-07-02T23:49:35.414+0000] {processor.py:925} INFO - DAG(s) 'tutorial_dag' retrieved from /home/airflow/.local/lib/python3.12/site-packages/airflow/example_dags/tutorial_dag.py
[2025-07-02T23:49:35.436+0000] {logging_mixin.py:190} INFO - [2025-07-02T23:49:35.435+0000] {dag.py:3239} INFO - Sync 1 DAGs
[2025-07-02T23:49:35.451+0000] {logging_mixin.py:190} INFO - [2025-07-02T23:49:35.451+0000] {dag.py:4180} INFO - Setting next_dagrun for tutorial_dag to None, run_after=None
[2025-07-02T23:49:35.470+0000] {processor.py:208} INFO - Processing /home/airflow/.local/lib/python3.12/site-packages/airflow/example_dags/tutorial_dag.py took 0.078 seconds
[2025-07-02T23:50:05.790+0000] {processor.py:186} INFO - Started process (PID=2717) to work on /home/airflow/.local/lib/python3.12/site-packages/airflow/example_dags/tutorial_dag.py
[2025-07-02T23:50:05.793+0000] {processor.py:914} INFO - Processing file /home/airflow/.local/lib/python3.12/site-packages/airflow/example_dags/tutorial_dag.py for tasks to queue
[2025-07-02T23:50:05.796+0000] {logging_mixin.py:190} INFO - [2025-07-02T23:50:05.796+0000] {dagbag.py:588} INFO - Filling up the DagBag from /home/airflow/.local/lib/python3.12/site-packages/airflow/example_dags/tutorial_dag.py
[2025-07-02T23:50:05.805+0000] {processor.py:925} INFO - DAG(s) 'tutorial_dag' retrieved from /home/airflow/.local/lib/python3.12/site-packages/airflow/example_dags/tutorial_dag.py
[2025-07-02T23:50:05.824+0000] {logging_mixin.py:190} INFO - [2025-07-02T23:50:05.824+0000] {dag.py:3239} INFO - Sync 1 DAGs
[2025-07-02T23:50:05.838+0000] {logging_mixin.py:190} INFO - [2025-07-02T23:50:05.838+0000] {dag.py:4180} INFO - Setting next_dagrun for tutorial_dag to None, run_after=None
[2025-07-02T23:50:05.856+0000] {processor.py:208} INFO - Processing /home/airflow/.local/lib/python3.12/site-packages/airflow/example_dags/tutorial_dag.py took 0.073 seconds
[2025-07-02T23:50:37.115+0000] {processor.py:186} INFO - Started process (PID=2779) to work on /home/airflow/.local/lib/python3.12/site-packages/airflow/example_dags/tutorial_dag.py
[2025-07-02T23:50:37.116+0000] {processor.py:914} INFO - Processing file /home/airflow/.local/lib/python3.12/site-packages/airflow/example_dags/tutorial_dag.py for tasks to queue
[2025-07-02T23:50:37.120+0000] {logging_mixin.py:190} INFO - [2025-07-02T23:50:37.119+0000] {dagbag.py:588} INFO - Filling up the DagBag from /home/airflow/.local/lib/python3.12/site-packages/airflow/example_dags/tutorial_dag.py
[2025-07-02T23:50:37.127+0000] {processor.py:925} INFO - DAG(s) 'tutorial_dag' retrieved from /home/airflow/.local/lib/python3.12/site-packages/airflow/example_dags/tutorial_dag.py
[2025-07-02T23:50:37.146+0000] {logging_mixin.py:190} INFO - [2025-07-02T23:50:37.145+0000] {dag.py:3239} INFO - Sync 1 DAGs
[2025-07-02T23:50:37.162+0000] {logging_mixin.py:190} INFO - [2025-07-02T23:50:37.162+0000] {dag.py:4180} INFO - Setting next_dagrun for tutorial_dag to None, run_after=None
[2025-07-02T23:50:37.180+0000] {processor.py:208} INFO - Processing /home/airflow/.local/lib/python3.12/site-packages/airflow/example_dags/tutorial_dag.py took 0.070 seconds
[2025-07-02T23:51:07.773+0000] {processor.py:186} INFO - Started process (PID=2841) to work on /home/airflow/.local/lib/python3.12/site-packages/airflow/example_dags/tutorial_dag.py
[2025-07-02T23:51:07.774+0000] {processor.py:914} INFO - Processing file /home/airflow/.local/lib/python3.12/site-packages/airflow/example_dags/tutorial_dag.py for tasks to queue
[2025-07-02T23:51:07.777+0000] {logging_mixin.py:190} INFO - [2025-07-02T23:51:07.776+0000] {dagbag.py:588} INFO - Filling up the DagBag from /home/airflow/.local/lib/python3.12/site-packages/airflow/example_dags/tutorial_dag.py
[2025-07-02T23:51:07.784+0000] {processor.py:925} INFO - DAG(s) 'tutorial_dag' retrieved from /home/airflow/.local/lib/python3.12/site-packages/airflow/example_dags/tutorial_dag.py
[2025-07-02T23:51:07.805+0000] {logging_mixin.py:190} INFO - [2025-07-02T23:51:07.804+0000] {dag.py:3239} INFO - Sync 1 DAGs
[2025-07-02T23:51:07.819+0000] {logging_mixin.py:190} INFO - [2025-07-02T23:51:07.819+0000] {dag.py:4180} INFO - Setting next_dagrun for tutorial_dag to None, run_after=None
[2025-07-02T23:51:07.838+0000] {processor.py:208} INFO - Processing /home/airflow/.local/lib/python3.12/site-packages/airflow/example_dags/tutorial_dag.py took 0.071 seconds
[2025-07-02T23:51:38.691+0000] {processor.py:186} INFO - Started process (PID=2904) to work on /home/airflow/.local/lib/python3.12/site-packages/airflow/example_dags/tutorial_dag.py
[2025-07-02T23:51:38.692+0000] {processor.py:914} INFO - Processing file /home/airflow/.local/lib/python3.12/site-packages/airflow/example_dags/tutorial_dag.py for tasks to queue
[2025-07-02T23:51:38.695+0000] {logging_mixin.py:190} INFO - [2025-07-02T23:51:38.695+0000] {dagbag.py:588} INFO - Filling up the DagBag from /home/airflow/.local/lib/python3.12/site-packages/airflow/example_dags/tutorial_dag.py
[2025-07-02T23:51:38.702+0000] {processor.py:925} INFO - DAG(s) 'tutorial_dag' retrieved from /home/airflow/.local/lib/python3.12/site-packages/airflow/example_dags/tutorial_dag.py
[2025-07-02T23:51:38.722+0000] {logging_mixin.py:190} INFO - [2025-07-02T23:51:38.722+0000] {dag.py:3239} INFO - Sync 1 DAGs
[2025-07-02T23:51:38.736+0000] {logging_mixin.py:190} INFO - [2025-07-02T23:51:38.736+0000] {dag.py:4180} INFO - Setting next_dagrun for tutorial_dag to None, run_after=None
[2025-07-02T23:51:38.754+0000] {processor.py:208} INFO - Processing /home/airflow/.local/lib/python3.12/site-packages/airflow/example_dags/tutorial_dag.py took 0.068 seconds
[2025-07-02T23:52:09.295+0000] {processor.py:186} INFO - Started process (PID=2966) to work on /home/airflow/.local/lib/python3.12/site-packages/airflow/example_dags/tutorial_dag.py
[2025-07-02T23:52:09.296+0000] {processor.py:914} INFO - Processing file /home/airflow/.local/lib/python3.12/site-packages/airflow/example_dags/tutorial_dag.py for tasks to queue
[2025-07-02T23:52:09.300+0000] {logging_mixin.py:190} INFO - [2025-07-02T23:52:09.299+0000] {dagbag.py:588} INFO - Filling up the DagBag from /home/airflow/.local/lib/python3.12/site-packages/airflow/example_dags/tutorial_dag.py
[2025-07-02T23:52:09.307+0000] {processor.py:925} INFO - DAG(s) 'tutorial_dag' retrieved from /home/airflow/.local/lib/python3.12/site-packages/airflow/example_dags/tutorial_dag.py
[2025-07-02T23:52:09.332+0000] {logging_mixin.py:190} INFO - [2025-07-02T23:52:09.331+0000] {dag.py:3239} INFO - Sync 1 DAGs
[2025-07-02T23:52:09.351+0000] {logging_mixin.py:190} INFO - [2025-07-02T23:52:09.351+0000] {dag.py:4180} INFO - Setting next_dagrun for tutorial_dag to None, run_after=None
[2025-07-02T23:52:09.368+0000] {processor.py:208} INFO - Processing /home/airflow/.local/lib/python3.12/site-packages/airflow/example_dags/tutorial_dag.py took 0.080 seconds
[2025-07-02T23:52:39.836+0000] {processor.py:186} INFO - Started process (PID=3028) to work on /home/airflow/.local/lib/python3.12/site-packages/airflow/example_dags/tutorial_dag.py
[2025-07-02T23:52:39.837+0000] {processor.py:914} INFO - Processing file /home/airflow/.local/lib/python3.12/site-packages/airflow/example_dags/tutorial_dag.py for tasks to queue
[2025-07-02T23:52:39.840+0000] {logging_mixin.py:190} INFO - [2025-07-02T23:52:39.839+0000] {dagbag.py:588} INFO - Filling up the DagBag from /home/airflow/.local/lib/python3.12/site-packages/airflow/example_dags/tutorial_dag.py
[2025-07-02T23:52:39.849+0000] {processor.py:925} INFO - DAG(s) 'tutorial_dag' retrieved from /home/airflow/.local/lib/python3.12/site-packages/airflow/example_dags/tutorial_dag.py
[2025-07-02T23:52:39.872+0000] {logging_mixin.py:190} INFO - [2025-07-02T23:52:39.872+0000] {dag.py:3239} INFO - Sync 1 DAGs
[2025-07-02T23:52:39.890+0000] {logging_mixin.py:190} INFO - [2025-07-02T23:52:39.890+0000] {dag.py:4180} INFO - Setting next_dagrun for tutorial_dag to None, run_after=None
[2025-07-02T23:52:39.910+0000] {processor.py:208} INFO - Processing /home/airflow/.local/lib/python3.12/site-packages/airflow/example_dags/tutorial_dag.py took 0.082 seconds
[2025-07-02T23:53:10.681+0000] {processor.py:186} INFO - Started process (PID=3090) to work on /home/airflow/.local/lib/python3.12/site-packages/airflow/example_dags/tutorial_dag.py
[2025-07-02T23:53:10.682+0000] {processor.py:914} INFO - Processing file /home/airflow/.local/lib/python3.12/site-packages/airflow/example_dags/tutorial_dag.py for tasks to queue
[2025-07-02T23:53:10.684+0000] {logging_mixin.py:190} INFO - [2025-07-02T23:53:10.684+0000] {dagbag.py:588} INFO - Filling up the DagBag from /home/airflow/.local/lib/python3.12/site-packages/airflow/example_dags/tutorial_dag.py
[2025-07-02T23:53:10.691+0000] {processor.py:925} INFO - DAG(s) 'tutorial_dag' retrieved from /home/airflow/.local/lib/python3.12/site-packages/airflow/example_dags/tutorial_dag.py
[2025-07-02T23:53:10.710+0000] {logging_mixin.py:190} INFO - [2025-07-02T23:53:10.710+0000] {dag.py:3239} INFO - Sync 1 DAGs
[2025-07-02T23:53:10.724+0000] {logging_mixin.py:190} INFO - [2025-07-02T23:53:10.724+0000] {dag.py:4180} INFO - Setting next_dagrun for tutorial_dag to None, run_after=None
[2025-07-02T23:53:10.741+0000] {processor.py:208} INFO - Processing /home/airflow/.local/lib/python3.12/site-packages/airflow/example_dags/tutorial_dag.py took 0.066 seconds
[2025-07-02T23:53:41.451+0000] {processor.py:186} INFO - Started process (PID=3152) to work on /home/airflow/.local/lib/python3.12/site-packages/airflow/example_dags/tutorial_dag.py
[2025-07-02T23:53:41.452+0000] {processor.py:914} INFO - Processing file /home/airflow/.local/lib/python3.12/site-packages/airflow/example_dags/tutorial_dag.py for tasks to queue
[2025-07-02T23:53:41.454+0000] {logging_mixin.py:190} INFO - [2025-07-02T23:53:41.454+0000] {dagbag.py:588} INFO - Filling up the DagBag from /home/airflow/.local/lib/python3.12/site-packages/airflow/example_dags/tutorial_dag.py
[2025-07-02T23:53:41.462+0000] {processor.py:925} INFO - DAG(s) 'tutorial_dag' retrieved from /home/airflow/.local/lib/python3.12/site-packages/airflow/example_dags/tutorial_dag.py
[2025-07-02T23:53:41.481+0000] {logging_mixin.py:190} INFO - [2025-07-02T23:53:41.481+0000] {dag.py:3239} INFO - Sync 1 DAGs
[2025-07-02T23:53:41.494+0000] {logging_mixin.py:190} INFO - [2025-07-02T23:53:41.494+0000] {dag.py:4180} INFO - Setting next_dagrun for tutorial_dag to None, run_after=None
[2025-07-02T23:53:41.511+0000] {processor.py:208} INFO - Processing /home/airflow/.local/lib/python3.12/site-packages/airflow/example_dags/tutorial_dag.py took 0.066 seconds
[2025-07-02T23:54:12.134+0000] {processor.py:186} INFO - Started process (PID=3214) to work on /home/airflow/.local/lib/python3.12/site-packages/airflow/example_dags/tutorial_dag.py
[2025-07-02T23:54:12.135+0000] {processor.py:914} INFO - Processing file /home/airflow/.local/lib/python3.12/site-packages/airflow/example_dags/tutorial_dag.py for tasks to queue
[2025-07-02T23:54:12.138+0000] {logging_mixin.py:190} INFO - [2025-07-02T23:54:12.138+0000] {dagbag.py:588} INFO - Filling up the DagBag from /home/airflow/.local/lib/python3.12/site-packages/airflow/example_dags/tutorial_dag.py
[2025-07-02T23:54:12.146+0000] {processor.py:925} INFO - DAG(s) 'tutorial_dag' retrieved from /home/airflow/.local/lib/python3.12/site-packages/airflow/example_dags/tutorial_dag.py
[2025-07-02T23:54:12.166+0000] {logging_mixin.py:190} INFO - [2025-07-02T23:54:12.165+0000] {dag.py:3239} INFO - Sync 1 DAGs
[2025-07-02T23:54:12.183+0000] {logging_mixin.py:190} INFO - [2025-07-02T23:54:12.183+0000] {dag.py:4180} INFO - Setting next_dagrun for tutorial_dag to None, run_after=None
[2025-07-02T23:54:12.202+0000] {processor.py:208} INFO - Processing /home/airflow/.local/lib/python3.12/site-packages/airflow/example_dags/tutorial_dag.py took 0.074 seconds
[2025-07-02T23:54:43.523+0000] {processor.py:186} INFO - Started process (PID=3276) to work on /home/airflow/.local/lib/python3.12/site-packages/airflow/example_dags/tutorial_dag.py
[2025-07-02T23:54:43.524+0000] {processor.py:914} INFO - Processing file /home/airflow/.local/lib/python3.12/site-packages/airflow/example_dags/tutorial_dag.py for tasks to queue
[2025-07-02T23:54:43.527+0000] {logging_mixin.py:190} INFO - [2025-07-02T23:54:43.527+0000] {dagbag.py:588} INFO - Filling up the DagBag from /home/airflow/.local/lib/python3.12/site-packages/airflow/example_dags/tutorial_dag.py
[2025-07-02T23:54:43.535+0000] {processor.py:925} INFO - DAG(s) 'tutorial_dag' retrieved from /home/airflow/.local/lib/python3.12/site-packages/airflow/example_dags/tutorial_dag.py
[2025-07-02T23:54:43.558+0000] {logging_mixin.py:190} INFO - [2025-07-02T23:54:43.558+0000] {dag.py:3239} INFO - Sync 1 DAGs
[2025-07-02T23:54:43.574+0000] {logging_mixin.py:190} INFO - [2025-07-02T23:54:43.574+0000] {dag.py:4180} INFO - Setting next_dagrun for tutorial_dag to None, run_after=None
[2025-07-02T23:54:43.767+0000] {processor.py:208} INFO - Processing /home/airflow/.local/lib/python3.12/site-packages/airflow/example_dags/tutorial_dag.py took 0.251 seconds
[2025-07-02T23:55:13.829+0000] {processor.py:186} INFO - Started process (PID=3338) to work on /home/airflow/.local/lib/python3.12/site-packages/airflow/example_dags/tutorial_dag.py
[2025-07-02T23:55:13.830+0000] {processor.py:914} INFO - Processing file /home/airflow/.local/lib/python3.12/site-packages/airflow/example_dags/tutorial_dag.py for tasks to queue
[2025-07-02T23:55:13.833+0000] {logging_mixin.py:190} INFO - [2025-07-02T23:55:13.832+0000] {dagbag.py:588} INFO - Filling up the DagBag from /home/airflow/.local/lib/python3.12/site-packages/airflow/example_dags/tutorial_dag.py
[2025-07-02T23:55:13.839+0000] {processor.py:925} INFO - DAG(s) 'tutorial_dag' retrieved from /home/airflow/.local/lib/python3.12/site-packages/airflow/example_dags/tutorial_dag.py
[2025-07-02T23:55:13.858+0000] {logging_mixin.py:190} INFO - [2025-07-02T23:55:13.858+0000] {dag.py:3239} INFO - Sync 1 DAGs
[2025-07-02T23:55:13.871+0000] {logging_mixin.py:190} INFO - [2025-07-02T23:55:13.871+0000] {dag.py:4180} INFO - Setting next_dagrun for tutorial_dag to None, run_after=None
[2025-07-02T23:55:13.888+0000] {processor.py:208} INFO - Processing /home/airflow/.local/lib/python3.12/site-packages/airflow/example_dags/tutorial_dag.py took 0.064 seconds
[2025-07-02T23:55:44.227+0000] {processor.py:186} INFO - Started process (PID=3400) to work on /home/airflow/.local/lib/python3.12/site-packages/airflow/example_dags/tutorial_dag.py
[2025-07-02T23:55:44.228+0000] {processor.py:914} INFO - Processing file /home/airflow/.local/lib/python3.12/site-packages/airflow/example_dags/tutorial_dag.py for tasks to queue
[2025-07-02T23:55:44.231+0000] {logging_mixin.py:190} INFO - [2025-07-02T23:55:44.230+0000] {dagbag.py:588} INFO - Filling up the DagBag from /home/airflow/.local/lib/python3.12/site-packages/airflow/example_dags/tutorial_dag.py
[2025-07-02T23:55:44.238+0000] {processor.py:925} INFO - DAG(s) 'tutorial_dag' retrieved from /home/airflow/.local/lib/python3.12/site-packages/airflow/example_dags/tutorial_dag.py
[2025-07-02T23:55:44.257+0000] {logging_mixin.py:190} INFO - [2025-07-02T23:55:44.257+0000] {dag.py:3239} INFO - Sync 1 DAGs
[2025-07-02T23:55:44.272+0000] {logging_mixin.py:190} INFO - [2025-07-02T23:55:44.271+0000] {dag.py:4180} INFO - Setting next_dagrun for tutorial_dag to None, run_after=None
[2025-07-02T23:55:44.289+0000] {processor.py:208} INFO - Processing /home/airflow/.local/lib/python3.12/site-packages/airflow/example_dags/tutorial_dag.py took 0.067 seconds
[2025-07-02T23:56:15.034+0000] {processor.py:186} INFO - Started process (PID=3462) to work on /home/airflow/.local/lib/python3.12/site-packages/airflow/example_dags/tutorial_dag.py
[2025-07-02T23:56:15.035+0000] {processor.py:914} INFO - Processing file /home/airflow/.local/lib/python3.12/site-packages/airflow/example_dags/tutorial_dag.py for tasks to queue
[2025-07-02T23:56:15.038+0000] {logging_mixin.py:190} INFO - [2025-07-02T23:56:15.037+0000] {dagbag.py:588} INFO - Filling up the DagBag from /home/airflow/.local/lib/python3.12/site-packages/airflow/example_dags/tutorial_dag.py
[2025-07-02T23:56:15.044+0000] {processor.py:925} INFO - DAG(s) 'tutorial_dag' retrieved from /home/airflow/.local/lib/python3.12/site-packages/airflow/example_dags/tutorial_dag.py
[2025-07-02T23:56:15.062+0000] {logging_mixin.py:190} INFO - [2025-07-02T23:56:15.062+0000] {dag.py:3239} INFO - Sync 1 DAGs
[2025-07-02T23:56:15.077+0000] {logging_mixin.py:190} INFO - [2025-07-02T23:56:15.077+0000] {dag.py:4180} INFO - Setting next_dagrun for tutorial_dag to None, run_after=None
[2025-07-02T23:56:15.095+0000] {processor.py:208} INFO - Processing /home/airflow/.local/lib/python3.12/site-packages/airflow/example_dags/tutorial_dag.py took 0.067 seconds
[2025-07-02T23:56:46.822+0000] {processor.py:186} INFO - Started process (PID=3524) to work on /home/airflow/.local/lib/python3.12/site-packages/airflow/example_dags/tutorial_dag.py
[2025-07-02T23:56:46.824+0000] {processor.py:914} INFO - Processing file /home/airflow/.local/lib/python3.12/site-packages/airflow/example_dags/tutorial_dag.py for tasks to queue
[2025-07-02T23:56:46.827+0000] {logging_mixin.py:190} INFO - [2025-07-02T23:56:46.827+0000] {dagbag.py:588} INFO - Filling up the DagBag from /home/airflow/.local/lib/python3.12/site-packages/airflow/example_dags/tutorial_dag.py
[2025-07-02T23:56:46.835+0000] {processor.py:925} INFO - DAG(s) 'tutorial_dag' retrieved from /home/airflow/.local/lib/python3.12/site-packages/airflow/example_dags/tutorial_dag.py
[2025-07-02T23:56:46.858+0000] {logging_mixin.py:190} INFO - [2025-07-02T23:56:46.858+0000] {dag.py:3239} INFO - Sync 1 DAGs
[2025-07-02T23:56:47.050+0000] {logging_mixin.py:190} INFO - [2025-07-02T23:56:47.049+0000] {dag.py:4180} INFO - Setting next_dagrun for tutorial_dag to None, run_after=None
[2025-07-02T23:56:47.075+0000] {processor.py:208} INFO - Processing /home/airflow/.local/lib/python3.12/site-packages/airflow/example_dags/tutorial_dag.py took 0.259 seconds
[2025-07-02T23:57:17.278+0000] {processor.py:186} INFO - Started process (PID=3586) to work on /home/airflow/.local/lib/python3.12/site-packages/airflow/example_dags/tutorial_dag.py
[2025-07-02T23:57:17.279+0000] {processor.py:914} INFO - Processing file /home/airflow/.local/lib/python3.12/site-packages/airflow/example_dags/tutorial_dag.py for tasks to queue
[2025-07-02T23:57:17.282+0000] {logging_mixin.py:190} INFO - [2025-07-02T23:57:17.281+0000] {dagbag.py:588} INFO - Filling up the DagBag from /home/airflow/.local/lib/python3.12/site-packages/airflow/example_dags/tutorial_dag.py
[2025-07-02T23:57:17.289+0000] {processor.py:925} INFO - DAG(s) 'tutorial_dag' retrieved from /home/airflow/.local/lib/python3.12/site-packages/airflow/example_dags/tutorial_dag.py
[2025-07-02T23:57:17.309+0000] {logging_mixin.py:190} INFO - [2025-07-02T23:57:17.309+0000] {dag.py:3239} INFO - Sync 1 DAGs
[2025-07-02T23:57:17.324+0000] {logging_mixin.py:190} INFO - [2025-07-02T23:57:17.324+0000] {dag.py:4180} INFO - Setting next_dagrun for tutorial_dag to None, run_after=None
[2025-07-02T23:57:17.342+0000] {processor.py:208} INFO - Processing /home/airflow/.local/lib/python3.12/site-packages/airflow/example_dags/tutorial_dag.py took 0.070 seconds
[2025-07-02T23:57:47.717+0000] {processor.py:186} INFO - Started process (PID=3648) to work on /home/airflow/.local/lib/python3.12/site-packages/airflow/example_dags/tutorial_dag.py
[2025-07-02T23:57:47.718+0000] {processor.py:914} INFO - Processing file /home/airflow/.local/lib/python3.12/site-packages/airflow/example_dags/tutorial_dag.py for tasks to queue
[2025-07-02T23:57:47.721+0000] {logging_mixin.py:190} INFO - [2025-07-02T23:57:47.721+0000] {dagbag.py:588} INFO - Filling up the DagBag from /home/airflow/.local/lib/python3.12/site-packages/airflow/example_dags/tutorial_dag.py
[2025-07-02T23:57:47.728+0000] {processor.py:925} INFO - DAG(s) 'tutorial_dag' retrieved from /home/airflow/.local/lib/python3.12/site-packages/airflow/example_dags/tutorial_dag.py
[2025-07-02T23:57:47.747+0000] {logging_mixin.py:190} INFO - [2025-07-02T23:57:47.747+0000] {dag.py:3239} INFO - Sync 1 DAGs
[2025-07-02T23:57:47.760+0000] {logging_mixin.py:190} INFO - [2025-07-02T23:57:47.760+0000] {dag.py:4180} INFO - Setting next_dagrun for tutorial_dag to None, run_after=None
[2025-07-02T23:57:47.780+0000] {processor.py:208} INFO - Processing /home/airflow/.local/lib/python3.12/site-packages/airflow/example_dags/tutorial_dag.py took 0.068 seconds
[2025-07-02T23:58:18.260+0000] {processor.py:186} INFO - Started process (PID=3710) to work on /home/airflow/.local/lib/python3.12/site-packages/airflow/example_dags/tutorial_dag.py
[2025-07-02T23:58:18.261+0000] {processor.py:914} INFO - Processing file /home/airflow/.local/lib/python3.12/site-packages/airflow/example_dags/tutorial_dag.py for tasks to queue
[2025-07-02T23:58:18.264+0000] {logging_mixin.py:190} INFO - [2025-07-02T23:58:18.263+0000] {dagbag.py:588} INFO - Filling up the DagBag from /home/airflow/.local/lib/python3.12/site-packages/airflow/example_dags/tutorial_dag.py
[2025-07-02T23:58:18.270+0000] {processor.py:925} INFO - DAG(s) 'tutorial_dag' retrieved from /home/airflow/.local/lib/python3.12/site-packages/airflow/example_dags/tutorial_dag.py
[2025-07-02T23:58:18.288+0000] {logging_mixin.py:190} INFO - [2025-07-02T23:58:18.287+0000] {dag.py:3239} INFO - Sync 1 DAGs
[2025-07-02T23:58:18.303+0000] {logging_mixin.py:190} INFO - [2025-07-02T23:58:18.303+0000] {dag.py:4180} INFO - Setting next_dagrun for tutorial_dag to None, run_after=None
[2025-07-02T23:58:18.320+0000] {processor.py:208} INFO - Processing /home/airflow/.local/lib/python3.12/site-packages/airflow/example_dags/tutorial_dag.py took 0.066 seconds
[2025-07-02T23:58:48.678+0000] {processor.py:186} INFO - Started process (PID=3772) to work on /home/airflow/.local/lib/python3.12/site-packages/airflow/example_dags/tutorial_dag.py
[2025-07-02T23:58:48.679+0000] {processor.py:914} INFO - Processing file /home/airflow/.local/lib/python3.12/site-packages/airflow/example_dags/tutorial_dag.py for tasks to queue
[2025-07-02T23:58:48.682+0000] {logging_mixin.py:190} INFO - [2025-07-02T23:58:48.682+0000] {dagbag.py:588} INFO - Filling up the DagBag from /home/airflow/.local/lib/python3.12/site-packages/airflow/example_dags/tutorial_dag.py
[2025-07-02T23:58:48.689+0000] {processor.py:925} INFO - DAG(s) 'tutorial_dag' retrieved from /home/airflow/.local/lib/python3.12/site-packages/airflow/example_dags/tutorial_dag.py
[2025-07-02T23:58:48.708+0000] {logging_mixin.py:190} INFO - [2025-07-02T23:58:48.708+0000] {dag.py:3239} INFO - Sync 1 DAGs
[2025-07-02T23:58:48.724+0000] {logging_mixin.py:190} INFO - [2025-07-02T23:58:48.723+0000] {dag.py:4180} INFO - Setting next_dagrun for tutorial_dag to None, run_after=None
[2025-07-02T23:58:48.745+0000] {processor.py:208} INFO - Processing /home/airflow/.local/lib/python3.12/site-packages/airflow/example_dags/tutorial_dag.py took 0.072 seconds
[2025-07-02T23:59:19.231+0000] {processor.py:186} INFO - Started process (PID=3834) to work on /home/airflow/.local/lib/python3.12/site-packages/airflow/example_dags/tutorial_dag.py
[2025-07-02T23:59:19.232+0000] {processor.py:914} INFO - Processing file /home/airflow/.local/lib/python3.12/site-packages/airflow/example_dags/tutorial_dag.py for tasks to queue
[2025-07-02T23:59:19.235+0000] {logging_mixin.py:190} INFO - [2025-07-02T23:59:19.235+0000] {dagbag.py:588} INFO - Filling up the DagBag from /home/airflow/.local/lib/python3.12/site-packages/airflow/example_dags/tutorial_dag.py
[2025-07-02T23:59:19.242+0000] {processor.py:925} INFO - DAG(s) 'tutorial_dag' retrieved from /home/airflow/.local/lib/python3.12/site-packages/airflow/example_dags/tutorial_dag.py
[2025-07-02T23:59:19.261+0000] {logging_mixin.py:190} INFO - [2025-07-02T23:59:19.261+0000] {dag.py:3239} INFO - Sync 1 DAGs
[2025-07-02T23:59:19.274+0000] {logging_mixin.py:190} INFO - [2025-07-02T23:59:19.274+0000] {dag.py:4180} INFO - Setting next_dagrun for tutorial_dag to None, run_after=None
[2025-07-02T23:59:19.290+0000] {processor.py:208} INFO - Processing /home/airflow/.local/lib/python3.12/site-packages/airflow/example_dags/tutorial_dag.py took 0.065 seconds
[2025-07-02T23:59:49.685+0000] {processor.py:186} INFO - Started process (PID=3896) to work on /home/airflow/.local/lib/python3.12/site-packages/airflow/example_dags/tutorial_dag.py
[2025-07-02T23:59:49.686+0000] {processor.py:914} INFO - Processing file /home/airflow/.local/lib/python3.12/site-packages/airflow/example_dags/tutorial_dag.py for tasks to queue
[2025-07-02T23:59:49.689+0000] {logging_mixin.py:190} INFO - [2025-07-02T23:59:49.688+0000] {dagbag.py:588} INFO - Filling up the DagBag from /home/airflow/.local/lib/python3.12/site-packages/airflow/example_dags/tutorial_dag.py
[2025-07-02T23:59:49.695+0000] {processor.py:925} INFO - DAG(s) 'tutorial_dag' retrieved from /home/airflow/.local/lib/python3.12/site-packages/airflow/example_dags/tutorial_dag.py
[2025-07-02T23:59:49.714+0000] {logging_mixin.py:190} INFO - [2025-07-02T23:59:49.713+0000] {dag.py:3239} INFO - Sync 1 DAGs
[2025-07-02T23:59:49.729+0000] {logging_mixin.py:190} INFO - [2025-07-02T23:59:49.729+0000] {dag.py:4180} INFO - Setting next_dagrun for tutorial_dag to None, run_after=None
[2025-07-02T23:59:49.745+0000] {processor.py:208} INFO - Processing /home/airflow/.local/lib/python3.12/site-packages/airflow/example_dags/tutorial_dag.py took 0.069 seconds
