[2025-07-02T23:29:09.585+0000] {processor.py:186} INFO - Started process (PID=168) to work on /home/airflow/.local/lib/python3.12/site-packages/airflow/example_dags/tutorial.py
[2025-07-02T23:29:09.587+0000] {processor.py:914} INFO - Processing file /home/airflow/.local/lib/python3.12/site-packages/airflow/example_dags/tutorial.py for tasks to queue
[2025-07-02T23:29:09.595+0000] {logging_mixin.py:190} INFO - [2025-07-02T23:29:09.594+0000] {dagbag.py:588} INFO - Filling up the DagBag from /home/airflow/.local/lib/python3.12/site-packages/airflow/example_dags/tutorial.py
[2025-07-02T23:29:09.628+0000] {processor.py:925} INFO - DAG(s) 'tutorial' retrieved from /home/airflow/.local/lib/python3.12/site-packages/airflow/example_dags/tutorial.py
[2025-07-02T23:29:09.724+0000] {logging_mixin.py:190} INFO - [2025-07-02T23:29:09.723+0000] {dag.py:3239} INFO - Sync 1 DAGs
[2025-07-02T23:29:09.810+0000] {logging_mixin.py:190} INFO - [2025-07-02T23:29:09.809+0000] {dag.py:4180} INFO - Setting next_dagrun for tutorial to 2025-07-01 00:00:00+00:00, run_after=2025-07-02 00:00:00+00:00
[2025-07-02T23:29:09.886+0000] {processor.py:208} INFO - Processing /home/airflow/.local/lib/python3.12/site-packages/airflow/example_dags/tutorial.py took 0.318 seconds
[2025-07-02T23:29:40.817+0000] {processor.py:186} INFO - Started process (PID=230) to work on /home/airflow/.local/lib/python3.12/site-packages/airflow/example_dags/tutorial.py
[2025-07-02T23:29:40.819+0000] {processor.py:914} INFO - Processing file /home/airflow/.local/lib/python3.12/site-packages/airflow/example_dags/tutorial.py for tasks to queue
[2025-07-02T23:29:40.827+0000] {logging_mixin.py:190} INFO - [2025-07-02T23:29:40.826+0000] {dagbag.py:588} INFO - Filling up the DagBag from /home/airflow/.local/lib/python3.12/site-packages/airflow/example_dags/tutorial.py
[2025-07-02T23:29:40.840+0000] {processor.py:925} INFO - DAG(s) 'tutorial' retrieved from /home/airflow/.local/lib/python3.12/site-packages/airflow/example_dags/tutorial.py
[2025-07-02T23:29:40.888+0000] {logging_mixin.py:190} INFO - [2025-07-02T23:29:40.888+0000] {dag.py:3239} INFO - Sync 1 DAGs
[2025-07-02T23:29:40.948+0000] {logging_mixin.py:190} INFO - [2025-07-02T23:29:40.948+0000] {dag.py:4180} INFO - Setting next_dagrun for tutorial to 2025-07-01 00:00:00+00:00, run_after=2025-07-02 00:00:00+00:00
[2025-07-02T23:29:41.014+0000] {processor.py:208} INFO - Processing /home/airflow/.local/lib/python3.12/site-packages/airflow/example_dags/tutorial.py took 0.211 seconds
[2025-07-02T23:30:11.457+0000] {processor.py:186} INFO - Started process (PID=292) to work on /home/airflow/.local/lib/python3.12/site-packages/airflow/example_dags/tutorial.py
[2025-07-02T23:30:11.459+0000] {processor.py:914} INFO - Processing file /home/airflow/.local/lib/python3.12/site-packages/airflow/example_dags/tutorial.py for tasks to queue
[2025-07-02T23:30:11.463+0000] {logging_mixin.py:190} INFO - [2025-07-02T23:30:11.462+0000] {dagbag.py:588} INFO - Filling up the DagBag from /home/airflow/.local/lib/python3.12/site-packages/airflow/example_dags/tutorial.py
[2025-07-02T23:30:11.476+0000] {processor.py:925} INFO - DAG(s) 'tutorial' retrieved from /home/airflow/.local/lib/python3.12/site-packages/airflow/example_dags/tutorial.py
[2025-07-02T23:30:11.518+0000] {logging_mixin.py:190} INFO - [2025-07-02T23:30:11.518+0000] {dag.py:3239} INFO - Sync 1 DAGs
[2025-07-02T23:30:11.565+0000] {logging_mixin.py:190} INFO - [2025-07-02T23:30:11.565+0000] {dag.py:4180} INFO - Setting next_dagrun for tutorial to 2025-07-01 00:00:00+00:00, run_after=2025-07-02 00:00:00+00:00
[2025-07-02T23:30:11.643+0000] {processor.py:208} INFO - Processing /home/airflow/.local/lib/python3.12/site-packages/airflow/example_dags/tutorial.py took 0.197 seconds
[2025-07-02T23:30:42.028+0000] {processor.py:186} INFO - Started process (PID=354) to work on /home/airflow/.local/lib/python3.12/site-packages/airflow/example_dags/tutorial.py
[2025-07-02T23:30:42.030+0000] {processor.py:914} INFO - Processing file /home/airflow/.local/lib/python3.12/site-packages/airflow/example_dags/tutorial.py for tasks to queue
[2025-07-02T23:30:42.034+0000] {logging_mixin.py:190} INFO - [2025-07-02T23:30:42.034+0000] {dagbag.py:588} INFO - Filling up the DagBag from /home/airflow/.local/lib/python3.12/site-packages/airflow/example_dags/tutorial.py
[2025-07-02T23:30:42.044+0000] {processor.py:925} INFO - DAG(s) 'tutorial' retrieved from /home/airflow/.local/lib/python3.12/site-packages/airflow/example_dags/tutorial.py
[2025-07-02T23:30:42.063+0000] {logging_mixin.py:190} INFO - [2025-07-02T23:30:42.062+0000] {dag.py:3239} INFO - Sync 1 DAGs
[2025-07-02T23:30:42.093+0000] {logging_mixin.py:190} INFO - [2025-07-02T23:30:42.093+0000] {dag.py:4180} INFO - Setting next_dagrun for tutorial to 2025-07-01 00:00:00+00:00, run_after=2025-07-02 00:00:00+00:00
[2025-07-02T23:30:42.116+0000] {processor.py:208} INFO - Processing /home/airflow/.local/lib/python3.12/site-packages/airflow/example_dags/tutorial.py took 0.096 seconds
[2025-07-02T23:31:12.883+0000] {processor.py:186} INFO - Started process (PID=416) to work on /home/airflow/.local/lib/python3.12/site-packages/airflow/example_dags/tutorial.py
[2025-07-02T23:31:12.885+0000] {processor.py:914} INFO - Processing file /home/airflow/.local/lib/python3.12/site-packages/airflow/example_dags/tutorial.py for tasks to queue
[2025-07-02T23:31:12.889+0000] {logging_mixin.py:190} INFO - [2025-07-02T23:31:12.888+0000] {dagbag.py:588} INFO - Filling up the DagBag from /home/airflow/.local/lib/python3.12/site-packages/airflow/example_dags/tutorial.py
[2025-07-02T23:31:12.898+0000] {processor.py:925} INFO - DAG(s) 'tutorial' retrieved from /home/airflow/.local/lib/python3.12/site-packages/airflow/example_dags/tutorial.py
[2025-07-02T23:31:12.929+0000] {logging_mixin.py:190} INFO - [2025-07-02T23:31:12.929+0000] {dag.py:3239} INFO - Sync 1 DAGs
[2025-07-02T23:31:12.990+0000] {logging_mixin.py:190} INFO - [2025-07-02T23:31:12.990+0000] {dag.py:4180} INFO - Setting next_dagrun for tutorial to 2025-07-01 00:00:00+00:00, run_after=2025-07-02 00:00:00+00:00
[2025-07-02T23:31:13.025+0000] {processor.py:208} INFO - Processing /home/airflow/.local/lib/python3.12/site-packages/airflow/example_dags/tutorial.py took 0.150 seconds
[2025-07-02T23:31:43.142+0000] {processor.py:186} INFO - Started process (PID=478) to work on /home/airflow/.local/lib/python3.12/site-packages/airflow/example_dags/tutorial.py
[2025-07-02T23:31:43.143+0000] {processor.py:914} INFO - Processing file /home/airflow/.local/lib/python3.12/site-packages/airflow/example_dags/tutorial.py for tasks to queue
[2025-07-02T23:31:43.146+0000] {logging_mixin.py:190} INFO - [2025-07-02T23:31:43.146+0000] {dagbag.py:588} INFO - Filling up the DagBag from /home/airflow/.local/lib/python3.12/site-packages/airflow/example_dags/tutorial.py
[2025-07-02T23:31:43.156+0000] {processor.py:925} INFO - DAG(s) 'tutorial' retrieved from /home/airflow/.local/lib/python3.12/site-packages/airflow/example_dags/tutorial.py
[2025-07-02T23:31:43.179+0000] {logging_mixin.py:190} INFO - [2025-07-02T23:31:43.179+0000] {dag.py:3239} INFO - Sync 1 DAGs
[2025-07-02T23:31:43.201+0000] {logging_mixin.py:190} INFO - [2025-07-02T23:31:43.201+0000] {dag.py:4180} INFO - Setting next_dagrun for tutorial to 2025-07-01 00:00:00+00:00, run_after=2025-07-02 00:00:00+00:00
[2025-07-02T23:31:43.218+0000] {processor.py:208} INFO - Processing /home/airflow/.local/lib/python3.12/site-packages/airflow/example_dags/tutorial.py took 0.082 seconds
[2025-07-02T23:32:13.554+0000] {processor.py:186} INFO - Started process (PID=540) to work on /home/airflow/.local/lib/python3.12/site-packages/airflow/example_dags/tutorial.py
[2025-07-02T23:32:13.555+0000] {processor.py:914} INFO - Processing file /home/airflow/.local/lib/python3.12/site-packages/airflow/example_dags/tutorial.py for tasks to queue
[2025-07-02T23:32:13.557+0000] {logging_mixin.py:190} INFO - [2025-07-02T23:32:13.557+0000] {dagbag.py:588} INFO - Filling up the DagBag from /home/airflow/.local/lib/python3.12/site-packages/airflow/example_dags/tutorial.py
[2025-07-02T23:32:13.566+0000] {processor.py:925} INFO - DAG(s) 'tutorial' retrieved from /home/airflow/.local/lib/python3.12/site-packages/airflow/example_dags/tutorial.py
[2025-07-02T23:32:13.593+0000] {logging_mixin.py:190} INFO - [2025-07-02T23:32:13.592+0000] {dag.py:3239} INFO - Sync 1 DAGs
[2025-07-02T23:32:13.622+0000] {logging_mixin.py:190} INFO - [2025-07-02T23:32:13.621+0000] {dag.py:4180} INFO - Setting next_dagrun for tutorial to 2025-07-01 00:00:00+00:00, run_after=2025-07-02 00:00:00+00:00
[2025-07-02T23:32:13.651+0000] {processor.py:208} INFO - Processing /home/airflow/.local/lib/python3.12/site-packages/airflow/example_dags/tutorial.py took 0.103 seconds
[2025-07-02T23:32:43.895+0000] {processor.py:186} INFO - Started process (PID=602) to work on /home/airflow/.local/lib/python3.12/site-packages/airflow/example_dags/tutorial.py
[2025-07-02T23:32:43.896+0000] {processor.py:914} INFO - Processing file /home/airflow/.local/lib/python3.12/site-packages/airflow/example_dags/tutorial.py for tasks to queue
[2025-07-02T23:32:43.899+0000] {logging_mixin.py:190} INFO - [2025-07-02T23:32:43.899+0000] {dagbag.py:588} INFO - Filling up the DagBag from /home/airflow/.local/lib/python3.12/site-packages/airflow/example_dags/tutorial.py
[2025-07-02T23:32:43.907+0000] {processor.py:925} INFO - DAG(s) 'tutorial' retrieved from /home/airflow/.local/lib/python3.12/site-packages/airflow/example_dags/tutorial.py
[2025-07-02T23:32:43.929+0000] {logging_mixin.py:190} INFO - [2025-07-02T23:32:43.928+0000] {dag.py:3239} INFO - Sync 1 DAGs
[2025-07-02T23:32:43.959+0000] {logging_mixin.py:190} INFO - [2025-07-02T23:32:43.959+0000] {dag.py:4180} INFO - Setting next_dagrun for tutorial to 2025-07-01 00:00:00+00:00, run_after=2025-07-02 00:00:00+00:00
[2025-07-02T23:32:44.001+0000] {processor.py:208} INFO - Processing /home/airflow/.local/lib/python3.12/site-packages/airflow/example_dags/tutorial.py took 0.111 seconds
[2025-07-02T23:33:14.424+0000] {processor.py:186} INFO - Started process (PID=664) to work on /home/airflow/.local/lib/python3.12/site-packages/airflow/example_dags/tutorial.py
[2025-07-02T23:33:14.425+0000] {processor.py:914} INFO - Processing file /home/airflow/.local/lib/python3.12/site-packages/airflow/example_dags/tutorial.py for tasks to queue
[2025-07-02T23:33:14.430+0000] {logging_mixin.py:190} INFO - [2025-07-02T23:33:14.429+0000] {dagbag.py:588} INFO - Filling up the DagBag from /home/airflow/.local/lib/python3.12/site-packages/airflow/example_dags/tutorial.py
[2025-07-02T23:33:14.443+0000] {processor.py:925} INFO - DAG(s) 'tutorial' retrieved from /home/airflow/.local/lib/python3.12/site-packages/airflow/example_dags/tutorial.py
[2025-07-02T23:33:14.477+0000] {logging_mixin.py:190} INFO - [2025-07-02T23:33:14.477+0000] {dag.py:3239} INFO - Sync 1 DAGs
[2025-07-02T23:33:14.524+0000] {logging_mixin.py:190} INFO - [2025-07-02T23:33:14.524+0000] {dag.py:4180} INFO - Setting next_dagrun for tutorial to 2025-07-01 00:00:00+00:00, run_after=2025-07-02 00:00:00+00:00
[2025-07-02T23:33:14.572+0000] {processor.py:208} INFO - Processing /home/airflow/.local/lib/python3.12/site-packages/airflow/example_dags/tutorial.py took 0.154 seconds
[2025-07-02T23:33:44.689+0000] {processor.py:186} INFO - Started process (PID=726) to work on /home/airflow/.local/lib/python3.12/site-packages/airflow/example_dags/tutorial.py
[2025-07-02T23:33:44.690+0000] {processor.py:914} INFO - Processing file /home/airflow/.local/lib/python3.12/site-packages/airflow/example_dags/tutorial.py for tasks to queue
[2025-07-02T23:33:44.693+0000] {logging_mixin.py:190} INFO - [2025-07-02T23:33:44.693+0000] {dagbag.py:588} INFO - Filling up the DagBag from /home/airflow/.local/lib/python3.12/site-packages/airflow/example_dags/tutorial.py
[2025-07-02T23:33:44.701+0000] {processor.py:925} INFO - DAG(s) 'tutorial' retrieved from /home/airflow/.local/lib/python3.12/site-packages/airflow/example_dags/tutorial.py
[2025-07-02T23:33:44.722+0000] {logging_mixin.py:190} INFO - [2025-07-02T23:33:44.722+0000] {dag.py:3239} INFO - Sync 1 DAGs
[2025-07-02T23:33:44.747+0000] {logging_mixin.py:190} INFO - [2025-07-02T23:33:44.747+0000] {dag.py:4180} INFO - Setting next_dagrun for tutorial to 2025-07-01 00:00:00+00:00, run_after=2025-07-02 00:00:00+00:00
[2025-07-02T23:33:44.764+0000] {processor.py:208} INFO - Processing /home/airflow/.local/lib/python3.12/site-packages/airflow/example_dags/tutorial.py took 0.081 seconds
[2025-07-02T23:34:14.816+0000] {processor.py:186} INFO - Started process (PID=788) to work on /home/airflow/.local/lib/python3.12/site-packages/airflow/example_dags/tutorial.py
[2025-07-02T23:34:14.817+0000] {processor.py:914} INFO - Processing file /home/airflow/.local/lib/python3.12/site-packages/airflow/example_dags/tutorial.py for tasks to queue
[2025-07-02T23:34:14.819+0000] {logging_mixin.py:190} INFO - [2025-07-02T23:34:14.819+0000] {dagbag.py:588} INFO - Filling up the DagBag from /home/airflow/.local/lib/python3.12/site-packages/airflow/example_dags/tutorial.py
[2025-07-02T23:34:14.827+0000] {processor.py:925} INFO - DAG(s) 'tutorial' retrieved from /home/airflow/.local/lib/python3.12/site-packages/airflow/example_dags/tutorial.py
[2025-07-02T23:34:14.846+0000] {logging_mixin.py:190} INFO - [2025-07-02T23:34:14.846+0000] {dag.py:3239} INFO - Sync 1 DAGs
[2025-07-02T23:34:14.870+0000] {logging_mixin.py:190} INFO - [2025-07-02T23:34:14.869+0000] {dag.py:4180} INFO - Setting next_dagrun for tutorial to 2025-07-01 00:00:00+00:00, run_after=2025-07-02 00:00:00+00:00
[2025-07-02T23:34:14.888+0000] {processor.py:208} INFO - Processing /home/airflow/.local/lib/python3.12/site-packages/airflow/example_dags/tutorial.py took 0.078 seconds
[2025-07-02T23:34:45.388+0000] {processor.py:186} INFO - Started process (PID=850) to work on /home/airflow/.local/lib/python3.12/site-packages/airflow/example_dags/tutorial.py
[2025-07-02T23:34:45.390+0000] {processor.py:914} INFO - Processing file /home/airflow/.local/lib/python3.12/site-packages/airflow/example_dags/tutorial.py for tasks to queue
[2025-07-02T23:34:45.393+0000] {logging_mixin.py:190} INFO - [2025-07-02T23:34:45.393+0000] {dagbag.py:588} INFO - Filling up the DagBag from /home/airflow/.local/lib/python3.12/site-packages/airflow/example_dags/tutorial.py
[2025-07-02T23:34:45.405+0000] {processor.py:925} INFO - DAG(s) 'tutorial' retrieved from /home/airflow/.local/lib/python3.12/site-packages/airflow/example_dags/tutorial.py
[2025-07-02T23:34:45.428+0000] {logging_mixin.py:190} INFO - [2025-07-02T23:34:45.427+0000] {dag.py:3239} INFO - Sync 1 DAGs
[2025-07-02T23:34:45.452+0000] {logging_mixin.py:190} INFO - [2025-07-02T23:34:45.452+0000] {dag.py:4180} INFO - Setting next_dagrun for tutorial to 2025-07-01 00:00:00+00:00, run_after=2025-07-02 00:00:00+00:00
[2025-07-02T23:34:45.474+0000] {processor.py:208} INFO - Processing /home/airflow/.local/lib/python3.12/site-packages/airflow/example_dags/tutorial.py took 0.092 seconds
[2025-07-02T23:35:15.570+0000] {processor.py:186} INFO - Started process (PID=912) to work on /home/airflow/.local/lib/python3.12/site-packages/airflow/example_dags/tutorial.py
[2025-07-02T23:35:15.571+0000] {processor.py:914} INFO - Processing file /home/airflow/.local/lib/python3.12/site-packages/airflow/example_dags/tutorial.py for tasks to queue
[2025-07-02T23:35:15.575+0000] {logging_mixin.py:190} INFO - [2025-07-02T23:35:15.574+0000] {dagbag.py:588} INFO - Filling up the DagBag from /home/airflow/.local/lib/python3.12/site-packages/airflow/example_dags/tutorial.py
[2025-07-02T23:35:15.584+0000] {processor.py:925} INFO - DAG(s) 'tutorial' retrieved from /home/airflow/.local/lib/python3.12/site-packages/airflow/example_dags/tutorial.py
[2025-07-02T23:35:15.604+0000] {logging_mixin.py:190} INFO - [2025-07-02T23:35:15.604+0000] {dag.py:3239} INFO - Sync 1 DAGs
[2025-07-02T23:35:15.627+0000] {logging_mixin.py:190} INFO - [2025-07-02T23:35:15.627+0000] {dag.py:4180} INFO - Setting next_dagrun for tutorial to 2025-07-01 00:00:00+00:00, run_after=2025-07-02 00:00:00+00:00
[2025-07-02T23:35:15.645+0000] {processor.py:208} INFO - Processing /home/airflow/.local/lib/python3.12/site-packages/airflow/example_dags/tutorial.py took 0.084 seconds
[2025-07-02T23:35:46.417+0000] {processor.py:186} INFO - Started process (PID=974) to work on /home/airflow/.local/lib/python3.12/site-packages/airflow/example_dags/tutorial.py
[2025-07-02T23:35:46.418+0000] {processor.py:914} INFO - Processing file /home/airflow/.local/lib/python3.12/site-packages/airflow/example_dags/tutorial.py for tasks to queue
[2025-07-02T23:35:46.420+0000] {logging_mixin.py:190} INFO - [2025-07-02T23:35:46.420+0000] {dagbag.py:588} INFO - Filling up the DagBag from /home/airflow/.local/lib/python3.12/site-packages/airflow/example_dags/tutorial.py
[2025-07-02T23:35:46.427+0000] {processor.py:925} INFO - DAG(s) 'tutorial' retrieved from /home/airflow/.local/lib/python3.12/site-packages/airflow/example_dags/tutorial.py
[2025-07-02T23:35:46.447+0000] {logging_mixin.py:190} INFO - [2025-07-02T23:35:46.447+0000] {dag.py:3239} INFO - Sync 1 DAGs
[2025-07-02T23:35:46.471+0000] {logging_mixin.py:190} INFO - [2025-07-02T23:35:46.471+0000] {dag.py:4180} INFO - Setting next_dagrun for tutorial to 2025-07-01 00:00:00+00:00, run_after=2025-07-02 00:00:00+00:00
[2025-07-02T23:35:46.487+0000] {processor.py:208} INFO - Processing /home/airflow/.local/lib/python3.12/site-packages/airflow/example_dags/tutorial.py took 0.076 seconds
[2025-07-02T23:36:17.143+0000] {processor.py:186} INFO - Started process (PID=1036) to work on /home/airflow/.local/lib/python3.12/site-packages/airflow/example_dags/tutorial.py
[2025-07-02T23:36:17.144+0000] {processor.py:914} INFO - Processing file /home/airflow/.local/lib/python3.12/site-packages/airflow/example_dags/tutorial.py for tasks to queue
[2025-07-02T23:36:17.148+0000] {logging_mixin.py:190} INFO - [2025-07-02T23:36:17.148+0000] {dagbag.py:588} INFO - Filling up the DagBag from /home/airflow/.local/lib/python3.12/site-packages/airflow/example_dags/tutorial.py
[2025-07-02T23:36:17.159+0000] {processor.py:925} INFO - DAG(s) 'tutorial' retrieved from /home/airflow/.local/lib/python3.12/site-packages/airflow/example_dags/tutorial.py
[2025-07-02T23:36:17.182+0000] {logging_mixin.py:190} INFO - [2025-07-02T23:36:17.182+0000] {dag.py:3239} INFO - Sync 1 DAGs
[2025-07-02T23:36:17.216+0000] {logging_mixin.py:190} INFO - [2025-07-02T23:36:17.215+0000] {dag.py:4180} INFO - Setting next_dagrun for tutorial to 2025-07-01 00:00:00+00:00, run_after=2025-07-02 00:00:00+00:00
[2025-07-02T23:36:17.241+0000] {processor.py:208} INFO - Processing /home/airflow/.local/lib/python3.12/site-packages/airflow/example_dags/tutorial.py took 0.103 seconds
[2025-07-02T23:36:47.861+0000] {processor.py:186} INFO - Started process (PID=1098) to work on /home/airflow/.local/lib/python3.12/site-packages/airflow/example_dags/tutorial.py
[2025-07-02T23:36:47.862+0000] {processor.py:914} INFO - Processing file /home/airflow/.local/lib/python3.12/site-packages/airflow/example_dags/tutorial.py for tasks to queue
[2025-07-02T23:36:47.865+0000] {logging_mixin.py:190} INFO - [2025-07-02T23:36:47.865+0000] {dagbag.py:588} INFO - Filling up the DagBag from /home/airflow/.local/lib/python3.12/site-packages/airflow/example_dags/tutorial.py
[2025-07-02T23:36:47.873+0000] {processor.py:925} INFO - DAG(s) 'tutorial' retrieved from /home/airflow/.local/lib/python3.12/site-packages/airflow/example_dags/tutorial.py
[2025-07-02T23:36:47.891+0000] {logging_mixin.py:190} INFO - [2025-07-02T23:36:47.891+0000] {dag.py:3239} INFO - Sync 1 DAGs
[2025-07-02T23:36:47.914+0000] {logging_mixin.py:190} INFO - [2025-07-02T23:36:47.913+0000] {dag.py:4180} INFO - Setting next_dagrun for tutorial to 2025-07-01 00:00:00+00:00, run_after=2025-07-02 00:00:00+00:00
[2025-07-02T23:36:47.930+0000] {processor.py:208} INFO - Processing /home/airflow/.local/lib/python3.12/site-packages/airflow/example_dags/tutorial.py took 0.075 seconds
[2025-07-02T23:37:18.624+0000] {processor.py:186} INFO - Started process (PID=1160) to work on /home/airflow/.local/lib/python3.12/site-packages/airflow/example_dags/tutorial.py
[2025-07-02T23:37:18.625+0000] {processor.py:914} INFO - Processing file /home/airflow/.local/lib/python3.12/site-packages/airflow/example_dags/tutorial.py for tasks to queue
[2025-07-02T23:37:18.628+0000] {logging_mixin.py:190} INFO - [2025-07-02T23:37:18.628+0000] {dagbag.py:588} INFO - Filling up the DagBag from /home/airflow/.local/lib/python3.12/site-packages/airflow/example_dags/tutorial.py
[2025-07-02T23:37:18.636+0000] {processor.py:925} INFO - DAG(s) 'tutorial' retrieved from /home/airflow/.local/lib/python3.12/site-packages/airflow/example_dags/tutorial.py
[2025-07-02T23:37:18.654+0000] {logging_mixin.py:190} INFO - [2025-07-02T23:37:18.654+0000] {dag.py:3239} INFO - Sync 1 DAGs
[2025-07-02T23:37:18.677+0000] {logging_mixin.py:190} INFO - [2025-07-02T23:37:18.677+0000] {dag.py:4180} INFO - Setting next_dagrun for tutorial to 2025-07-01 00:00:00+00:00, run_after=2025-07-02 00:00:00+00:00
[2025-07-02T23:37:18.693+0000] {processor.py:208} INFO - Processing /home/airflow/.local/lib/python3.12/site-packages/airflow/example_dags/tutorial.py took 0.074 seconds
[2025-07-02T23:37:49.371+0000] {processor.py:186} INFO - Started process (PID=1222) to work on /home/airflow/.local/lib/python3.12/site-packages/airflow/example_dags/tutorial.py
[2025-07-02T23:37:49.372+0000] {processor.py:914} INFO - Processing file /home/airflow/.local/lib/python3.12/site-packages/airflow/example_dags/tutorial.py for tasks to queue
[2025-07-02T23:37:49.375+0000] {logging_mixin.py:190} INFO - [2025-07-02T23:37:49.375+0000] {dagbag.py:588} INFO - Filling up the DagBag from /home/airflow/.local/lib/python3.12/site-packages/airflow/example_dags/tutorial.py
[2025-07-02T23:37:49.382+0000] {processor.py:925} INFO - DAG(s) 'tutorial' retrieved from /home/airflow/.local/lib/python3.12/site-packages/airflow/example_dags/tutorial.py
[2025-07-02T23:37:49.401+0000] {logging_mixin.py:190} INFO - [2025-07-02T23:37:49.400+0000] {dag.py:3239} INFO - Sync 1 DAGs
[2025-07-02T23:37:49.422+0000] {logging_mixin.py:190} INFO - [2025-07-02T23:37:49.422+0000] {dag.py:4180} INFO - Setting next_dagrun for tutorial to 2025-07-01 00:00:00+00:00, run_after=2025-07-02 00:00:00+00:00
[2025-07-02T23:37:49.440+0000] {processor.py:208} INFO - Processing /home/airflow/.local/lib/python3.12/site-packages/airflow/example_dags/tutorial.py took 0.074 seconds
[2025-07-02T23:38:20.186+0000] {processor.py:186} INFO - Started process (PID=1284) to work on /home/airflow/.local/lib/python3.12/site-packages/airflow/example_dags/tutorial.py
[2025-07-02T23:38:20.187+0000] {processor.py:914} INFO - Processing file /home/airflow/.local/lib/python3.12/site-packages/airflow/example_dags/tutorial.py for tasks to queue
[2025-07-02T23:38:20.190+0000] {logging_mixin.py:190} INFO - [2025-07-02T23:38:20.190+0000] {dagbag.py:588} INFO - Filling up the DagBag from /home/airflow/.local/lib/python3.12/site-packages/airflow/example_dags/tutorial.py
[2025-07-02T23:38:20.198+0000] {processor.py:925} INFO - DAG(s) 'tutorial' retrieved from /home/airflow/.local/lib/python3.12/site-packages/airflow/example_dags/tutorial.py
[2025-07-02T23:38:20.219+0000] {logging_mixin.py:190} INFO - [2025-07-02T23:38:20.218+0000] {dag.py:3239} INFO - Sync 1 DAGs
[2025-07-02T23:38:20.242+0000] {logging_mixin.py:190} INFO - [2025-07-02T23:38:20.242+0000] {dag.py:4180} INFO - Setting next_dagrun for tutorial to 2025-07-01 00:00:00+00:00, run_after=2025-07-02 00:00:00+00:00
[2025-07-02T23:38:20.259+0000] {processor.py:208} INFO - Processing /home/airflow/.local/lib/python3.12/site-packages/airflow/example_dags/tutorial.py took 0.079 seconds
[2025-07-02T23:38:50.878+0000] {processor.py:186} INFO - Started process (PID=1346) to work on /home/airflow/.local/lib/python3.12/site-packages/airflow/example_dags/tutorial.py
[2025-07-02T23:38:50.879+0000] {processor.py:914} INFO - Processing file /home/airflow/.local/lib/python3.12/site-packages/airflow/example_dags/tutorial.py for tasks to queue
[2025-07-02T23:38:50.882+0000] {logging_mixin.py:190} INFO - [2025-07-02T23:38:50.881+0000] {dagbag.py:588} INFO - Filling up the DagBag from /home/airflow/.local/lib/python3.12/site-packages/airflow/example_dags/tutorial.py
[2025-07-02T23:38:50.890+0000] {processor.py:925} INFO - DAG(s) 'tutorial' retrieved from /home/airflow/.local/lib/python3.12/site-packages/airflow/example_dags/tutorial.py
[2025-07-02T23:38:50.908+0000] {logging_mixin.py:190} INFO - [2025-07-02T23:38:50.908+0000] {dag.py:3239} INFO - Sync 1 DAGs
[2025-07-02T23:38:50.930+0000] {logging_mixin.py:190} INFO - [2025-07-02T23:38:50.930+0000] {dag.py:4180} INFO - Setting next_dagrun for tutorial to 2025-07-01 00:00:00+00:00, run_after=2025-07-02 00:00:00+00:00
[2025-07-02T23:38:50.947+0000] {processor.py:208} INFO - Processing /home/airflow/.local/lib/python3.12/site-packages/airflow/example_dags/tutorial.py took 0.074 seconds
[2025-07-02T23:39:21.480+0000] {processor.py:186} INFO - Started process (PID=1408) to work on /home/airflow/.local/lib/python3.12/site-packages/airflow/example_dags/tutorial.py
[2025-07-02T23:39:21.481+0000] {processor.py:914} INFO - Processing file /home/airflow/.local/lib/python3.12/site-packages/airflow/example_dags/tutorial.py for tasks to queue
[2025-07-02T23:39:21.484+0000] {logging_mixin.py:190} INFO - [2025-07-02T23:39:21.484+0000] {dagbag.py:588} INFO - Filling up the DagBag from /home/airflow/.local/lib/python3.12/site-packages/airflow/example_dags/tutorial.py
[2025-07-02T23:39:21.492+0000] {processor.py:925} INFO - DAG(s) 'tutorial' retrieved from /home/airflow/.local/lib/python3.12/site-packages/airflow/example_dags/tutorial.py
[2025-07-02T23:39:21.512+0000] {logging_mixin.py:190} INFO - [2025-07-02T23:39:21.512+0000] {dag.py:3239} INFO - Sync 1 DAGs
[2025-07-02T23:39:21.534+0000] {logging_mixin.py:190} INFO - [2025-07-02T23:39:21.534+0000] {dag.py:4180} INFO - Setting next_dagrun for tutorial to 2025-07-01 00:00:00+00:00, run_after=2025-07-02 00:00:00+00:00
[2025-07-02T23:39:21.553+0000] {processor.py:208} INFO - Processing /home/airflow/.local/lib/python3.12/site-packages/airflow/example_dags/tutorial.py took 0.078 seconds
[2025-07-02T23:39:52.158+0000] {processor.py:186} INFO - Started process (PID=1470) to work on /home/airflow/.local/lib/python3.12/site-packages/airflow/example_dags/tutorial.py
[2025-07-02T23:39:52.159+0000] {processor.py:914} INFO - Processing file /home/airflow/.local/lib/python3.12/site-packages/airflow/example_dags/tutorial.py for tasks to queue
[2025-07-02T23:39:52.163+0000] {logging_mixin.py:190} INFO - [2025-07-02T23:39:52.163+0000] {dagbag.py:588} INFO - Filling up the DagBag from /home/airflow/.local/lib/python3.12/site-packages/airflow/example_dags/tutorial.py
[2025-07-02T23:39:52.174+0000] {processor.py:925} INFO - DAG(s) 'tutorial' retrieved from /home/airflow/.local/lib/python3.12/site-packages/airflow/example_dags/tutorial.py
[2025-07-02T23:39:52.198+0000] {logging_mixin.py:190} INFO - [2025-07-02T23:39:52.198+0000] {dag.py:3239} INFO - Sync 1 DAGs
[2025-07-02T23:39:52.229+0000] {logging_mixin.py:190} INFO - [2025-07-02T23:39:52.229+0000] {dag.py:4180} INFO - Setting next_dagrun for tutorial to 2025-07-01 00:00:00+00:00, run_after=2025-07-02 00:00:00+00:00
[2025-07-02T23:39:52.253+0000] {processor.py:208} INFO - Processing /home/airflow/.local/lib/python3.12/site-packages/airflow/example_dags/tutorial.py took 0.101 seconds
[2025-07-02T23:40:22.378+0000] {processor.py:186} INFO - Started process (PID=1532) to work on /home/airflow/.local/lib/python3.12/site-packages/airflow/example_dags/tutorial.py
[2025-07-02T23:40:22.379+0000] {processor.py:914} INFO - Processing file /home/airflow/.local/lib/python3.12/site-packages/airflow/example_dags/tutorial.py for tasks to queue
[2025-07-02T23:40:22.382+0000] {logging_mixin.py:190} INFO - [2025-07-02T23:40:22.381+0000] {dagbag.py:588} INFO - Filling up the DagBag from /home/airflow/.local/lib/python3.12/site-packages/airflow/example_dags/tutorial.py
[2025-07-02T23:40:22.389+0000] {processor.py:925} INFO - DAG(s) 'tutorial' retrieved from /home/airflow/.local/lib/python3.12/site-packages/airflow/example_dags/tutorial.py
[2025-07-02T23:40:22.407+0000] {logging_mixin.py:190} INFO - [2025-07-02T23:40:22.407+0000] {dag.py:3239} INFO - Sync 1 DAGs
[2025-07-02T23:40:22.428+0000] {logging_mixin.py:190} INFO - [2025-07-02T23:40:22.428+0000] {dag.py:4180} INFO - Setting next_dagrun for tutorial to 2025-07-01 00:00:00+00:00, run_after=2025-07-02 00:00:00+00:00
[2025-07-02T23:40:22.445+0000] {processor.py:208} INFO - Processing /home/airflow/.local/lib/python3.12/site-packages/airflow/example_dags/tutorial.py took 0.072 seconds
[2025-07-02T23:40:53.186+0000] {processor.py:186} INFO - Started process (PID=1594) to work on /home/airflow/.local/lib/python3.12/site-packages/airflow/example_dags/tutorial.py
[2025-07-02T23:40:53.187+0000] {processor.py:914} INFO - Processing file /home/airflow/.local/lib/python3.12/site-packages/airflow/example_dags/tutorial.py for tasks to queue
[2025-07-02T23:40:53.190+0000] {logging_mixin.py:190} INFO - [2025-07-02T23:40:53.190+0000] {dagbag.py:588} INFO - Filling up the DagBag from /home/airflow/.local/lib/python3.12/site-packages/airflow/example_dags/tutorial.py
[2025-07-02T23:40:53.198+0000] {processor.py:925} INFO - DAG(s) 'tutorial' retrieved from /home/airflow/.local/lib/python3.12/site-packages/airflow/example_dags/tutorial.py
[2025-07-02T23:40:53.218+0000] {logging_mixin.py:190} INFO - [2025-07-02T23:40:53.218+0000] {dag.py:3239} INFO - Sync 1 DAGs
[2025-07-02T23:40:53.245+0000] {logging_mixin.py:190} INFO - [2025-07-02T23:40:53.244+0000] {dag.py:4180} INFO - Setting next_dagrun for tutorial to 2025-07-01 00:00:00+00:00, run_after=2025-07-02 00:00:00+00:00
[2025-07-02T23:40:53.266+0000] {processor.py:208} INFO - Processing /home/airflow/.local/lib/python3.12/site-packages/airflow/example_dags/tutorial.py took 0.085 seconds
[2025-07-02T23:41:23.991+0000] {processor.py:186} INFO - Started process (PID=1656) to work on /home/airflow/.local/lib/python3.12/site-packages/airflow/example_dags/tutorial.py
[2025-07-02T23:41:23.993+0000] {processor.py:914} INFO - Processing file /home/airflow/.local/lib/python3.12/site-packages/airflow/example_dags/tutorial.py for tasks to queue
[2025-07-02T23:41:23.996+0000] {logging_mixin.py:190} INFO - [2025-07-02T23:41:23.995+0000] {dagbag.py:588} INFO - Filling up the DagBag from /home/airflow/.local/lib/python3.12/site-packages/airflow/example_dags/tutorial.py
[2025-07-02T23:41:24.003+0000] {processor.py:925} INFO - DAG(s) 'tutorial' retrieved from /home/airflow/.local/lib/python3.12/site-packages/airflow/example_dags/tutorial.py
[2025-07-02T23:41:24.021+0000] {logging_mixin.py:190} INFO - [2025-07-02T23:41:24.021+0000] {dag.py:3239} INFO - Sync 1 DAGs
[2025-07-02T23:41:24.046+0000] {logging_mixin.py:190} INFO - [2025-07-02T23:41:24.046+0000] {dag.py:4180} INFO - Setting next_dagrun for tutorial to 2025-07-01 00:00:00+00:00, run_after=2025-07-02 00:00:00+00:00
[2025-07-02T23:41:24.064+0000] {processor.py:208} INFO - Processing /home/airflow/.local/lib/python3.12/site-packages/airflow/example_dags/tutorial.py took 0.079 seconds
[2025-07-02T23:41:54.734+0000] {processor.py:186} INFO - Started process (PID=1718) to work on /home/airflow/.local/lib/python3.12/site-packages/airflow/example_dags/tutorial.py
[2025-07-02T23:41:54.736+0000] {processor.py:914} INFO - Processing file /home/airflow/.local/lib/python3.12/site-packages/airflow/example_dags/tutorial.py for tasks to queue
[2025-07-02T23:41:54.739+0000] {logging_mixin.py:190} INFO - [2025-07-02T23:41:54.738+0000] {dagbag.py:588} INFO - Filling up the DagBag from /home/airflow/.local/lib/python3.12/site-packages/airflow/example_dags/tutorial.py
[2025-07-02T23:41:54.747+0000] {processor.py:925} INFO - DAG(s) 'tutorial' retrieved from /home/airflow/.local/lib/python3.12/site-packages/airflow/example_dags/tutorial.py
[2025-07-02T23:41:54.772+0000] {logging_mixin.py:190} INFO - [2025-07-02T23:41:54.772+0000] {dag.py:3239} INFO - Sync 1 DAGs
[2025-07-02T23:41:54.818+0000] {logging_mixin.py:190} INFO - [2025-07-02T23:41:54.818+0000] {dag.py:4180} INFO - Setting next_dagrun for tutorial to 2025-07-01 00:00:00+00:00, run_after=2025-07-02 00:00:00+00:00
[2025-07-02T23:41:54.842+0000] {processor.py:208} INFO - Processing /home/airflow/.local/lib/python3.12/site-packages/airflow/example_dags/tutorial.py took 0.115 seconds
[2025-07-02T23:42:25.540+0000] {processor.py:186} INFO - Started process (PID=1780) to work on /home/airflow/.local/lib/python3.12/site-packages/airflow/example_dags/tutorial.py
[2025-07-02T23:42:25.541+0000] {processor.py:914} INFO - Processing file /home/airflow/.local/lib/python3.12/site-packages/airflow/example_dags/tutorial.py for tasks to queue
[2025-07-02T23:42:25.544+0000] {logging_mixin.py:190} INFO - [2025-07-02T23:42:25.543+0000] {dagbag.py:588} INFO - Filling up the DagBag from /home/airflow/.local/lib/python3.12/site-packages/airflow/example_dags/tutorial.py
[2025-07-02T23:42:25.551+0000] {processor.py:925} INFO - DAG(s) 'tutorial' retrieved from /home/airflow/.local/lib/python3.12/site-packages/airflow/example_dags/tutorial.py
[2025-07-02T23:42:25.570+0000] {logging_mixin.py:190} INFO - [2025-07-02T23:42:25.570+0000] {dag.py:3239} INFO - Sync 1 DAGs
[2025-07-02T23:42:25.592+0000] {logging_mixin.py:190} INFO - [2025-07-02T23:42:25.592+0000] {dag.py:4180} INFO - Setting next_dagrun for tutorial to 2025-07-01 00:00:00+00:00, run_after=2025-07-02 00:00:00+00:00
[2025-07-02T23:42:25.611+0000] {processor.py:208} INFO - Processing /home/airflow/.local/lib/python3.12/site-packages/airflow/example_dags/tutorial.py took 0.076 seconds
[2025-07-02T23:42:55.984+0000] {processor.py:186} INFO - Started process (PID=1842) to work on /home/airflow/.local/lib/python3.12/site-packages/airflow/example_dags/tutorial.py
[2025-07-02T23:42:55.985+0000] {processor.py:914} INFO - Processing file /home/airflow/.local/lib/python3.12/site-packages/airflow/example_dags/tutorial.py for tasks to queue
[2025-07-02T23:42:55.987+0000] {logging_mixin.py:190} INFO - [2025-07-02T23:42:55.987+0000] {dagbag.py:588} INFO - Filling up the DagBag from /home/airflow/.local/lib/python3.12/site-packages/airflow/example_dags/tutorial.py
[2025-07-02T23:42:55.994+0000] {processor.py:925} INFO - DAG(s) 'tutorial' retrieved from /home/airflow/.local/lib/python3.12/site-packages/airflow/example_dags/tutorial.py
[2025-07-02T23:42:56.014+0000] {logging_mixin.py:190} INFO - [2025-07-02T23:42:56.014+0000] {dag.py:3239} INFO - Sync 1 DAGs
[2025-07-02T23:42:56.036+0000] {logging_mixin.py:190} INFO - [2025-07-02T23:42:56.035+0000] {dag.py:4180} INFO - Setting next_dagrun for tutorial to 2025-07-01 00:00:00+00:00, run_after=2025-07-02 00:00:00+00:00
[2025-07-02T23:42:56.053+0000] {processor.py:208} INFO - Processing /home/airflow/.local/lib/python3.12/site-packages/airflow/example_dags/tutorial.py took 0.075 seconds
[2025-07-02T23:43:26.178+0000] {processor.py:186} INFO - Started process (PID=1904) to work on /home/airflow/.local/lib/python3.12/site-packages/airflow/example_dags/tutorial.py
[2025-07-02T23:43:26.179+0000] {processor.py:914} INFO - Processing file /home/airflow/.local/lib/python3.12/site-packages/airflow/example_dags/tutorial.py for tasks to queue
[2025-07-02T23:43:26.182+0000] {logging_mixin.py:190} INFO - [2025-07-02T23:43:26.181+0000] {dagbag.py:588} INFO - Filling up the DagBag from /home/airflow/.local/lib/python3.12/site-packages/airflow/example_dags/tutorial.py
[2025-07-02T23:43:26.193+0000] {processor.py:925} INFO - DAG(s) 'tutorial' retrieved from /home/airflow/.local/lib/python3.12/site-packages/airflow/example_dags/tutorial.py
[2025-07-02T23:43:26.217+0000] {logging_mixin.py:190} INFO - [2025-07-02T23:43:26.216+0000] {dag.py:3239} INFO - Sync 1 DAGs
[2025-07-02T23:43:26.246+0000] {logging_mixin.py:190} INFO - [2025-07-02T23:43:26.246+0000] {dag.py:4180} INFO - Setting next_dagrun for tutorial to 2025-07-01 00:00:00+00:00, run_after=2025-07-02 00:00:00+00:00
[2025-07-02T23:43:26.271+0000] {processor.py:208} INFO - Processing /home/airflow/.local/lib/python3.12/site-packages/airflow/example_dags/tutorial.py took 0.100 seconds
[2025-07-02T23:43:58.267+0000] {processor.py:186} INFO - Started process (PID=1966) to work on /home/airflow/.local/lib/python3.12/site-packages/airflow/example_dags/tutorial.py
[2025-07-02T23:43:58.269+0000] {processor.py:914} INFO - Processing file /home/airflow/.local/lib/python3.12/site-packages/airflow/example_dags/tutorial.py for tasks to queue
[2025-07-02T23:43:58.271+0000] {logging_mixin.py:190} INFO - [2025-07-02T23:43:58.271+0000] {dagbag.py:588} INFO - Filling up the DagBag from /home/airflow/.local/lib/python3.12/site-packages/airflow/example_dags/tutorial.py
[2025-07-02T23:43:58.279+0000] {processor.py:925} INFO - DAG(s) 'tutorial' retrieved from /home/airflow/.local/lib/python3.12/site-packages/airflow/example_dags/tutorial.py
[2025-07-02T23:43:58.298+0000] {logging_mixin.py:190} INFO - [2025-07-02T23:43:58.298+0000] {dag.py:3239} INFO - Sync 1 DAGs
[2025-07-02T23:43:58.319+0000] {logging_mixin.py:190} INFO - [2025-07-02T23:43:58.319+0000] {dag.py:4180} INFO - Setting next_dagrun for tutorial to 2025-07-01 00:00:00+00:00, run_after=2025-07-02 00:00:00+00:00
[2025-07-02T23:43:58.336+0000] {processor.py:208} INFO - Processing /home/airflow/.local/lib/python3.12/site-packages/airflow/example_dags/tutorial.py took 0.074 seconds
[2025-07-02T23:44:28.878+0000] {processor.py:186} INFO - Started process (PID=2028) to work on /home/airflow/.local/lib/python3.12/site-packages/airflow/example_dags/tutorial.py
[2025-07-02T23:44:28.879+0000] {processor.py:914} INFO - Processing file /home/airflow/.local/lib/python3.12/site-packages/airflow/example_dags/tutorial.py for tasks to queue
[2025-07-02T23:44:28.883+0000] {logging_mixin.py:190} INFO - [2025-07-02T23:44:28.883+0000] {dagbag.py:588} INFO - Filling up the DagBag from /home/airflow/.local/lib/python3.12/site-packages/airflow/example_dags/tutorial.py
[2025-07-02T23:44:28.893+0000] {processor.py:925} INFO - DAG(s) 'tutorial' retrieved from /home/airflow/.local/lib/python3.12/site-packages/airflow/example_dags/tutorial.py
[2025-07-02T23:44:28.913+0000] {logging_mixin.py:190} INFO - [2025-07-02T23:44:28.913+0000] {dag.py:3239} INFO - Sync 1 DAGs
[2025-07-02T23:44:28.939+0000] {logging_mixin.py:190} INFO - [2025-07-02T23:44:28.939+0000] {dag.py:4180} INFO - Setting next_dagrun for tutorial to 2025-07-01 00:00:00+00:00, run_after=2025-07-02 00:00:00+00:00
[2025-07-02T23:44:28.962+0000] {processor.py:208} INFO - Processing /home/airflow/.local/lib/python3.12/site-packages/airflow/example_dags/tutorial.py took 0.091 seconds
[2025-07-02T23:44:59.190+0000] {processor.py:186} INFO - Started process (PID=2090) to work on /home/airflow/.local/lib/python3.12/site-packages/airflow/example_dags/tutorial.py
[2025-07-02T23:44:59.191+0000] {processor.py:914} INFO - Processing file /home/airflow/.local/lib/python3.12/site-packages/airflow/example_dags/tutorial.py for tasks to queue
[2025-07-02T23:44:59.194+0000] {logging_mixin.py:190} INFO - [2025-07-02T23:44:59.193+0000] {dagbag.py:588} INFO - Filling up the DagBag from /home/airflow/.local/lib/python3.12/site-packages/airflow/example_dags/tutorial.py
[2025-07-02T23:44:59.201+0000] {processor.py:925} INFO - DAG(s) 'tutorial' retrieved from /home/airflow/.local/lib/python3.12/site-packages/airflow/example_dags/tutorial.py
[2025-07-02T23:44:59.222+0000] {logging_mixin.py:190} INFO - [2025-07-02T23:44:59.222+0000] {dag.py:3239} INFO - Sync 1 DAGs
[2025-07-02T23:44:59.245+0000] {logging_mixin.py:190} INFO - [2025-07-02T23:44:59.245+0000] {dag.py:4180} INFO - Setting next_dagrun for tutorial to 2025-07-01 00:00:00+00:00, run_after=2025-07-02 00:00:00+00:00
[2025-07-02T23:44:59.263+0000] {processor.py:208} INFO - Processing /home/airflow/.local/lib/python3.12/site-packages/airflow/example_dags/tutorial.py took 0.078 seconds
[2025-07-02T23:45:29.574+0000] {processor.py:186} INFO - Started process (PID=2152) to work on /home/airflow/.local/lib/python3.12/site-packages/airflow/example_dags/tutorial.py
[2025-07-02T23:45:29.575+0000] {processor.py:914} INFO - Processing file /home/airflow/.local/lib/python3.12/site-packages/airflow/example_dags/tutorial.py for tasks to queue
[2025-07-02T23:45:29.578+0000] {logging_mixin.py:190} INFO - [2025-07-02T23:45:29.578+0000] {dagbag.py:588} INFO - Filling up the DagBag from /home/airflow/.local/lib/python3.12/site-packages/airflow/example_dags/tutorial.py
[2025-07-02T23:45:29.586+0000] {processor.py:925} INFO - DAG(s) 'tutorial' retrieved from /home/airflow/.local/lib/python3.12/site-packages/airflow/example_dags/tutorial.py
[2025-07-02T23:45:29.607+0000] {logging_mixin.py:190} INFO - [2025-07-02T23:45:29.606+0000] {dag.py:3239} INFO - Sync 1 DAGs
[2025-07-02T23:45:29.636+0000] {logging_mixin.py:190} INFO - [2025-07-02T23:45:29.636+0000] {dag.py:4180} INFO - Setting next_dagrun for tutorial to 2025-07-01 00:00:00+00:00, run_after=2025-07-02 00:00:00+00:00
[2025-07-02T23:45:29.655+0000] {processor.py:208} INFO - Processing /home/airflow/.local/lib/python3.12/site-packages/airflow/example_dags/tutorial.py took 0.088 seconds
[2025-07-02T23:46:00.784+0000] {processor.py:186} INFO - Started process (PID=2214) to work on /home/airflow/.local/lib/python3.12/site-packages/airflow/example_dags/tutorial.py
[2025-07-02T23:46:00.785+0000] {processor.py:914} INFO - Processing file /home/airflow/.local/lib/python3.12/site-packages/airflow/example_dags/tutorial.py for tasks to queue
[2025-07-02T23:46:00.788+0000] {logging_mixin.py:190} INFO - [2025-07-02T23:46:00.788+0000] {dagbag.py:588} INFO - Filling up the DagBag from /home/airflow/.local/lib/python3.12/site-packages/airflow/example_dags/tutorial.py
[2025-07-02T23:46:00.799+0000] {processor.py:925} INFO - DAG(s) 'tutorial' retrieved from /home/airflow/.local/lib/python3.12/site-packages/airflow/example_dags/tutorial.py
[2025-07-02T23:46:00.828+0000] {logging_mixin.py:190} INFO - [2025-07-02T23:46:00.828+0000] {dag.py:3239} INFO - Sync 1 DAGs
[2025-07-02T23:46:00.860+0000] {logging_mixin.py:190} INFO - [2025-07-02T23:46:00.860+0000] {dag.py:4180} INFO - Setting next_dagrun for tutorial to 2025-07-01 00:00:00+00:00, run_after=2025-07-02 00:00:00+00:00
[2025-07-02T23:46:00.879+0000] {processor.py:208} INFO - Processing /home/airflow/.local/lib/python3.12/site-packages/airflow/example_dags/tutorial.py took 0.101 seconds
[2025-07-02T23:46:32.096+0000] {processor.py:186} INFO - Started process (PID=2276) to work on /home/airflow/.local/lib/python3.12/site-packages/airflow/example_dags/tutorial.py
[2025-07-02T23:46:32.098+0000] {processor.py:914} INFO - Processing file /home/airflow/.local/lib/python3.12/site-packages/airflow/example_dags/tutorial.py for tasks to queue
[2025-07-02T23:46:32.101+0000] {logging_mixin.py:190} INFO - [2025-07-02T23:46:32.101+0000] {dagbag.py:588} INFO - Filling up the DagBag from /home/airflow/.local/lib/python3.12/site-packages/airflow/example_dags/tutorial.py
[2025-07-02T23:46:32.114+0000] {processor.py:925} INFO - DAG(s) 'tutorial' retrieved from /home/airflow/.local/lib/python3.12/site-packages/airflow/example_dags/tutorial.py
[2025-07-02T23:46:32.138+0000] {logging_mixin.py:190} INFO - [2025-07-02T23:46:32.138+0000] {dag.py:3239} INFO - Sync 1 DAGs
[2025-07-02T23:46:32.164+0000] {logging_mixin.py:190} INFO - [2025-07-02T23:46:32.163+0000] {dag.py:4180} INFO - Setting next_dagrun for tutorial to 2025-07-01 00:00:00+00:00, run_after=2025-07-02 00:00:00+00:00
[2025-07-02T23:46:32.187+0000] {processor.py:208} INFO - Processing /home/airflow/.local/lib/python3.12/site-packages/airflow/example_dags/tutorial.py took 0.098 seconds
[2025-07-02T23:47:02.698+0000] {processor.py:186} INFO - Started process (PID=2338) to work on /home/airflow/.local/lib/python3.12/site-packages/airflow/example_dags/tutorial.py
[2025-07-02T23:47:02.700+0000] {processor.py:914} INFO - Processing file /home/airflow/.local/lib/python3.12/site-packages/airflow/example_dags/tutorial.py for tasks to queue
[2025-07-02T23:47:02.703+0000] {logging_mixin.py:190} INFO - [2025-07-02T23:47:02.703+0000] {dagbag.py:588} INFO - Filling up the DagBag from /home/airflow/.local/lib/python3.12/site-packages/airflow/example_dags/tutorial.py
[2025-07-02T23:47:02.711+0000] {processor.py:925} INFO - DAG(s) 'tutorial' retrieved from /home/airflow/.local/lib/python3.12/site-packages/airflow/example_dags/tutorial.py
[2025-07-02T23:47:02.732+0000] {logging_mixin.py:190} INFO - [2025-07-02T23:47:02.732+0000] {dag.py:3239} INFO - Sync 1 DAGs
[2025-07-02T23:47:02.759+0000] {logging_mixin.py:190} INFO - [2025-07-02T23:47:02.759+0000] {dag.py:4180} INFO - Setting next_dagrun for tutorial to 2025-07-01 00:00:00+00:00, run_after=2025-07-02 00:00:00+00:00
[2025-07-02T23:47:02.779+0000] {processor.py:208} INFO - Processing /home/airflow/.local/lib/python3.12/site-packages/airflow/example_dags/tutorial.py took 0.087 seconds
[2025-07-02T23:47:33.120+0000] {processor.py:186} INFO - Started process (PID=2400) to work on /home/airflow/.local/lib/python3.12/site-packages/airflow/example_dags/tutorial.py
[2025-07-02T23:47:33.121+0000] {processor.py:914} INFO - Processing file /home/airflow/.local/lib/python3.12/site-packages/airflow/example_dags/tutorial.py for tasks to queue
[2025-07-02T23:47:33.125+0000] {logging_mixin.py:190} INFO - [2025-07-02T23:47:33.124+0000] {dagbag.py:588} INFO - Filling up the DagBag from /home/airflow/.local/lib/python3.12/site-packages/airflow/example_dags/tutorial.py
[2025-07-02T23:47:33.134+0000] {processor.py:925} INFO - DAG(s) 'tutorial' retrieved from /home/airflow/.local/lib/python3.12/site-packages/airflow/example_dags/tutorial.py
[2025-07-02T23:47:33.158+0000] {logging_mixin.py:190} INFO - [2025-07-02T23:47:33.158+0000] {dag.py:3239} INFO - Sync 1 DAGs
[2025-07-02T23:47:33.184+0000] {logging_mixin.py:190} INFO - [2025-07-02T23:47:33.184+0000] {dag.py:4180} INFO - Setting next_dagrun for tutorial to 2025-07-01 00:00:00+00:00, run_after=2025-07-02 00:00:00+00:00
[2025-07-02T23:47:33.208+0000] {processor.py:208} INFO - Processing /home/airflow/.local/lib/python3.12/site-packages/airflow/example_dags/tutorial.py took 0.094 seconds
[2025-07-02T23:48:03.545+0000] {processor.py:186} INFO - Started process (PID=2468) to work on /home/airflow/.local/lib/python3.12/site-packages/airflow/example_dags/tutorial.py
[2025-07-02T23:48:03.547+0000] {processor.py:914} INFO - Processing file /home/airflow/.local/lib/python3.12/site-packages/airflow/example_dags/tutorial.py for tasks to queue
[2025-07-02T23:48:03.550+0000] {logging_mixin.py:190} INFO - [2025-07-02T23:48:03.549+0000] {dagbag.py:588} INFO - Filling up the DagBag from /home/airflow/.local/lib/python3.12/site-packages/airflow/example_dags/tutorial.py
[2025-07-02T23:48:03.557+0000] {processor.py:925} INFO - DAG(s) 'tutorial' retrieved from /home/airflow/.local/lib/python3.12/site-packages/airflow/example_dags/tutorial.py
[2025-07-02T23:48:03.574+0000] {logging_mixin.py:190} INFO - [2025-07-02T23:48:03.574+0000] {dag.py:3239} INFO - Sync 1 DAGs
[2025-07-02T23:48:03.597+0000] {logging_mixin.py:190} INFO - [2025-07-02T23:48:03.597+0000] {dag.py:4180} INFO - Setting next_dagrun for tutorial to 2025-07-01 00:00:00+00:00, run_after=2025-07-02 00:00:00+00:00
[2025-07-02T23:48:03.615+0000] {processor.py:208} INFO - Processing /home/airflow/.local/lib/python3.12/site-packages/airflow/example_dags/tutorial.py took 0.076 seconds
[2025-07-02T23:48:34.212+0000] {processor.py:186} INFO - Started process (PID=2530) to work on /home/airflow/.local/lib/python3.12/site-packages/airflow/example_dags/tutorial.py
[2025-07-02T23:48:34.213+0000] {processor.py:914} INFO - Processing file /home/airflow/.local/lib/python3.12/site-packages/airflow/example_dags/tutorial.py for tasks to queue
[2025-07-02T23:48:34.216+0000] {logging_mixin.py:190} INFO - [2025-07-02T23:48:34.216+0000] {dagbag.py:588} INFO - Filling up the DagBag from /home/airflow/.local/lib/python3.12/site-packages/airflow/example_dags/tutorial.py
[2025-07-02T23:48:34.224+0000] {processor.py:925} INFO - DAG(s) 'tutorial' retrieved from /home/airflow/.local/lib/python3.12/site-packages/airflow/example_dags/tutorial.py
[2025-07-02T23:48:34.244+0000] {logging_mixin.py:190} INFO - [2025-07-02T23:48:34.244+0000] {dag.py:3239} INFO - Sync 1 DAGs
[2025-07-02T23:48:34.279+0000] {logging_mixin.py:190} INFO - [2025-07-02T23:48:34.279+0000] {dag.py:4180} INFO - Setting next_dagrun for tutorial to 2025-07-01 00:00:00+00:00, run_after=2025-07-02 00:00:00+00:00
[2025-07-02T23:48:34.302+0000] {processor.py:208} INFO - Processing /home/airflow/.local/lib/python3.12/site-packages/airflow/example_dags/tutorial.py took 0.095 seconds
[2025-07-02T23:49:04.710+0000] {processor.py:186} INFO - Started process (PID=2592) to work on /home/airflow/.local/lib/python3.12/site-packages/airflow/example_dags/tutorial.py
[2025-07-02T23:49:04.711+0000] {processor.py:914} INFO - Processing file /home/airflow/.local/lib/python3.12/site-packages/airflow/example_dags/tutorial.py for tasks to queue
[2025-07-02T23:49:04.715+0000] {logging_mixin.py:190} INFO - [2025-07-02T23:49:04.714+0000] {dagbag.py:588} INFO - Filling up the DagBag from /home/airflow/.local/lib/python3.12/site-packages/airflow/example_dags/tutorial.py
[2025-07-02T23:49:04.724+0000] {processor.py:925} INFO - DAG(s) 'tutorial' retrieved from /home/airflow/.local/lib/python3.12/site-packages/airflow/example_dags/tutorial.py
[2025-07-02T23:49:04.745+0000] {logging_mixin.py:190} INFO - [2025-07-02T23:49:04.745+0000] {dag.py:3239} INFO - Sync 1 DAGs
[2025-07-02T23:49:04.767+0000] {logging_mixin.py:190} INFO - [2025-07-02T23:49:04.767+0000] {dag.py:4180} INFO - Setting next_dagrun for tutorial to 2025-07-01 00:00:00+00:00, run_after=2025-07-02 00:00:00+00:00
[2025-07-02T23:49:04.786+0000] {processor.py:208} INFO - Processing /home/airflow/.local/lib/python3.12/site-packages/airflow/example_dags/tutorial.py took 0.082 seconds
[2025-07-02T23:49:35.375+0000] {processor.py:186} INFO - Started process (PID=2654) to work on /home/airflow/.local/lib/python3.12/site-packages/airflow/example_dags/tutorial.py
[2025-07-02T23:49:35.377+0000] {processor.py:914} INFO - Processing file /home/airflow/.local/lib/python3.12/site-packages/airflow/example_dags/tutorial.py for tasks to queue
[2025-07-02T23:49:35.380+0000] {logging_mixin.py:190} INFO - [2025-07-02T23:49:35.379+0000] {dagbag.py:588} INFO - Filling up the DagBag from /home/airflow/.local/lib/python3.12/site-packages/airflow/example_dags/tutorial.py
[2025-07-02T23:49:35.393+0000] {processor.py:925} INFO - DAG(s) 'tutorial' retrieved from /home/airflow/.local/lib/python3.12/site-packages/airflow/example_dags/tutorial.py
[2025-07-02T23:49:35.414+0000] {logging_mixin.py:190} INFO - [2025-07-02T23:49:35.414+0000] {dag.py:3239} INFO - Sync 1 DAGs
[2025-07-02T23:49:35.441+0000] {logging_mixin.py:190} INFO - [2025-07-02T23:49:35.441+0000] {dag.py:4180} INFO - Setting next_dagrun for tutorial to 2025-07-01 00:00:00+00:00, run_after=2025-07-02 00:00:00+00:00
[2025-07-02T23:49:35.461+0000] {processor.py:208} INFO - Processing /home/airflow/.local/lib/python3.12/site-packages/airflow/example_dags/tutorial.py took 0.093 seconds
[2025-07-02T23:50:05.711+0000] {processor.py:186} INFO - Started process (PID=2716) to work on /home/airflow/.local/lib/python3.12/site-packages/airflow/example_dags/tutorial.py
[2025-07-02T23:50:05.712+0000] {processor.py:914} INFO - Processing file /home/airflow/.local/lib/python3.12/site-packages/airflow/example_dags/tutorial.py for tasks to queue
[2025-07-02T23:50:05.716+0000] {logging_mixin.py:190} INFO - [2025-07-02T23:50:05.715+0000] {dagbag.py:588} INFO - Filling up the DagBag from /home/airflow/.local/lib/python3.12/site-packages/airflow/example_dags/tutorial.py
[2025-07-02T23:50:05.726+0000] {processor.py:925} INFO - DAG(s) 'tutorial' retrieved from /home/airflow/.local/lib/python3.12/site-packages/airflow/example_dags/tutorial.py
[2025-07-02T23:50:05.746+0000] {logging_mixin.py:190} INFO - [2025-07-02T23:50:05.745+0000] {dag.py:3239} INFO - Sync 1 DAGs
[2025-07-02T23:50:05.771+0000] {logging_mixin.py:190} INFO - [2025-07-02T23:50:05.771+0000] {dag.py:4180} INFO - Setting next_dagrun for tutorial to 2025-07-01 00:00:00+00:00, run_after=2025-07-02 00:00:00+00:00
[2025-07-02T23:50:05.790+0000] {processor.py:208} INFO - Processing /home/airflow/.local/lib/python3.12/site-packages/airflow/example_dags/tutorial.py took 0.085 seconds
[2025-07-02T23:50:37.055+0000] {processor.py:186} INFO - Started process (PID=2778) to work on /home/airflow/.local/lib/python3.12/site-packages/airflow/example_dags/tutorial.py
[2025-07-02T23:50:37.056+0000] {processor.py:914} INFO - Processing file /home/airflow/.local/lib/python3.12/site-packages/airflow/example_dags/tutorial.py for tasks to queue
[2025-07-02T23:50:37.058+0000] {logging_mixin.py:190} INFO - [2025-07-02T23:50:37.058+0000] {dagbag.py:588} INFO - Filling up the DagBag from /home/airflow/.local/lib/python3.12/site-packages/airflow/example_dags/tutorial.py
[2025-07-02T23:50:37.066+0000] {processor.py:925} INFO - DAG(s) 'tutorial' retrieved from /home/airflow/.local/lib/python3.12/site-packages/airflow/example_dags/tutorial.py
[2025-07-02T23:50:37.085+0000] {logging_mixin.py:190} INFO - [2025-07-02T23:50:37.084+0000] {dag.py:3239} INFO - Sync 1 DAGs
[2025-07-02T23:50:37.107+0000] {logging_mixin.py:190} INFO - [2025-07-02T23:50:37.107+0000] {dag.py:4180} INFO - Setting next_dagrun for tutorial to 2025-07-01 00:00:00+00:00, run_after=2025-07-02 00:00:00+00:00
[2025-07-02T23:50:37.124+0000] {processor.py:208} INFO - Processing /home/airflow/.local/lib/python3.12/site-packages/airflow/example_dags/tutorial.py took 0.074 seconds
[2025-07-02T23:51:07.700+0000] {processor.py:186} INFO - Started process (PID=2840) to work on /home/airflow/.local/lib/python3.12/site-packages/airflow/example_dags/tutorial.py
[2025-07-02T23:51:07.701+0000] {processor.py:914} INFO - Processing file /home/airflow/.local/lib/python3.12/site-packages/airflow/example_dags/tutorial.py for tasks to queue
[2025-07-02T23:51:07.705+0000] {logging_mixin.py:190} INFO - [2025-07-02T23:51:07.704+0000] {dagbag.py:588} INFO - Filling up the DagBag from /home/airflow/.local/lib/python3.12/site-packages/airflow/example_dags/tutorial.py
[2025-07-02T23:51:07.713+0000] {processor.py:925} INFO - DAG(s) 'tutorial' retrieved from /home/airflow/.local/lib/python3.12/site-packages/airflow/example_dags/tutorial.py
[2025-07-02T23:51:07.737+0000] {logging_mixin.py:190} INFO - [2025-07-02T23:51:07.737+0000] {dag.py:3239} INFO - Sync 1 DAGs
[2025-07-02T23:51:07.766+0000] {logging_mixin.py:190} INFO - [2025-07-02T23:51:07.765+0000] {dag.py:4180} INFO - Setting next_dagrun for tutorial to 2025-07-01 00:00:00+00:00, run_after=2025-07-02 00:00:00+00:00
[2025-07-02T23:51:07.783+0000] {processor.py:208} INFO - Processing /home/airflow/.local/lib/python3.12/site-packages/airflow/example_dags/tutorial.py took 0.091 seconds
[2025-07-02T23:51:38.592+0000] {processor.py:186} INFO - Started process (PID=2903) to work on /home/airflow/.local/lib/python3.12/site-packages/airflow/example_dags/tutorial.py
[2025-07-02T23:51:38.593+0000] {processor.py:914} INFO - Processing file /home/airflow/.local/lib/python3.12/site-packages/airflow/example_dags/tutorial.py for tasks to queue
[2025-07-02T23:51:38.595+0000] {logging_mixin.py:190} INFO - [2025-07-02T23:51:38.595+0000] {dagbag.py:588} INFO - Filling up the DagBag from /home/airflow/.local/lib/python3.12/site-packages/airflow/example_dags/tutorial.py
[2025-07-02T23:51:38.602+0000] {processor.py:925} INFO - DAG(s) 'tutorial' retrieved from /home/airflow/.local/lib/python3.12/site-packages/airflow/example_dags/tutorial.py
[2025-07-02T23:51:38.622+0000] {logging_mixin.py:190} INFO - [2025-07-02T23:51:38.622+0000] {dag.py:3239} INFO - Sync 1 DAGs
[2025-07-02T23:51:38.643+0000] {logging_mixin.py:190} INFO - [2025-07-02T23:51:38.643+0000] {dag.py:4180} INFO - Setting next_dagrun for tutorial to 2025-07-01 00:00:00+00:00, run_after=2025-07-02 00:00:00+00:00
[2025-07-02T23:51:38.662+0000] {processor.py:208} INFO - Processing /home/airflow/.local/lib/python3.12/site-packages/airflow/example_dags/tutorial.py took 0.075 seconds
[2025-07-02T23:52:09.239+0000] {processor.py:186} INFO - Started process (PID=2965) to work on /home/airflow/.local/lib/python3.12/site-packages/airflow/example_dags/tutorial.py
[2025-07-02T23:52:09.240+0000] {processor.py:914} INFO - Processing file /home/airflow/.local/lib/python3.12/site-packages/airflow/example_dags/tutorial.py for tasks to queue
[2025-07-02T23:52:09.243+0000] {logging_mixin.py:190} INFO - [2025-07-02T23:52:09.242+0000] {dagbag.py:588} INFO - Filling up the DagBag from /home/airflow/.local/lib/python3.12/site-packages/airflow/example_dags/tutorial.py
[2025-07-02T23:52:09.255+0000] {processor.py:925} INFO - DAG(s) 'tutorial' retrieved from /home/airflow/.local/lib/python3.12/site-packages/airflow/example_dags/tutorial.py
[2025-07-02T23:52:09.274+0000] {logging_mixin.py:190} INFO - [2025-07-02T23:52:09.274+0000] {dag.py:3239} INFO - Sync 1 DAGs
[2025-07-02T23:52:09.301+0000] {logging_mixin.py:190} INFO - [2025-07-02T23:52:09.301+0000] {dag.py:4180} INFO - Setting next_dagrun for tutorial to 2025-07-01 00:00:00+00:00, run_after=2025-07-02 00:00:00+00:00
[2025-07-02T23:52:09.320+0000] {processor.py:208} INFO - Processing /home/airflow/.local/lib/python3.12/site-packages/airflow/example_dags/tutorial.py took 0.086 seconds
[2025-07-02T23:52:39.765+0000] {processor.py:186} INFO - Started process (PID=3027) to work on /home/airflow/.local/lib/python3.12/site-packages/airflow/example_dags/tutorial.py
[2025-07-02T23:52:39.766+0000] {processor.py:914} INFO - Processing file /home/airflow/.local/lib/python3.12/site-packages/airflow/example_dags/tutorial.py for tasks to queue
[2025-07-02T23:52:39.769+0000] {logging_mixin.py:190} INFO - [2025-07-02T23:52:39.769+0000] {dagbag.py:588} INFO - Filling up the DagBag from /home/airflow/.local/lib/python3.12/site-packages/airflow/example_dags/tutorial.py
[2025-07-02T23:52:39.780+0000] {processor.py:925} INFO - DAG(s) 'tutorial' retrieved from /home/airflow/.local/lib/python3.12/site-packages/airflow/example_dags/tutorial.py
[2025-07-02T23:52:39.800+0000] {logging_mixin.py:190} INFO - [2025-07-02T23:52:39.800+0000] {dag.py:3239} INFO - Sync 1 DAGs
[2025-07-02T23:52:39.831+0000] {logging_mixin.py:190} INFO - [2025-07-02T23:52:39.831+0000] {dag.py:4180} INFO - Setting next_dagrun for tutorial to 2025-07-01 00:00:00+00:00, run_after=2025-07-02 00:00:00+00:00
[2025-07-02T23:52:39.854+0000] {processor.py:208} INFO - Processing /home/airflow/.local/lib/python3.12/site-packages/airflow/example_dags/tutorial.py took 0.095 seconds
[2025-07-02T23:53:10.631+0000] {processor.py:186} INFO - Started process (PID=3089) to work on /home/airflow/.local/lib/python3.12/site-packages/airflow/example_dags/tutorial.py
[2025-07-02T23:53:10.632+0000] {processor.py:914} INFO - Processing file /home/airflow/.local/lib/python3.12/site-packages/airflow/example_dags/tutorial.py for tasks to queue
[2025-07-02T23:53:10.635+0000] {logging_mixin.py:190} INFO - [2025-07-02T23:53:10.634+0000] {dagbag.py:588} INFO - Filling up the DagBag from /home/airflow/.local/lib/python3.12/site-packages/airflow/example_dags/tutorial.py
[2025-07-02T23:53:10.642+0000] {processor.py:925} INFO - DAG(s) 'tutorial' retrieved from /home/airflow/.local/lib/python3.12/site-packages/airflow/example_dags/tutorial.py
[2025-07-02T23:53:10.662+0000] {logging_mixin.py:190} INFO - [2025-07-02T23:53:10.662+0000] {dag.py:3239} INFO - Sync 1 DAGs
[2025-07-02T23:53:10.686+0000] {logging_mixin.py:190} INFO - [2025-07-02T23:53:10.685+0000] {dag.py:4180} INFO - Setting next_dagrun for tutorial to 2025-07-01 00:00:00+00:00, run_after=2025-07-02 00:00:00+00:00
[2025-07-02T23:53:10.703+0000] {processor.py:208} INFO - Processing /home/airflow/.local/lib/python3.12/site-packages/airflow/example_dags/tutorial.py took 0.077 seconds
[2025-07-02T23:53:41.389+0000] {processor.py:186} INFO - Started process (PID=3151) to work on /home/airflow/.local/lib/python3.12/site-packages/airflow/example_dags/tutorial.py
[2025-07-02T23:53:41.390+0000] {processor.py:914} INFO - Processing file /home/airflow/.local/lib/python3.12/site-packages/airflow/example_dags/tutorial.py for tasks to queue
[2025-07-02T23:53:41.392+0000] {logging_mixin.py:190} INFO - [2025-07-02T23:53:41.392+0000] {dagbag.py:588} INFO - Filling up the DagBag from /home/airflow/.local/lib/python3.12/site-packages/airflow/example_dags/tutorial.py
[2025-07-02T23:53:41.400+0000] {processor.py:925} INFO - DAG(s) 'tutorial' retrieved from /home/airflow/.local/lib/python3.12/site-packages/airflow/example_dags/tutorial.py
[2025-07-02T23:53:41.419+0000] {logging_mixin.py:190} INFO - [2025-07-02T23:53:41.418+0000] {dag.py:3239} INFO - Sync 1 DAGs
[2025-07-02T23:53:41.440+0000] {logging_mixin.py:190} INFO - [2025-07-02T23:53:41.440+0000] {dag.py:4180} INFO - Setting next_dagrun for tutorial to 2025-07-01 00:00:00+00:00, run_after=2025-07-02 00:00:00+00:00
[2025-07-02T23:53:41.457+0000] {processor.py:208} INFO - Processing /home/airflow/.local/lib/python3.12/site-packages/airflow/example_dags/tutorial.py took 0.073 seconds
[2025-07-02T23:54:12.072+0000] {processor.py:186} INFO - Started process (PID=3213) to work on /home/airflow/.local/lib/python3.12/site-packages/airflow/example_dags/tutorial.py
[2025-07-02T23:54:12.073+0000] {processor.py:914} INFO - Processing file /home/airflow/.local/lib/python3.12/site-packages/airflow/example_dags/tutorial.py for tasks to queue
[2025-07-02T23:54:12.076+0000] {logging_mixin.py:190} INFO - [2025-07-02T23:54:12.076+0000] {dagbag.py:588} INFO - Filling up the DagBag from /home/airflow/.local/lib/python3.12/site-packages/airflow/example_dags/tutorial.py
[2025-07-02T23:54:12.084+0000] {processor.py:925} INFO - DAG(s) 'tutorial' retrieved from /home/airflow/.local/lib/python3.12/site-packages/airflow/example_dags/tutorial.py
[2025-07-02T23:54:12.104+0000] {logging_mixin.py:190} INFO - [2025-07-02T23:54:12.103+0000] {dag.py:3239} INFO - Sync 1 DAGs
[2025-07-02T23:54:12.127+0000] {logging_mixin.py:190} INFO - [2025-07-02T23:54:12.126+0000] {dag.py:4180} INFO - Setting next_dagrun for tutorial to 2025-07-01 00:00:00+00:00, run_after=2025-07-02 00:00:00+00:00
[2025-07-02T23:54:12.143+0000] {processor.py:208} INFO - Processing /home/airflow/.local/lib/python3.12/site-packages/airflow/example_dags/tutorial.py took 0.077 seconds
[2025-07-02T23:54:43.380+0000] {processor.py:186} INFO - Started process (PID=3275) to work on /home/airflow/.local/lib/python3.12/site-packages/airflow/example_dags/tutorial.py
[2025-07-02T23:54:43.381+0000] {processor.py:914} INFO - Processing file /home/airflow/.local/lib/python3.12/site-packages/airflow/example_dags/tutorial.py for tasks to queue
[2025-07-02T23:54:43.385+0000] {logging_mixin.py:190} INFO - [2025-07-02T23:54:43.384+0000] {dagbag.py:588} INFO - Filling up the DagBag from /home/airflow/.local/lib/python3.12/site-packages/airflow/example_dags/tutorial.py
[2025-07-02T23:54:43.393+0000] {processor.py:925} INFO - DAG(s) 'tutorial' retrieved from /home/airflow/.local/lib/python3.12/site-packages/airflow/example_dags/tutorial.py
[2025-07-02T23:54:43.416+0000] {logging_mixin.py:190} INFO - [2025-07-02T23:54:43.416+0000] {dag.py:3239} INFO - Sync 1 DAGs
[2025-07-02T23:54:43.606+0000] {logging_mixin.py:190} INFO - [2025-07-02T23:54:43.605+0000] {dag.py:4180} INFO - Setting next_dagrun for tutorial to 2025-07-01 00:00:00+00:00, run_after=2025-07-02 00:00:00+00:00
[2025-07-02T23:54:43.623+0000] {processor.py:208} INFO - Processing /home/airflow/.local/lib/python3.12/site-packages/airflow/example_dags/tutorial.py took 0.249 seconds
[2025-07-02T23:55:13.726+0000] {processor.py:186} INFO - Started process (PID=3337) to work on /home/airflow/.local/lib/python3.12/site-packages/airflow/example_dags/tutorial.py
[2025-07-02T23:55:13.727+0000] {processor.py:914} INFO - Processing file /home/airflow/.local/lib/python3.12/site-packages/airflow/example_dags/tutorial.py for tasks to queue
[2025-07-02T23:55:13.729+0000] {logging_mixin.py:190} INFO - [2025-07-02T23:55:13.729+0000] {dagbag.py:588} INFO - Filling up the DagBag from /home/airflow/.local/lib/python3.12/site-packages/airflow/example_dags/tutorial.py
[2025-07-02T23:55:13.736+0000] {processor.py:925} INFO - DAG(s) 'tutorial' retrieved from /home/airflow/.local/lib/python3.12/site-packages/airflow/example_dags/tutorial.py
[2025-07-02T23:55:13.755+0000] {logging_mixin.py:190} INFO - [2025-07-02T23:55:13.755+0000] {dag.py:3239} INFO - Sync 1 DAGs
[2025-07-02T23:55:13.776+0000] {logging_mixin.py:190} INFO - [2025-07-02T23:55:13.776+0000] {dag.py:4180} INFO - Setting next_dagrun for tutorial to 2025-07-01 00:00:00+00:00, run_after=2025-07-02 00:00:00+00:00
[2025-07-02T23:55:13.793+0000] {processor.py:208} INFO - Processing /home/airflow/.local/lib/python3.12/site-packages/airflow/example_dags/tutorial.py took 0.072 seconds
[2025-07-02T23:55:44.216+0000] {processor.py:186} INFO - Started process (PID=3399) to work on /home/airflow/.local/lib/python3.12/site-packages/airflow/example_dags/tutorial.py
[2025-07-02T23:55:44.217+0000] {processor.py:914} INFO - Processing file /home/airflow/.local/lib/python3.12/site-packages/airflow/example_dags/tutorial.py for tasks to queue
[2025-07-02T23:55:44.220+0000] {logging_mixin.py:190} INFO - [2025-07-02T23:55:44.219+0000] {dagbag.py:588} INFO - Filling up the DagBag from /home/airflow/.local/lib/python3.12/site-packages/airflow/example_dags/tutorial.py
[2025-07-02T23:55:44.227+0000] {processor.py:925} INFO - DAG(s) 'tutorial' retrieved from /home/airflow/.local/lib/python3.12/site-packages/airflow/example_dags/tutorial.py
[2025-07-02T23:55:44.245+0000] {logging_mixin.py:190} INFO - [2025-07-02T23:55:44.245+0000] {dag.py:3239} INFO - Sync 1 DAGs
[2025-07-02T23:55:44.267+0000] {logging_mixin.py:190} INFO - [2025-07-02T23:55:44.267+0000] {dag.py:4180} INFO - Setting next_dagrun for tutorial to 2025-07-01 00:00:00+00:00, run_after=2025-07-02 00:00:00+00:00
[2025-07-02T23:55:44.284+0000] {processor.py:208} INFO - Processing /home/airflow/.local/lib/python3.12/site-packages/airflow/example_dags/tutorial.py took 0.073 seconds
[2025-07-02T23:56:14.998+0000] {processor.py:186} INFO - Started process (PID=3461) to work on /home/airflow/.local/lib/python3.12/site-packages/airflow/example_dags/tutorial.py
[2025-07-02T23:56:14.999+0000] {processor.py:914} INFO - Processing file /home/airflow/.local/lib/python3.12/site-packages/airflow/example_dags/tutorial.py for tasks to queue
[2025-07-02T23:56:15.002+0000] {logging_mixin.py:190} INFO - [2025-07-02T23:56:15.001+0000] {dagbag.py:588} INFO - Filling up the DagBag from /home/airflow/.local/lib/python3.12/site-packages/airflow/example_dags/tutorial.py
[2025-07-02T23:56:15.013+0000] {processor.py:925} INFO - DAG(s) 'tutorial' retrieved from /home/airflow/.local/lib/python3.12/site-packages/airflow/example_dags/tutorial.py
[2025-07-02T23:56:15.031+0000] {logging_mixin.py:190} INFO - [2025-07-02T23:56:15.031+0000] {dag.py:3239} INFO - Sync 1 DAGs
[2025-07-02T23:56:15.056+0000] {logging_mixin.py:190} INFO - [2025-07-02T23:56:15.055+0000] {dag.py:4180} INFO - Setting next_dagrun for tutorial to 2025-07-01 00:00:00+00:00, run_after=2025-07-02 00:00:00+00:00
[2025-07-02T23:56:15.073+0000] {processor.py:208} INFO - Processing /home/airflow/.local/lib/python3.12/site-packages/airflow/example_dags/tutorial.py took 0.083 seconds
[2025-07-02T23:56:46.796+0000] {processor.py:186} INFO - Started process (PID=3523) to work on /home/airflow/.local/lib/python3.12/site-packages/airflow/example_dags/tutorial.py
[2025-07-02T23:56:46.797+0000] {processor.py:914} INFO - Processing file /home/airflow/.local/lib/python3.12/site-packages/airflow/example_dags/tutorial.py for tasks to queue
[2025-07-02T23:56:46.800+0000] {logging_mixin.py:190} INFO - [2025-07-02T23:56:46.800+0000] {dagbag.py:588} INFO - Filling up the DagBag from /home/airflow/.local/lib/python3.12/site-packages/airflow/example_dags/tutorial.py
[2025-07-02T23:56:46.808+0000] {processor.py:925} INFO - DAG(s) 'tutorial' retrieved from /home/airflow/.local/lib/python3.12/site-packages/airflow/example_dags/tutorial.py
[2025-07-02T23:56:46.827+0000] {logging_mixin.py:190} INFO - [2025-07-02T23:56:46.827+0000] {dag.py:3239} INFO - Sync 1 DAGs
[2025-07-02T23:56:47.037+0000] {logging_mixin.py:190} INFO - [2025-07-02T23:56:47.037+0000] {dag.py:4180} INFO - Setting next_dagrun for tutorial to 2025-07-01 00:00:00+00:00, run_after=2025-07-02 00:00:00+00:00
[2025-07-02T23:56:47.059+0000] {processor.py:208} INFO - Processing /home/airflow/.local/lib/python3.12/site-packages/airflow/example_dags/tutorial.py took 0.270 seconds
[2025-07-02T23:57:17.159+0000] {processor.py:186} INFO - Started process (PID=3585) to work on /home/airflow/.local/lib/python3.12/site-packages/airflow/example_dags/tutorial.py
[2025-07-02T23:57:17.160+0000] {processor.py:914} INFO - Processing file /home/airflow/.local/lib/python3.12/site-packages/airflow/example_dags/tutorial.py for tasks to queue
[2025-07-02T23:57:17.163+0000] {logging_mixin.py:190} INFO - [2025-07-02T23:57:17.163+0000] {dagbag.py:588} INFO - Filling up the DagBag from /home/airflow/.local/lib/python3.12/site-packages/airflow/example_dags/tutorial.py
[2025-07-02T23:57:17.172+0000] {processor.py:925} INFO - DAG(s) 'tutorial' retrieved from /home/airflow/.local/lib/python3.12/site-packages/airflow/example_dags/tutorial.py
[2025-07-02T23:57:17.195+0000] {logging_mixin.py:190} INFO - [2025-07-02T23:57:17.195+0000] {dag.py:3239} INFO - Sync 1 DAGs
[2025-07-02T23:57:17.220+0000] {logging_mixin.py:190} INFO - [2025-07-02T23:57:17.220+0000] {dag.py:4180} INFO - Setting next_dagrun for tutorial to 2025-07-01 00:00:00+00:00, run_after=2025-07-02 00:00:00+00:00
[2025-07-02T23:57:17.239+0000] {processor.py:208} INFO - Processing /home/airflow/.local/lib/python3.12/site-packages/airflow/example_dags/tutorial.py took 0.086 seconds
[2025-07-02T23:57:47.717+0000] {processor.py:186} INFO - Started process (PID=3647) to work on /home/airflow/.local/lib/python3.12/site-packages/airflow/example_dags/tutorial.py
[2025-07-02T23:57:47.718+0000] {processor.py:914} INFO - Processing file /home/airflow/.local/lib/python3.12/site-packages/airflow/example_dags/tutorial.py for tasks to queue
[2025-07-02T23:57:47.721+0000] {logging_mixin.py:190} INFO - [2025-07-02T23:57:47.721+0000] {dagbag.py:588} INFO - Filling up the DagBag from /home/airflow/.local/lib/python3.12/site-packages/airflow/example_dags/tutorial.py
[2025-07-02T23:57:47.730+0000] {processor.py:925} INFO - DAG(s) 'tutorial' retrieved from /home/airflow/.local/lib/python3.12/site-packages/airflow/example_dags/tutorial.py
[2025-07-02T23:57:47.749+0000] {logging_mixin.py:190} INFO - [2025-07-02T23:57:47.749+0000] {dag.py:3239} INFO - Sync 1 DAGs
[2025-07-02T23:57:47.773+0000] {logging_mixin.py:190} INFO - [2025-07-02T23:57:47.773+0000] {dag.py:4180} INFO - Setting next_dagrun for tutorial to 2025-07-01 00:00:00+00:00, run_after=2025-07-02 00:00:00+00:00
[2025-07-02T23:57:47.791+0000] {processor.py:208} INFO - Processing /home/airflow/.local/lib/python3.12/site-packages/airflow/example_dags/tutorial.py took 0.079 seconds
[2025-07-02T23:58:18.181+0000] {processor.py:186} INFO - Started process (PID=3709) to work on /home/airflow/.local/lib/python3.12/site-packages/airflow/example_dags/tutorial.py
[2025-07-02T23:58:18.182+0000] {processor.py:914} INFO - Processing file /home/airflow/.local/lib/python3.12/site-packages/airflow/example_dags/tutorial.py for tasks to queue
[2025-07-02T23:58:18.185+0000] {logging_mixin.py:190} INFO - [2025-07-02T23:58:18.184+0000] {dagbag.py:588} INFO - Filling up the DagBag from /home/airflow/.local/lib/python3.12/site-packages/airflow/example_dags/tutorial.py
[2025-07-02T23:58:18.192+0000] {processor.py:925} INFO - DAG(s) 'tutorial' retrieved from /home/airflow/.local/lib/python3.12/site-packages/airflow/example_dags/tutorial.py
[2025-07-02T23:58:18.211+0000] {logging_mixin.py:190} INFO - [2025-07-02T23:58:18.211+0000] {dag.py:3239} INFO - Sync 1 DAGs
[2025-07-02T23:58:18.233+0000] {logging_mixin.py:190} INFO - [2025-07-02T23:58:18.233+0000] {dag.py:4180} INFO - Setting next_dagrun for tutorial to 2025-07-01 00:00:00+00:00, run_after=2025-07-02 00:00:00+00:00
[2025-07-02T23:58:18.250+0000] {processor.py:208} INFO - Processing /home/airflow/.local/lib/python3.12/site-packages/airflow/example_dags/tutorial.py took 0.075 seconds
[2025-07-02T23:58:48.644+0000] {processor.py:186} INFO - Started process (PID=3771) to work on /home/airflow/.local/lib/python3.12/site-packages/airflow/example_dags/tutorial.py
[2025-07-02T23:58:48.645+0000] {processor.py:914} INFO - Processing file /home/airflow/.local/lib/python3.12/site-packages/airflow/example_dags/tutorial.py for tasks to queue
[2025-07-02T23:58:48.648+0000] {logging_mixin.py:190} INFO - [2025-07-02T23:58:48.647+0000] {dagbag.py:588} INFO - Filling up the DagBag from /home/airflow/.local/lib/python3.12/site-packages/airflow/example_dags/tutorial.py
[2025-07-02T23:58:48.656+0000] {processor.py:925} INFO - DAG(s) 'tutorial' retrieved from /home/airflow/.local/lib/python3.12/site-packages/airflow/example_dags/tutorial.py
[2025-07-02T23:58:48.675+0000] {logging_mixin.py:190} INFO - [2025-07-02T23:58:48.675+0000] {dag.py:3239} INFO - Sync 1 DAGs
[2025-07-02T23:58:48.698+0000] {logging_mixin.py:190} INFO - [2025-07-02T23:58:48.697+0000] {dag.py:4180} INFO - Setting next_dagrun for tutorial to 2025-07-01 00:00:00+00:00, run_after=2025-07-02 00:00:00+00:00
[2025-07-02T23:58:48.714+0000] {processor.py:208} INFO - Processing /home/airflow/.local/lib/python3.12/site-packages/airflow/example_dags/tutorial.py took 0.077 seconds
[2025-07-02T23:59:19.174+0000] {processor.py:186} INFO - Started process (PID=3833) to work on /home/airflow/.local/lib/python3.12/site-packages/airflow/example_dags/tutorial.py
[2025-07-02T23:59:19.175+0000] {processor.py:914} INFO - Processing file /home/airflow/.local/lib/python3.12/site-packages/airflow/example_dags/tutorial.py for tasks to queue
[2025-07-02T23:59:19.178+0000] {logging_mixin.py:190} INFO - [2025-07-02T23:59:19.178+0000] {dagbag.py:588} INFO - Filling up the DagBag from /home/airflow/.local/lib/python3.12/site-packages/airflow/example_dags/tutorial.py
[2025-07-02T23:59:19.186+0000] {processor.py:925} INFO - DAG(s) 'tutorial' retrieved from /home/airflow/.local/lib/python3.12/site-packages/airflow/example_dags/tutorial.py
[2025-07-02T23:59:19.206+0000] {logging_mixin.py:190} INFO - [2025-07-02T23:59:19.206+0000] {dag.py:3239} INFO - Sync 1 DAGs
[2025-07-02T23:59:19.228+0000] {logging_mixin.py:190} INFO - [2025-07-02T23:59:19.228+0000] {dag.py:4180} INFO - Setting next_dagrun for tutorial to 2025-07-01 00:00:00+00:00, run_after=2025-07-02 00:00:00+00:00
[2025-07-02T23:59:19.248+0000] {processor.py:208} INFO - Processing /home/airflow/.local/lib/python3.12/site-packages/airflow/example_dags/tutorial.py took 0.080 seconds
[2025-07-02T23:59:49.630+0000] {processor.py:186} INFO - Started process (PID=3895) to work on /home/airflow/.local/lib/python3.12/site-packages/airflow/example_dags/tutorial.py
[2025-07-02T23:59:49.631+0000] {processor.py:914} INFO - Processing file /home/airflow/.local/lib/python3.12/site-packages/airflow/example_dags/tutorial.py for tasks to queue
[2025-07-02T23:59:49.634+0000] {logging_mixin.py:190} INFO - [2025-07-02T23:59:49.634+0000] {dagbag.py:588} INFO - Filling up the DagBag from /home/airflow/.local/lib/python3.12/site-packages/airflow/example_dags/tutorial.py
[2025-07-02T23:59:49.641+0000] {processor.py:925} INFO - DAG(s) 'tutorial' retrieved from /home/airflow/.local/lib/python3.12/site-packages/airflow/example_dags/tutorial.py
[2025-07-02T23:59:49.660+0000] {logging_mixin.py:190} INFO - [2025-07-02T23:59:49.660+0000] {dag.py:3239} INFO - Sync 1 DAGs
[2025-07-02T23:59:49.681+0000] {logging_mixin.py:190} INFO - [2025-07-02T23:59:49.681+0000] {dag.py:4180} INFO - Setting next_dagrun for tutorial to 2025-07-01 00:00:00+00:00, run_after=2025-07-02 00:00:00+00:00
[2025-07-02T23:59:49.697+0000] {processor.py:208} INFO - Processing /home/airflow/.local/lib/python3.12/site-packages/airflow/example_dags/tutorial.py took 0.073 seconds
